PASS N=0 shape=0 variant=official queries=13 guards=PASS
PASS N=0 shape=0 variant=lower64 queries=13 guards=PASS
PASS N=0 shape=0 variant=early64 queries=13 guards=PASS
PASS N=0 shape=0 variant=lower32 queries=13 guards=PASS
PASS N=0 shape=0 variant=early32 queries=13 guards=PASS
PASS N=0 shape=1 variant=official queries=13 guards=PASS
PASS N=0 shape=1 variant=lower64 queries=13 guards=PASS
PASS N=0 shape=1 variant=early64 queries=13 guards=PASS
PASS N=0 shape=1 variant=lower32 queries=13 guards=PASS
PASS N=0 shape=1 variant=early32 queries=13 guards=PASS
PASS N=0 shape=2 variant=official queries=13 guards=PASS
PASS N=0 shape=2 variant=lower64 queries=13 guards=PASS
PASS N=0 shape=2 variant=early64 queries=13 guards=PASS
PASS N=0 shape=2 variant=lower32 queries=13 guards=PASS
PASS N=0 shape=2 variant=early32 queries=13 guards=PASS
PASS N=1 shape=0 variant=official queries=16 guards=PASS
PASS N=1 shape=0 variant=lower64 queries=16 guards=PASS
PASS N=1 shape=0 variant=early64 queries=16 guards=PASS
PASS N=1 shape=0 variant=lower32 queries=16 guards=PASS
PASS N=1 shape=0 variant=early32 queries=16 guards=PASS
PASS N=1 shape=1 variant=official queries=16 guards=PASS
PASS N=1 shape=1 variant=lower64 queries=16 guards=PASS
PASS N=1 shape=1 variant=early64 queries=16 guards=PASS
PASS N=1 shape=1 variant=lower32 queries=16 guards=PASS
PASS N=1 shape=1 variant=early32 queries=16 guards=PASS
PASS N=1 shape=2 variant=official queries=16 guards=PASS
PASS N=1 shape=2 variant=lower64 queries=16 guards=PASS
PASS N=1 shape=2 variant=early64 queries=16 guards=PASS
PASS N=1 shape=2 variant=lower32 queries=16 guards=PASS
PASS N=1 shape=2 variant=early32 queries=16 guards=PASS
PASS N=2 shape=0 variant=official queries=16 guards=PASS
PASS N=2 shape=0 variant=lower64 queries=16 guards=PASS
PASS N=2 shape=0 variant=early64 queries=16 guards=PASS
PASS N=2 shape=0 variant=lower32 queries=16 guards=PASS
PASS N=2 shape=0 variant=early32 queries=16 guards=PASS
PASS N=2 shape=1 variant=official queries=16 guards=PASS
PASS N=2 shape=1 variant=lower64 queries=16 guards=PASS
PASS N=2 shape=1 variant=early64 queries=16 guards=PASS
PASS N=2 shape=1 variant=lower32 queries=16 guards=PASS
PASS N=2 shape=1 variant=early32 queries=16 guards=PASS
PASS N=2 shape=2 variant=official queries=16 guards=PASS
PASS N=2 shape=2 variant=lower64 queries=16 guards=PASS
PASS N=2 shape=2 variant=early64 queries=16 guards=PASS
PASS N=2 shape=2 variant=lower32 queries=16 guards=PASS
PASS N=2 shape=2 variant=early32 queries=16 guards=PASS
PASS N=3 shape=0 variant=official queries=16 guards=PASS
PASS N=3 shape=0 variant=lower64 queries=16 guards=PASS
PASS N=3 shape=0 variant=early64 queries=16 guards=PASS
PASS N=3 shape=0 variant=lower32 queries=16 guards=PASS
PASS N=3 shape=0 variant=early32 queries=16 guards=PASS
PASS N=3 shape=1 variant=official queries=16 guards=PASS
PASS N=3 shape=1 variant=lower64 queries=16 guards=PASS
PASS N=3 shape=1 variant=early64 queries=16 guards=PASS
PASS N=3 shape=1 variant=lower32 queries=16 guards=PASS
PASS N=3 shape=1 variant=early32 queries=16 guards=PASS
PASS N=3 shape=2 variant=official queries=16 guards=PASS
PASS N=3 shape=2 variant=lower64 queries=16 guards=PASS
PASS N=3 shape=2 variant=early64 queries=16 guards=PASS
PASS N=3 shape=2 variant=lower32 queries=16 guards=PASS
PASS N=3 shape=2 variant=early32 queries=16 guards=PASS
PASS N=31 shape=0 variant=official queries=16 guards=PASS
PASS N=31 shape=0 variant=lower64 queries=16 guards=PASS
PASS N=31 shape=0 variant=early64 queries=16 guards=PASS
PASS N=31 shape=0 variant=lower32 queries=16 guards=PASS
PASS N=31 shape=0 variant=early32 queries=16 guards=PASS
PASS N=31 shape=1 variant=official queries=16 guards=PASS
PASS N=31 shape=1 variant=lower64 queries=16 guards=PASS
PASS N=31 shape=1 variant=early64 queries=16 guards=PASS
PASS N=31 shape=1 variant=lower32 queries=16 guards=PASS
PASS N=31 shape=1 variant=early32 queries=16 guards=PASS
PASS N=31 shape=2 variant=official queries=16 guards=PASS
PASS N=31 shape=2 variant=lower64 queries=16 guards=PASS
PASS N=31 shape=2 variant=early64 queries=16 guards=PASS
PASS N=31 shape=2 variant=lower32 queries=16 guards=PASS
PASS N=31 shape=2 variant=early32 queries=16 guards=PASS
PASS N=32 shape=0 variant=official queries=16 guards=PASS
PASS N=32 shape=0 variant=lower64 queries=16 guards=PASS
PASS N=32 shape=0 variant=early64 queries=16 guards=PASS
PASS N=32 shape=0 variant=lower32 queries=16 guards=PASS
PASS N=32 shape=0 variant=early32 queries=16 guards=PASS
PASS N=32 shape=1 variant=official queries=16 guards=PASS
PASS N=32 shape=1 variant=lower64 queries=16 guards=PASS
PASS N=32 shape=1 variant=early64 queries=16 guards=PASS
PASS N=32 shape=1 variant=lower32 queries=16 guards=PASS
PASS N=32 shape=1 variant=early32 queries=16 guards=PASS
PASS N=32 shape=2 variant=official queries=16 guards=PASS
PASS N=32 shape=2 variant=lower64 queries=16 guards=PASS
PASS N=32 shape=2 variant=early64 queries=16 guards=PASS
PASS N=32 shape=2 variant=lower32 queries=16 guards=PASS
PASS N=32 shape=2 variant=early32 queries=16 guards=PASS
PASS N=33 shape=0 variant=official queries=16 guards=PASS
PASS N=33 shape=0 variant=lower64 queries=16 guards=PASS
PASS N=33 shape=0 variant=early64 queries=16 guards=PASS
PASS N=33 shape=0 variant=lower32 queries=16 guards=PASS
PASS N=33 shape=0 variant=early32 queries=16 guards=PASS
PASS N=33 shape=1 variant=official queries=16 guards=PASS
PASS N=33 shape=1 variant=lower64 queries=16 guards=PASS
PASS N=33 shape=1 variant=early64 queries=16 guards=PASS
PASS N=33 shape=1 variant=lower32 queries=16 guards=PASS
PASS N=33 shape=1 variant=early32 queries=16 guards=PASS
PASS N=33 shape=2 variant=official queries=16 guards=PASS
PASS N=33 shape=2 variant=lower64 queries=16 guards=PASS
PASS N=33 shape=2 variant=early64 queries=16 guards=PASS
PASS N=33 shape=2 variant=lower32 queries=16 guards=PASS
PASS N=33 shape=2 variant=early32 queries=16 guards=PASS
PASS N=255 shape=0 variant=official queries=16 guards=PASS
PASS N=255 shape=0 variant=lower64 queries=16 guards=PASS
PASS N=255 shape=0 variant=early64 queries=16 guards=PASS
PASS N=255 shape=0 variant=lower32 queries=16 guards=PASS
PASS N=255 shape=0 variant=early32 queries=16 guards=PASS
PASS N=255 shape=1 variant=official queries=16 guards=PASS
PASS N=255 shape=1 variant=lower64 queries=16 guards=PASS
PASS N=255 shape=1 variant=early64 queries=16 guards=PASS
PASS N=255 shape=1 variant=lower32 queries=16 guards=PASS
PASS N=255 shape=1 variant=early32 queries=16 guards=PASS
PASS N=255 shape=2 variant=official queries=16 guards=PASS
PASS N=255 shape=2 variant=lower64 queries=16 guards=PASS
PASS N=255 shape=2 variant=early64 queries=16 guards=PASS
PASS N=255 shape=2 variant=lower32 queries=16 guards=PASS
PASS N=255 shape=2 variant=early32 queries=16 guards=PASS
PASS N=256 shape=0 variant=official queries=16 guards=PASS
PASS N=256 shape=0 variant=lower64 queries=16 guards=PASS
PASS N=256 shape=0 variant=early64 queries=16 guards=PASS
PASS N=256 shape=0 variant=lower32 queries=16 guards=PASS
PASS N=256 shape=0 variant=early32 queries=16 guards=PASS
PASS N=256 shape=1 variant=official queries=16 guards=PASS
PASS N=256 shape=1 variant=lower64 queries=16 guards=PASS
PASS N=256 shape=1 variant=early64 queries=16 guards=PASS
PASS N=256 shape=1 variant=lower32 queries=16 guards=PASS
PASS N=256 shape=1 variant=early32 queries=16 guards=PASS
PASS N=256 shape=2 variant=official queries=16 guards=PASS
PASS N=256 shape=2 variant=lower64 queries=16 guards=PASS
PASS N=256 shape=2 variant=early64 queries=16 guards=PASS
PASS N=256 shape=2 variant=lower32 queries=16 guards=PASS
PASS N=256 shape=2 variant=early32 queries=16 guards=PASS
PASS N=257 shape=0 variant=official queries=16 guards=PASS
PASS N=257 shape=0 variant=lower64 queries=16 guards=PASS
PASS N=257 shape=0 variant=early64 queries=16 guards=PASS
PASS N=257 shape=0 variant=lower32 queries=16 guards=PASS
PASS N=257 shape=0 variant=early32 queries=16 guards=PASS
PASS N=257 shape=1 variant=official queries=16 guards=PASS
PASS N=257 shape=1 variant=lower64 queries=16 guards=PASS
PASS N=257 shape=1 variant=early64 queries=16 guards=PASS
PASS N=257 shape=1 variant=lower32 queries=16 guards=PASS
PASS N=257 shape=1 variant=early32 queries=16 guards=PASS
PASS N=257 shape=2 variant=official queries=16 guards=PASS
PASS N=257 shape=2 variant=lower64 queries=16 guards=PASS
PASS N=257 shape=2 variant=early64 queries=16 guards=PASS
PASS N=257 shape=2 variant=lower32 queries=16 guards=PASS
PASS N=257 shape=2 variant=early32 queries=16 guards=PASS
PASS N=20000 shape=0 variant=official queries=16 guards=PASS
PASS N=20000 shape=0 variant=lower64 queries=16 guards=PASS
PASS N=20000 shape=0 variant=early64 queries=16 guards=PASS
PASS N=20000 shape=0 variant=lower32 queries=16 guards=PASS
PASS N=20000 shape=0 variant=early32 queries=16 guards=PASS
PASS N=20000 shape=1 variant=official queries=16 guards=PASS
PASS N=20000 shape=1 variant=lower64 queries=16 guards=PASS
PASS N=20000 shape=1 variant=early64 queries=16 guards=PASS
PASS N=20000 shape=1 variant=lower32 queries=16 guards=PASS
PASS N=20000 shape=1 variant=early32 queries=16 guards=PASS
PASS N=20000 shape=2 variant=official queries=16 guards=PASS
PASS N=20000 shape=2 variant=lower64 queries=16 guards=PASS
PASS N=20000 shape=2 variant=early64 queries=16 guards=PASS
PASS N=20000 shape=2 variant=lower32 queries=16 guards=PASS
PASS N=20000 shape=2 variant=early32 queries=16 guards=PASS
SUMMARY configurations=165 comparisons=2595 status=PASS performance_tested=false
SAMPLE shape=0 round=0 variant=0 sample=0 ms=8.870911598
SAMPLE shape=0 round=0 variant=0 sample=1 ms=8.371999741
SAMPLE shape=0 round=0 variant=0 sample=2 ms=8.934399605
SAMPLE shape=0 round=0 variant=0 sample=3 ms=8.377344131
SAMPLE shape=0 round=0 variant=0 sample=4 ms=8.830975533
SAMPLE shape=0 round=0 variant=0 sample=5 ms=8.373248100
SAMPLE shape=0 round=0 variant=0 sample=6 ms=7.949408054
SAMPLE shape=0 round=0 variant=0 sample=7 ms=7.305215836
SAMPLE shape=0 round=0 variant=0 sample=8 ms=7.734272003
SAMPLE shape=0 round=0 variant=0 sample=9 ms=7.306240082
SAMPLE shape=0 round=0 variant=0 sample=10 ms=7.810048103
SAMPLE shape=0 round=0 variant=0 sample=11 ms=7.305215836
SAMPLE shape=0 round=0 variant=0 sample=12 ms=8.421376228
SAMPLE shape=0 round=0 variant=0 sample=13 ms=7.306240082
SAMPLE shape=0 round=0 variant=0 sample=14 ms=7.829504013
SAMPLE shape=0 round=0 variant=0 sample=15 ms=7.305215836
SAMPLE shape=0 round=0 variant=0 sample=16 ms=7.667712212
SAMPLE shape=0 round=0 variant=0 sample=17 ms=7.309311867
SAMPLE shape=0 round=0 variant=0 sample=18 ms=7.305215836
SAMPLE shape=0 round=0 variant=0 sample=19 ms=7.931903839
SAMPLE shape=0 round=0 variant=0 sample=20 ms=7.308288097
SAMPLE shape=0 round=0 variant=0 sample=21 ms=8.049663544
SAMPLE shape=0 round=0 variant=0 sample=22 ms=7.308191776
SAMPLE shape=0 round=0 variant=0 sample=23 ms=7.966464043
SAMPLE shape=0 round=0 variant=0 sample=24 ms=7.303167820
SAMPLE shape=0 round=0 variant=0 sample=25 ms=7.779327869
SAMPLE shape=0 round=0 variant=0 sample=26 ms=7.302847862
SAMPLE shape=0 round=0 variant=0 sample=27 ms=7.737247944
SAMPLE shape=0 round=0 variant=0 sample=28 ms=7.305215836
SAMPLE shape=0 round=0 variant=0 sample=29 ms=7.797760010
SAMPLE shape=0 round=0 variant=1 sample=0 ms=5.160960197
SAMPLE shape=0 round=0 variant=1 sample=1 ms=5.854207993
SAMPLE shape=0 round=0 variant=1 sample=2 ms=5.164031982
SAMPLE shape=0 round=0 variant=1 sample=3 ms=5.165056229
SAMPLE shape=0 round=0 variant=1 sample=4 ms=5.714943886
SAMPLE shape=0 round=0 variant=1 sample=5 ms=5.159679890
SAMPLE shape=0 round=0 variant=1 sample=6 ms=5.162847996
SAMPLE shape=0 round=0 variant=1 sample=7 ms=5.526527882
SAMPLE shape=0 round=0 variant=1 sample=8 ms=5.164031982
SAMPLE shape=0 round=0 variant=1 sample=9 ms=5.169151783
SAMPLE shape=0 round=0 variant=1 sample=10 ms=5.351615906
SAMPLE shape=0 round=0 variant=1 sample=11 ms=5.402624130
SAMPLE shape=0 round=0 variant=1 sample=12 ms=5.166079998
SAMPLE shape=0 round=0 variant=1 sample=13 ms=5.166079998
SAMPLE shape=0 round=0 variant=1 sample=14 ms=5.701791763
SAMPLE shape=0 round=0 variant=1 sample=15 ms=5.167007923
SAMPLE shape=0 round=0 variant=1 sample=16 ms=5.166079998
SAMPLE shape=0 round=0 variant=1 sample=17 ms=5.684224129
SAMPLE shape=0 round=0 variant=1 sample=18 ms=5.168128014
SAMPLE shape=0 round=0 variant=1 sample=19 ms=5.163008213
SAMPLE shape=0 round=0 variant=1 sample=20 ms=5.673664093
SAMPLE shape=0 round=0 variant=1 sample=21 ms=5.202943802
SAMPLE shape=0 round=0 variant=1 sample=22 ms=5.165056229
SAMPLE shape=0 round=0 variant=1 sample=23 ms=5.592063904
SAMPLE shape=0 round=0 variant=1 sample=24 ms=5.159808159
SAMPLE shape=0 round=0 variant=1 sample=25 ms=5.172128201
SAMPLE shape=0 round=0 variant=1 sample=26 ms=5.507232189
SAMPLE shape=0 round=0 variant=1 sample=27 ms=5.167103767
SAMPLE shape=0 round=0 variant=1 sample=28 ms=5.170176029
SAMPLE shape=0 round=0 variant=1 sample=29 ms=5.552127838
SAMPLE shape=0 round=0 variant=2 sample=0 ms=5.148672104
SAMPLE shape=0 round=0 variant=2 sample=1 ms=4.690591812
SAMPLE shape=0 round=0 variant=2 sample=2 ms=4.709087849
SAMPLE shape=0 round=0 variant=2 sample=3 ms=5.194367886
SAMPLE shape=0 round=0 variant=2 sample=4 ms=4.699135780
SAMPLE shape=0 round=0 variant=2 sample=5 ms=4.718592167
SAMPLE shape=0 round=0 variant=2 sample=6 ms=5.355519772
SAMPLE shape=0 round=0 variant=2 sample=7 ms=4.690944195
SAMPLE shape=0 round=0 variant=2 sample=8 ms=4.729856014
SAMPLE shape=0 round=0 variant=2 sample=9 ms=4.691967964
SAMPLE shape=0 round=0 variant=2 sample=10 ms=5.109727859
SAMPLE shape=0 round=0 variant=2 sample=11 ms=4.710112095
SAMPLE shape=0 round=0 variant=2 sample=12 ms=4.730624199
SAMPLE shape=0 round=0 variant=2 sample=13 ms=5.154560089
SAMPLE shape=0 round=0 variant=2 sample=14 ms=4.689919949
SAMPLE shape=0 round=0 variant=2 sample=15 ms=4.726624012
SAMPLE shape=0 round=0 variant=2 sample=16 ms=4.952064037
SAMPLE shape=0 round=0 variant=2 sample=17 ms=4.673535824
SAMPLE shape=0 round=0 variant=2 sample=18 ms=4.688864231
SAMPLE shape=0 round=0 variant=2 sample=19 ms=4.685823917
SAMPLE shape=0 round=0 variant=2 sample=20 ms=5.107423782
SAMPLE shape=0 round=0 variant=2 sample=21 ms=4.695040226
SAMPLE shape=0 round=0 variant=2 sample=22 ms=4.682752132
SAMPLE shape=0 round=0 variant=2 sample=23 ms=5.099520206
SAMPLE shape=0 round=0 variant=2 sample=24 ms=4.697087765
SAMPLE shape=0 round=0 variant=2 sample=25 ms=4.710112095
SAMPLE shape=0 round=0 variant=2 sample=26 ms=4.707327843
SAMPLE shape=0 round=0 variant=2 sample=27 ms=5.461855888
SAMPLE shape=0 round=0 variant=2 sample=28 ms=4.710400105
SAMPLE shape=0 round=0 variant=2 sample=29 ms=4.729856014
SAMPLE shape=0 round=0 variant=3 sample=0 ms=3.007488012
SAMPLE shape=0 round=0 variant=3 sample=1 ms=3.005088091
SAMPLE shape=0 round=0 variant=3 sample=2 ms=3.329024076
SAMPLE shape=0 round=0 variant=3 sample=3 ms=3.012608051
SAMPLE shape=0 round=0 variant=3 sample=4 ms=3.012608051
SAMPLE shape=0 round=0 variant=3 sample=5 ms=3.012608051
SAMPLE shape=0 round=0 variant=3 sample=6 ms=3.002367973
SAMPLE shape=0 round=0 variant=3 sample=7 ms=3.458048105
SAMPLE shape=0 round=0 variant=3 sample=8 ms=3.007263899
SAMPLE shape=0 round=0 variant=3 sample=9 ms=3.035775900
SAMPLE shape=0 round=0 variant=3 sample=10 ms=3.061759949
SAMPLE shape=0 round=0 variant=3 sample=11 ms=3.065664053
SAMPLE shape=0 round=0 variant=3 sample=12 ms=3.680255890
SAMPLE shape=0 round=0 variant=3 sample=13 ms=2.996223927
SAMPLE shape=0 round=0 variant=3 sample=14 ms=3.036159992
SAMPLE shape=0 round=0 variant=3 sample=15 ms=3.007488012
SAMPLE shape=0 round=0 variant=3 sample=16 ms=3.184639931
SAMPLE shape=0 round=0 variant=3 sample=17 ms=3.445760012
SAMPLE shape=0 round=0 variant=3 sample=18 ms=2.994208097
SAMPLE shape=0 round=0 variant=3 sample=19 ms=3.008415937
SAMPLE shape=0 round=0 variant=3 sample=20 ms=3.004415989
SAMPLE shape=0 round=0 variant=3 sample=21 ms=3.007168055
SAMPLE shape=0 round=0 variant=3 sample=22 ms=3.174335957
SAMPLE shape=0 round=0 variant=3 sample=23 ms=2.981888056
SAMPLE shape=0 round=0 variant=3 sample=24 ms=2.997983932
SAMPLE shape=0 round=0 variant=3 sample=25 ms=3.005215883
SAMPLE shape=0 round=0 variant=3 sample=26 ms=2.999104023
SAMPLE shape=0 round=0 variant=3 sample=27 ms=2.993119955
SAMPLE shape=0 round=0 variant=3 sample=28 ms=3.444704056
SAMPLE shape=0 round=0 variant=3 sample=29 ms=3.015520096
SAMPLE shape=0 round=0 variant=4 sample=0 ms=4.325439930
SAMPLE shape=0 round=0 variant=4 sample=1 ms=3.699424028
SAMPLE shape=0 round=0 variant=4 sample=2 ms=3.654655933
SAMPLE shape=0 round=0 variant=4 sample=3 ms=3.655647993
SAMPLE shape=0 round=0 variant=4 sample=4 ms=4.207615852
SAMPLE shape=0 round=0 variant=4 sample=5 ms=3.653631926
SAMPLE shape=0 round=0 variant=4 sample=6 ms=3.652479887
SAMPLE shape=0 round=0 variant=4 sample=7 ms=3.645440102
SAMPLE shape=0 round=0 variant=4 sample=8 ms=3.829760075
SAMPLE shape=0 round=0 variant=4 sample=9 ms=3.646464109
SAMPLE shape=0 round=0 variant=4 sample=10 ms=3.649535894
SAMPLE shape=0 round=0 variant=4 sample=11 ms=3.652575970
SAMPLE shape=0 round=0 variant=4 sample=12 ms=3.640032053
SAMPLE shape=0 round=0 variant=4 sample=13 ms=4.054080009
SAMPLE shape=0 round=0 variant=4 sample=14 ms=3.651583910
SAMPLE shape=0 round=0 variant=4 sample=15 ms=3.656480074
SAMPLE shape=0 round=0 variant=4 sample=16 ms=3.645440102
SAMPLE shape=0 round=0 variant=4 sample=17 ms=4.080671787
SAMPLE shape=0 round=0 variant=4 sample=18 ms=3.645440102
SAMPLE shape=0 round=0 variant=4 sample=19 ms=3.651232004
SAMPLE shape=0 round=0 variant=4 sample=20 ms=3.648384094
SAMPLE shape=0 round=0 variant=4 sample=21 ms=3.640320063
SAMPLE shape=0 round=0 variant=4 sample=22 ms=4.125696182
SAMPLE shape=0 round=0 variant=4 sample=23 ms=3.648511887
SAMPLE shape=0 round=0 variant=4 sample=24 ms=3.644320011
SAMPLE shape=0 round=0 variant=4 sample=25 ms=3.655679941
SAMPLE shape=0 round=0 variant=4 sample=26 ms=4.377600193
SAMPLE shape=0 round=0 variant=4 sample=27 ms=3.652607918
SAMPLE shape=0 round=0 variant=4 sample=28 ms=3.643392086
SAMPLE shape=0 round=0 variant=4 sample=29 ms=3.642368078
SAMPLE shape=0 round=1 variant=2 sample=0 ms=5.329887867
SAMPLE shape=0 round=1 variant=2 sample=1 ms=4.707231998
SAMPLE shape=0 round=1 variant=2 sample=2 ms=4.707327843
SAMPLE shape=0 round=1 variant=2 sample=3 ms=4.708352089
SAMPLE shape=0 round=1 variant=2 sample=4 ms=5.103616238
SAMPLE shape=0 round=1 variant=2 sample=5 ms=4.708320141
SAMPLE shape=0 round=1 variant=2 sample=6 ms=4.713471889
SAMPLE shape=0 round=1 variant=2 sample=7 ms=5.199872017
SAMPLE shape=0 round=1 variant=2 sample=8 ms=4.708352089
SAMPLE shape=0 round=1 variant=2 sample=9 ms=4.938752174
SAMPLE shape=0 round=1 variant=2 sample=10 ms=5.134335995
SAMPLE shape=0 round=1 variant=2 sample=11 ms=4.873216152
SAMPLE shape=0 round=1 variant=2 sample=12 ms=4.708352089
SAMPLE shape=0 round=1 variant=2 sample=13 ms=4.714111805
SAMPLE shape=0 round=1 variant=2 sample=14 ms=5.159935951
SAMPLE shape=0 round=1 variant=2 sample=15 ms=4.710080147
SAMPLE shape=0 round=1 variant=2 sample=16 ms=4.712448120
SAMPLE shape=0 round=1 variant=2 sample=17 ms=5.107711792
SAMPLE shape=0 round=1 variant=2 sample=18 ms=4.705920219
SAMPLE shape=0 round=1 variant=2 sample=19 ms=4.713471889
SAMPLE shape=0 round=1 variant=2 sample=20 ms=4.932384014
SAMPLE shape=0 round=1 variant=2 sample=21 ms=4.946080208
SAMPLE shape=0 round=1 variant=2 sample=22 ms=4.716544151
SAMPLE shape=0 round=1 variant=2 sample=23 ms=4.707327843
SAMPLE shape=0 round=1 variant=2 sample=24 ms=5.114880085
SAMPLE shape=0 round=1 variant=2 sample=25 ms=4.712319851
SAMPLE shape=0 round=1 variant=2 sample=26 ms=4.707327843
SAMPLE shape=0 round=1 variant=2 sample=27 ms=5.144576073
SAMPLE shape=0 round=1 variant=2 sample=28 ms=4.707968235
SAMPLE shape=0 round=1 variant=2 sample=29 ms=4.714496136
SAMPLE shape=0 round=1 variant=3 sample=0 ms=3.001343966
SAMPLE shape=0 round=1 variant=3 sample=1 ms=3.000159979
SAMPLE shape=0 round=1 variant=3 sample=2 ms=2.993151903
SAMPLE shape=0 round=1 variant=3 sample=3 ms=3.640288115
SAMPLE shape=0 round=1 variant=3 sample=4 ms=3.053567886
SAMPLE shape=0 round=1 variant=3 sample=5 ms=3.008512020
SAMPLE shape=0 round=1 variant=3 sample=6 ms=3.015680075
SAMPLE shape=0 round=1 variant=3 sample=7 ms=3.034111977
SAMPLE shape=0 round=1 variant=3 sample=8 ms=3.456736088
SAMPLE shape=0 round=1 variant=3 sample=9 ms=2.995199919
SAMPLE shape=0 round=1 variant=3 sample=10 ms=3.001343966
SAMPLE shape=0 round=1 variant=3 sample=11 ms=3.008543968
SAMPLE shape=0 round=1 variant=3 sample=12 ms=3.051327944
SAMPLE shape=0 round=1 variant=3 sample=13 ms=3.388223886
SAMPLE shape=0 round=1 variant=3 sample=14 ms=3.067712069
SAMPLE shape=0 round=1 variant=3 sample=15 ms=3.078079939
SAMPLE shape=0 round=1 variant=3 sample=16 ms=3.022592068
SAMPLE shape=0 round=1 variant=3 sample=17 ms=3.009536028
SAMPLE shape=0 round=1 variant=3 sample=18 ms=3.422208071
SAMPLE shape=0 round=1 variant=3 sample=19 ms=3.008480072
SAMPLE shape=0 round=1 variant=3 sample=20 ms=3.010560036
SAMPLE shape=0 round=1 variant=3 sample=21 ms=3.002367973
SAMPLE shape=0 round=1 variant=3 sample=22 ms=2.991103888
SAMPLE shape=0 round=1 variant=3 sample=23 ms=3.424256086
SAMPLE shape=0 round=1 variant=3 sample=24 ms=3.008512020
SAMPLE shape=0 round=1 variant=3 sample=25 ms=3.012608051
SAMPLE shape=0 round=1 variant=3 sample=26 ms=3.007391930
SAMPLE shape=0 round=1 variant=3 sample=27 ms=2.998176098
SAMPLE shape=0 round=1 variant=3 sample=28 ms=2.994175911
SAMPLE shape=0 round=1 variant=3 sample=29 ms=3.558399916
SAMPLE shape=0 round=1 variant=4 sample=0 ms=3.654655933
SAMPLE shape=0 round=1 variant=4 sample=1 ms=4.397056103
SAMPLE shape=0 round=1 variant=4 sample=2 ms=3.677184105
SAMPLE shape=0 round=1 variant=4 sample=3 ms=3.712671995
SAMPLE shape=0 round=1 variant=4 sample=4 ms=3.685087919
SAMPLE shape=0 round=1 variant=4 sample=5 ms=4.206592083
SAMPLE shape=0 round=1 variant=4 sample=6 ms=3.702784061
SAMPLE shape=0 round=1 variant=4 sample=7 ms=3.655519962
SAMPLE shape=0 round=1 variant=4 sample=8 ms=3.646464109
SAMPLE shape=0 round=1 variant=4 sample=9 ms=3.678208113
SAMPLE shape=0 round=1 variant=4 sample=10 ms=3.885056019
SAMPLE shape=0 round=1 variant=4 sample=11 ms=3.665920019
SAMPLE shape=0 round=1 variant=4 sample=12 ms=3.653408051
SAMPLE shape=0 round=1 variant=4 sample=13 ms=3.667711973
SAMPLE shape=0 round=1 variant=4 sample=14 ms=4.319231987
SAMPLE shape=0 round=1 variant=4 sample=15 ms=3.693311930
SAMPLE shape=0 round=1 variant=4 sample=16 ms=3.651583910
SAMPLE shape=0 round=1 variant=4 sample=17 ms=3.651583910
SAMPLE shape=0 round=1 variant=4 sample=18 ms=4.084735870
SAMPLE shape=0 round=1 variant=4 sample=19 ms=3.651583910
SAMPLE shape=0 round=1 variant=4 sample=20 ms=3.644416094
SAMPLE shape=0 round=1 variant=4 sample=21 ms=3.651520014
SAMPLE shape=0 round=1 variant=4 sample=22 ms=3.652384043
SAMPLE shape=0 round=1 variant=4 sample=23 ms=3.645440102
SAMPLE shape=0 round=1 variant=4 sample=24 ms=3.648511887
SAMPLE shape=0 round=1 variant=4 sample=25 ms=3.646431923
SAMPLE shape=0 round=1 variant=4 sample=26 ms=3.651583910
SAMPLE shape=0 round=1 variant=4 sample=27 ms=4.045824051
SAMPLE shape=0 round=1 variant=4 sample=28 ms=3.643392086
SAMPLE shape=0 round=1 variant=4 sample=29 ms=3.650559902
SAMPLE shape=0 round=1 variant=0 sample=0 ms=7.853824139
SAMPLE shape=0 round=1 variant=0 sample=1 ms=7.347199917
SAMPLE shape=0 round=1 variant=0 sample=2 ms=7.870463848
SAMPLE shape=0 round=1 variant=0 sample=3 ms=7.353343964
SAMPLE shape=0 round=1 variant=0 sample=4 ms=7.788735867
SAMPLE shape=0 round=1 variant=0 sample=5 ms=7.553023815
SAMPLE shape=0 round=1 variant=0 sample=6 ms=7.349247932
SAMPLE shape=0 round=1 variant=0 sample=7 ms=7.794688225
SAMPLE shape=0 round=1 variant=0 sample=8 ms=7.359488010
SAMPLE shape=0 round=1 variant=0 sample=9 ms=7.781375885
SAMPLE shape=0 round=1 variant=0 sample=10 ms=7.349247932
SAMPLE shape=0 round=1 variant=0 sample=11 ms=7.736320019
SAMPLE shape=0 round=1 variant=0 sample=12 ms=7.356416225
SAMPLE shape=0 round=1 variant=0 sample=13 ms=7.677855968
SAMPLE shape=0 round=1 variant=0 sample=14 ms=7.353280067
SAMPLE shape=0 round=1 variant=0 sample=15 ms=7.988224030
SAMPLE shape=0 round=1 variant=0 sample=16 ms=7.352096081
SAMPLE shape=0 round=1 variant=0 sample=17 ms=7.792640209
SAMPLE shape=0 round=1 variant=0 sample=18 ms=7.352320194
SAMPLE shape=0 round=1 variant=0 sample=19 ms=7.346975803
SAMPLE shape=0 round=1 variant=0 sample=20 ms=7.786431789
SAMPLE shape=0 round=1 variant=0 sample=21 ms=7.354303837
SAMPLE shape=0 round=1 variant=0 sample=22 ms=7.799808025
SAMPLE shape=0 round=1 variant=0 sample=23 ms=7.348224163
SAMPLE shape=0 round=1 variant=0 sample=24 ms=7.730016232
SAMPLE shape=0 round=1 variant=0 sample=25 ms=7.349247932
SAMPLE shape=0 round=1 variant=0 sample=26 ms=7.806975842
SAMPLE shape=0 round=1 variant=0 sample=27 ms=7.350240231
SAMPLE shape=0 round=1 variant=0 sample=28 ms=8.198143959
SAMPLE shape=0 round=1 variant=0 sample=29 ms=7.343999863
SAMPLE shape=0 round=1 variant=1 sample=0 ms=5.182464123
SAMPLE shape=0 round=1 variant=1 sample=1 ms=5.189631939
SAMPLE shape=0 round=1 variant=1 sample=2 ms=5.191679955
SAMPLE shape=0 round=1 variant=1 sample=3 ms=5.726208210
SAMPLE shape=0 round=1 variant=1 sample=4 ms=5.192704201
SAMPLE shape=0 round=1 variant=1 sample=5 ms=5.195744038
SAMPLE shape=0 round=1 variant=1 sample=6 ms=5.512191772
SAMPLE shape=0 round=1 variant=1 sample=7 ms=5.258240223
SAMPLE shape=0 round=1 variant=1 sample=8 ms=5.240511894
SAMPLE shape=0 round=1 variant=1 sample=9 ms=5.624671936
SAMPLE shape=0 round=1 variant=1 sample=10 ms=5.196608067
SAMPLE shape=0 round=1 variant=1 sample=11 ms=5.186560154
SAMPLE shape=0 round=1 variant=1 sample=12 ms=5.787648201
SAMPLE shape=0 round=1 variant=1 sample=13 ms=5.192704201
SAMPLE shape=0 round=1 variant=1 sample=14 ms=5.211872101
SAMPLE shape=0 round=1 variant=1 sample=15 ms=5.537792206
SAMPLE shape=0 round=1 variant=1 sample=16 ms=5.195583820
SAMPLE shape=0 round=1 variant=1 sample=17 ms=5.196800232
SAMPLE shape=0 round=1 variant=1 sample=18 ms=5.523424149
SAMPLE shape=0 round=1 variant=1 sample=19 ms=5.192704201
SAMPLE shape=0 round=1 variant=1 sample=20 ms=5.189407825
SAMPLE shape=0 round=1 variant=1 sample=21 ms=5.642047882
SAMPLE shape=0 round=1 variant=1 sample=22 ms=5.194591999
SAMPLE shape=0 round=1 variant=1 sample=23 ms=5.190656185
SAMPLE shape=0 round=1 variant=1 sample=24 ms=5.633920193
SAMPLE shape=0 round=1 variant=1 sample=25 ms=5.408768177
SAMPLE shape=0 round=1 variant=1 sample=26 ms=5.193727970
SAMPLE shape=0 round=1 variant=1 sample=27 ms=5.702752113
SAMPLE shape=0 round=1 variant=1 sample=28 ms=5.195583820
SAMPLE shape=0 round=1 variant=1 sample=29 ms=5.192704201
SAMPLE shape=0 round=2 variant=4 sample=0 ms=3.656703949
SAMPLE shape=0 round=2 variant=4 sample=1 ms=3.648288012
SAMPLE shape=0 round=2 variant=4 sample=2 ms=3.649503946
SAMPLE shape=0 round=2 variant=4 sample=3 ms=4.004864216
SAMPLE shape=0 round=2 variant=4 sample=4 ms=3.657407999
SAMPLE shape=0 round=2 variant=4 sample=5 ms=3.645440102
SAMPLE shape=0 round=2 variant=4 sample=6 ms=3.651583910
SAMPLE shape=0 round=2 variant=4 sample=7 ms=4.089856148
SAMPLE shape=0 round=2 variant=4 sample=8 ms=3.653536081
SAMPLE shape=0 round=2 variant=4 sample=9 ms=3.648511887
SAMPLE shape=0 round=2 variant=4 sample=10 ms=3.646464109
SAMPLE shape=0 round=2 variant=4 sample=11 ms=4.176799774
SAMPLE shape=0 round=2 variant=4 sample=12 ms=3.648511887
SAMPLE shape=0 round=2 variant=4 sample=13 ms=3.652607918
SAMPLE shape=0 round=2 variant=4 sample=14 ms=3.647232056
SAMPLE shape=0 round=2 variant=4 sample=15 ms=3.653631926
SAMPLE shape=0 round=2 variant=4 sample=16 ms=3.879935980
SAMPLE shape=0 round=2 variant=4 sample=17 ms=3.656447887
SAMPLE shape=0 round=2 variant=4 sample=18 ms=3.655679941
SAMPLE shape=0 round=2 variant=4 sample=19 ms=3.646208048
SAMPLE shape=0 round=2 variant=4 sample=20 ms=4.110432148
SAMPLE shape=0 round=2 variant=4 sample=21 ms=3.661823988
SAMPLE shape=0 round=2 variant=4 sample=22 ms=3.653631926
SAMPLE shape=0 round=2 variant=4 sample=23 ms=3.881983995
SAMPLE shape=0 round=2 variant=4 sample=24 ms=4.294784069
SAMPLE shape=0 round=2 variant=4 sample=25 ms=3.651583910
SAMPLE shape=0 round=2 variant=4 sample=26 ms=3.653631926
SAMPLE shape=0 round=2 variant=4 sample=27 ms=3.654304028
SAMPLE shape=0 round=2 variant=4 sample=28 ms=3.862528086
SAMPLE shape=0 round=2 variant=4 sample=29 ms=3.638272047
SAMPLE shape=0 round=2 variant=0 sample=0 ms=7.447552204
SAMPLE shape=0 round=2 variant=0 sample=1 ms=7.834623814
SAMPLE shape=0 round=2 variant=0 sample=2 ms=7.343872070
SAMPLE shape=0 round=2 variant=0 sample=3 ms=7.997439861
SAMPLE shape=0 round=2 variant=0 sample=4 ms=7.349152088
SAMPLE shape=0 round=2 variant=0 sample=5 ms=7.670783997
SAMPLE shape=0 round=2 variant=0 sample=6 ms=7.349247932
SAMPLE shape=0 round=2 variant=0 sample=7 ms=7.758848190
SAMPLE shape=0 round=2 variant=0 sample=8 ms=7.348224163
SAMPLE shape=0 round=2 variant=0 sample=9 ms=7.345920086
SAMPLE shape=0 round=2 variant=0 sample=10 ms=7.875328064
SAMPLE shape=0 round=2 variant=0 sample=11 ms=7.354015827
SAMPLE shape=0 round=2 variant=0 sample=12 ms=7.795711994
SAMPLE shape=0 round=2 variant=0 sample=13 ms=7.423711777
SAMPLE shape=0 round=2 variant=0 sample=14 ms=7.984096050
SAMPLE shape=0 round=2 variant=0 sample=15 ms=7.352320194
SAMPLE shape=0 round=2 variant=0 sample=16 ms=7.852032185
SAMPLE shape=0 round=2 variant=0 sample=17 ms=7.346176147
SAMPLE shape=0 round=2 variant=0 sample=18 ms=7.787456036
SAMPLE shape=0 round=2 variant=0 sample=19 ms=7.348224163
SAMPLE shape=0 round=2 variant=0 sample=20 ms=7.848959923
SAMPLE shape=0 round=2 variant=0 sample=21 ms=7.348224163
SAMPLE shape=0 round=2 variant=0 sample=22 ms=7.366655827
SAMPLE shape=0 round=2 variant=0 sample=23 ms=7.662591934
SAMPLE shape=0 round=2 variant=0 sample=24 ms=7.350143909
SAMPLE shape=0 round=2 variant=0 sample=25 ms=7.896031857
SAMPLE shape=0 round=2 variant=0 sample=26 ms=7.356192112
SAMPLE shape=0 round=2 variant=0 sample=27 ms=7.956384182
SAMPLE shape=0 round=2 variant=0 sample=28 ms=7.350048065
SAMPLE shape=0 round=2 variant=0 sample=29 ms=7.783423901
SAMPLE shape=0 round=2 variant=1 sample=0 ms=5.416863918
SAMPLE shape=0 round=2 variant=1 sample=1 ms=5.677055836
SAMPLE shape=0 round=2 variant=1 sample=2 ms=5.188608170
SAMPLE shape=0 round=2 variant=1 sample=3 ms=5.196800232
SAMPLE shape=0 round=2 variant=1 sample=4 ms=5.677055836
SAMPLE shape=0 round=2 variant=1 sample=5 ms=5.189631939
SAMPLE shape=0 round=2 variant=1 sample=6 ms=5.195775986
SAMPLE shape=0 round=2 variant=1 sample=7 ms=5.669888020
SAMPLE shape=0 round=2 variant=1 sample=8 ms=5.190368176
SAMPLE shape=0 round=2 variant=1 sample=9 ms=5.187359810
SAMPLE shape=0 round=2 variant=1 sample=10 ms=5.723135948
SAMPLE shape=0 round=2 variant=1 sample=11 ms=5.190368176
SAMPLE shape=0 round=2 variant=1 sample=12 ms=5.192704201
SAMPLE shape=0 round=2 variant=1 sample=13 ms=5.761856079
SAMPLE shape=0 round=2 variant=1 sample=14 ms=5.193439960
SAMPLE shape=0 round=2 variant=1 sample=15 ms=5.196800232
SAMPLE shape=0 round=2 variant=1 sample=16 ms=5.530623913
SAMPLE shape=0 round=2 variant=1 sample=17 ms=5.210112095
SAMPLE shape=0 round=2 variant=1 sample=18 ms=5.190656185
SAMPLE shape=0 round=2 variant=1 sample=19 ms=5.635072231
SAMPLE shape=0 round=2 variant=1 sample=20 ms=5.195775986
SAMPLE shape=0 round=2 variant=1 sample=21 ms=5.192704201
SAMPLE shape=0 round=2 variant=1 sample=22 ms=5.629951954
SAMPLE shape=0 round=2 variant=1 sample=23 ms=5.187583923
SAMPLE shape=0 round=2 variant=1 sample=24 ms=5.192704201
SAMPLE shape=0 round=2 variant=1 sample=25 ms=5.637983799
SAMPLE shape=0 round=2 variant=1 sample=26 ms=5.196447849
SAMPLE shape=0 round=2 variant=1 sample=27 ms=5.196800232
SAMPLE shape=0 round=2 variant=1 sample=28 ms=5.695487976
SAMPLE shape=0 round=2 variant=1 sample=29 ms=5.192704201
SAMPLE shape=0 round=2 variant=2 sample=0 ms=4.716544151
SAMPLE shape=0 round=2 variant=2 sample=1 ms=4.716544151
SAMPLE shape=0 round=2 variant=2 sample=2 ms=5.234687805
SAMPLE shape=0 round=2 variant=2 sample=3 ms=4.716544151
SAMPLE shape=0 round=2 variant=2 sample=4 ms=4.719615936
SAMPLE shape=0 round=2 variant=2 sample=5 ms=5.043200016
SAMPLE shape=0 round=2 variant=2 sample=6 ms=4.710048199
SAMPLE shape=0 round=2 variant=2 sample=7 ms=4.715295792
SAMPLE shape=0 round=2 variant=2 sample=8 ms=4.709375858
SAMPLE shape=0 round=2 variant=2 sample=9 ms=5.149695873
SAMPLE shape=0 round=2 variant=2 sample=10 ms=4.716256142
SAMPLE shape=0 round=2 variant=2 sample=11 ms=4.727807999
SAMPLE shape=0 round=2 variant=2 sample=12 ms=5.347424030
SAMPLE shape=0 round=2 variant=2 sample=13 ms=4.722688198
SAMPLE shape=0 round=2 variant=2 sample=14 ms=4.716544151
SAMPLE shape=0 round=2 variant=2 sample=15 ms=5.358592033
SAMPLE shape=0 round=2 variant=2 sample=16 ms=4.715328217
SAMPLE shape=0 round=2 variant=2 sample=17 ms=4.714399815
SAMPLE shape=0 round=2 variant=2 sample=18 ms=4.707231998
SAMPLE shape=0 round=2 variant=2 sample=19 ms=5.143360138
SAMPLE shape=0 round=2 variant=2 sample=20 ms=4.715487957
SAMPLE shape=0 round=2 variant=2 sample=21 ms=4.714496136
SAMPLE shape=0 round=2 variant=2 sample=22 ms=5.052256107
SAMPLE shape=0 round=2 variant=2 sample=23 ms=4.711423874
SAMPLE shape=0 round=2 variant=2 sample=24 ms=4.716544151
SAMPLE shape=0 round=2 variant=2 sample=25 ms=5.200575829
SAMPLE shape=0 round=2 variant=2 sample=26 ms=4.705056190
SAMPLE shape=0 round=2 variant=2 sample=27 ms=4.706304073
SAMPLE shape=0 round=2 variant=2 sample=28 ms=5.083136082
SAMPLE shape=0 round=2 variant=2 sample=29 ms=5.156864166
SAMPLE shape=0 round=2 variant=3 sample=0 ms=3.558304071
SAMPLE shape=0 round=2 variant=3 sample=1 ms=2.999295950
SAMPLE shape=0 round=2 variant=3 sample=2 ms=2.997247934
SAMPLE shape=0 round=2 variant=3 sample=3 ms=3.006464005
SAMPLE shape=0 round=2 variant=3 sample=4 ms=2.992000103
SAMPLE shape=0 round=2 variant=3 sample=5 ms=3.554080009
SAMPLE shape=0 round=2 variant=3 sample=6 ms=3.009536028
SAMPLE shape=0 round=2 variant=3 sample=7 ms=3.008512020
SAMPLE shape=0 round=2 variant=3 sample=8 ms=3.011584044
SAMPLE shape=0 round=2 variant=3 sample=9 ms=3.002367973
SAMPLE shape=0 round=2 variant=3 sample=10 ms=3.426239967
SAMPLE shape=0 round=2 variant=3 sample=11 ms=3.045088053
SAMPLE shape=0 round=2 variant=3 sample=12 ms=3.016704082
SAMPLE shape=0 round=2 variant=3 sample=13 ms=3.010560036
SAMPLE shape=0 round=2 variant=3 sample=14 ms=2.994175911
SAMPLE shape=0 round=2 variant=3 sample=15 ms=3.183743954
SAMPLE shape=0 round=2 variant=3 sample=16 ms=3.246079922
SAMPLE shape=0 round=2 variant=3 sample=17 ms=2.999295950
SAMPLE shape=0 round=2 variant=3 sample=18 ms=3.009504080
SAMPLE shape=0 round=2 variant=3 sample=19 ms=3.000191927
SAMPLE shape=0 round=2 variant=3 sample=20 ms=2.998271942
SAMPLE shape=0 round=2 variant=3 sample=21 ms=3.519392014
SAMPLE shape=0 round=2 variant=3 sample=22 ms=2.992127895
SAMPLE shape=0 round=2 variant=3 sample=23 ms=2.991872072
SAMPLE shape=0 round=2 variant=3 sample=24 ms=2.999327898
SAMPLE shape=0 round=2 variant=3 sample=25 ms=3.015680075
SAMPLE shape=0 round=2 variant=3 sample=26 ms=3.629055977
SAMPLE shape=0 round=2 variant=3 sample=27 ms=3.012608051
SAMPLE shape=0 round=2 variant=3 sample=28 ms=2.993151903
SAMPLE shape=0 round=2 variant=3 sample=29 ms=3.011584044
SAMPLE shape=1 round=0 variant=0 sample=0 ms=6.824736118
SAMPLE shape=1 round=0 variant=0 sample=1 ms=7.280352116
SAMPLE shape=1 round=0 variant=0 sample=2 ms=6.816768169
SAMPLE shape=1 round=0 variant=0 sample=3 ms=7.394303799
SAMPLE shape=1 round=0 variant=0 sample=4 ms=6.820864201
SAMPLE shape=1 round=0 variant=0 sample=5 ms=7.142367840
SAMPLE shape=1 round=0 variant=0 sample=6 ms=6.817791939
SAMPLE shape=1 round=0 variant=0 sample=7 ms=7.014400005
SAMPLE shape=1 round=0 variant=0 sample=8 ms=7.420928001
SAMPLE shape=1 round=0 variant=0 sample=9 ms=7.033855915
SAMPLE shape=1 round=0 variant=0 sample=10 ms=7.412735939
SAMPLE shape=1 round=0 variant=0 sample=11 ms=6.821887970
SAMPLE shape=1 round=0 variant=0 sample=12 ms=7.279615879
SAMPLE shape=1 round=0 variant=0 sample=13 ms=6.822912216
SAMPLE shape=1 round=0 variant=0 sample=14 ms=6.818816185
SAMPLE shape=1 round=0 variant=0 sample=15 ms=7.054336071
SAMPLE shape=1 round=0 variant=0 sample=16 ms=6.813695908
SAMPLE shape=1 round=0 variant=0 sample=17 ms=7.265279770
SAMPLE shape=1 round=0 variant=0 sample=18 ms=6.823679924
SAMPLE shape=1 round=0 variant=0 sample=19 ms=7.480000019
SAMPLE shape=1 round=0 variant=0 sample=20 ms=6.816768169
SAMPLE shape=1 round=0 variant=0 sample=21 ms=6.818624020
SAMPLE shape=1 round=0 variant=0 sample=22 ms=7.173120022
SAMPLE shape=1 round=0 variant=0 sample=23 ms=6.821887970
SAMPLE shape=1 round=0 variant=0 sample=24 ms=7.479296207
SAMPLE shape=1 round=0 variant=0 sample=25 ms=6.821887970
SAMPLE shape=1 round=0 variant=0 sample=26 ms=7.434175968
SAMPLE shape=1 round=0 variant=0 sample=27 ms=6.819839954
SAMPLE shape=1 round=0 variant=0 sample=28 ms=7.592671871
SAMPLE shape=1 round=0 variant=0 sample=29 ms=6.808576107
SAMPLE shape=1 round=0 variant=1 sample=0 ms=4.776959896
SAMPLE shape=1 round=0 variant=1 sample=1 ms=4.771840096
SAMPLE shape=1 round=0 variant=1 sample=2 ms=4.992000103
SAMPLE shape=1 round=0 variant=1 sample=3 ms=4.773888111
SAMPLE shape=1 round=0 variant=1 sample=4 ms=4.777984142
SAMPLE shape=1 round=0 variant=1 sample=5 ms=5.450751781
SAMPLE shape=1 round=0 variant=1 sample=6 ms=4.779007912
SAMPLE shape=1 round=0 variant=1 sample=7 ms=4.770624161
SAMPLE shape=1 round=0 variant=1 sample=8 ms=5.150720119
SAMPLE shape=1 round=0 variant=1 sample=9 ms=4.771776199
SAMPLE shape=1 round=0 variant=1 sample=10 ms=4.772799969
SAMPLE shape=1 round=0 variant=1 sample=11 ms=4.772575855
SAMPLE shape=1 round=0 variant=1 sample=12 ms=5.112927914
SAMPLE shape=1 round=0 variant=1 sample=13 ms=4.767744064
SAMPLE shape=1 round=0 variant=1 sample=14 ms=4.777984142
SAMPLE shape=1 round=0 variant=1 sample=15 ms=5.213024139
SAMPLE shape=1 round=0 variant=1 sample=16 ms=4.776959896
SAMPLE shape=1 round=0 variant=1 sample=17 ms=4.780928135
SAMPLE shape=1 round=0 variant=1 sample=18 ms=5.275360107
SAMPLE shape=1 round=0 variant=1 sample=19 ms=4.990880013
SAMPLE shape=1 round=0 variant=1 sample=20 ms=4.776896000
SAMPLE shape=1 round=0 variant=1 sample=21 ms=4.975615978
SAMPLE shape=1 round=0 variant=1 sample=22 ms=5.067872047
SAMPLE shape=1 round=0 variant=1 sample=23 ms=4.837120056
SAMPLE shape=1 round=0 variant=1 sample=24 ms=4.783103943
SAMPLE shape=1 round=0 variant=1 sample=25 ms=5.287775993
SAMPLE shape=1 round=0 variant=1 sample=26 ms=4.780863762
SAMPLE shape=1 round=0 variant=1 sample=27 ms=4.774687767
SAMPLE shape=1 round=0 variant=1 sample=28 ms=5.203968048
SAMPLE shape=1 round=0 variant=1 sample=29 ms=4.772863865
SAMPLE shape=1 round=0 variant=2 sample=0 ms=3.841023922
SAMPLE shape=1 round=0 variant=2 sample=1 ms=3.831808090
SAMPLE shape=1 round=0 variant=2 sample=2 ms=3.813375950
SAMPLE shape=1 round=0 variant=2 sample=3 ms=4.154367924
SAMPLE shape=1 round=0 variant=2 sample=4 ms=3.809279919
SAMPLE shape=1 round=0 variant=2 sample=5 ms=4.014080048
SAMPLE shape=1 round=0 variant=2 sample=6 ms=3.893248081
SAMPLE shape=1 round=0 variant=2 sample=7 ms=4.186240196
SAMPLE shape=1 round=0 variant=2 sample=8 ms=3.812351942
SAMPLE shape=1 round=0 variant=2 sample=9 ms=3.811327934
SAMPLE shape=1 round=0 variant=2 sample=10 ms=3.813375950
SAMPLE shape=1 round=0 variant=2 sample=11 ms=4.252543926
SAMPLE shape=1 round=0 variant=2 sample=12 ms=3.827744007
SAMPLE shape=1 round=0 variant=2 sample=13 ms=3.813280106
SAMPLE shape=1 round=0 variant=2 sample=14 ms=3.806175947
SAMPLE shape=1 round=0 variant=2 sample=15 ms=4.000768185
SAMPLE shape=1 round=0 variant=2 sample=16 ms=3.794944048
SAMPLE shape=1 round=0 variant=2 sample=17 ms=3.809279919
SAMPLE shape=1 round=0 variant=2 sample=18 ms=3.812351942
SAMPLE shape=1 round=0 variant=2 sample=19 ms=3.826783895
SAMPLE shape=1 round=0 variant=2 sample=20 ms=4.299488068
SAMPLE shape=1 round=0 variant=2 sample=21 ms=3.807231903
SAMPLE shape=1 round=0 variant=2 sample=22 ms=3.809279919
SAMPLE shape=1 round=0 variant=2 sample=23 ms=3.811007977
SAMPLE shape=1 round=0 variant=2 sample=24 ms=4.498400211
SAMPLE shape=1 round=0 variant=2 sample=25 ms=3.810303926
SAMPLE shape=1 round=0 variant=2 sample=26 ms=3.809119940
SAMPLE shape=1 round=0 variant=2 sample=27 ms=3.814399958
SAMPLE shape=1 round=0 variant=2 sample=28 ms=4.235263824
SAMPLE shape=1 round=0 variant=2 sample=29 ms=3.805183887
SAMPLE shape=1 round=0 variant=3 sample=0 ms=2.696896076
SAMPLE shape=1 round=0 variant=3 sample=1 ms=3.335839987
SAMPLE shape=1 round=0 variant=3 sample=2 ms=2.697216034
SAMPLE shape=1 round=0 variant=3 sample=3 ms=2.695071936
SAMPLE shape=1 round=0 variant=3 sample=4 ms=2.692095995
SAMPLE shape=1 round=0 variant=3 sample=5 ms=2.691807985
SAMPLE shape=1 round=0 variant=3 sample=6 ms=2.700288057
SAMPLE shape=1 round=0 variant=3 sample=7 ms=3.130367994
SAMPLE shape=1 round=0 variant=3 sample=8 ms=2.697216034
SAMPLE shape=1 round=0 variant=3 sample=9 ms=2.704128027
SAMPLE shape=1 round=0 variant=3 sample=10 ms=2.697216034
SAMPLE shape=1 round=0 variant=3 sample=11 ms=2.703360081
SAMPLE shape=1 round=0 variant=3 sample=12 ms=2.698240042
SAMPLE shape=1 round=0 variant=3 sample=13 ms=3.007488012
SAMPLE shape=1 round=0 variant=3 sample=14 ms=2.700288057
SAMPLE shape=1 round=0 variant=3 sample=15 ms=2.737056017
SAMPLE shape=1 round=0 variant=3 sample=16 ms=2.701312065
SAMPLE shape=1 round=0 variant=3 sample=17 ms=2.698175907
SAMPLE shape=1 round=0 variant=3 sample=18 ms=2.699199915
SAMPLE shape=1 round=0 variant=3 sample=19 ms=3.045376062
SAMPLE shape=1 round=0 variant=3 sample=20 ms=2.699104071
SAMPLE shape=1 round=0 variant=3 sample=21 ms=2.694880009
SAMPLE shape=1 round=0 variant=3 sample=22 ms=2.695071936
SAMPLE shape=1 round=0 variant=3 sample=23 ms=2.698240042
SAMPLE shape=1 round=0 variant=3 sample=24 ms=2.694047928
SAMPLE shape=1 round=0 variant=3 sample=25 ms=3.140480042
SAMPLE shape=1 round=0 variant=3 sample=26 ms=2.691071987
SAMPLE shape=1 round=0 variant=3 sample=27 ms=2.699232101
SAMPLE shape=1 round=0 variant=3 sample=28 ms=2.696192026
SAMPLE shape=1 round=0 variant=3 sample=29 ms=2.714623928
SAMPLE shape=1 round=0 variant=4 sample=0 ms=2.629631996
SAMPLE shape=1 round=0 variant=4 sample=1 ms=2.634432077
SAMPLE shape=1 round=0 variant=4 sample=2 ms=2.632704020
SAMPLE shape=1 round=0 variant=4 sample=3 ms=2.631520033
SAMPLE shape=1 round=0 variant=4 sample=4 ms=2.627583981
SAMPLE shape=1 round=0 variant=4 sample=5 ms=3.131392002
SAMPLE shape=1 round=0 variant=4 sample=6 ms=2.841599941
SAMPLE shape=1 round=0 variant=4 sample=7 ms=2.624416113
SAMPLE shape=1 round=0 variant=4 sample=8 ms=2.633631945
SAMPLE shape=1 round=0 variant=4 sample=9 ms=2.629503965
SAMPLE shape=1 round=0 variant=4 sample=10 ms=2.718431950
SAMPLE shape=1 round=0 variant=4 sample=11 ms=3.196928024
SAMPLE shape=1 round=0 variant=4 sample=12 ms=2.632639885
SAMPLE shape=1 round=0 variant=4 sample=13 ms=2.638720036
SAMPLE shape=1 round=0 variant=4 sample=14 ms=2.632607937
SAMPLE shape=1 round=0 variant=4 sample=15 ms=2.627583981
SAMPLE shape=1 round=0 variant=4 sample=16 ms=2.646719933
SAMPLE shape=1 round=0 variant=4 sample=17 ms=3.039232016
SAMPLE shape=1 round=0 variant=4 sample=18 ms=2.655231953
SAMPLE shape=1 round=0 variant=4 sample=19 ms=2.629631996
SAMPLE shape=1 round=0 variant=4 sample=20 ms=2.652159929
SAMPLE shape=1 round=0 variant=4 sample=21 ms=2.631616116
SAMPLE shape=1 round=0 variant=4 sample=22 ms=2.939840078
SAMPLE shape=1 round=0 variant=4 sample=23 ms=2.615295887
SAMPLE shape=1 round=0 variant=4 sample=24 ms=2.638848066
SAMPLE shape=1 round=0 variant=4 sample=25 ms=2.637824059
SAMPLE shape=1 round=0 variant=4 sample=26 ms=2.639872074
SAMPLE shape=1 round=0 variant=4 sample=27 ms=2.630656004
SAMPLE shape=1 round=0 variant=4 sample=28 ms=3.143680096
SAMPLE shape=1 round=0 variant=4 sample=29 ms=2.629631996
SAMPLE shape=1 round=1 variant=2 sample=0 ms=4.229055882
SAMPLE shape=1 round=1 variant=2 sample=1 ms=3.811007977
SAMPLE shape=1 round=1 variant=2 sample=2 ms=3.808255911
SAMPLE shape=1 round=1 variant=2 sample=3 ms=3.807231903
SAMPLE shape=1 round=1 variant=2 sample=4 ms=4.311039925
SAMPLE shape=1 round=1 variant=2 sample=5 ms=3.803136110
SAMPLE shape=1 round=1 variant=2 sample=6 ms=3.806240082
SAMPLE shape=1 round=1 variant=2 sample=7 ms=3.810303926
SAMPLE shape=1 round=1 variant=2 sample=8 ms=4.256768227
SAMPLE shape=1 round=1 variant=2 sample=9 ms=3.810303926
SAMPLE shape=1 round=1 variant=2 sample=10 ms=3.811968088
SAMPLE shape=1 round=1 variant=2 sample=11 ms=3.812063932
SAMPLE shape=1 round=1 variant=2 sample=12 ms=4.230144024
SAMPLE shape=1 round=1 variant=2 sample=13 ms=3.808255911
SAMPLE shape=1 round=1 variant=2 sample=14 ms=3.812351942
SAMPLE shape=1 round=1 variant=2 sample=15 ms=3.812160015
SAMPLE shape=1 round=1 variant=2 sample=16 ms=3.993407965
SAMPLE shape=1 round=1 variant=2 sample=17 ms=4.044767857
SAMPLE shape=1 round=1 variant=2 sample=18 ms=3.813055992
SAMPLE shape=1 round=1 variant=2 sample=19 ms=3.808095932
SAMPLE shape=1 round=1 variant=2 sample=20 ms=3.807231903
SAMPLE shape=1 round=1 variant=2 sample=21 ms=4.244480133
SAMPLE shape=1 round=1 variant=2 sample=22 ms=3.804160118
SAMPLE shape=1 round=1 variant=2 sample=23 ms=3.812351942
SAMPLE shape=1 round=1 variant=2 sample=24 ms=3.815167904
SAMPLE shape=1 round=1 variant=2 sample=25 ms=4.240384102
SAMPLE shape=1 round=1 variant=2 sample=26 ms=3.815423965
SAMPLE shape=1 round=1 variant=2 sample=27 ms=3.808255911
SAMPLE shape=1 round=1 variant=2 sample=28 ms=4.052991867
SAMPLE shape=1 round=1 variant=2 sample=29 ms=4.254720211
SAMPLE shape=1 round=1 variant=3 sample=0 ms=2.695904016
SAMPLE shape=1 round=1 variant=3 sample=1 ms=2.695008039
SAMPLE shape=1 round=1 variant=3 sample=2 ms=2.695008039
SAMPLE shape=1 round=1 variant=3 sample=3 ms=2.980864048
SAMPLE shape=1 round=1 variant=3 sample=4 ms=2.694303989
SAMPLE shape=1 round=1 variant=3 sample=5 ms=2.728832006
SAMPLE shape=1 round=1 variant=3 sample=6 ms=2.702336073
SAMPLE shape=1 round=1 variant=3 sample=7 ms=2.698240042
SAMPLE shape=1 round=1 variant=3 sample=8 ms=2.887680054
SAMPLE shape=1 round=1 variant=3 sample=9 ms=2.686975956
SAMPLE shape=1 round=1 variant=3 sample=10 ms=2.700000048
SAMPLE shape=1 round=1 variant=3 sample=11 ms=2.695168018
SAMPLE shape=1 round=1 variant=3 sample=12 ms=2.700031996
SAMPLE shape=1 round=1 variant=3 sample=13 ms=2.697216034
SAMPLE shape=1 round=1 variant=3 sample=14 ms=3.137183905
SAMPLE shape=1 round=1 variant=3 sample=15 ms=2.703007936
SAMPLE shape=1 round=1 variant=3 sample=16 ms=2.695168018
SAMPLE shape=1 round=1 variant=3 sample=17 ms=2.699264050
SAMPLE shape=1 round=1 variant=3 sample=18 ms=2.702336073
SAMPLE shape=1 round=1 variant=3 sample=19 ms=2.695071936
SAMPLE shape=1 round=1 variant=3 sample=20 ms=3.154943943
SAMPLE shape=1 round=1 variant=3 sample=21 ms=2.694080114
SAMPLE shape=1 round=1 variant=3 sample=22 ms=2.700191975
SAMPLE shape=1 round=1 variant=3 sample=23 ms=2.704384089
SAMPLE shape=1 round=1 variant=3 sample=24 ms=2.702336073
SAMPLE shape=1 round=1 variant=3 sample=25 ms=2.702239990
SAMPLE shape=1 round=1 variant=3 sample=26 ms=3.325952053
SAMPLE shape=1 round=1 variant=3 sample=27 ms=2.703360081
SAMPLE shape=1 round=1 variant=3 sample=28 ms=2.695168018
SAMPLE shape=1 round=1 variant=3 sample=29 ms=2.698240042
SAMPLE shape=1 round=1 variant=4 sample=0 ms=3.324863911
SAMPLE shape=1 round=1 variant=4 sample=1 ms=2.635776043
SAMPLE shape=1 round=1 variant=4 sample=2 ms=2.697216034
SAMPLE shape=1 round=1 variant=4 sample=3 ms=2.639872074
SAMPLE shape=1 round=1 variant=4 sample=4 ms=2.633728027
SAMPLE shape=1 round=1 variant=4 sample=5 ms=2.625472069
SAMPLE shape=1 round=1 variant=4 sample=6 ms=3.061759949
SAMPLE shape=1 round=1 variant=4 sample=7 ms=2.634752035
SAMPLE shape=1 round=1 variant=4 sample=8 ms=2.629631996
SAMPLE shape=1 round=1 variant=4 sample=9 ms=2.632672071
SAMPLE shape=1 round=1 variant=4 sample=10 ms=2.625535965
SAMPLE shape=1 round=1 variant=4 sample=11 ms=2.628607988
SAMPLE shape=1 round=1 variant=4 sample=12 ms=3.070751905
SAMPLE shape=1 round=1 variant=4 sample=13 ms=2.623487949
SAMPLE shape=1 round=1 variant=4 sample=14 ms=2.628607988
SAMPLE shape=1 round=1 variant=4 sample=15 ms=2.632704020
SAMPLE shape=1 round=1 variant=4 sample=16 ms=2.632704020
SAMPLE shape=1 round=1 variant=4 sample=17 ms=2.633728027
SAMPLE shape=1 round=1 variant=4 sample=18 ms=3.093568087
SAMPLE shape=1 round=1 variant=4 sample=19 ms=2.628607988
SAMPLE shape=1 round=1 variant=4 sample=20 ms=2.629535913
SAMPLE shape=1 round=1 variant=4 sample=21 ms=2.632607937
SAMPLE shape=1 round=1 variant=4 sample=22 ms=2.630624056
SAMPLE shape=1 round=1 variant=4 sample=23 ms=2.642816067
SAMPLE shape=1 round=1 variant=4 sample=24 ms=3.093503952
SAMPLE shape=1 round=1 variant=4 sample=25 ms=2.628607988
SAMPLE shape=1 round=1 variant=4 sample=26 ms=2.631680012
SAMPLE shape=1 round=1 variant=4 sample=27 ms=2.628607988
SAMPLE shape=1 round=1 variant=4 sample=28 ms=2.636607885
SAMPLE shape=1 round=1 variant=4 sample=29 ms=2.626431942
SAMPLE shape=1 round=1 variant=0 sample=0 ms=6.821887970
SAMPLE shape=1 round=1 variant=0 sample=1 ms=7.386879921
SAMPLE shape=1 round=1 variant=0 sample=2 ms=7.037951946
SAMPLE shape=1 round=1 variant=0 sample=3 ms=7.251967907
SAMPLE shape=1 round=1 variant=0 sample=4 ms=6.808576107
SAMPLE shape=1 round=1 variant=0 sample=5 ms=6.818816185
SAMPLE shape=1 round=1 variant=0 sample=6 ms=7.300096035
SAMPLE shape=1 round=1 variant=0 sample=7 ms=6.821504116
SAMPLE shape=1 round=1 variant=0 sample=8 ms=7.364607811
SAMPLE shape=1 round=1 variant=0 sample=9 ms=6.817791939
SAMPLE shape=1 round=1 variant=0 sample=10 ms=7.345024109
SAMPLE shape=1 round=1 variant=0 sample=11 ms=6.817791939
SAMPLE shape=1 round=1 variant=0 sample=12 ms=6.816768169
SAMPLE shape=1 round=1 variant=0 sample=13 ms=7.457791805
SAMPLE shape=1 round=1 variant=0 sample=14 ms=6.816768169
SAMPLE shape=1 round=1 variant=0 sample=15 ms=7.301951885
SAMPLE shape=1 round=1 variant=0 sample=16 ms=6.822559834
SAMPLE shape=1 round=1 variant=0 sample=17 ms=7.187136173
SAMPLE shape=1 round=1 variant=0 sample=18 ms=6.812384129
SAMPLE shape=1 round=1 variant=0 sample=19 ms=6.813695908
SAMPLE shape=1 round=1 variant=0 sample=20 ms=7.320288181
SAMPLE shape=1 round=1 variant=0 sample=21 ms=6.849279881
SAMPLE shape=1 round=1 variant=0 sample=22 ms=7.497568130
SAMPLE shape=1 round=1 variant=0 sample=23 ms=6.828032017
SAMPLE shape=1 round=1 variant=0 sample=24 ms=7.334976196
SAMPLE shape=1 round=1 variant=0 sample=25 ms=6.818816185
SAMPLE shape=1 round=1 variant=0 sample=26 ms=6.871039867
SAMPLE shape=1 round=1 variant=0 sample=27 ms=7.379968166
SAMPLE shape=1 round=1 variant=0 sample=28 ms=6.848512173
SAMPLE shape=1 round=1 variant=0 sample=29 ms=7.157760143
SAMPLE shape=1 round=1 variant=1 sample=0 ms=4.771488190
SAMPLE shape=1 round=1 variant=1 sample=1 ms=4.831232071
SAMPLE shape=1 round=1 variant=1 sample=2 ms=5.262335777
SAMPLE shape=1 round=1 variant=1 sample=3 ms=4.771840096
SAMPLE shape=1 round=1 variant=1 sample=4 ms=4.774911880
SAMPLE shape=1 round=1 variant=1 sample=5 ms=4.769792080
SAMPLE shape=1 round=1 variant=1 sample=6 ms=5.296127796
SAMPLE shape=1 round=1 variant=1 sample=7 ms=4.774911880
SAMPLE shape=1 round=1 variant=1 sample=8 ms=4.773888111
SAMPLE shape=1 round=1 variant=1 sample=9 ms=5.205823898
SAMPLE shape=1 round=1 variant=1 sample=10 ms=4.776959896
SAMPLE shape=1 round=1 variant=1 sample=11 ms=4.779007912
SAMPLE shape=1 round=1 variant=1 sample=12 ms=5.193727970
SAMPLE shape=1 round=1 variant=1 sample=13 ms=4.767712116
SAMPLE shape=1 round=1 variant=1 sample=14 ms=4.790175915
SAMPLE shape=1 round=1 variant=1 sample=15 ms=4.778751850
SAMPLE shape=1 round=1 variant=1 sample=16 ms=5.209919930
SAMPLE shape=1 round=1 variant=1 sample=17 ms=4.777984142
SAMPLE shape=1 round=1 variant=1 sample=18 ms=4.774911880
SAMPLE shape=1 round=1 variant=1 sample=19 ms=5.320384026
SAMPLE shape=1 round=1 variant=1 sample=20 ms=4.772863865
SAMPLE shape=1 round=1 variant=1 sample=21 ms=4.775936127
SAMPLE shape=1 round=1 variant=1 sample=22 ms=5.195487976
SAMPLE shape=1 round=1 variant=1 sample=23 ms=4.815872192
SAMPLE shape=1 round=1 variant=1 sample=24 ms=4.774911880
SAMPLE shape=1 round=1 variant=1 sample=25 ms=4.774911880
SAMPLE shape=1 round=1 variant=1 sample=26 ms=5.127168179
SAMPLE shape=1 round=1 variant=1 sample=27 ms=4.814847946
SAMPLE shape=1 round=1 variant=1 sample=28 ms=4.810560226
SAMPLE shape=1 round=1 variant=1 sample=29 ms=5.236480236
SAMPLE shape=1 round=2 variant=4 sample=0 ms=2.704384089
SAMPLE shape=1 round=2 variant=4 sample=1 ms=2.633728027
SAMPLE shape=1 round=2 variant=4 sample=2 ms=2.626496077
SAMPLE shape=1 round=2 variant=4 sample=3 ms=3.132416010
SAMPLE shape=1 round=2 variant=4 sample=4 ms=2.742208004
SAMPLE shape=1 round=2 variant=4 sample=5 ms=2.638848066
SAMPLE shape=1 round=2 variant=4 sample=6 ms=2.677759886
SAMPLE shape=1 round=2 variant=4 sample=7 ms=2.636800051
SAMPLE shape=1 round=2 variant=4 sample=8 ms=3.271647930
SAMPLE shape=1 round=2 variant=4 sample=9 ms=2.630336046
SAMPLE shape=1 round=2 variant=4 sample=10 ms=2.628351927
SAMPLE shape=1 round=2 variant=4 sample=11 ms=2.629631996
SAMPLE shape=1 round=2 variant=4 sample=12 ms=2.623487949
SAMPLE shape=1 round=2 variant=4 sample=13 ms=2.625535965
SAMPLE shape=1 round=2 variant=4 sample=14 ms=3.231744051
SAMPLE shape=1 round=2 variant=4 sample=15 ms=2.885632038
SAMPLE shape=1 round=2 variant=4 sample=16 ms=2.625152111
SAMPLE shape=1 round=2 variant=4 sample=17 ms=2.628288031
SAMPLE shape=1 round=2 variant=4 sample=18 ms=2.640896082
SAMPLE shape=1 round=2 variant=4 sample=19 ms=2.633696079
SAMPLE shape=1 round=2 variant=4 sample=20 ms=3.136512041
SAMPLE shape=1 round=2 variant=4 sample=21 ms=2.630656004
SAMPLE shape=1 round=2 variant=4 sample=22 ms=2.691871881
SAMPLE shape=1 round=2 variant=4 sample=23 ms=2.652928114
SAMPLE shape=1 round=2 variant=4 sample=24 ms=2.646784067
SAMPLE shape=1 round=2 variant=4 sample=25 ms=2.628607988
SAMPLE shape=1 round=2 variant=4 sample=26 ms=3.077120066
SAMPLE shape=1 round=2 variant=4 sample=27 ms=2.639872074
SAMPLE shape=1 round=2 variant=4 sample=28 ms=2.624288082
SAMPLE shape=1 round=2 variant=4 sample=29 ms=2.921184063
SAMPLE shape=1 round=2 variant=0 sample=0 ms=6.824960232
SAMPLE shape=1 round=2 variant=0 sample=1 ms=7.259136200
SAMPLE shape=1 round=2 variant=0 sample=2 ms=6.874048233
SAMPLE shape=1 round=2 variant=0 sample=3 ms=6.822591782
SAMPLE shape=1 round=2 variant=0 sample=4 ms=7.482367992
SAMPLE shape=1 round=2 variant=0 sample=5 ms=6.821887970
SAMPLE shape=1 round=2 variant=0 sample=6 ms=7.343872070
SAMPLE shape=1 round=2 variant=0 sample=7 ms=6.819839954
SAMPLE shape=1 round=2 variant=0 sample=8 ms=7.369728088
SAMPLE shape=1 round=2 variant=0 sample=9 ms=6.872000217
SAMPLE shape=1 round=2 variant=0 sample=10 ms=6.849535942
SAMPLE shape=1 round=2 variant=0 sample=11 ms=7.376832008
SAMPLE shape=1 round=2 variant=0 sample=12 ms=6.826752186
SAMPLE shape=1 round=2 variant=0 sample=13 ms=7.453695774
SAMPLE shape=1 round=2 variant=0 sample=14 ms=6.821887970
SAMPLE shape=1 round=2 variant=0 sample=15 ms=7.505887985
SAMPLE shape=1 round=2 variant=0 sample=16 ms=6.817791939
SAMPLE shape=1 round=2 variant=0 sample=17 ms=6.824895859
SAMPLE shape=1 round=2 variant=0 sample=18 ms=7.284736156
SAMPLE shape=1 round=2 variant=0 sample=19 ms=6.821887970
SAMPLE shape=1 round=2 variant=0 sample=20 ms=7.278592110
SAMPLE shape=1 round=2 variant=0 sample=21 ms=6.820864201
SAMPLE shape=1 round=2 variant=0 sample=22 ms=7.254720211
SAMPLE shape=1 round=2 variant=0 sample=23 ms=6.855679989
SAMPLE shape=1 round=2 variant=0 sample=24 ms=6.942719936
SAMPLE shape=1 round=2 variant=0 sample=25 ms=7.512063980
SAMPLE shape=1 round=2 variant=0 sample=26 ms=6.821887970
SAMPLE shape=1 round=2 variant=0 sample=27 ms=7.370751858
SAMPLE shape=1 round=2 variant=0 sample=28 ms=6.822751999
SAMPLE shape=1 round=2 variant=0 sample=29 ms=7.360511780
SAMPLE shape=1 round=2 variant=1 sample=0 ms=5.015552044
SAMPLE shape=1 round=2 variant=1 sample=1 ms=4.778816223
SAMPLE shape=1 round=2 variant=1 sample=2 ms=4.773888111
SAMPLE shape=1 round=2 variant=1 sample=3 ms=5.222176075
SAMPLE shape=1 round=2 variant=1 sample=4 ms=4.780032158
SAMPLE shape=1 round=2 variant=1 sample=5 ms=4.776959896
SAMPLE shape=1 round=2 variant=1 sample=6 ms=5.413887978
SAMPLE shape=1 round=2 variant=1 sample=7 ms=4.770815849
SAMPLE shape=1 round=2 variant=1 sample=8 ms=4.775936127
SAMPLE shape=1 round=2 variant=1 sample=9 ms=4.775936127
SAMPLE shape=1 round=2 variant=1 sample=10 ms=5.182464123
SAMPLE shape=1 round=2 variant=1 sample=11 ms=4.776959896
SAMPLE shape=1 round=2 variant=1 sample=12 ms=4.774911880
SAMPLE shape=1 round=2 variant=1 sample=13 ms=5.249023914
SAMPLE shape=1 round=2 variant=1 sample=14 ms=4.775936127
SAMPLE shape=1 round=2 variant=1 sample=15 ms=4.774911880
SAMPLE shape=1 round=2 variant=1 sample=16 ms=4.998144150
SAMPLE shape=1 round=2 variant=1 sample=17 ms=4.973343849
SAMPLE shape=1 round=2 variant=1 sample=18 ms=4.775936127
SAMPLE shape=1 round=2 variant=1 sample=19 ms=4.963327885
SAMPLE shape=1 round=2 variant=1 sample=20 ms=4.758528233
SAMPLE shape=1 round=2 variant=1 sample=21 ms=4.781951904
SAMPLE shape=1 round=2 variant=1 sample=22 ms=4.772672176
SAMPLE shape=1 round=2 variant=1 sample=23 ms=5.373856068
SAMPLE shape=1 round=2 variant=1 sample=24 ms=4.777919769
SAMPLE shape=1 round=2 variant=1 sample=25 ms=4.772736073
SAMPLE shape=1 round=2 variant=1 sample=26 ms=5.225664139
SAMPLE shape=1 round=2 variant=1 sample=27 ms=4.776927948
SAMPLE shape=1 round=2 variant=1 sample=28 ms=4.773888111
SAMPLE shape=1 round=2 variant=1 sample=29 ms=5.146624088
SAMPLE shape=1 round=2 variant=2 sample=0 ms=3.970047951
SAMPLE shape=1 round=2 variant=2 sample=1 ms=3.798016071
SAMPLE shape=1 round=2 variant=2 sample=2 ms=3.813375950
SAMPLE shape=1 round=2 variant=2 sample=3 ms=3.816447973
SAMPLE shape=1 round=2 variant=2 sample=4 ms=3.809184074
SAMPLE shape=1 round=2 variant=2 sample=5 ms=4.393983841
SAMPLE shape=1 round=2 variant=2 sample=6 ms=3.812351942
SAMPLE shape=1 round=2 variant=2 sample=7 ms=3.804160118
SAMPLE shape=1 round=2 variant=2 sample=8 ms=3.807008028
SAMPLE shape=1 round=2 variant=2 sample=9 ms=4.356063843
SAMPLE shape=1 round=2 variant=2 sample=10 ms=3.815423965
SAMPLE shape=1 round=2 variant=2 sample=11 ms=3.808063984
SAMPLE shape=1 round=2 variant=2 sample=12 ms=3.812351942
SAMPLE shape=1 round=2 variant=2 sample=13 ms=4.346687794
SAMPLE shape=1 round=2 variant=2 sample=14 ms=3.810303926
SAMPLE shape=1 round=2 variant=2 sample=15 ms=3.805183887
SAMPLE shape=1 round=2 variant=2 sample=16 ms=3.805183887
SAMPLE shape=1 round=2 variant=2 sample=17 ms=4.229119778
SAMPLE shape=1 round=2 variant=2 sample=18 ms=3.804160118
SAMPLE shape=1 round=2 variant=2 sample=19 ms=3.803872108
SAMPLE shape=1 round=2 variant=2 sample=20 ms=3.814399958
SAMPLE shape=1 round=2 variant=2 sample=21 ms=4.219903946
SAMPLE shape=1 round=2 variant=2 sample=22 ms=3.808255911
SAMPLE shape=1 round=2 variant=2 sample=23 ms=3.813184023
SAMPLE shape=1 round=2 variant=2 sample=24 ms=3.809279919
SAMPLE shape=1 round=2 variant=2 sample=25 ms=3.990144014
SAMPLE shape=1 round=2 variant=2 sample=26 ms=4.029439926
SAMPLE shape=1 round=2 variant=2 sample=27 ms=3.812031984
SAMPLE shape=1 round=2 variant=2 sample=28 ms=3.808928013
SAMPLE shape=1 round=2 variant=2 sample=29 ms=3.803999901
SAMPLE shape=1 round=2 variant=3 sample=0 ms=2.703104019
SAMPLE shape=1 round=2 variant=3 sample=1 ms=2.721791983
SAMPLE shape=1 round=2 variant=3 sample=2 ms=2.707263947
SAMPLE shape=1 round=2 variant=3 sample=3 ms=2.907135963
SAMPLE shape=1 round=2 variant=3 sample=4 ms=2.938879967
SAMPLE shape=1 round=2 variant=3 sample=5 ms=2.703167915
SAMPLE shape=1 round=2 variant=3 sample=6 ms=2.701247931
SAMPLE shape=1 round=2 variant=3 sample=7 ms=2.702208042
SAMPLE shape=1 round=2 variant=3 sample=8 ms=2.702111959
SAMPLE shape=1 round=2 variant=3 sample=9 ms=3.153919935
SAMPLE shape=1 round=2 variant=3 sample=10 ms=2.698048115
SAMPLE shape=1 round=2 variant=3 sample=11 ms=2.732959986
SAMPLE shape=1 round=2 variant=3 sample=12 ms=2.691071987
SAMPLE shape=1 round=2 variant=3 sample=13 ms=2.740223885
SAMPLE shape=1 round=2 variant=3 sample=14 ms=2.738048077
SAMPLE shape=1 round=2 variant=3 sample=15 ms=3.140288115
SAMPLE shape=1 round=2 variant=3 sample=16 ms=2.690912008
SAMPLE shape=1 round=2 variant=3 sample=17 ms=2.748415947
SAMPLE shape=1 round=2 variant=3 sample=18 ms=2.703007936
SAMPLE shape=1 round=2 variant=3 sample=19 ms=2.701312065
SAMPLE shape=1 round=2 variant=3 sample=20 ms=2.698240042
SAMPLE shape=1 round=2 variant=3 sample=21 ms=3.170304060
SAMPLE shape=1 round=2 variant=3 sample=22 ms=2.698240042
SAMPLE shape=1 round=2 variant=3 sample=23 ms=2.696192026
SAMPLE shape=1 round=2 variant=3 sample=24 ms=2.697216034
SAMPLE shape=1 round=2 variant=3 sample=25 ms=2.700288057
SAMPLE shape=1 round=2 variant=3 sample=26 ms=2.695168018
SAMPLE shape=1 round=2 variant=3 sample=27 ms=3.130367994
SAMPLE shape=1 round=2 variant=3 sample=28 ms=2.699136019
SAMPLE shape=1 round=2 variant=3 sample=29 ms=2.700288057
SAMPLE shape=2 round=0 variant=0 sample=0 ms=6.879231930
SAMPLE shape=2 round=0 variant=0 sample=1 ms=6.879231930
SAMPLE shape=2 round=0 variant=0 sample=2 ms=7.302144051
SAMPLE shape=2 round=0 variant=0 sample=3 ms=6.886208057
SAMPLE shape=2 round=0 variant=0 sample=4 ms=7.500895977
SAMPLE shape=2 round=0 variant=0 sample=5 ms=6.876160145
SAMPLE shape=2 round=0 variant=0 sample=6 ms=7.321599960
SAMPLE shape=2 round=0 variant=0 sample=7 ms=6.885344028
SAMPLE shape=2 round=0 variant=0 sample=8 ms=6.879231930
SAMPLE shape=2 round=0 variant=0 sample=9 ms=7.196671963
SAMPLE shape=2 round=0 variant=0 sample=10 ms=6.881279945
SAMPLE shape=2 round=0 variant=0 sample=11 ms=7.443264008
SAMPLE shape=2 round=0 variant=0 sample=12 ms=6.880256176
SAMPLE shape=2 round=0 variant=0 sample=13 ms=7.393280029
SAMPLE shape=2 round=0 variant=0 sample=14 ms=7.075679779
SAMPLE shape=2 round=0 variant=0 sample=15 ms=6.926335812
SAMPLE shape=2 round=0 variant=0 sample=16 ms=7.375872135
SAMPLE shape=2 round=0 variant=0 sample=17 ms=6.884352207
SAMPLE shape=2 round=0 variant=0 sample=18 ms=7.341055870
SAMPLE shape=2 round=0 variant=0 sample=19 ms=6.880256176
SAMPLE shape=2 round=0 variant=0 sample=20 ms=7.349247932
SAMPLE shape=2 round=0 variant=0 sample=21 ms=6.884352207
SAMPLE shape=2 round=0 variant=0 sample=22 ms=7.474112034
SAMPLE shape=2 round=0 variant=0 sample=23 ms=6.885312080
SAMPLE shape=2 round=0 variant=0 sample=24 ms=6.888448238
SAMPLE shape=2 round=0 variant=0 sample=25 ms=7.327744007
SAMPLE shape=2 round=0 variant=0 sample=26 ms=6.884064198
SAMPLE shape=2 round=0 variant=0 sample=27 ms=7.326720238
SAMPLE shape=2 round=0 variant=0 sample=28 ms=6.946815968
SAMPLE shape=2 round=0 variant=0 sample=29 ms=7.322527885
SAMPLE shape=2 round=0 variant=1 sample=0 ms=4.879360199
SAMPLE shape=2 round=0 variant=1 sample=1 ms=4.878335953
SAMPLE shape=2 round=0 variant=1 sample=2 ms=5.289696217
SAMPLE shape=2 round=0 variant=1 sample=3 ms=4.869088173
SAMPLE shape=2 round=0 variant=1 sample=4 ms=4.870143890
SAMPLE shape=2 round=0 variant=1 sample=5 ms=4.865024090
SAMPLE shape=2 round=0 variant=1 sample=6 ms=5.390048027
SAMPLE shape=2 round=0 variant=1 sample=7 ms=4.868896008
SAMPLE shape=2 round=0 variant=1 sample=8 ms=4.871007919
SAMPLE shape=2 round=0 variant=1 sample=9 ms=5.377088070
SAMPLE shape=2 round=0 variant=1 sample=10 ms=4.866911888
SAMPLE shape=2 round=0 variant=1 sample=11 ms=4.866047859
SAMPLE shape=2 round=0 variant=1 sample=12 ms=5.667840004
SAMPLE shape=2 round=0 variant=1 sample=13 ms=4.907008171
SAMPLE shape=2 round=0 variant=1 sample=14 ms=4.874976158
SAMPLE shape=2 round=0 variant=1 sample=15 ms=5.306367874
SAMPLE shape=2 round=0 variant=1 sample=16 ms=4.864831924
SAMPLE shape=2 round=0 variant=1 sample=17 ms=4.873023987
SAMPLE shape=2 round=0 variant=1 sample=18 ms=4.872928143
SAMPLE shape=2 round=0 variant=1 sample=19 ms=5.314559937
SAMPLE shape=2 round=0 variant=1 sample=20 ms=4.870143890
SAMPLE shape=2 round=0 variant=1 sample=21 ms=4.875264168
SAMPLE shape=2 round=0 variant=1 sample=22 ms=5.304319859
SAMPLE shape=2 round=0 variant=1 sample=23 ms=4.873216152
SAMPLE shape=2 round=0 variant=1 sample=24 ms=4.872191906
SAMPLE shape=2 round=0 variant=1 sample=25 ms=5.269504070
SAMPLE shape=2 round=0 variant=1 sample=26 ms=4.996096134
SAMPLE shape=2 round=0 variant=1 sample=27 ms=4.957024097
SAMPLE shape=2 round=0 variant=1 sample=28 ms=5.568223953
SAMPLE shape=2 round=0 variant=1 sample=29 ms=4.873216152
SAMPLE shape=2 round=0 variant=2 sample=0 ms=0.654335976
SAMPLE shape=2 round=0 variant=2 sample=1 ms=0.696448028
SAMPLE shape=2 round=0 variant=2 sample=2 ms=0.471040010
SAMPLE shape=2 round=0 variant=2 sample=3 ms=0.473024011
SAMPLE shape=2 round=0 variant=2 sample=4 ms=0.470016003
SAMPLE shape=2 round=0 variant=2 sample=5 ms=0.476864010
SAMPLE shape=2 round=0 variant=2 sample=6 ms=0.473024011
SAMPLE shape=2 round=0 variant=2 sample=7 ms=0.474112004
SAMPLE shape=2 round=0 variant=2 sample=8 ms=0.473055989
SAMPLE shape=2 round=0 variant=2 sample=9 ms=0.471040010
SAMPLE shape=2 round=0 variant=2 sample=10 ms=0.469823986
SAMPLE shape=2 round=0 variant=2 sample=11 ms=0.479039997
SAMPLE shape=2 round=0 variant=2 sample=12 ms=0.474112004
SAMPLE shape=2 round=0 variant=2 sample=13 ms=0.476159990
SAMPLE shape=2 round=0 variant=2 sample=14 ms=0.473087996
SAMPLE shape=2 round=0 variant=2 sample=15 ms=0.473823994
SAMPLE shape=2 round=0 variant=2 sample=16 ms=0.473087996
SAMPLE shape=2 round=0 variant=2 sample=17 ms=0.476992011
SAMPLE shape=2 round=0 variant=2 sample=18 ms=0.470880002
SAMPLE shape=2 round=0 variant=2 sample=19 ms=0.472927988
SAMPLE shape=2 round=0 variant=2 sample=20 ms=0.468928009
SAMPLE shape=2 round=0 variant=2 sample=21 ms=0.475136012
SAMPLE shape=2 round=0 variant=2 sample=22 ms=0.468991995
SAMPLE shape=2 round=0 variant=2 sample=23 ms=0.479232013
SAMPLE shape=2 round=0 variant=2 sample=24 ms=0.472063988
SAMPLE shape=2 round=0 variant=2 sample=25 ms=0.472063988
SAMPLE shape=2 round=0 variant=2 sample=26 ms=0.471008003
SAMPLE shape=2 round=0 variant=2 sample=27 ms=0.472063988
SAMPLE shape=2 round=0 variant=2 sample=28 ms=0.470687985
SAMPLE shape=2 round=0 variant=2 sample=29 ms=0.659456015
SAMPLE shape=2 round=0 variant=3 sample=0 ms=2.777888060
SAMPLE shape=2 round=0 variant=3 sample=1 ms=2.772991896
SAMPLE shape=2 round=0 variant=3 sample=2 ms=2.769727945
SAMPLE shape=2 round=0 variant=3 sample=3 ms=3.126015902
SAMPLE shape=2 round=0 variant=3 sample=4 ms=2.823168039
SAMPLE shape=2 round=0 variant=3 sample=5 ms=2.772000074
SAMPLE shape=2 round=0 variant=3 sample=6 ms=2.778111935
SAMPLE shape=2 round=0 variant=3 sample=7 ms=2.818016052
SAMPLE shape=2 round=0 variant=3 sample=8 ms=2.816864014
SAMPLE shape=2 round=0 variant=3 sample=9 ms=2.764800072
SAMPLE shape=2 round=0 variant=3 sample=10 ms=2.816735983
SAMPLE shape=2 round=0 variant=3 sample=11 ms=2.776896000
SAMPLE shape=2 round=0 variant=3 sample=12 ms=2.772864103
SAMPLE shape=2 round=0 variant=3 sample=13 ms=2.818048000
SAMPLE shape=2 round=0 variant=3 sample=14 ms=3.319808006
SAMPLE shape=2 round=0 variant=3 sample=15 ms=2.779040098
SAMPLE shape=2 round=0 variant=3 sample=16 ms=2.777087927
SAMPLE shape=2 round=0 variant=3 sample=17 ms=2.781183958
SAMPLE shape=2 round=0 variant=3 sample=18 ms=2.778111935
SAMPLE shape=2 round=0 variant=3 sample=19 ms=2.772736073
SAMPLE shape=2 round=0 variant=3 sample=20 ms=3.465888023
SAMPLE shape=2 round=0 variant=3 sample=21 ms=2.772991896
SAMPLE shape=2 round=0 variant=3 sample=22 ms=2.779135942
SAMPLE shape=2 round=0 variant=3 sample=23 ms=2.772991896
SAMPLE shape=2 round=0 variant=3 sample=24 ms=2.777087927
SAMPLE shape=2 round=0 variant=3 sample=25 ms=2.777087927
SAMPLE shape=2 round=0 variant=3 sample=26 ms=3.000319958
SAMPLE shape=2 round=0 variant=3 sample=27 ms=2.772991896
SAMPLE shape=2 round=0 variant=3 sample=28 ms=2.777087927
SAMPLE shape=2 round=0 variant=3 sample=29 ms=2.779135942
SAMPLE shape=2 round=0 variant=4 sample=0 ms=0.422912002
SAMPLE shape=2 round=0 variant=4 sample=1 ms=0.417791992
SAMPLE shape=2 round=0 variant=4 sample=2 ms=0.417791992
SAMPLE shape=2 round=0 variant=4 sample=3 ms=0.414400011
SAMPLE shape=2 round=0 variant=4 sample=4 ms=0.414559990
SAMPLE shape=2 round=0 variant=4 sample=5 ms=0.415744007
SAMPLE shape=2 round=0 variant=4 sample=6 ms=0.415423989
SAMPLE shape=2 round=0 variant=4 sample=7 ms=0.408576012
SAMPLE shape=2 round=0 variant=4 sample=8 ms=0.437247992
SAMPLE shape=2 round=0 variant=4 sample=9 ms=0.414559990
SAMPLE shape=2 round=0 variant=4 sample=10 ms=0.435200006
SAMPLE shape=2 round=0 variant=4 sample=11 ms=0.416768014
SAMPLE shape=2 round=0 variant=4 sample=12 ms=0.409599990
SAMPLE shape=2 round=0 variant=4 sample=13 ms=0.411455989
SAMPLE shape=2 round=0 variant=4 sample=14 ms=0.407552004
SAMPLE shape=2 round=0 variant=4 sample=15 ms=0.412672013
SAMPLE shape=2 round=0 variant=4 sample=16 ms=0.416447997
SAMPLE shape=2 round=0 variant=4 sample=17 ms=0.414719999
SAMPLE shape=2 round=0 variant=4 sample=18 ms=0.415744007
SAMPLE shape=2 round=0 variant=4 sample=19 ms=0.416415989
SAMPLE shape=2 round=0 variant=4 sample=20 ms=0.415360004
SAMPLE shape=2 round=0 variant=4 sample=21 ms=0.414719999
SAMPLE shape=2 round=0 variant=4 sample=22 ms=0.488384008
SAMPLE shape=2 round=0 variant=4 sample=23 ms=0.413695991
SAMPLE shape=2 round=0 variant=4 sample=24 ms=0.411648005
SAMPLE shape=2 round=0 variant=4 sample=25 ms=0.401407987
SAMPLE shape=2 round=0 variant=4 sample=26 ms=0.402431995
SAMPLE shape=2 round=0 variant=4 sample=27 ms=0.401407987
SAMPLE shape=2 round=0 variant=4 sample=28 ms=0.410367996
SAMPLE shape=2 round=0 variant=4 sample=29 ms=0.410623997
SAMPLE shape=2 round=1 variant=2 sample=0 ms=0.481088012
SAMPLE shape=2 round=1 variant=2 sample=1 ms=0.472959995
SAMPLE shape=2 round=1 variant=2 sample=2 ms=0.477183998
SAMPLE shape=2 round=1 variant=2 sample=3 ms=0.475039989
SAMPLE shape=2 round=1 variant=2 sample=4 ms=0.473888010
SAMPLE shape=2 round=1 variant=2 sample=5 ms=0.468896002
SAMPLE shape=2 round=1 variant=2 sample=6 ms=0.479232013
SAMPLE shape=2 round=1 variant=2 sample=7 ms=0.489472002
SAMPLE shape=2 round=1 variant=2 sample=8 ms=0.474112004
SAMPLE shape=2 round=1 variant=2 sample=9 ms=0.942080021
SAMPLE shape=2 round=1 variant=2 sample=10 ms=0.475136012
SAMPLE shape=2 round=1 variant=2 sample=11 ms=0.478208005
SAMPLE shape=2 round=1 variant=2 sample=12 ms=0.474112004
SAMPLE shape=2 round=1 variant=2 sample=13 ms=0.479072005
SAMPLE shape=2 round=1 variant=2 sample=14 ms=0.477183998
SAMPLE shape=2 round=1 variant=2 sample=15 ms=0.471904010
SAMPLE shape=2 round=1 variant=2 sample=16 ms=0.474079996
SAMPLE shape=2 round=1 variant=2 sample=17 ms=0.479263991
SAMPLE shape=2 round=1 variant=2 sample=18 ms=0.478976011
SAMPLE shape=2 round=1 variant=2 sample=19 ms=0.476159990
SAMPLE shape=2 round=1 variant=2 sample=20 ms=0.477183998
SAMPLE shape=2 round=1 variant=2 sample=21 ms=0.471040010
SAMPLE shape=2 round=1 variant=2 sample=22 ms=0.470784009
SAMPLE shape=2 round=1 variant=2 sample=23 ms=0.467967987
SAMPLE shape=2 round=1 variant=2 sample=24 ms=0.470847994
SAMPLE shape=2 round=1 variant=2 sample=25 ms=0.468800008
SAMPLE shape=2 round=1 variant=2 sample=26 ms=0.473984003
SAMPLE shape=2 round=1 variant=2 sample=27 ms=0.467967987
SAMPLE shape=2 round=1 variant=2 sample=28 ms=0.470016003
SAMPLE shape=2 round=1 variant=2 sample=29 ms=0.472063988
SAMPLE shape=2 round=1 variant=3 sample=0 ms=2.775007963
SAMPLE shape=2 round=1 variant=3 sample=1 ms=2.779871941
SAMPLE shape=2 round=1 variant=3 sample=2 ms=2.777087927
SAMPLE shape=2 round=1 variant=3 sample=3 ms=2.778111935
SAMPLE shape=2 round=1 variant=3 sample=4 ms=3.134464025
SAMPLE shape=2 round=1 variant=3 sample=5 ms=2.765824080
SAMPLE shape=2 round=1 variant=3 sample=6 ms=2.772991896
SAMPLE shape=2 round=1 variant=3 sample=7 ms=2.778111935
SAMPLE shape=2 round=1 variant=3 sample=8 ms=2.812608004
SAMPLE shape=2 round=1 variant=3 sample=9 ms=2.801664114
SAMPLE shape=2 round=1 variant=3 sample=10 ms=3.321856022
SAMPLE shape=2 round=1 variant=3 sample=11 ms=2.777087927
SAMPLE shape=2 round=1 variant=3 sample=12 ms=2.807807922
SAMPLE shape=2 round=1 variant=3 sample=13 ms=2.796544075
SAMPLE shape=2 round=1 variant=3 sample=14 ms=2.775104046
SAMPLE shape=2 round=1 variant=3 sample=15 ms=2.769920111
SAMPLE shape=2 round=1 variant=3 sample=16 ms=3.306495905
SAMPLE shape=2 round=1 variant=3 sample=17 ms=2.773695946
SAMPLE shape=2 round=1 variant=3 sample=18 ms=2.768896103
SAMPLE shape=2 round=1 variant=3 sample=19 ms=2.769920111
SAMPLE shape=2 round=1 variant=3 sample=20 ms=2.769920111
SAMPLE shape=2 round=1 variant=3 sample=21 ms=3.217184067
SAMPLE shape=2 round=1 variant=3 sample=22 ms=3.025919914
SAMPLE shape=2 round=1 variant=3 sample=23 ms=2.776063919
SAMPLE shape=2 round=1 variant=3 sample=24 ms=2.812927961
SAMPLE shape=2 round=1 variant=3 sample=25 ms=2.771967888
SAMPLE shape=2 round=1 variant=3 sample=26 ms=2.812927961
SAMPLE shape=2 round=1 variant=3 sample=27 ms=3.229759932
SAMPLE shape=2 round=1 variant=3 sample=28 ms=2.773855925
SAMPLE shape=2 round=1 variant=3 sample=29 ms=2.780064106
SAMPLE shape=2 round=1 variant=4 sample=0 ms=0.414624006
SAMPLE shape=2 round=1 variant=4 sample=1 ms=0.401407987
SAMPLE shape=2 round=1 variant=4 sample=2 ms=0.406527996
SAMPLE shape=2 round=1 variant=4 sample=3 ms=0.413695991
SAMPLE shape=2 round=1 variant=4 sample=4 ms=0.420863986
SAMPLE shape=2 round=1 variant=4 sample=5 ms=0.409599990
SAMPLE shape=2 round=1 variant=4 sample=6 ms=0.417791992
SAMPLE shape=2 round=1 variant=4 sample=7 ms=0.415551990
SAMPLE shape=2 round=1 variant=4 sample=8 ms=0.413695991
SAMPLE shape=2 round=1 variant=4 sample=9 ms=0.447488010
SAMPLE shape=2 round=1 variant=4 sample=10 ms=0.416768014
SAMPLE shape=2 round=1 variant=4 sample=11 ms=0.418816000
SAMPLE shape=2 round=1 variant=4 sample=12 ms=0.417791992
SAMPLE shape=2 round=1 variant=4 sample=13 ms=0.450560004
SAMPLE shape=2 round=1 variant=4 sample=14 ms=0.447488010
SAMPLE shape=2 round=1 variant=4 sample=15 ms=0.436224014
SAMPLE shape=2 round=1 variant=4 sample=16 ms=0.411615998
SAMPLE shape=2 round=1 variant=4 sample=17 ms=0.409599990
SAMPLE shape=2 round=1 variant=4 sample=18 ms=0.411648005
SAMPLE shape=2 round=1 variant=4 sample=19 ms=0.475136012
SAMPLE shape=2 round=1 variant=4 sample=20 ms=0.439296007
SAMPLE shape=2 round=1 variant=4 sample=21 ms=0.424959987
SAMPLE shape=2 round=1 variant=4 sample=22 ms=0.418816000
SAMPLE shape=2 round=1 variant=4 sample=23 ms=0.425983995
SAMPLE shape=2 round=1 variant=4 sample=24 ms=0.423936009
SAMPLE shape=2 round=1 variant=4 sample=25 ms=0.430079997
SAMPLE shape=2 round=1 variant=4 sample=26 ms=0.437247992
SAMPLE shape=2 round=1 variant=4 sample=27 ms=0.423904002
SAMPLE shape=2 round=1 variant=4 sample=28 ms=0.433088005
SAMPLE shape=2 round=1 variant=4 sample=29 ms=0.436255991
SAMPLE shape=2 round=1 variant=0 sample=0 ms=6.881055832
SAMPLE shape=2 round=1 variant=0 sample=1 ms=7.439040184
SAMPLE shape=2 round=1 variant=0 sample=2 ms=6.885216236
SAMPLE shape=2 round=1 variant=0 sample=3 ms=7.402656078
SAMPLE shape=2 round=1 variant=0 sample=4 ms=6.880256176
SAMPLE shape=2 round=1 variant=0 sample=5 ms=6.880032063
SAMPLE shape=2 round=1 variant=0 sample=6 ms=7.404543877
SAMPLE shape=2 round=1 variant=0 sample=7 ms=6.885375977
SAMPLE shape=2 round=1 variant=0 sample=8 ms=7.319456100
SAMPLE shape=2 round=1 variant=0 sample=9 ms=6.880991936
SAMPLE shape=2 round=1 variant=0 sample=10 ms=7.432960033
SAMPLE shape=2 round=1 variant=0 sample=11 ms=6.917119980
SAMPLE shape=2 round=1 variant=0 sample=12 ms=6.883264065
SAMPLE shape=2 round=1 variant=0 sample=13 ms=7.199744225
SAMPLE shape=2 round=1 variant=0 sample=14 ms=6.884352207
SAMPLE shape=2 round=1 variant=0 sample=15 ms=7.319456100
SAMPLE shape=2 round=1 variant=0 sample=16 ms=6.886400223
SAMPLE shape=2 round=1 variant=0 sample=17 ms=7.385087967
SAMPLE shape=2 round=1 variant=0 sample=18 ms=6.890175819
SAMPLE shape=2 round=1 variant=0 sample=19 ms=6.884352207
SAMPLE shape=2 round=1 variant=0 sample=20 ms=7.106560230
SAMPLE shape=2 round=1 variant=0 sample=21 ms=6.879295826
SAMPLE shape=2 round=1 variant=0 sample=22 ms=7.587520123
SAMPLE shape=2 round=1 variant=0 sample=23 ms=6.885151863
SAMPLE shape=2 round=1 variant=0 sample=24 ms=7.478271961
SAMPLE shape=2 round=1 variant=0 sample=25 ms=6.879231930
SAMPLE shape=2 round=1 variant=0 sample=26 ms=7.228096008
SAMPLE shape=2 round=1 variant=0 sample=27 ms=6.886400223
SAMPLE shape=2 round=1 variant=0 sample=28 ms=6.884352207
SAMPLE shape=2 round=1 variant=0 sample=29 ms=7.287456036
SAMPLE shape=2 round=1 variant=1 sample=0 ms=4.894720078
SAMPLE shape=2 round=1 variant=1 sample=1 ms=4.872191906
SAMPLE shape=2 round=1 variant=1 sample=2 ms=5.427296162
SAMPLE shape=2 round=1 variant=1 sample=3 ms=4.872096062
SAMPLE shape=2 round=1 variant=1 sample=4 ms=4.868927956
SAMPLE shape=2 round=1 variant=1 sample=5 ms=5.302271843
SAMPLE shape=2 round=1 variant=1 sample=6 ms=4.865759850
SAMPLE shape=2 round=1 variant=1 sample=7 ms=4.866752148
SAMPLE shape=2 round=1 variant=1 sample=8 ms=5.320703983
SAMPLE shape=2 round=1 variant=1 sample=9 ms=4.877312183
SAMPLE shape=2 round=1 variant=1 sample=10 ms=4.871967793
SAMPLE shape=2 round=1 variant=1 sample=11 ms=4.884448051
SAMPLE shape=2 round=1 variant=1 sample=12 ms=5.094399929
SAMPLE shape=2 round=1 variant=1 sample=13 ms=4.915200233
SAMPLE shape=2 round=1 variant=1 sample=14 ms=5.073919773
SAMPLE shape=2 round=1 variant=1 sample=15 ms=5.440288067
SAMPLE shape=2 round=1 variant=1 sample=16 ms=4.870143890
SAMPLE shape=2 round=1 variant=1 sample=17 ms=4.875264168
SAMPLE shape=2 round=1 variant=1 sample=18 ms=5.456895828
SAMPLE shape=2 round=1 variant=1 sample=19 ms=4.872831821
SAMPLE shape=2 round=1 variant=1 sample=20 ms=4.905983925
SAMPLE shape=2 round=1 variant=1 sample=21 ms=5.320447922
SAMPLE shape=2 round=1 variant=1 sample=22 ms=4.875199795
SAMPLE shape=2 round=1 variant=1 sample=23 ms=4.873087883
SAMPLE shape=2 round=1 variant=1 sample=24 ms=5.319680214
SAMPLE shape=2 round=1 variant=1 sample=25 ms=4.873216152
SAMPLE shape=2 round=1 variant=1 sample=26 ms=4.870111942
SAMPLE shape=2 round=1 variant=1 sample=27 ms=4.899839878
SAMPLE shape=2 round=1 variant=1 sample=28 ms=5.283840179
SAMPLE shape=2 round=1 variant=1 sample=29 ms=4.870143890
SAMPLE shape=2 round=2 variant=4 sample=0 ms=0.414719999
SAMPLE shape=2 round=2 variant=4 sample=1 ms=0.423936009
SAMPLE shape=2 round=2 variant=4 sample=2 ms=0.420767993
SAMPLE shape=2 round=2 variant=4 sample=3 ms=0.413695991
SAMPLE shape=2 round=2 variant=4 sample=4 ms=0.410623997
SAMPLE shape=2 round=2 variant=4 sample=5 ms=0.434848011
SAMPLE shape=2 round=2 variant=4 sample=6 ms=0.414719999
SAMPLE shape=2 round=2 variant=4 sample=7 ms=0.415744007
SAMPLE shape=2 round=2 variant=4 sample=8 ms=0.414719999
SAMPLE shape=2 round=2 variant=4 sample=9 ms=0.413408011
SAMPLE shape=2 round=2 variant=4 sample=10 ms=0.416768014
SAMPLE shape=2 round=2 variant=4 sample=11 ms=0.415392011
SAMPLE shape=2 round=2 variant=4 sample=12 ms=0.448511988
SAMPLE shape=2 round=2 variant=4 sample=13 ms=0.412384003
SAMPLE shape=2 round=2 variant=4 sample=14 ms=0.414559990
SAMPLE shape=2 round=2 variant=4 sample=15 ms=0.412672013
SAMPLE shape=2 round=2 variant=4 sample=16 ms=0.412319988
SAMPLE shape=2 round=2 variant=4 sample=17 ms=0.409408003
SAMPLE shape=2 round=2 variant=4 sample=18 ms=0.407487988
SAMPLE shape=2 round=2 variant=4 sample=19 ms=0.418592006
SAMPLE shape=2 round=2 variant=4 sample=20 ms=0.420863986
SAMPLE shape=2 round=2 variant=4 sample=21 ms=0.418496013
SAMPLE shape=2 round=2 variant=4 sample=22 ms=0.415583998
SAMPLE shape=2 round=2 variant=4 sample=23 ms=0.413695991
SAMPLE shape=2 round=2 variant=4 sample=24 ms=0.418816000
SAMPLE shape=2 round=2 variant=4 sample=25 ms=0.414719999
SAMPLE shape=2 round=2 variant=4 sample=26 ms=0.414624006
SAMPLE shape=2 round=2 variant=4 sample=27 ms=0.416768014
SAMPLE shape=2 round=2 variant=4 sample=28 ms=0.433151990
SAMPLE shape=2 round=2 variant=4 sample=29 ms=0.418624014
SAMPLE shape=2 round=2 variant=0 sample=0 ms=6.881279945
SAMPLE shape=2 round=2 variant=0 sample=1 ms=7.359327793
SAMPLE shape=2 round=2 variant=0 sample=2 ms=6.884287834
SAMPLE shape=2 round=2 variant=0 sample=3 ms=7.503871918
SAMPLE shape=2 round=2 variant=0 sample=4 ms=6.893472195
SAMPLE shape=2 round=2 variant=0 sample=5 ms=7.298048019
SAMPLE shape=2 round=2 variant=0 sample=6 ms=6.880159855
SAMPLE shape=2 round=2 variant=0 sample=7 ms=6.882048130
SAMPLE shape=2 round=2 variant=0 sample=8 ms=7.174143791
SAMPLE shape=2 round=2 variant=0 sample=9 ms=6.877151966
SAMPLE shape=2 round=2 variant=0 sample=10 ms=7.568319798
SAMPLE shape=2 round=2 variant=0 sample=11 ms=6.885375977
SAMPLE shape=2 round=2 variant=0 sample=12 ms=7.341055870
SAMPLE shape=2 round=2 variant=0 sample=13 ms=7.099359989
SAMPLE shape=2 round=2 variant=0 sample=14 ms=7.081984043
SAMPLE shape=2 round=2 variant=0 sample=15 ms=6.872064114
SAMPLE shape=2 round=2 variant=0 sample=16 ms=6.885375977
SAMPLE shape=2 round=2 variant=0 sample=17 ms=7.557119846
SAMPLE shape=2 round=2 variant=0 sample=18 ms=6.875135899
SAMPLE shape=2 round=2 variant=0 sample=19 ms=7.320576191
SAMPLE shape=2 round=2 variant=0 sample=20 ms=6.878975868
SAMPLE shape=2 round=2 variant=0 sample=21 ms=7.412735939
SAMPLE shape=2 round=2 variant=0 sample=22 ms=6.884352207
SAMPLE shape=2 round=2 variant=0 sample=23 ms=6.884352207
SAMPLE shape=2 round=2 variant=0 sample=24 ms=7.515135765
SAMPLE shape=2 round=2 variant=0 sample=25 ms=6.885375977
SAMPLE shape=2 round=2 variant=0 sample=26 ms=7.390207767
SAMPLE shape=2 round=2 variant=0 sample=27 ms=6.889376163
SAMPLE shape=2 round=2 variant=0 sample=28 ms=7.488512039
SAMPLE shape=2 round=2 variant=0 sample=29 ms=6.885024071
SAMPLE shape=2 round=2 variant=1 sample=0 ms=4.869120121
SAMPLE shape=2 round=2 variant=1 sample=1 ms=5.587967873
SAMPLE shape=2 round=2 variant=1 sample=2 ms=4.873983860
SAMPLE shape=2 round=2 variant=1 sample=3 ms=4.871168137
SAMPLE shape=2 round=2 variant=1 sample=4 ms=5.275648117
SAMPLE shape=2 round=2 variant=1 sample=5 ms=4.871168137
SAMPLE shape=2 round=2 variant=1 sample=6 ms=4.869120121
SAMPLE shape=2 round=2 variant=1 sample=7 ms=5.051360130
SAMPLE shape=2 round=2 variant=1 sample=8 ms=4.859903812
SAMPLE shape=2 round=2 variant=1 sample=9 ms=4.871200085
SAMPLE shape=2 round=2 variant=1 sample=10 ms=4.875360012
SAMPLE shape=2 round=2 variant=1 sample=11 ms=5.416736126
SAMPLE shape=2 round=2 variant=1 sample=12 ms=4.874239922
SAMPLE shape=2 round=2 variant=1 sample=13 ms=4.868095875
SAMPLE shape=2 round=2 variant=1 sample=14 ms=5.456895828
SAMPLE shape=2 round=2 variant=1 sample=15 ms=4.872191906
SAMPLE shape=2 round=2 variant=1 sample=16 ms=4.872191906
SAMPLE shape=2 round=2 variant=1 sample=17 ms=5.310400009
SAMPLE shape=2 round=2 variant=1 sample=18 ms=4.872191906
SAMPLE shape=2 round=2 variant=1 sample=19 ms=4.871168137
SAMPLE shape=2 round=2 variant=1 sample=20 ms=4.868095875
SAMPLE shape=2 round=2 variant=1 sample=21 ms=5.426176071
SAMPLE shape=2 round=2 variant=1 sample=22 ms=4.874015808
SAMPLE shape=2 round=2 variant=1 sample=23 ms=4.876192093
SAMPLE shape=2 round=2 variant=1 sample=24 ms=5.665791988
SAMPLE shape=2 round=2 variant=1 sample=25 ms=4.876287937
SAMPLE shape=2 round=2 variant=1 sample=26 ms=4.873216152
SAMPLE shape=2 round=2 variant=1 sample=27 ms=5.276447773
SAMPLE shape=2 round=2 variant=1 sample=28 ms=4.868095875
SAMPLE shape=2 round=2 variant=1 sample=29 ms=4.872191906
SAMPLE shape=2 round=2 variant=2 sample=0 ms=0.472063988
SAMPLE shape=2 round=2 variant=2 sample=1 ms=0.469920009
SAMPLE shape=2 round=2 variant=2 sample=2 ms=0.476159990
SAMPLE shape=2 round=2 variant=2 sample=3 ms=0.475136012
SAMPLE shape=2 round=2 variant=2 sample=4 ms=0.473919988
SAMPLE shape=2 round=2 variant=2 sample=5 ms=0.469983995
SAMPLE shape=2 round=2 variant=2 sample=6 ms=0.475136012
SAMPLE shape=2 round=2 variant=2 sample=7 ms=0.486400008
SAMPLE shape=2 round=2 variant=2 sample=8 ms=0.477183998
SAMPLE shape=2 round=2 variant=2 sample=9 ms=0.476864010
SAMPLE shape=2 round=2 variant=2 sample=10 ms=0.472992003
SAMPLE shape=2 round=2 variant=2 sample=11 ms=0.477183998
SAMPLE shape=2 round=2 variant=2 sample=12 ms=0.476159990
SAMPLE shape=2 round=2 variant=2 sample=13 ms=0.474112004
SAMPLE shape=2 round=2 variant=2 sample=14 ms=0.475136012
SAMPLE shape=2 round=2 variant=2 sample=15 ms=0.475935996
SAMPLE shape=2 round=2 variant=2 sample=16 ms=0.475807995
SAMPLE shape=2 round=2 variant=2 sample=17 ms=0.470016003
SAMPLE shape=2 round=2 variant=2 sample=18 ms=0.473120004
SAMPLE shape=2 round=2 variant=2 sample=19 ms=0.675840020
SAMPLE shape=2 round=2 variant=2 sample=20 ms=0.720896006
SAMPLE shape=2 round=2 variant=2 sample=21 ms=0.476128012
SAMPLE shape=2 round=2 variant=2 sample=22 ms=0.468991995
SAMPLE shape=2 round=2 variant=2 sample=23 ms=0.473087996
SAMPLE shape=2 round=2 variant=2 sample=24 ms=0.477183998
SAMPLE shape=2 round=2 variant=2 sample=25 ms=0.477151990
SAMPLE shape=2 round=2 variant=2 sample=26 ms=0.476159990
SAMPLE shape=2 round=2 variant=2 sample=27 ms=0.477055997
SAMPLE shape=2 round=2 variant=2 sample=28 ms=0.479232013
SAMPLE shape=2 round=2 variant=2 sample=29 ms=0.477183998
SAMPLE shape=2 round=2 variant=3 sample=0 ms=2.774015903
SAMPLE shape=2 round=2 variant=3 sample=1 ms=3.297183990
SAMPLE shape=2 round=2 variant=3 sample=2 ms=2.772991896
SAMPLE shape=2 round=2 variant=3 sample=3 ms=2.782207966
SAMPLE shape=2 round=2 variant=3 sample=4 ms=2.772991896
SAMPLE shape=2 round=2 variant=3 sample=5 ms=2.781183958
SAMPLE shape=2 round=2 variant=3 sample=6 ms=2.778111935
SAMPLE shape=2 round=2 variant=3 sample=7 ms=3.100672007
SAMPLE shape=2 round=2 variant=3 sample=8 ms=2.772991896
SAMPLE shape=2 round=2 variant=3 sample=9 ms=2.768896103
SAMPLE shape=2 round=2 variant=3 sample=10 ms=2.791424036
SAMPLE shape=2 round=2 variant=3 sample=11 ms=2.796544075
SAMPLE shape=2 round=2 variant=3 sample=12 ms=2.777087927
SAMPLE shape=2 round=2 variant=3 sample=13 ms=2.763776064
SAMPLE shape=2 round=2 variant=3 sample=14 ms=2.793472052
SAMPLE shape=2 round=2 variant=3 sample=15 ms=2.778111935
SAMPLE shape=2 round=2 variant=3 sample=16 ms=2.772991896
SAMPLE shape=2 round=2 variant=3 sample=17 ms=2.772991896
SAMPLE shape=2 round=2 variant=3 sample=18 ms=3.406847954
SAMPLE shape=2 round=2 variant=3 sample=19 ms=2.774879932
SAMPLE shape=2 round=2 variant=3 sample=20 ms=2.772991896
SAMPLE shape=2 round=2 variant=3 sample=21 ms=2.814624071
SAMPLE shape=2 round=2 variant=3 sample=22 ms=2.774015903
SAMPLE shape=2 round=2 variant=3 sample=23 ms=2.780159950
SAMPLE shape=2 round=2 variant=3 sample=24 ms=3.182496071
SAMPLE shape=2 round=2 variant=3 sample=25 ms=2.772799969
SAMPLE shape=2 round=2 variant=3 sample=26 ms=2.771903992
SAMPLE shape=2 round=2 variant=3 sample=27 ms=2.778815985
SAMPLE shape=2 round=2 variant=3 sample=28 ms=2.775968075
SAMPLE shape=2 round=2 variant=3 sample=29 ms=2.999968052
BENCH_CHECK oracle=300000 blocks=61440 timed=1 PASS
