PASS N=0 shape=0 variant=official queries=13 guards=PASS
PASS N=0 shape=0 variant=lower64 queries=13 guards=PASS
PASS N=0 shape=0 variant=early64 queries=13 guards=PASS
PASS N=0 shape=0 variant=lower32 queries=13 guards=PASS
PASS N=0 shape=0 variant=early32 queries=13 guards=PASS
PASS N=0 shape=1 variant=official queries=13 guards=PASS
PASS N=0 shape=1 variant=lower64 queries=13 guards=PASS
PASS N=0 shape=1 variant=early64 queries=13 guards=PASS
PASS N=0 shape=1 variant=lower32 queries=13 guards=PASS
PASS N=0 shape=1 variant=early32 queries=13 guards=PASS
PASS N=0 shape=2 variant=official queries=13 guards=PASS
PASS N=0 shape=2 variant=lower64 queries=13 guards=PASS
PASS N=0 shape=2 variant=early64 queries=13 guards=PASS
PASS N=0 shape=2 variant=lower32 queries=13 guards=PASS
PASS N=0 shape=2 variant=early32 queries=13 guards=PASS
PASS N=1 shape=0 variant=official queries=16 guards=PASS
PASS N=1 shape=0 variant=lower64 queries=16 guards=PASS
PASS N=1 shape=0 variant=early64 queries=16 guards=PASS
PASS N=1 shape=0 variant=lower32 queries=16 guards=PASS
PASS N=1 shape=0 variant=early32 queries=16 guards=PASS
PASS N=1 shape=1 variant=official queries=16 guards=PASS
PASS N=1 shape=1 variant=lower64 queries=16 guards=PASS
PASS N=1 shape=1 variant=early64 queries=16 guards=PASS
PASS N=1 shape=1 variant=lower32 queries=16 guards=PASS
PASS N=1 shape=1 variant=early32 queries=16 guards=PASS
PASS N=1 shape=2 variant=official queries=16 guards=PASS
PASS N=1 shape=2 variant=lower64 queries=16 guards=PASS
PASS N=1 shape=2 variant=early64 queries=16 guards=PASS
PASS N=1 shape=2 variant=lower32 queries=16 guards=PASS
PASS N=1 shape=2 variant=early32 queries=16 guards=PASS
PASS N=2 shape=0 variant=official queries=16 guards=PASS
PASS N=2 shape=0 variant=lower64 queries=16 guards=PASS
PASS N=2 shape=0 variant=early64 queries=16 guards=PASS
PASS N=2 shape=0 variant=lower32 queries=16 guards=PASS
PASS N=2 shape=0 variant=early32 queries=16 guards=PASS
PASS N=2 shape=1 variant=official queries=16 guards=PASS
PASS N=2 shape=1 variant=lower64 queries=16 guards=PASS
PASS N=2 shape=1 variant=early64 queries=16 guards=PASS
PASS N=2 shape=1 variant=lower32 queries=16 guards=PASS
PASS N=2 shape=1 variant=early32 queries=16 guards=PASS
PASS N=2 shape=2 variant=official queries=16 guards=PASS
PASS N=2 shape=2 variant=lower64 queries=16 guards=PASS
PASS N=2 shape=2 variant=early64 queries=16 guards=PASS
PASS N=2 shape=2 variant=lower32 queries=16 guards=PASS
PASS N=2 shape=2 variant=early32 queries=16 guards=PASS
PASS N=3 shape=0 variant=official queries=16 guards=PASS
PASS N=3 shape=0 variant=lower64 queries=16 guards=PASS
PASS N=3 shape=0 variant=early64 queries=16 guards=PASS
PASS N=3 shape=0 variant=lower32 queries=16 guards=PASS
PASS N=3 shape=0 variant=early32 queries=16 guards=PASS
PASS N=3 shape=1 variant=official queries=16 guards=PASS
PASS N=3 shape=1 variant=lower64 queries=16 guards=PASS
PASS N=3 shape=1 variant=early64 queries=16 guards=PASS
PASS N=3 shape=1 variant=lower32 queries=16 guards=PASS
PASS N=3 shape=1 variant=early32 queries=16 guards=PASS
PASS N=3 shape=2 variant=official queries=16 guards=PASS
PASS N=3 shape=2 variant=lower64 queries=16 guards=PASS
PASS N=3 shape=2 variant=early64 queries=16 guards=PASS
PASS N=3 shape=2 variant=lower32 queries=16 guards=PASS
PASS N=3 shape=2 variant=early32 queries=16 guards=PASS
PASS N=31 shape=0 variant=official queries=16 guards=PASS
PASS N=31 shape=0 variant=lower64 queries=16 guards=PASS
PASS N=31 shape=0 variant=early64 queries=16 guards=PASS
PASS N=31 shape=0 variant=lower32 queries=16 guards=PASS
PASS N=31 shape=0 variant=early32 queries=16 guards=PASS
PASS N=31 shape=1 variant=official queries=16 guards=PASS
PASS N=31 shape=1 variant=lower64 queries=16 guards=PASS
PASS N=31 shape=1 variant=early64 queries=16 guards=PASS
PASS N=31 shape=1 variant=lower32 queries=16 guards=PASS
PASS N=31 shape=1 variant=early32 queries=16 guards=PASS
PASS N=31 shape=2 variant=official queries=16 guards=PASS
PASS N=31 shape=2 variant=lower64 queries=16 guards=PASS
PASS N=31 shape=2 variant=early64 queries=16 guards=PASS
PASS N=31 shape=2 variant=lower32 queries=16 guards=PASS
PASS N=31 shape=2 variant=early32 queries=16 guards=PASS
PASS N=32 shape=0 variant=official queries=16 guards=PASS
PASS N=32 shape=0 variant=lower64 queries=16 guards=PASS
PASS N=32 shape=0 variant=early64 queries=16 guards=PASS
PASS N=32 shape=0 variant=lower32 queries=16 guards=PASS
PASS N=32 shape=0 variant=early32 queries=16 guards=PASS
PASS N=32 shape=1 variant=official queries=16 guards=PASS
PASS N=32 shape=1 variant=lower64 queries=16 guards=PASS
PASS N=32 shape=1 variant=early64 queries=16 guards=PASS
PASS N=32 shape=1 variant=lower32 queries=16 guards=PASS
PASS N=32 shape=1 variant=early32 queries=16 guards=PASS
PASS N=32 shape=2 variant=official queries=16 guards=PASS
PASS N=32 shape=2 variant=lower64 queries=16 guards=PASS
PASS N=32 shape=2 variant=early64 queries=16 guards=PASS
PASS N=32 shape=2 variant=lower32 queries=16 guards=PASS
PASS N=32 shape=2 variant=early32 queries=16 guards=PASS
PASS N=33 shape=0 variant=official queries=16 guards=PASS
PASS N=33 shape=0 variant=lower64 queries=16 guards=PASS
PASS N=33 shape=0 variant=early64 queries=16 guards=PASS
PASS N=33 shape=0 variant=lower32 queries=16 guards=PASS
PASS N=33 shape=0 variant=early32 queries=16 guards=PASS
PASS N=33 shape=1 variant=official queries=16 guards=PASS
PASS N=33 shape=1 variant=lower64 queries=16 guards=PASS
PASS N=33 shape=1 variant=early64 queries=16 guards=PASS
PASS N=33 shape=1 variant=lower32 queries=16 guards=PASS
PASS N=33 shape=1 variant=early32 queries=16 guards=PASS
PASS N=33 shape=2 variant=official queries=16 guards=PASS
PASS N=33 shape=2 variant=lower64 queries=16 guards=PASS
PASS N=33 shape=2 variant=early64 queries=16 guards=PASS
PASS N=33 shape=2 variant=lower32 queries=16 guards=PASS
PASS N=33 shape=2 variant=early32 queries=16 guards=PASS
PASS N=255 shape=0 variant=official queries=16 guards=PASS
PASS N=255 shape=0 variant=lower64 queries=16 guards=PASS
PASS N=255 shape=0 variant=early64 queries=16 guards=PASS
PASS N=255 shape=0 variant=lower32 queries=16 guards=PASS
PASS N=255 shape=0 variant=early32 queries=16 guards=PASS
PASS N=255 shape=1 variant=official queries=16 guards=PASS
PASS N=255 shape=1 variant=lower64 queries=16 guards=PASS
PASS N=255 shape=1 variant=early64 queries=16 guards=PASS
PASS N=255 shape=1 variant=lower32 queries=16 guards=PASS
PASS N=255 shape=1 variant=early32 queries=16 guards=PASS
PASS N=255 shape=2 variant=official queries=16 guards=PASS
PASS N=255 shape=2 variant=lower64 queries=16 guards=PASS
PASS N=255 shape=2 variant=early64 queries=16 guards=PASS
PASS N=255 shape=2 variant=lower32 queries=16 guards=PASS
PASS N=255 shape=2 variant=early32 queries=16 guards=PASS
PASS N=256 shape=0 variant=official queries=16 guards=PASS
PASS N=256 shape=0 variant=lower64 queries=16 guards=PASS
PASS N=256 shape=0 variant=early64 queries=16 guards=PASS
PASS N=256 shape=0 variant=lower32 queries=16 guards=PASS
PASS N=256 shape=0 variant=early32 queries=16 guards=PASS
PASS N=256 shape=1 variant=official queries=16 guards=PASS
PASS N=256 shape=1 variant=lower64 queries=16 guards=PASS
PASS N=256 shape=1 variant=early64 queries=16 guards=PASS
PASS N=256 shape=1 variant=lower32 queries=16 guards=PASS
PASS N=256 shape=1 variant=early32 queries=16 guards=PASS
PASS N=256 shape=2 variant=official queries=16 guards=PASS
PASS N=256 shape=2 variant=lower64 queries=16 guards=PASS
PASS N=256 shape=2 variant=early64 queries=16 guards=PASS
PASS N=256 shape=2 variant=lower32 queries=16 guards=PASS
PASS N=256 shape=2 variant=early32 queries=16 guards=PASS
PASS N=257 shape=0 variant=official queries=16 guards=PASS
PASS N=257 shape=0 variant=lower64 queries=16 guards=PASS
PASS N=257 shape=0 variant=early64 queries=16 guards=PASS
PASS N=257 shape=0 variant=lower32 queries=16 guards=PASS
PASS N=257 shape=0 variant=early32 queries=16 guards=PASS
PASS N=257 shape=1 variant=official queries=16 guards=PASS
PASS N=257 shape=1 variant=lower64 queries=16 guards=PASS
PASS N=257 shape=1 variant=early64 queries=16 guards=PASS
PASS N=257 shape=1 variant=lower32 queries=16 guards=PASS
PASS N=257 shape=1 variant=early32 queries=16 guards=PASS
PASS N=257 shape=2 variant=official queries=16 guards=PASS
PASS N=257 shape=2 variant=lower64 queries=16 guards=PASS
PASS N=257 shape=2 variant=early64 queries=16 guards=PASS
PASS N=257 shape=2 variant=lower32 queries=16 guards=PASS
PASS N=257 shape=2 variant=early32 queries=16 guards=PASS
PASS N=20000 shape=0 variant=official queries=16 guards=PASS
PASS N=20000 shape=0 variant=lower64 queries=16 guards=PASS
PASS N=20000 shape=0 variant=early64 queries=16 guards=PASS
PASS N=20000 shape=0 variant=lower32 queries=16 guards=PASS
PASS N=20000 shape=0 variant=early32 queries=16 guards=PASS
PASS N=20000 shape=1 variant=official queries=16 guards=PASS
PASS N=20000 shape=1 variant=lower64 queries=16 guards=PASS
PASS N=20000 shape=1 variant=early64 queries=16 guards=PASS
PASS N=20000 shape=1 variant=lower32 queries=16 guards=PASS
PASS N=20000 shape=1 variant=early32 queries=16 guards=PASS
PASS N=20000 shape=2 variant=official queries=16 guards=PASS
PASS N=20000 shape=2 variant=lower64 queries=16 guards=PASS
PASS N=20000 shape=2 variant=early64 queries=16 guards=PASS
PASS N=20000 shape=2 variant=lower32 queries=16 guards=PASS
PASS N=20000 shape=2 variant=early32 queries=16 guards=PASS
SUMMARY configurations=165 comparisons=2595 status=PASS performance_tested=false
SAMPLE shape=0 round=0 variant=0 sample=0 ms=7.397119999
SAMPLE shape=0 round=0 variant=0 sample=1 ms=7.808000088
SAMPLE shape=0 round=0 variant=0 sample=2 ms=7.357439995
SAMPLE shape=0 round=0 variant=0 sample=3 ms=8.054783821
SAMPLE shape=0 round=0 variant=0 sample=4 ms=7.391232014
SAMPLE shape=0 round=0 variant=0 sample=5 ms=7.798751831
SAMPLE shape=0 round=0 variant=0 sample=6 ms=7.358463764
SAMPLE shape=0 round=0 variant=0 sample=7 ms=7.828447819
SAMPLE shape=0 round=0 variant=0 sample=8 ms=7.351136208
SAMPLE shape=0 round=0 variant=0 sample=9 ms=7.786496162
SAMPLE shape=0 round=0 variant=0 sample=10 ms=7.344064236
SAMPLE shape=0 round=0 variant=0 sample=11 ms=7.355264187
SAMPLE shape=0 round=0 variant=0 sample=12 ms=8.332287788
SAMPLE shape=0 round=0 variant=0 sample=13 ms=7.344160080
SAMPLE shape=0 round=0 variant=0 sample=14 ms=8.059904099
SAMPLE shape=0 round=0 variant=0 sample=15 ms=7.344128132
SAMPLE shape=0 round=0 variant=0 sample=16 ms=7.900959969
SAMPLE shape=0 round=0 variant=0 sample=17 ms=7.345983982
SAMPLE shape=0 round=0 variant=0 sample=18 ms=7.870336056
SAMPLE shape=0 round=0 variant=0 sample=19 ms=7.377600193
SAMPLE shape=0 round=0 variant=0 sample=20 ms=7.948287964
SAMPLE shape=0 round=0 variant=0 sample=21 ms=7.347199917
SAMPLE shape=0 round=0 variant=0 sample=22 ms=8.186655998
SAMPLE shape=0 round=0 variant=0 sample=23 ms=7.344128132
SAMPLE shape=0 round=0 variant=0 sample=24 ms=7.796735764
SAMPLE shape=0 round=0 variant=0 sample=25 ms=7.351295948
SAMPLE shape=0 round=0 variant=0 sample=26 ms=7.986176014
SAMPLE shape=0 round=0 variant=0 sample=27 ms=7.353312016
SAMPLE shape=0 round=0 variant=0 sample=28 ms=7.347199917
SAMPLE shape=0 round=0 variant=0 sample=29 ms=7.803904057
SAMPLE shape=0 round=0 variant=1 sample=0 ms=5.616576195
SAMPLE shape=0 round=0 variant=1 sample=1 ms=5.238783836
SAMPLE shape=0 round=0 variant=1 sample=2 ms=5.231455803
SAMPLE shape=0 round=0 variant=1 sample=3 ms=5.620800018
SAMPLE shape=0 round=0 variant=1 sample=4 ms=5.196735859
SAMPLE shape=0 round=0 variant=1 sample=5 ms=5.310463905
SAMPLE shape=0 round=0 variant=1 sample=6 ms=5.816319942
SAMPLE shape=0 round=0 variant=1 sample=7 ms=5.188608170
SAMPLE shape=0 round=0 variant=1 sample=8 ms=5.193376064
SAMPLE shape=0 round=0 variant=1 sample=9 ms=5.588992119
SAMPLE shape=0 round=0 variant=1 sample=10 ms=5.198847771
SAMPLE shape=0 round=0 variant=1 sample=11 ms=5.192704201
SAMPLE shape=0 round=0 variant=1 sample=12 ms=5.622784138
SAMPLE shape=0 round=0 variant=1 sample=13 ms=5.193727970
SAMPLE shape=0 round=0 variant=1 sample=14 ms=5.232639790
SAMPLE shape=0 round=0 variant=1 sample=15 ms=5.615520000
SAMPLE shape=0 round=0 variant=1 sample=16 ms=5.193727970
SAMPLE shape=0 round=0 variant=1 sample=17 ms=5.188608170
SAMPLE shape=0 round=0 variant=1 sample=18 ms=5.888000011
SAMPLE shape=0 round=0 variant=1 sample=19 ms=5.194752216
SAMPLE shape=0 round=0 variant=1 sample=20 ms=5.188608170
SAMPLE shape=0 round=0 variant=1 sample=21 ms=5.916575909
SAMPLE shape=0 round=0 variant=1 sample=22 ms=5.192704201
SAMPLE shape=0 round=0 variant=1 sample=23 ms=5.192704201
SAMPLE shape=0 round=0 variant=1 sample=24 ms=5.822432041
SAMPLE shape=0 round=0 variant=1 sample=25 ms=5.190656185
SAMPLE shape=0 round=0 variant=1 sample=26 ms=5.192607880
SAMPLE shape=0 round=0 variant=1 sample=27 ms=5.617663860
SAMPLE shape=0 round=0 variant=1 sample=28 ms=5.193727970
SAMPLE shape=0 round=0 variant=1 sample=29 ms=5.196800232
SAMPLE shape=0 round=0 variant=2 sample=0 ms=4.719456196
SAMPLE shape=0 round=0 variant=2 sample=1 ms=5.660768032
SAMPLE shape=0 round=0 variant=2 sample=2 ms=4.714431763
SAMPLE shape=0 round=0 variant=2 sample=3 ms=4.711423874
SAMPLE shape=0 round=0 variant=2 sample=4 ms=5.170176029
SAMPLE shape=0 round=0 variant=2 sample=5 ms=4.718368053
SAMPLE shape=0 round=0 variant=2 sample=6 ms=4.713471889
SAMPLE shape=0 round=0 variant=2 sample=7 ms=4.714464188
SAMPLE shape=0 round=0 variant=2 sample=8 ms=5.038080215
SAMPLE shape=0 round=0 variant=2 sample=9 ms=4.715519905
SAMPLE shape=0 round=0 variant=2 sample=10 ms=4.754432201
SAMPLE shape=0 round=0 variant=2 sample=11 ms=5.166143894
SAMPLE shape=0 round=0 variant=2 sample=12 ms=4.711423874
SAMPLE shape=0 round=0 variant=2 sample=13 ms=4.713471889
SAMPLE shape=0 round=0 variant=2 sample=14 ms=5.160960197
SAMPLE shape=0 round=0 variant=2 sample=15 ms=4.714272022
SAMPLE shape=0 round=0 variant=2 sample=16 ms=4.717567921
SAMPLE shape=0 round=0 variant=2 sample=17 ms=4.844416142
SAMPLE shape=0 round=0 variant=2 sample=18 ms=5.281792164
SAMPLE shape=0 round=0 variant=2 sample=19 ms=4.763648033
SAMPLE shape=0 round=0 variant=2 sample=20 ms=4.765471935
SAMPLE shape=0 round=0 variant=2 sample=21 ms=5.155839920
SAMPLE shape=0 round=0 variant=2 sample=22 ms=4.715424061
SAMPLE shape=0 round=0 variant=2 sample=23 ms=4.716447830
SAMPLE shape=0 round=0 variant=2 sample=24 ms=5.168128014
SAMPLE shape=0 round=0 variant=2 sample=25 ms=4.937856197
SAMPLE shape=0 round=0 variant=2 sample=26 ms=4.709375858
SAMPLE shape=0 round=0 variant=2 sample=27 ms=4.718592167
SAMPLE shape=0 round=0 variant=2 sample=28 ms=5.244607925
SAMPLE shape=0 round=0 variant=2 sample=29 ms=4.713151932
SAMPLE shape=0 round=0 variant=3 sample=0 ms=3.001343966
SAMPLE shape=0 round=0 variant=3 sample=1 ms=2.998271942
SAMPLE shape=0 round=0 variant=3 sample=2 ms=3.008512020
SAMPLE shape=0 round=0 variant=3 sample=3 ms=3.420160055
SAMPLE shape=0 round=0 variant=3 sample=4 ms=2.996191978
SAMPLE shape=0 round=0 variant=3 sample=5 ms=3.005439997
SAMPLE shape=0 round=0 variant=3 sample=6 ms=3.007200003
SAMPLE shape=0 round=0 variant=3 sample=7 ms=3.089407921
SAMPLE shape=0 round=0 variant=3 sample=8 ms=3.015552044
SAMPLE shape=0 round=0 variant=3 sample=9 ms=3.504127979
SAMPLE shape=0 round=0 variant=3 sample=10 ms=3.005439997
SAMPLE shape=0 round=0 variant=3 sample=11 ms=2.996223927
SAMPLE shape=0 round=0 variant=3 sample=12 ms=3.005439997
SAMPLE shape=0 round=0 variant=3 sample=13 ms=2.999295950
SAMPLE shape=0 round=0 variant=3 sample=14 ms=3.427328110
SAMPLE shape=0 round=0 variant=3 sample=15 ms=3.009536028
SAMPLE shape=0 round=0 variant=3 sample=16 ms=3.011584044
SAMPLE shape=0 round=0 variant=3 sample=17 ms=3.005439997
SAMPLE shape=0 round=0 variant=3 sample=18 ms=2.995199919
SAMPLE shape=0 round=0 variant=3 sample=19 ms=3.430367947
SAMPLE shape=0 round=0 variant=3 sample=20 ms=2.988991976
SAMPLE shape=0 round=0 variant=3 sample=21 ms=2.998271942
SAMPLE shape=0 round=0 variant=3 sample=22 ms=3.019776106
SAMPLE shape=0 round=0 variant=3 sample=23 ms=3.015680075
SAMPLE shape=0 round=0 variant=3 sample=24 ms=3.729279995
SAMPLE shape=0 round=0 variant=3 sample=25 ms=2.999295950
SAMPLE shape=0 round=0 variant=3 sample=26 ms=3.008512020
SAMPLE shape=0 round=0 variant=3 sample=27 ms=2.996223927
SAMPLE shape=0 round=0 variant=3 sample=28 ms=3.009536028
SAMPLE shape=0 round=0 variant=3 sample=29 ms=3.238912106
SAMPLE shape=0 round=0 variant=4 sample=0 ms=3.649408102
SAMPLE shape=0 round=0 variant=4 sample=1 ms=4.158463955
SAMPLE shape=0 round=0 variant=4 sample=2 ms=3.651583910
SAMPLE shape=0 round=0 variant=4 sample=3 ms=3.651583910
SAMPLE shape=0 round=0 variant=4 sample=4 ms=3.652607918
SAMPLE shape=0 round=0 variant=4 sample=5 ms=3.646399975
SAMPLE shape=0 round=0 variant=4 sample=6 ms=4.083712101
SAMPLE shape=0 round=0 variant=4 sample=7 ms=3.654623985
SAMPLE shape=0 round=0 variant=4 sample=8 ms=3.643327951
SAMPLE shape=0 round=0 variant=4 sample=9 ms=3.649535894
SAMPLE shape=0 round=0 variant=4 sample=10 ms=4.103168011
SAMPLE shape=0 round=0 variant=4 sample=11 ms=3.650239944
SAMPLE shape=0 round=0 variant=4 sample=12 ms=3.648288012
SAMPLE shape=0 round=0 variant=4 sample=13 ms=3.649535894
SAMPLE shape=0 round=0 variant=4 sample=14 ms=3.698688030
SAMPLE shape=0 round=0 variant=4 sample=15 ms=3.636224031
SAMPLE shape=0 round=0 variant=4 sample=16 ms=3.679231882
SAMPLE shape=0 round=0 variant=4 sample=17 ms=3.650367975
SAMPLE shape=0 round=0 variant=4 sample=18 ms=3.643392086
SAMPLE shape=0 round=0 variant=4 sample=19 ms=4.107264042
SAMPLE shape=0 round=0 variant=4 sample=20 ms=3.657727957
SAMPLE shape=0 round=0 variant=4 sample=21 ms=3.655679941
SAMPLE shape=0 round=0 variant=4 sample=22 ms=3.650367975
SAMPLE shape=0 round=0 variant=4 sample=23 ms=4.263679981
SAMPLE shape=0 round=0 variant=4 sample=24 ms=3.648511887
SAMPLE shape=0 round=0 variant=4 sample=25 ms=3.647455931
SAMPLE shape=0 round=0 variant=4 sample=26 ms=3.651583910
SAMPLE shape=0 round=0 variant=4 sample=27 ms=3.644416094
SAMPLE shape=0 round=0 variant=4 sample=28 ms=4.201471806
SAMPLE shape=0 round=0 variant=4 sample=29 ms=3.648416042
SAMPLE shape=0 round=1 variant=2 sample=0 ms=4.715519905
SAMPLE shape=0 round=1 variant=2 sample=1 ms=4.712287903
SAMPLE shape=0 round=1 variant=2 sample=2 ms=5.304160118
SAMPLE shape=0 round=1 variant=2 sample=3 ms=4.944896221
SAMPLE shape=0 round=1 variant=2 sample=4 ms=4.717567921
SAMPLE shape=0 round=1 variant=2 sample=5 ms=5.128896236
SAMPLE shape=0 round=1 variant=2 sample=6 ms=4.711423874
SAMPLE shape=0 round=1 variant=2 sample=7 ms=4.709375858
SAMPLE shape=0 round=1 variant=2 sample=8 ms=4.714496136
SAMPLE shape=0 round=1 variant=2 sample=9 ms=5.308415890
SAMPLE shape=0 round=1 variant=2 sample=10 ms=4.716544151
SAMPLE shape=0 round=1 variant=2 sample=11 ms=4.775936127
SAMPLE shape=0 round=1 variant=2 sample=12 ms=5.148479939
SAMPLE shape=0 round=1 variant=2 sample=13 ms=4.715519905
SAMPLE shape=0 round=1 variant=2 sample=14 ms=4.715263844
SAMPLE shape=0 round=1 variant=2 sample=15 ms=5.386240005
SAMPLE shape=0 round=1 variant=2 sample=16 ms=4.717247963
SAMPLE shape=0 round=1 variant=2 sample=17 ms=4.757503986
SAMPLE shape=0 round=1 variant=2 sample=18 ms=4.711423874
SAMPLE shape=0 round=1 variant=2 sample=19 ms=5.295072079
SAMPLE shape=0 round=1 variant=2 sample=20 ms=4.772607803
SAMPLE shape=0 round=1 variant=2 sample=21 ms=4.925439835
SAMPLE shape=0 round=1 variant=2 sample=22 ms=5.271552086
SAMPLE shape=0 round=1 variant=2 sample=23 ms=4.713471889
SAMPLE shape=0 round=1 variant=2 sample=24 ms=4.757376194
SAMPLE shape=0 round=1 variant=2 sample=25 ms=5.144576073
SAMPLE shape=0 round=1 variant=2 sample=26 ms=4.714367867
SAMPLE shape=0 round=1 variant=2 sample=27 ms=4.713407993
SAMPLE shape=0 round=1 variant=2 sample=28 ms=4.709023952
SAMPLE shape=0 round=1 variant=2 sample=29 ms=5.126143932
SAMPLE shape=0 round=1 variant=3 sample=0 ms=3.325088024
SAMPLE shape=0 round=1 variant=3 sample=1 ms=3.010560036
SAMPLE shape=0 round=1 variant=3 sample=2 ms=3.009536028
SAMPLE shape=0 round=1 variant=3 sample=3 ms=2.997247934
SAMPLE shape=0 round=1 variant=3 sample=4 ms=3.005536079
SAMPLE shape=0 round=1 variant=3 sample=5 ms=3.446784019
SAMPLE shape=0 round=1 variant=3 sample=6 ms=3.006367922
SAMPLE shape=0 round=1 variant=3 sample=7 ms=2.997247934
SAMPLE shape=0 round=1 variant=3 sample=8 ms=3.012608051
SAMPLE shape=0 round=1 variant=3 sample=9 ms=2.999295950
SAMPLE shape=0 round=1 variant=3 sample=10 ms=3.231744051
SAMPLE shape=0 round=1 variant=3 sample=11 ms=3.002367973
SAMPLE shape=0 round=1 variant=3 sample=12 ms=3.037024021
SAMPLE shape=0 round=1 variant=3 sample=13 ms=3.017600060
SAMPLE shape=0 round=1 variant=3 sample=14 ms=3.016608000
SAMPLE shape=0 round=1 variant=3 sample=15 ms=3.397311926
SAMPLE shape=0 round=1 variant=3 sample=16 ms=3.547136068
SAMPLE shape=0 round=1 variant=3 sample=17 ms=3.012608051
SAMPLE shape=0 round=1 variant=3 sample=18 ms=2.996223927
SAMPLE shape=0 round=1 variant=3 sample=19 ms=3.009439945
SAMPLE shape=0 round=1 variant=3 sample=20 ms=3.505151987
SAMPLE shape=0 round=1 variant=3 sample=21 ms=3.008512020
SAMPLE shape=0 round=1 variant=3 sample=22 ms=3.000319958
SAMPLE shape=0 round=1 variant=3 sample=23 ms=2.999295950
SAMPLE shape=0 round=1 variant=3 sample=24 ms=3.000000000
SAMPLE shape=0 round=1 variant=3 sample=25 ms=3.189759970
SAMPLE shape=0 round=1 variant=3 sample=26 ms=2.995199919
SAMPLE shape=0 round=1 variant=3 sample=27 ms=3.053567886
SAMPLE shape=0 round=1 variant=3 sample=28 ms=3.036832094
SAMPLE shape=0 round=1 variant=3 sample=29 ms=3.035135984
SAMPLE shape=0 round=1 variant=4 sample=0 ms=3.645440102
SAMPLE shape=0 round=1 variant=4 sample=1 ms=3.654560089
SAMPLE shape=0 round=1 variant=4 sample=2 ms=3.864576101
SAMPLE shape=0 round=1 variant=4 sample=3 ms=3.638272047
SAMPLE shape=0 round=1 variant=4 sample=4 ms=3.652607918
SAMPLE shape=0 round=1 variant=4 sample=5 ms=3.680255890
SAMPLE shape=0 round=1 variant=4 sample=6 ms=3.646464109
SAMPLE shape=0 round=1 variant=4 sample=7 ms=4.192319870
SAMPLE shape=0 round=1 variant=4 sample=8 ms=3.679231882
SAMPLE shape=0 round=1 variant=4 sample=9 ms=3.649535894
SAMPLE shape=0 round=1 variant=4 sample=10 ms=3.658751965
SAMPLE shape=0 round=1 variant=4 sample=11 ms=4.164608002
SAMPLE shape=0 round=1 variant=4 sample=12 ms=3.648511887
SAMPLE shape=0 round=1 variant=4 sample=13 ms=3.650559902
SAMPLE shape=0 round=1 variant=4 sample=14 ms=3.690144062
SAMPLE shape=0 round=1 variant=4 sample=15 ms=3.866624117
SAMPLE shape=0 round=1 variant=4 sample=16 ms=3.633152008
SAMPLE shape=0 round=1 variant=4 sample=17 ms=3.652512074
SAMPLE shape=0 round=1 variant=4 sample=18 ms=3.654655933
SAMPLE shape=0 round=1 variant=4 sample=19 ms=3.647488117
SAMPLE shape=0 round=1 variant=4 sample=20 ms=4.096000195
SAMPLE shape=0 round=1 variant=4 sample=21 ms=3.650559902
SAMPLE shape=0 round=1 variant=4 sample=22 ms=3.651360035
SAMPLE shape=0 round=1 variant=4 sample=23 ms=3.664896011
SAMPLE shape=0 round=1 variant=4 sample=24 ms=3.987456083
SAMPLE shape=0 round=1 variant=4 sample=25 ms=3.653439999
SAMPLE shape=0 round=1 variant=4 sample=26 ms=3.644383907
SAMPLE shape=0 round=1 variant=4 sample=27 ms=4.021247864
SAMPLE shape=0 round=1 variant=4 sample=28 ms=3.642368078
SAMPLE shape=0 round=1 variant=4 sample=29 ms=3.887167931
SAMPLE shape=0 round=1 variant=0 sample=0 ms=7.389183998
SAMPLE shape=0 round=1 variant=0 sample=1 ms=7.789440155
SAMPLE shape=0 round=1 variant=0 sample=2 ms=7.353343964
SAMPLE shape=0 round=1 variant=0 sample=3 ms=7.792640209
SAMPLE shape=0 round=1 variant=0 sample=4 ms=7.354368210
SAMPLE shape=0 round=1 variant=0 sample=5 ms=7.805952072
SAMPLE shape=0 round=1 variant=0 sample=6 ms=7.347199917
SAMPLE shape=0 round=1 variant=0 sample=7 ms=7.822976112
SAMPLE shape=0 round=1 variant=0 sample=8 ms=7.373631954
SAMPLE shape=0 round=1 variant=0 sample=9 ms=7.409664154
SAMPLE shape=0 round=1 variant=0 sample=10 ms=7.971839905
SAMPLE shape=0 round=1 variant=0 sample=11 ms=7.350207806
SAMPLE shape=0 round=1 variant=0 sample=12 ms=7.941120148
SAMPLE shape=0 round=1 variant=0 sample=13 ms=7.396063805
SAMPLE shape=0 round=1 variant=0 sample=14 ms=7.776256084
SAMPLE shape=0 round=1 variant=0 sample=15 ms=7.355167866
SAMPLE shape=0 round=1 variant=0 sample=16 ms=7.984127998
SAMPLE shape=0 round=1 variant=0 sample=17 ms=7.410687923
SAMPLE shape=0 round=1 variant=0 sample=18 ms=7.993343830
SAMPLE shape=0 round=1 variant=0 sample=19 ms=7.353343964
SAMPLE shape=0 round=1 variant=0 sample=20 ms=8.169471741
SAMPLE shape=0 round=1 variant=0 sample=21 ms=7.361536026
SAMPLE shape=0 round=1 variant=0 sample=22 ms=7.781311989
SAMPLE shape=0 round=1 variant=0 sample=23 ms=7.350080013
SAMPLE shape=0 round=1 variant=0 sample=24 ms=8.120991707
SAMPLE shape=0 round=1 variant=0 sample=25 ms=7.373824120
SAMPLE shape=0 round=1 variant=0 sample=26 ms=7.353343964
SAMPLE shape=0 round=1 variant=0 sample=27 ms=7.933631897
SAMPLE shape=0 round=1 variant=0 sample=28 ms=7.355391979
SAMPLE shape=0 round=1 variant=0 sample=29 ms=7.751679897
SAMPLE shape=0 round=1 variant=1 sample=0 ms=5.898176193
SAMPLE shape=0 round=1 variant=1 sample=1 ms=5.197824001
SAMPLE shape=0 round=1 variant=1 sample=2 ms=5.197824001
SAMPLE shape=0 round=1 variant=1 sample=3 ms=5.630976200
SAMPLE shape=0 round=1 variant=1 sample=4 ms=5.195648193
SAMPLE shape=0 round=1 variant=1 sample=5 ms=5.197472095
SAMPLE shape=0 round=1 variant=1 sample=6 ms=5.841919899
SAMPLE shape=0 round=1 variant=1 sample=7 ms=5.201920033
SAMPLE shape=0 round=1 variant=1 sample=8 ms=5.187583923
SAMPLE shape=0 round=1 variant=1 sample=9 ms=5.703423977
SAMPLE shape=0 round=1 variant=1 sample=10 ms=5.194399834
SAMPLE shape=0 round=1 variant=1 sample=11 ms=5.195775986
SAMPLE shape=0 round=1 variant=1 sample=12 ms=5.656576157
SAMPLE shape=0 round=1 variant=1 sample=13 ms=5.200736046
SAMPLE shape=0 round=1 variant=1 sample=14 ms=5.192704201
SAMPLE shape=0 round=1 variant=1 sample=15 ms=5.652287960
SAMPLE shape=0 round=1 variant=1 sample=16 ms=5.196800232
SAMPLE shape=0 round=1 variant=1 sample=17 ms=5.192704201
SAMPLE shape=0 round=1 variant=1 sample=18 ms=5.392384052
SAMPLE shape=0 round=1 variant=1 sample=19 ms=5.182464123
SAMPLE shape=0 round=1 variant=1 sample=20 ms=5.191616058
SAMPLE shape=0 round=1 variant=1 sample=21 ms=5.197824001
SAMPLE shape=0 round=1 variant=1 sample=22 ms=5.641215801
SAMPLE shape=0 round=1 variant=1 sample=23 ms=5.197824001
SAMPLE shape=0 round=1 variant=1 sample=24 ms=5.264383793
SAMPLE shape=0 round=1 variant=1 sample=25 ms=5.758944035
SAMPLE shape=0 round=1 variant=1 sample=26 ms=5.282815933
SAMPLE shape=0 round=1 variant=1 sample=27 ms=5.190656185
SAMPLE shape=0 round=1 variant=1 sample=28 ms=5.509119987
SAMPLE shape=0 round=1 variant=1 sample=29 ms=5.193727970
SAMPLE shape=0 round=2 variant=4 sample=0 ms=3.660799980
SAMPLE shape=0 round=2 variant=4 sample=1 ms=3.689311981
SAMPLE shape=0 round=2 variant=4 sample=2 ms=3.664896011
SAMPLE shape=0 round=2 variant=4 sample=3 ms=4.081664085
SAMPLE shape=0 round=2 variant=4 sample=4 ms=3.650527954
SAMPLE shape=0 round=2 variant=4 sample=5 ms=3.654592037
SAMPLE shape=0 round=2 variant=4 sample=6 ms=3.648511887
SAMPLE shape=0 round=2 variant=4 sample=7 ms=4.267007828
SAMPLE shape=0 round=2 variant=4 sample=8 ms=3.639296055
SAMPLE shape=0 round=2 variant=4 sample=9 ms=3.646111965
SAMPLE shape=0 round=2 variant=4 sample=10 ms=3.651583910
SAMPLE shape=0 round=2 variant=4 sample=11 ms=3.649408102
SAMPLE shape=0 round=2 variant=4 sample=12 ms=4.097760201
SAMPLE shape=0 round=2 variant=4 sample=13 ms=3.654432058
SAMPLE shape=0 round=2 variant=4 sample=14 ms=3.691359997
SAMPLE shape=0 round=2 variant=4 sample=15 ms=3.689471960
SAMPLE shape=0 round=2 variant=4 sample=16 ms=4.091904163
SAMPLE shape=0 round=2 variant=4 sample=17 ms=3.652607918
SAMPLE shape=0 round=2 variant=4 sample=18 ms=3.644416094
SAMPLE shape=0 round=2 variant=4 sample=19 ms=3.661823988
SAMPLE shape=0 round=2 variant=4 sample=20 ms=3.980288029
SAMPLE shape=0 round=2 variant=4 sample=21 ms=3.638272047
SAMPLE shape=0 round=2 variant=4 sample=22 ms=3.715071917
SAMPLE shape=0 round=2 variant=4 sample=23 ms=3.656703949
SAMPLE shape=0 round=2 variant=4 sample=24 ms=3.654655933
SAMPLE shape=0 round=2 variant=4 sample=25 ms=4.045599937
SAMPLE shape=0 round=2 variant=4 sample=26 ms=3.655391932
SAMPLE shape=0 round=2 variant=4 sample=27 ms=3.642368078
SAMPLE shape=0 round=2 variant=4 sample=28 ms=3.935231924
SAMPLE shape=0 round=2 variant=4 sample=29 ms=4.048895836
SAMPLE shape=0 round=2 variant=0 sample=0 ms=7.348095894
SAMPLE shape=0 round=2 variant=0 sample=1 ms=7.744512081
SAMPLE shape=0 round=2 variant=0 sample=2 ms=7.352287769
SAMPLE shape=0 round=2 variant=0 sample=3 ms=7.808703899
SAMPLE shape=0 round=2 variant=0 sample=4 ms=7.568384171
SAMPLE shape=0 round=2 variant=0 sample=5 ms=7.863296032
SAMPLE shape=0 round=2 variant=0 sample=6 ms=7.349247932
SAMPLE shape=0 round=2 variant=0 sample=7 ms=7.342080116
SAMPLE shape=0 round=2 variant=0 sample=8 ms=7.662591934
SAMPLE shape=0 round=2 variant=0 sample=9 ms=7.351295948
SAMPLE shape=0 round=2 variant=0 sample=10 ms=8.065664291
SAMPLE shape=0 round=2 variant=0 sample=11 ms=7.353343964
SAMPLE shape=0 round=2 variant=0 sample=12 ms=7.768064022
SAMPLE shape=0 round=2 variant=0 sample=13 ms=7.347199917
SAMPLE shape=0 round=2 variant=0 sample=14 ms=7.762944221
SAMPLE shape=0 round=2 variant=0 sample=15 ms=7.350143909
SAMPLE shape=0 round=2 variant=0 sample=16 ms=7.820288181
SAMPLE shape=0 round=2 variant=0 sample=17 ms=7.351295948
SAMPLE shape=0 round=2 variant=0 sample=18 ms=7.769087791
SAMPLE shape=0 round=2 variant=0 sample=19 ms=7.550975800
SAMPLE shape=0 round=2 variant=0 sample=20 ms=7.358143806
SAMPLE shape=0 round=2 variant=0 sample=21 ms=7.939072132
SAMPLE shape=0 round=2 variant=0 sample=22 ms=7.352191925
SAMPLE shape=0 round=2 variant=0 sample=23 ms=7.841663837
SAMPLE shape=0 round=2 variant=0 sample=24 ms=7.351295948
SAMPLE shape=0 round=2 variant=0 sample=25 ms=7.661568165
SAMPLE shape=0 round=2 variant=0 sample=26 ms=7.352191925
SAMPLE shape=0 round=2 variant=0 sample=27 ms=7.762944221
SAMPLE shape=0 round=2 variant=0 sample=28 ms=7.344128132
SAMPLE shape=0 round=2 variant=0 sample=29 ms=7.909440041
SAMPLE shape=0 round=2 variant=1 sample=0 ms=5.201536179
SAMPLE shape=0 round=2 variant=1 sample=1 ms=5.718912125
SAMPLE shape=0 round=2 variant=1 sample=2 ms=5.254144192
SAMPLE shape=0 round=2 variant=1 sample=3 ms=5.204800129
SAMPLE shape=0 round=2 variant=1 sample=4 ms=5.628831863
SAMPLE shape=0 round=2 variant=1 sample=5 ms=5.196608067
SAMPLE shape=0 round=2 variant=1 sample=6 ms=5.197824001
SAMPLE shape=0 round=2 variant=1 sample=7 ms=5.789535999
SAMPLE shape=0 round=2 variant=1 sample=8 ms=5.202655792
SAMPLE shape=0 round=2 variant=1 sample=9 ms=5.197824001
SAMPLE shape=0 round=2 variant=1 sample=10 ms=5.660511971
SAMPLE shape=0 round=2 variant=1 sample=11 ms=5.200895786
SAMPLE shape=0 round=2 variant=1 sample=12 ms=5.263328075
SAMPLE shape=0 round=2 variant=1 sample=13 ms=5.639167786
SAMPLE shape=0 round=2 variant=1 sample=14 ms=5.195775986
SAMPLE shape=0 round=2 variant=1 sample=15 ms=5.200704098
SAMPLE shape=0 round=2 variant=1 sample=16 ms=5.656576157
SAMPLE shape=0 round=2 variant=1 sample=17 ms=5.195775986
SAMPLE shape=0 round=2 variant=1 sample=18 ms=5.194752216
SAMPLE shape=0 round=2 variant=1 sample=19 ms=5.609471798
SAMPLE shape=0 round=2 variant=1 sample=20 ms=5.193727970
SAMPLE shape=0 round=2 variant=1 sample=21 ms=5.192736149
SAMPLE shape=0 round=2 variant=1 sample=22 ms=5.704448223
SAMPLE shape=0 round=2 variant=1 sample=23 ms=5.189280033
SAMPLE shape=0 round=2 variant=1 sample=24 ms=5.202911854
SAMPLE shape=0 round=2 variant=1 sample=25 ms=5.786623955
SAMPLE shape=0 round=2 variant=1 sample=26 ms=5.190656185
SAMPLE shape=0 round=2 variant=1 sample=27 ms=5.195775986
SAMPLE shape=0 round=2 variant=1 sample=28 ms=5.659615993
SAMPLE shape=0 round=2 variant=1 sample=29 ms=5.193727970
SAMPLE shape=0 round=2 variant=2 sample=0 ms=4.716224194
SAMPLE shape=0 round=2 variant=2 sample=1 ms=4.718304157
SAMPLE shape=0 round=2 variant=2 sample=2 ms=5.161983967
SAMPLE shape=0 round=2 variant=2 sample=3 ms=4.710400105
SAMPLE shape=0 round=2 variant=2 sample=4 ms=4.714496136
SAMPLE shape=0 round=2 variant=2 sample=5 ms=4.937695980
SAMPLE shape=0 round=2 variant=2 sample=6 ms=4.702208042
SAMPLE shape=0 round=2 variant=2 sample=7 ms=4.713471889
SAMPLE shape=0 round=2 variant=2 sample=8 ms=4.712448120
SAMPLE shape=0 round=2 variant=2 sample=9 ms=5.056511879
SAMPLE shape=0 round=2 variant=2 sample=10 ms=4.710400105
SAMPLE shape=0 round=2 variant=2 sample=11 ms=4.712448120
SAMPLE shape=0 round=2 variant=2 sample=12 ms=5.147647858
SAMPLE shape=0 round=2 variant=2 sample=13 ms=4.712319851
SAMPLE shape=0 round=2 variant=2 sample=14 ms=4.711423874
SAMPLE shape=0 round=2 variant=2 sample=15 ms=4.706272125
SAMPLE shape=0 round=2 variant=2 sample=16 ms=5.271552086
SAMPLE shape=0 round=2 variant=2 sample=17 ms=4.717567921
SAMPLE shape=0 round=2 variant=2 sample=18 ms=4.712448120
SAMPLE shape=0 round=2 variant=2 sample=19 ms=5.228544235
SAMPLE shape=0 round=2 variant=2 sample=20 ms=4.709375858
SAMPLE shape=0 round=2 variant=2 sample=21 ms=4.712448120
SAMPLE shape=0 round=2 variant=2 sample=22 ms=5.190400124
SAMPLE shape=0 round=2 variant=2 sample=23 ms=4.713471889
SAMPLE shape=0 round=2 variant=2 sample=24 ms=4.712448120
SAMPLE shape=0 round=2 variant=2 sample=25 ms=4.708352089
SAMPLE shape=0 round=2 variant=2 sample=26 ms=5.366784096
SAMPLE shape=0 round=2 variant=2 sample=27 ms=4.715519905
SAMPLE shape=0 round=2 variant=2 sample=28 ms=4.713471889
SAMPLE shape=0 round=2 variant=2 sample=29 ms=5.144480228
SAMPLE shape=0 round=2 variant=3 sample=0 ms=3.336096048
SAMPLE shape=0 round=2 variant=3 sample=1 ms=3.004159927
SAMPLE shape=0 round=2 variant=3 sample=2 ms=3.007488012
SAMPLE shape=0 round=2 variant=3 sample=3 ms=2.997247934
SAMPLE shape=0 round=2 variant=3 sample=4 ms=3.006112099
SAMPLE shape=0 round=2 variant=3 sample=5 ms=3.007488012
SAMPLE shape=0 round=2 variant=3 sample=6 ms=3.438591957
SAMPLE shape=0 round=2 variant=3 sample=7 ms=3.008255959
SAMPLE shape=0 round=2 variant=3 sample=8 ms=3.005439997
SAMPLE shape=0 round=2 variant=3 sample=9 ms=3.015680075
SAMPLE shape=0 round=2 variant=3 sample=10 ms=3.002367973
SAMPLE shape=0 round=2 variant=3 sample=11 ms=3.507200003
SAMPLE shape=0 round=2 variant=3 sample=12 ms=3.005439997
SAMPLE shape=0 round=2 variant=3 sample=13 ms=3.007488012
SAMPLE shape=0 round=2 variant=3 sample=14 ms=3.046112061
SAMPLE shape=0 round=2 variant=3 sample=15 ms=3.029952049
SAMPLE shape=0 round=2 variant=3 sample=16 ms=3.565567970
SAMPLE shape=0 round=2 variant=3 sample=17 ms=3.002144098
SAMPLE shape=0 round=2 variant=3 sample=18 ms=3.025919914
SAMPLE shape=0 round=2 variant=3 sample=19 ms=3.002207994
SAMPLE shape=0 round=2 variant=3 sample=20 ms=3.003391981
SAMPLE shape=0 round=2 variant=3 sample=21 ms=3.508095980
SAMPLE shape=0 round=2 variant=3 sample=22 ms=3.008512020
SAMPLE shape=0 round=2 variant=3 sample=23 ms=3.014591932
SAMPLE shape=0 round=2 variant=3 sample=24 ms=3.028928041
SAMPLE shape=0 round=2 variant=3 sample=25 ms=3.039232016
SAMPLE shape=0 round=2 variant=3 sample=26 ms=3.525439978
SAMPLE shape=0 round=2 variant=3 sample=27 ms=3.003391981
SAMPLE shape=0 round=2 variant=3 sample=28 ms=3.010560036
SAMPLE shape=0 round=2 variant=3 sample=29 ms=3.008512020
SAMPLE shape=1 round=0 variant=0 sample=0 ms=6.864672184
SAMPLE shape=1 round=0 variant=0 sample=1 ms=7.337984085
SAMPLE shape=1 round=0 variant=0 sample=2 ms=6.821887970
SAMPLE shape=1 round=0 variant=0 sample=3 ms=7.240704060
SAMPLE shape=1 round=0 variant=0 sample=4 ms=6.822912216
SAMPLE shape=1 round=0 variant=0 sample=5 ms=7.241407871
SAMPLE shape=1 round=0 variant=0 sample=6 ms=6.818496227
SAMPLE shape=1 round=0 variant=0 sample=7 ms=6.819839954
SAMPLE shape=1 round=0 variant=0 sample=8 ms=7.369728088
SAMPLE shape=1 round=0 variant=0 sample=9 ms=6.883296013
SAMPLE shape=1 round=0 variant=0 sample=10 ms=7.256864071
SAMPLE shape=1 round=0 variant=0 sample=11 ms=6.885375977
SAMPLE shape=1 round=0 variant=0 sample=12 ms=7.160736084
SAMPLE shape=1 round=0 variant=0 sample=13 ms=6.827007771
SAMPLE shape=1 round=0 variant=0 sample=14 ms=6.817728043
SAMPLE shape=1 round=0 variant=0 sample=15 ms=7.264256001
SAMPLE shape=1 round=0 variant=0 sample=16 ms=6.818816185
SAMPLE shape=1 round=0 variant=0 sample=17 ms=7.245823860
SAMPLE shape=1 round=0 variant=0 sample=18 ms=6.818816185
SAMPLE shape=1 round=0 variant=0 sample=19 ms=7.320576191
SAMPLE shape=1 round=0 variant=0 sample=20 ms=6.855679989
SAMPLE shape=1 round=0 variant=0 sample=21 ms=6.822815895
SAMPLE shape=1 round=0 variant=0 sample=22 ms=7.208000183
SAMPLE shape=1 round=0 variant=0 sample=23 ms=6.814720154
SAMPLE shape=1 round=0 variant=0 sample=24 ms=7.329792023
SAMPLE shape=1 round=0 variant=0 sample=25 ms=6.855679989
SAMPLE shape=1 round=0 variant=0 sample=26 ms=7.347360134
SAMPLE shape=1 round=0 variant=0 sample=27 ms=6.816736221
SAMPLE shape=1 round=0 variant=0 sample=28 ms=6.815775871
SAMPLE shape=1 round=0 variant=0 sample=29 ms=7.245823860
SAMPLE shape=1 round=0 variant=1 sample=0 ms=4.772704124
SAMPLE shape=1 round=0 variant=1 sample=1 ms=4.775936127
SAMPLE shape=1 round=0 variant=1 sample=2 ms=5.227295876
SAMPLE shape=1 round=0 variant=1 sample=3 ms=4.778656006
SAMPLE shape=1 round=0 variant=1 sample=4 ms=4.779007912
SAMPLE shape=1 round=0 variant=1 sample=5 ms=5.250048161
SAMPLE shape=1 round=0 variant=1 sample=6 ms=4.776927948
SAMPLE shape=1 round=0 variant=1 sample=7 ms=4.773888111
SAMPLE shape=1 round=0 variant=1 sample=8 ms=4.809728146
SAMPLE shape=1 round=0 variant=1 sample=9 ms=5.355519772
SAMPLE shape=1 round=0 variant=1 sample=10 ms=4.832255840
SAMPLE shape=1 round=0 variant=1 sample=11 ms=4.775936127
SAMPLE shape=1 round=0 variant=1 sample=12 ms=5.408736229
SAMPLE shape=1 round=0 variant=1 sample=13 ms=4.774847984
SAMPLE shape=1 round=0 variant=1 sample=14 ms=4.779007912
SAMPLE shape=1 round=0 variant=1 sample=15 ms=5.125216007
SAMPLE shape=1 round=0 variant=1 sample=16 ms=4.768767834
SAMPLE shape=1 round=0 variant=1 sample=17 ms=4.768767834
SAMPLE shape=1 round=0 variant=1 sample=18 ms=4.776768208
SAMPLE shape=1 round=0 variant=1 sample=19 ms=5.080063820
SAMPLE shape=1 round=0 variant=1 sample=20 ms=4.774687767
SAMPLE shape=1 round=0 variant=1 sample=21 ms=4.772863865
SAMPLE shape=1 round=0 variant=1 sample=22 ms=5.243904114
SAMPLE shape=1 round=0 variant=1 sample=23 ms=4.770815849
SAMPLE shape=1 round=0 variant=1 sample=24 ms=4.779007912
SAMPLE shape=1 round=0 variant=1 sample=25 ms=5.206016064
SAMPLE shape=1 round=0 variant=1 sample=26 ms=4.783840179
SAMPLE shape=1 round=0 variant=1 sample=27 ms=4.774591923
SAMPLE shape=1 round=0 variant=1 sample=28 ms=4.769792080
SAMPLE shape=1 round=0 variant=1 sample=29 ms=5.209087849
SAMPLE shape=1 round=0 variant=2 sample=0 ms=3.800064087
SAMPLE shape=1 round=0 variant=2 sample=1 ms=3.812351942
SAMPLE shape=1 round=0 variant=2 sample=2 ms=3.808000088
SAMPLE shape=1 round=0 variant=2 sample=3 ms=3.809279919
SAMPLE shape=1 round=0 variant=2 sample=4 ms=4.216832161
SAMPLE shape=1 round=0 variant=2 sample=5 ms=3.810303926
SAMPLE shape=1 round=0 variant=2 sample=6 ms=3.811327934
SAMPLE shape=1 round=0 variant=2 sample=7 ms=3.835903883
SAMPLE shape=1 round=0 variant=2 sample=8 ms=4.341760159
SAMPLE shape=1 round=0 variant=2 sample=9 ms=3.807904005
SAMPLE shape=1 round=0 variant=2 sample=10 ms=3.810303926
SAMPLE shape=1 round=0 variant=2 sample=11 ms=3.813344002
SAMPLE shape=1 round=0 variant=2 sample=12 ms=4.240384102
SAMPLE shape=1 round=0 variant=2 sample=13 ms=3.813375950
SAMPLE shape=1 round=0 variant=2 sample=14 ms=3.808255911
SAMPLE shape=1 round=0 variant=2 sample=15 ms=3.813375950
SAMPLE shape=1 round=0 variant=2 sample=16 ms=4.246399879
SAMPLE shape=1 round=0 variant=2 sample=17 ms=3.809279919
SAMPLE shape=1 round=0 variant=2 sample=18 ms=4.063231945
SAMPLE shape=1 round=0 variant=2 sample=19 ms=3.826656103
SAMPLE shape=1 round=0 variant=2 sample=20 ms=4.586688042
SAMPLE shape=1 round=0 variant=2 sample=21 ms=3.810048103
SAMPLE shape=1 round=0 variant=2 sample=22 ms=3.809087992
SAMPLE shape=1 round=0 variant=2 sample=23 ms=3.809279919
SAMPLE shape=1 round=0 variant=2 sample=24 ms=4.312895775
SAMPLE shape=1 round=0 variant=2 sample=25 ms=4.238336086
SAMPLE shape=1 round=0 variant=2 sample=26 ms=3.804896116
SAMPLE shape=1 round=0 variant=2 sample=27 ms=3.805183887
SAMPLE shape=1 round=0 variant=2 sample=28 ms=4.079616070
SAMPLE shape=1 round=0 variant=2 sample=29 ms=4.296703815
SAMPLE shape=1 round=0 variant=3 sample=0 ms=2.702048063
SAMPLE shape=1 round=0 variant=3 sample=1 ms=2.978816032
SAMPLE shape=1 round=0 variant=3 sample=2 ms=2.681855917
SAMPLE shape=1 round=0 variant=3 sample=3 ms=2.701312065
SAMPLE shape=1 round=0 variant=3 sample=4 ms=2.695168018
SAMPLE shape=1 round=0 variant=3 sample=5 ms=2.702336073
SAMPLE shape=1 round=0 variant=3 sample=6 ms=2.703360081
SAMPLE shape=1 round=0 variant=3 sample=7 ms=3.295232058
SAMPLE shape=1 round=0 variant=3 sample=8 ms=2.693120003
SAMPLE shape=1 round=0 variant=3 sample=9 ms=2.698080063
SAMPLE shape=1 round=0 variant=3 sample=10 ms=2.693120003
SAMPLE shape=1 round=0 variant=3 sample=11 ms=2.700288057
SAMPLE shape=1 round=0 variant=3 sample=12 ms=3.311615944
SAMPLE shape=1 round=0 variant=3 sample=13 ms=2.681855917
SAMPLE shape=1 round=0 variant=3 sample=14 ms=2.993151903
SAMPLE shape=1 round=0 variant=3 sample=15 ms=3.228703976
SAMPLE shape=1 round=0 variant=3 sample=16 ms=2.708352089
SAMPLE shape=1 round=0 variant=3 sample=17 ms=2.694880009
SAMPLE shape=1 round=0 variant=3 sample=18 ms=3.655679941
SAMPLE shape=1 round=0 variant=3 sample=19 ms=2.740159988
SAMPLE shape=1 round=0 variant=3 sample=20 ms=2.693887949
SAMPLE shape=1 round=0 variant=3 sample=21 ms=2.988032103
SAMPLE shape=1 round=0 variant=3 sample=22 ms=2.917376041
SAMPLE shape=1 round=0 variant=3 sample=23 ms=3.770368099
SAMPLE shape=1 round=0 variant=3 sample=24 ms=2.883584023
SAMPLE shape=1 round=0 variant=3 sample=25 ms=2.695168018
SAMPLE shape=1 round=0 variant=3 sample=26 ms=2.701312065
SAMPLE shape=1 round=0 variant=3 sample=27 ms=2.706432104
SAMPLE shape=1 round=0 variant=3 sample=28 ms=2.701312065
SAMPLE shape=1 round=0 variant=3 sample=29 ms=3.271359921
SAMPLE shape=1 round=0 variant=4 sample=0 ms=2.634752035
SAMPLE shape=1 round=0 variant=4 sample=1 ms=2.630527973
SAMPLE shape=1 round=0 variant=4 sample=2 ms=2.629631996
SAMPLE shape=1 round=0 variant=4 sample=3 ms=3.245887995
SAMPLE shape=1 round=0 variant=4 sample=4 ms=2.636607885
SAMPLE shape=1 round=0 variant=4 sample=5 ms=2.629535913
SAMPLE shape=1 round=0 variant=4 sample=6 ms=2.628607988
SAMPLE shape=1 round=0 variant=4 sample=7 ms=2.627583981
SAMPLE shape=1 round=0 variant=4 sample=8 ms=2.835455894
SAMPLE shape=1 round=0 variant=4 sample=9 ms=2.978719950
SAMPLE shape=1 round=0 variant=4 sample=10 ms=3.046400070
SAMPLE shape=1 round=0 variant=4 sample=11 ms=3.205856085
SAMPLE shape=1 round=0 variant=4 sample=12 ms=2.630399942
SAMPLE shape=1 round=0 variant=4 sample=13 ms=2.628416061
SAMPLE shape=1 round=0 variant=4 sample=14 ms=3.179455996
SAMPLE shape=1 round=0 variant=4 sample=15 ms=2.630656004
SAMPLE shape=1 round=0 variant=4 sample=16 ms=2.632704020
SAMPLE shape=1 round=0 variant=4 sample=17 ms=2.632704020
SAMPLE shape=1 round=0 variant=4 sample=18 ms=2.632704020
SAMPLE shape=1 round=0 variant=4 sample=19 ms=2.629631996
SAMPLE shape=1 round=0 variant=4 sample=20 ms=3.143680096
SAMPLE shape=1 round=0 variant=4 sample=21 ms=2.658015966
SAMPLE shape=1 round=0 variant=4 sample=22 ms=2.640640020
SAMPLE shape=1 round=0 variant=4 sample=23 ms=2.637824059
SAMPLE shape=1 round=0 variant=4 sample=24 ms=2.635776043
SAMPLE shape=1 round=0 variant=4 sample=25 ms=2.640896082
SAMPLE shape=1 round=0 variant=4 sample=26 ms=3.196928024
SAMPLE shape=1 round=0 variant=4 sample=27 ms=2.629631996
SAMPLE shape=1 round=0 variant=4 sample=28 ms=2.652159929
SAMPLE shape=1 round=0 variant=4 sample=29 ms=2.629631996
SAMPLE shape=1 round=1 variant=2 sample=0 ms=3.808255911
SAMPLE shape=1 round=1 variant=2 sample=1 ms=3.808255911
SAMPLE shape=1 round=1 variant=2 sample=2 ms=4.275263786
SAMPLE shape=1 round=1 variant=2 sample=3 ms=3.812351942
SAMPLE shape=1 round=1 variant=2 sample=4 ms=3.808255911
SAMPLE shape=1 round=1 variant=2 sample=5 ms=3.807231903
SAMPLE shape=1 round=1 variant=2 sample=6 ms=4.415232182
SAMPLE shape=1 round=1 variant=2 sample=7 ms=3.812096119
SAMPLE shape=1 round=1 variant=2 sample=8 ms=3.812223911
SAMPLE shape=1 round=1 variant=2 sample=9 ms=3.803136110
SAMPLE shape=1 round=1 variant=2 sample=10 ms=4.003839970
SAMPLE shape=1 round=1 variant=2 sample=11 ms=3.799040079
SAMPLE shape=1 round=1 variant=2 sample=12 ms=3.807231903
SAMPLE shape=1 round=1 variant=2 sample=13 ms=3.815423965
SAMPLE shape=1 round=1 variant=2 sample=14 ms=3.982336044
SAMPLE shape=1 round=1 variant=2 sample=15 ms=4.020224094
SAMPLE shape=1 round=1 variant=2 sample=16 ms=3.807231903
SAMPLE shape=1 round=1 variant=2 sample=17 ms=3.807168007
SAMPLE shape=1 round=1 variant=2 sample=18 ms=3.805183887
SAMPLE shape=1 round=1 variant=2 sample=19 ms=4.319231987
SAMPLE shape=1 round=1 variant=2 sample=20 ms=3.808255911
SAMPLE shape=1 round=1 variant=2 sample=21 ms=3.816096067
SAMPLE shape=1 round=1 variant=2 sample=22 ms=3.812128067
SAMPLE shape=1 round=1 variant=2 sample=23 ms=4.226047993
SAMPLE shape=1 round=1 variant=2 sample=24 ms=3.855263948
SAMPLE shape=1 round=1 variant=2 sample=25 ms=4.386816025
SAMPLE shape=1 round=1 variant=2 sample=26 ms=3.807008028
SAMPLE shape=1 round=1 variant=2 sample=27 ms=4.057087898
SAMPLE shape=1 round=1 variant=2 sample=28 ms=3.816128016
SAMPLE shape=1 round=1 variant=2 sample=29 ms=3.811327934
SAMPLE shape=1 round=1 variant=3 sample=0 ms=3.226624012
SAMPLE shape=1 round=1 variant=3 sample=1 ms=2.700288057
SAMPLE shape=1 round=1 variant=3 sample=2 ms=2.699264050
SAMPLE shape=1 round=1 variant=3 sample=3 ms=2.696192026
SAMPLE shape=1 round=1 variant=3 sample=4 ms=2.699264050
SAMPLE shape=1 round=1 variant=3 sample=5 ms=2.891776085
SAMPLE shape=1 round=1 variant=3 sample=6 ms=2.933759928
SAMPLE shape=1 round=1 variant=3 sample=7 ms=2.700256109
SAMPLE shape=1 round=1 variant=3 sample=8 ms=2.697216034
SAMPLE shape=1 round=1 variant=3 sample=9 ms=2.698175907
SAMPLE shape=1 round=1 variant=3 sample=10 ms=2.693120003
SAMPLE shape=1 round=1 variant=3 sample=11 ms=3.135488033
SAMPLE shape=1 round=1 variant=3 sample=12 ms=2.691071987
SAMPLE shape=1 round=1 variant=3 sample=13 ms=2.695872068
SAMPLE shape=1 round=1 variant=3 sample=14 ms=2.700031996
SAMPLE shape=1 round=1 variant=3 sample=15 ms=2.695168018
SAMPLE shape=1 round=1 variant=3 sample=16 ms=2.694144011
SAMPLE shape=1 round=1 variant=3 sample=17 ms=3.135263920
SAMPLE shape=1 round=1 variant=3 sample=18 ms=2.696032047
SAMPLE shape=1 round=1 variant=3 sample=19 ms=2.693120003
SAMPLE shape=1 round=1 variant=3 sample=20 ms=2.691071987
SAMPLE shape=1 round=1 variant=3 sample=21 ms=2.710527897
SAMPLE shape=1 round=1 variant=3 sample=22 ms=2.695168018
SAMPLE shape=1 round=1 variant=3 sample=23 ms=3.161087990
SAMPLE shape=1 round=1 variant=3 sample=24 ms=2.695168018
SAMPLE shape=1 round=1 variant=3 sample=25 ms=2.695103884
SAMPLE shape=1 round=1 variant=3 sample=26 ms=2.692095995
SAMPLE shape=1 round=1 variant=3 sample=27 ms=2.697056055
SAMPLE shape=1 round=1 variant=3 sample=28 ms=2.695967913
SAMPLE shape=1 round=1 variant=3 sample=29 ms=3.114144087
SAMPLE shape=1 round=1 variant=4 sample=0 ms=2.627583981
SAMPLE shape=1 round=1 variant=4 sample=1 ms=2.632704020
SAMPLE shape=1 round=1 variant=4 sample=2 ms=2.624288082
SAMPLE shape=1 round=1 variant=4 sample=3 ms=3.278719902
SAMPLE shape=1 round=1 variant=4 sample=4 ms=2.630656004
SAMPLE shape=1 round=1 variant=4 sample=5 ms=2.633728027
SAMPLE shape=1 round=1 variant=4 sample=6 ms=2.627615929
SAMPLE shape=1 round=1 variant=4 sample=7 ms=2.633503914
SAMPLE shape=1 round=1 variant=4 sample=8 ms=2.632704020
SAMPLE shape=1 round=1 variant=4 sample=9 ms=3.141279936
SAMPLE shape=1 round=1 variant=4 sample=10 ms=2.648063898
SAMPLE shape=1 round=1 variant=4 sample=11 ms=2.635616064
SAMPLE shape=1 round=1 variant=4 sample=12 ms=2.634752035
SAMPLE shape=1 round=1 variant=4 sample=13 ms=2.633728027
SAMPLE shape=1 round=1 variant=4 sample=14 ms=2.629600048
SAMPLE shape=1 round=1 variant=4 sample=15 ms=3.139424086
SAMPLE shape=1 round=1 variant=4 sample=16 ms=2.633728027
SAMPLE shape=1 round=1 variant=4 sample=17 ms=2.636543989
SAMPLE shape=1 round=1 variant=4 sample=18 ms=2.632512093
SAMPLE shape=1 round=1 variant=4 sample=19 ms=2.780159950
SAMPLE shape=1 round=1 variant=4 sample=20 ms=2.634655952
SAMPLE shape=1 round=1 variant=4 sample=21 ms=3.060735941
SAMPLE shape=1 round=1 variant=4 sample=22 ms=2.627583981
SAMPLE shape=1 round=1 variant=4 sample=23 ms=2.632607937
SAMPLE shape=1 round=1 variant=4 sample=24 ms=2.632704020
SAMPLE shape=1 round=1 variant=4 sample=25 ms=2.636800051
SAMPLE shape=1 round=1 variant=4 sample=26 ms=2.628576040
SAMPLE shape=1 round=1 variant=4 sample=27 ms=3.155967951
SAMPLE shape=1 round=1 variant=4 sample=28 ms=2.631488085
SAMPLE shape=1 round=1 variant=4 sample=29 ms=2.625312090
SAMPLE shape=1 round=1 variant=0 sample=0 ms=7.127840042
SAMPLE shape=1 round=1 variant=0 sample=1 ms=6.834239960
SAMPLE shape=1 round=1 variant=0 sample=2 ms=7.330815792
SAMPLE shape=1 round=1 variant=0 sample=3 ms=6.818687916
SAMPLE shape=1 round=1 variant=0 sample=4 ms=7.228191853
SAMPLE shape=1 round=1 variant=0 sample=5 ms=6.824960232
SAMPLE shape=1 round=1 variant=0 sample=6 ms=7.037951946
SAMPLE shape=1 round=1 variant=0 sample=7 ms=7.304192066
SAMPLE shape=1 round=1 variant=0 sample=8 ms=6.820672035
SAMPLE shape=1 round=1 variant=0 sample=9 ms=7.451519966
SAMPLE shape=1 round=1 variant=0 sample=10 ms=6.815743923
SAMPLE shape=1 round=1 variant=0 sample=11 ms=7.317503929
SAMPLE shape=1 round=1 variant=0 sample=12 ms=6.819839954
SAMPLE shape=1 round=1 variant=0 sample=13 ms=6.820703983
SAMPLE shape=1 round=1 variant=0 sample=14 ms=7.183360100
SAMPLE shape=1 round=1 variant=0 sample=15 ms=6.823808193
SAMPLE shape=1 round=1 variant=0 sample=16 ms=7.487103939
SAMPLE shape=1 round=1 variant=0 sample=17 ms=6.820864201
SAMPLE shape=1 round=1 variant=0 sample=18 ms=7.345151901
SAMPLE shape=1 round=1 variant=0 sample=19 ms=6.821887970
SAMPLE shape=1 round=1 variant=0 sample=20 ms=6.816768169
SAMPLE shape=1 round=1 variant=0 sample=21 ms=7.330783844
SAMPLE shape=1 round=1 variant=0 sample=22 ms=6.817728043
SAMPLE shape=1 round=1 variant=0 sample=23 ms=7.373631954
SAMPLE shape=1 round=1 variant=0 sample=24 ms=6.858528137
SAMPLE shape=1 round=1 variant=0 sample=25 ms=7.260064125
SAMPLE shape=1 round=1 variant=0 sample=26 ms=6.817791939
SAMPLE shape=1 round=1 variant=0 sample=27 ms=6.819839954
SAMPLE shape=1 round=1 variant=0 sample=28 ms=7.395167828
SAMPLE shape=1 round=1 variant=0 sample=29 ms=6.822912216
SAMPLE shape=1 round=1 variant=1 sample=0 ms=5.277696133
SAMPLE shape=1 round=1 variant=1 sample=1 ms=4.804351807
SAMPLE shape=1 round=1 variant=1 sample=2 ms=4.770815849
SAMPLE shape=1 round=1 variant=1 sample=3 ms=4.774911880
SAMPLE shape=1 round=1 variant=1 sample=4 ms=5.201920033
SAMPLE shape=1 round=1 variant=1 sample=5 ms=4.771840096
SAMPLE shape=1 round=1 variant=1 sample=6 ms=4.771840096
SAMPLE shape=1 round=1 variant=1 sample=7 ms=5.331967831
SAMPLE shape=1 round=1 variant=1 sample=8 ms=4.774911880
SAMPLE shape=1 round=1 variant=1 sample=9 ms=4.772863865
SAMPLE shape=1 round=1 variant=1 sample=10 ms=5.105663776
SAMPLE shape=1 round=1 variant=1 sample=11 ms=4.770495892
SAMPLE shape=1 round=1 variant=1 sample=12 ms=4.772863865
SAMPLE shape=1 round=1 variant=1 sample=13 ms=4.767744064
SAMPLE shape=1 round=1 variant=1 sample=14 ms=5.212160110
SAMPLE shape=1 round=1 variant=1 sample=15 ms=4.984831810
SAMPLE shape=1 round=1 variant=1 sample=16 ms=4.772863865
SAMPLE shape=1 round=1 variant=1 sample=17 ms=5.364448071
SAMPLE shape=1 round=1 variant=1 sample=18 ms=4.775936127
SAMPLE shape=1 round=1 variant=1 sample=19 ms=4.777696133
SAMPLE shape=1 round=1 variant=1 sample=20 ms=5.229568005
SAMPLE shape=1 round=1 variant=1 sample=21 ms=4.773727894
SAMPLE shape=1 round=1 variant=1 sample=22 ms=4.776959896
SAMPLE shape=1 round=1 variant=1 sample=23 ms=4.769792080
SAMPLE shape=1 round=1 variant=1 sample=24 ms=5.306367874
SAMPLE shape=1 round=1 variant=1 sample=25 ms=4.783103943
SAMPLE shape=1 round=1 variant=1 sample=26 ms=4.775936127
SAMPLE shape=1 round=1 variant=1 sample=27 ms=5.217055798
SAMPLE shape=1 round=1 variant=1 sample=28 ms=4.782783985
SAMPLE shape=1 round=1 variant=1 sample=29 ms=4.777984142
SAMPLE shape=1 round=2 variant=4 sample=0 ms=2.631360054
SAMPLE shape=1 round=2 variant=4 sample=1 ms=2.624511957
SAMPLE shape=1 round=2 variant=4 sample=2 ms=2.627583981
SAMPLE shape=1 round=2 variant=4 sample=3 ms=2.623487949
SAMPLE shape=1 round=2 variant=4 sample=4 ms=2.655231953
SAMPLE shape=1 round=2 variant=4 sample=5 ms=3.052544117
SAMPLE shape=1 round=2 variant=4 sample=6 ms=2.628607988
SAMPLE shape=1 round=2 variant=4 sample=7 ms=2.625216007
SAMPLE shape=1 round=2 variant=4 sample=8 ms=2.629631996
SAMPLE shape=1 round=2 variant=4 sample=9 ms=2.632479906
SAMPLE shape=1 round=2 variant=4 sample=10 ms=2.674688101
SAMPLE shape=1 round=2 variant=4 sample=11 ms=3.047424078
SAMPLE shape=1 round=2 variant=4 sample=12 ms=2.624511957
SAMPLE shape=1 round=2 variant=4 sample=13 ms=2.625152111
SAMPLE shape=1 round=2 variant=4 sample=14 ms=2.632575989
SAMPLE shape=1 round=2 variant=4 sample=15 ms=2.627232075
SAMPLE shape=1 round=2 variant=4 sample=16 ms=2.637727976
SAMPLE shape=1 round=2 variant=4 sample=17 ms=3.203072071
SAMPLE shape=1 round=2 variant=4 sample=18 ms=2.629631996
SAMPLE shape=1 round=2 variant=4 sample=19 ms=2.632544041
SAMPLE shape=1 round=2 variant=4 sample=20 ms=2.627552032
SAMPLE shape=1 round=2 variant=4 sample=21 ms=2.628607988
SAMPLE shape=1 round=2 variant=4 sample=22 ms=2.627455950
SAMPLE shape=1 round=2 variant=4 sample=23 ms=3.060607910
SAMPLE shape=1 round=2 variant=4 sample=24 ms=2.625535965
SAMPLE shape=1 round=2 variant=4 sample=25 ms=2.628607988
SAMPLE shape=1 round=2 variant=4 sample=26 ms=2.627583981
SAMPLE shape=1 round=2 variant=4 sample=27 ms=2.634720087
SAMPLE shape=1 round=2 variant=4 sample=28 ms=2.626559973
SAMPLE shape=1 round=2 variant=4 sample=29 ms=3.263488054
SAMPLE shape=1 round=2 variant=0 sample=0 ms=6.819839954
SAMPLE shape=1 round=2 variant=0 sample=1 ms=7.288832188
SAMPLE shape=1 round=2 variant=0 sample=2 ms=6.818816185
SAMPLE shape=1 round=2 variant=0 sample=3 ms=7.343103886
SAMPLE shape=1 round=2 variant=0 sample=4 ms=6.822912216
SAMPLE shape=1 round=2 variant=0 sample=5 ms=7.422976017
SAMPLE shape=1 round=2 variant=0 sample=6 ms=6.814367771
SAMPLE shape=1 round=2 variant=0 sample=7 ms=7.236608028
SAMPLE shape=1 round=2 variant=0 sample=8 ms=6.804480076
SAMPLE shape=1 round=2 variant=0 sample=9 ms=6.821599960
SAMPLE shape=1 round=2 variant=0 sample=10 ms=7.249919891
SAMPLE shape=1 round=2 variant=0 sample=11 ms=6.821887970
SAMPLE shape=1 round=2 variant=0 sample=12 ms=7.531519890
SAMPLE shape=1 round=2 variant=0 sample=13 ms=7.101439953
SAMPLE shape=1 round=2 variant=0 sample=14 ms=7.242752075
SAMPLE shape=1 round=2 variant=0 sample=15 ms=6.819839954
SAMPLE shape=1 round=2 variant=0 sample=16 ms=6.841311932
SAMPLE shape=1 round=2 variant=0 sample=17 ms=7.326720238
SAMPLE shape=1 round=2 variant=0 sample=18 ms=6.830080032
SAMPLE shape=1 round=2 variant=0 sample=19 ms=7.161856174
SAMPLE shape=1 round=2 variant=0 sample=20 ms=7.029600143
SAMPLE shape=1 round=2 variant=0 sample=21 ms=7.332863808
SAMPLE shape=1 round=2 variant=0 sample=22 ms=6.816768169
SAMPLE shape=1 round=2 variant=0 sample=23 ms=6.818816185
SAMPLE shape=1 round=2 variant=0 sample=24 ms=7.178016186
SAMPLE shape=1 round=2 variant=0 sample=25 ms=6.819744110
SAMPLE shape=1 round=2 variant=0 sample=26 ms=7.269375801
SAMPLE shape=1 round=2 variant=0 sample=27 ms=6.823935986
SAMPLE shape=1 round=2 variant=0 sample=28 ms=7.222080231
SAMPLE shape=1 round=2 variant=0 sample=29 ms=6.803455830
SAMPLE shape=1 round=2 variant=1 sample=0 ms=4.937759876
SAMPLE shape=1 round=2 variant=1 sample=1 ms=4.985856056
SAMPLE shape=1 round=2 variant=1 sample=2 ms=5.022719860
SAMPLE shape=1 round=2 variant=1 sample=3 ms=4.844511986
SAMPLE shape=1 round=2 variant=1 sample=4 ms=4.831232071
SAMPLE shape=1 round=2 variant=1 sample=5 ms=5.453599930
SAMPLE shape=1 round=2 variant=1 sample=6 ms=4.774911880
SAMPLE shape=1 round=2 variant=1 sample=7 ms=4.808576107
SAMPLE shape=1 round=2 variant=1 sample=8 ms=5.300960064
SAMPLE shape=1 round=2 variant=1 sample=9 ms=4.769792080
SAMPLE shape=1 round=2 variant=1 sample=10 ms=4.777919769
SAMPLE shape=1 round=2 variant=1 sample=11 ms=5.495808125
SAMPLE shape=1 round=2 variant=1 sample=12 ms=4.768799782
SAMPLE shape=1 round=2 variant=1 sample=13 ms=4.773888111
SAMPLE shape=1 round=2 variant=1 sample=14 ms=4.792319775
SAMPLE shape=1 round=2 variant=1 sample=15 ms=5.178368092
SAMPLE shape=1 round=2 variant=1 sample=16 ms=4.777984142
SAMPLE shape=1 round=2 variant=1 sample=17 ms=4.769792080
SAMPLE shape=1 round=2 variant=1 sample=18 ms=5.236735821
SAMPLE shape=1 round=2 variant=1 sample=19 ms=4.773632050
SAMPLE shape=1 round=2 variant=1 sample=20 ms=4.768608093
SAMPLE shape=1 round=2 variant=1 sample=21 ms=5.207136154
SAMPLE shape=1 round=2 variant=1 sample=22 ms=4.769536018
SAMPLE shape=1 round=2 variant=1 sample=23 ms=4.769792080
SAMPLE shape=1 round=2 variant=1 sample=24 ms=4.771552086
SAMPLE shape=1 round=2 variant=1 sample=25 ms=4.994048119
SAMPLE shape=1 round=2 variant=1 sample=26 ms=4.768767834
SAMPLE shape=1 round=2 variant=1 sample=27 ms=4.774911880
SAMPLE shape=1 round=2 variant=1 sample=28 ms=5.338111877
SAMPLE shape=1 round=2 variant=1 sample=29 ms=4.776832104
SAMPLE shape=1 round=2 variant=2 sample=0 ms=3.805183887
SAMPLE shape=1 round=2 variant=2 sample=1 ms=3.807231903
SAMPLE shape=1 round=2 variant=2 sample=2 ms=3.804160118
SAMPLE shape=1 round=2 variant=2 sample=3 ms=4.251552105
SAMPLE shape=1 round=2 variant=2 sample=4 ms=3.804160118
SAMPLE shape=1 round=2 variant=2 sample=5 ms=3.809151888
SAMPLE shape=1 round=2 variant=2 sample=6 ms=3.808255911
SAMPLE shape=1 round=2 variant=2 sample=7 ms=4.312064171
SAMPLE shape=1 round=2 variant=2 sample=8 ms=3.805056095
SAMPLE shape=1 round=2 variant=2 sample=9 ms=3.804160118
SAMPLE shape=1 round=2 variant=2 sample=10 ms=3.803967953
SAMPLE shape=1 round=2 variant=2 sample=11 ms=4.332575798
SAMPLE shape=1 round=2 variant=2 sample=12 ms=3.804160118
SAMPLE shape=1 round=2 variant=2 sample=13 ms=3.820512056
SAMPLE shape=1 round=2 variant=2 sample=14 ms=3.805183887
SAMPLE shape=1 round=2 variant=2 sample=15 ms=4.378655910
SAMPLE shape=1 round=2 variant=2 sample=16 ms=3.809279919
SAMPLE shape=1 round=2 variant=2 sample=17 ms=3.940288067
SAMPLE shape=1 round=2 variant=2 sample=18 ms=3.811968088
SAMPLE shape=1 round=2 variant=2 sample=19 ms=4.575871944
SAMPLE shape=1 round=2 variant=2 sample=20 ms=3.805183887
SAMPLE shape=1 round=2 variant=2 sample=21 ms=3.810303926
SAMPLE shape=1 round=2 variant=2 sample=22 ms=3.818495989
SAMPLE shape=1 round=2 variant=2 sample=23 ms=4.315999985
SAMPLE shape=1 round=2 variant=2 sample=24 ms=3.812351942
SAMPLE shape=1 round=2 variant=2 sample=25 ms=3.807231903
SAMPLE shape=1 round=2 variant=2 sample=26 ms=3.803263903
SAMPLE shape=1 round=2 variant=2 sample=27 ms=4.270143986
SAMPLE shape=1 round=2 variant=2 sample=28 ms=3.976191998
SAMPLE shape=1 round=2 variant=2 sample=29 ms=3.825664043
SAMPLE shape=1 round=2 variant=3 sample=0 ms=3.116031885
SAMPLE shape=1 round=2 variant=3 sample=1 ms=2.692095995
SAMPLE shape=1 round=2 variant=3 sample=2 ms=2.700128078
SAMPLE shape=1 round=2 variant=3 sample=3 ms=2.696192026
SAMPLE shape=1 round=2 variant=3 sample=4 ms=2.700000048
SAMPLE shape=1 round=2 variant=3 sample=5 ms=2.696192026
SAMPLE shape=1 round=2 variant=3 sample=6 ms=3.111936092
SAMPLE shape=1 round=2 variant=3 sample=7 ms=2.696192026
SAMPLE shape=1 round=2 variant=3 sample=8 ms=2.701087952
SAMPLE shape=1 round=2 variant=3 sample=9 ms=2.697216034
SAMPLE shape=1 round=2 variant=3 sample=10 ms=2.700288057
SAMPLE shape=1 round=2 variant=3 sample=11 ms=2.699264050
SAMPLE shape=1 round=2 variant=3 sample=12 ms=3.124223948
SAMPLE shape=1 round=2 variant=3 sample=13 ms=2.692095995
SAMPLE shape=1 round=2 variant=3 sample=14 ms=2.693919897
SAMPLE shape=1 round=2 variant=3 sample=15 ms=2.700288057
SAMPLE shape=1 round=2 variant=3 sample=16 ms=2.698240042
SAMPLE shape=1 round=2 variant=3 sample=17 ms=2.697216034
SAMPLE shape=1 round=2 variant=3 sample=18 ms=3.118144035
SAMPLE shape=1 round=2 variant=3 sample=19 ms=2.718719959
SAMPLE shape=1 round=2 variant=3 sample=20 ms=2.695168018
SAMPLE shape=1 round=2 variant=3 sample=21 ms=2.696928024
SAMPLE shape=1 round=2 variant=3 sample=22 ms=2.696192026
SAMPLE shape=1 round=2 variant=3 sample=23 ms=2.699264050
SAMPLE shape=1 round=2 variant=3 sample=24 ms=3.232768059
SAMPLE shape=1 round=2 variant=3 sample=25 ms=2.694144011
SAMPLE shape=1 round=2 variant=3 sample=26 ms=2.697216034
SAMPLE shape=1 round=2 variant=3 sample=27 ms=2.696192026
SAMPLE shape=1 round=2 variant=3 sample=28 ms=2.692095995
SAMPLE shape=1 round=2 variant=3 sample=29 ms=2.879487991
SAMPLE shape=2 round=0 variant=0 sample=0 ms=7.491583824
SAMPLE shape=2 round=0 variant=0 sample=1 ms=7.114751816
SAMPLE shape=2 round=0 variant=0 sample=2 ms=7.866367817
SAMPLE shape=2 round=0 variant=0 sample=3 ms=7.434239864
SAMPLE shape=2 round=0 variant=0 sample=4 ms=6.878208160
SAMPLE shape=2 round=0 variant=0 sample=5 ms=7.819263935
SAMPLE shape=2 round=0 variant=0 sample=6 ms=6.965248108
SAMPLE shape=2 round=0 variant=0 sample=7 ms=7.643104076
SAMPLE shape=2 round=0 variant=0 sample=8 ms=6.886271954
SAMPLE shape=2 round=0 variant=0 sample=9 ms=7.321599960
SAMPLE shape=2 round=0 variant=0 sample=10 ms=6.884352207
SAMPLE shape=2 round=0 variant=0 sample=11 ms=7.104447842
SAMPLE shape=2 round=0 variant=0 sample=12 ms=6.866943836
SAMPLE shape=2 round=0 variant=0 sample=13 ms=6.884255886
SAMPLE shape=2 round=0 variant=0 sample=14 ms=7.310336113
SAMPLE shape=2 round=0 variant=0 sample=15 ms=6.926239967
SAMPLE shape=2 round=0 variant=0 sample=16 ms=7.318175793
SAMPLE shape=2 round=0 variant=0 sample=17 ms=7.100063801
SAMPLE shape=2 round=0 variant=0 sample=18 ms=8.175616264
SAMPLE shape=2 round=0 variant=0 sample=19 ms=6.882304192
SAMPLE shape=2 round=0 variant=0 sample=20 ms=6.880256176
SAMPLE shape=2 round=0 variant=0 sample=21 ms=7.109471798
SAMPLE shape=2 round=0 variant=0 sample=22 ms=6.882304192
SAMPLE shape=2 round=0 variant=0 sample=23 ms=7.849984169
SAMPLE shape=2 round=0 variant=0 sample=24 ms=6.888351917
SAMPLE shape=2 round=0 variant=0 sample=25 ms=7.355391979
SAMPLE shape=2 round=0 variant=0 sample=26 ms=6.886400223
SAMPLE shape=2 round=0 variant=0 sample=27 ms=7.259903908
SAMPLE shape=2 round=0 variant=0 sample=28 ms=6.877183914
SAMPLE shape=2 round=0 variant=0 sample=29 ms=6.885375977
SAMPLE shape=2 round=0 variant=1 sample=0 ms=5.396224022
SAMPLE shape=2 round=0 variant=1 sample=1 ms=4.874239922
SAMPLE shape=2 round=0 variant=1 sample=2 ms=4.873216152
SAMPLE shape=2 round=0 variant=1 sample=3 ms=5.522431850
SAMPLE shape=2 round=0 variant=1 sample=4 ms=4.874239922
SAMPLE shape=2 round=0 variant=1 sample=5 ms=4.876287937
SAMPLE shape=2 round=0 variant=1 sample=6 ms=5.312479973
SAMPLE shape=2 round=0 variant=1 sample=7 ms=4.871168137
SAMPLE shape=2 round=0 variant=1 sample=8 ms=4.932352066
SAMPLE shape=2 round=0 variant=1 sample=9 ms=4.875936031
SAMPLE shape=2 round=0 variant=1 sample=10 ms=5.197824001
SAMPLE shape=2 round=0 variant=1 sample=11 ms=4.929535866
SAMPLE shape=2 round=0 variant=1 sample=12 ms=4.876287937
SAMPLE shape=2 round=0 variant=1 sample=13 ms=5.397503853
SAMPLE shape=2 round=0 variant=1 sample=14 ms=4.874239922
SAMPLE shape=2 round=0 variant=1 sample=15 ms=4.871168137
SAMPLE shape=2 round=0 variant=1 sample=16 ms=5.220352173
SAMPLE shape=2 round=0 variant=1 sample=17 ms=4.877312183
SAMPLE shape=2 round=0 variant=1 sample=18 ms=4.916224003
SAMPLE shape=2 round=0 variant=1 sample=19 ms=5.396480083
SAMPLE shape=2 round=0 variant=1 sample=20 ms=4.874239922
SAMPLE shape=2 round=0 variant=1 sample=21 ms=4.864096165
SAMPLE shape=2 round=0 variant=1 sample=22 ms=4.871168137
SAMPLE shape=2 round=0 variant=1 sample=23 ms=5.320703983
SAMPLE shape=2 round=0 variant=1 sample=24 ms=4.874239922
SAMPLE shape=2 round=0 variant=1 sample=25 ms=4.955135822
SAMPLE shape=2 round=0 variant=1 sample=26 ms=5.212160110
SAMPLE shape=2 round=0 variant=1 sample=27 ms=4.900576115
SAMPLE shape=2 round=0 variant=1 sample=28 ms=4.865024090
SAMPLE shape=2 round=0 variant=1 sample=29 ms=5.084159851
SAMPLE shape=2 round=0 variant=2 sample=0 ms=0.649215996
SAMPLE shape=2 round=0 variant=2 sample=1 ms=0.482176006
SAMPLE shape=2 round=0 variant=2 sample=2 ms=0.482304007
SAMPLE shape=2 round=0 variant=2 sample=3 ms=0.473087996
SAMPLE shape=2 round=0 variant=2 sample=4 ms=0.477183998
SAMPLE shape=2 round=0 variant=2 sample=5 ms=0.476159990
SAMPLE shape=2 round=0 variant=2 sample=6 ms=0.472063988
SAMPLE shape=2 round=0 variant=2 sample=7 ms=0.493568003
SAMPLE shape=2 round=0 variant=2 sample=8 ms=0.477183998
SAMPLE shape=2 round=0 variant=2 sample=9 ms=0.708768010
SAMPLE shape=2 round=0 variant=2 sample=10 ms=0.471040010
SAMPLE shape=2 round=0 variant=2 sample=11 ms=0.479232013
SAMPLE shape=2 round=0 variant=2 sample=12 ms=0.478112012
SAMPLE shape=2 round=0 variant=2 sample=13 ms=0.479936004
SAMPLE shape=2 round=0 variant=2 sample=14 ms=0.477055997
SAMPLE shape=2 round=0 variant=2 sample=15 ms=0.475136012
SAMPLE shape=2 round=0 variant=2 sample=16 ms=0.478208005
SAMPLE shape=2 round=0 variant=2 sample=17 ms=0.472063988
SAMPLE shape=2 round=0 variant=2 sample=18 ms=0.477183998
SAMPLE shape=2 round=0 variant=2 sample=19 ms=0.477183998
SAMPLE shape=2 round=0 variant=2 sample=20 ms=0.476159990
SAMPLE shape=2 round=0 variant=2 sample=21 ms=0.473024011
SAMPLE shape=2 round=0 variant=2 sample=22 ms=0.475136012
SAMPLE shape=2 round=0 variant=2 sample=23 ms=0.496639997
SAMPLE shape=2 round=0 variant=2 sample=24 ms=0.484127998
SAMPLE shape=2 round=0 variant=2 sample=25 ms=0.474047989
SAMPLE shape=2 round=0 variant=2 sample=26 ms=0.484351993
SAMPLE shape=2 round=0 variant=2 sample=27 ms=0.473087996
SAMPLE shape=2 round=0 variant=2 sample=28 ms=0.475039989
SAMPLE shape=2 round=0 variant=2 sample=29 ms=0.479968011
SAMPLE shape=2 round=0 variant=3 sample=0 ms=2.774719954
SAMPLE shape=2 round=0 variant=3 sample=1 ms=2.774015903
SAMPLE shape=2 round=0 variant=3 sample=2 ms=2.799616098
SAMPLE shape=2 round=0 variant=3 sample=3 ms=2.807807922
SAMPLE shape=2 round=0 variant=3 sample=4 ms=2.770944118
SAMPLE shape=2 round=0 variant=3 sample=5 ms=3.141376019
SAMPLE shape=2 round=0 variant=3 sample=6 ms=2.838527918
SAMPLE shape=2 round=0 variant=3 sample=7 ms=2.785279989
SAMPLE shape=2 round=0 variant=3 sample=8 ms=2.778176069
SAMPLE shape=2 round=0 variant=3 sample=9 ms=2.779936075
SAMPLE shape=2 round=0 variant=3 sample=10 ms=3.326591969
SAMPLE shape=2 round=0 variant=3 sample=11 ms=2.814975977
SAMPLE shape=2 round=0 variant=3 sample=12 ms=2.776799917
SAMPLE shape=2 round=0 variant=3 sample=13 ms=2.778879881
SAMPLE shape=2 round=0 variant=3 sample=14 ms=2.971647978
SAMPLE shape=2 round=0 variant=3 sample=15 ms=2.768896103
SAMPLE shape=2 round=0 variant=3 sample=16 ms=3.329024076
SAMPLE shape=2 round=0 variant=3 sample=17 ms=2.773663998
SAMPLE shape=2 round=0 variant=3 sample=18 ms=2.781088114
SAMPLE shape=2 round=0 variant=3 sample=19 ms=2.769567966
SAMPLE shape=2 round=0 variant=3 sample=20 ms=2.775903940
SAMPLE shape=2 round=0 variant=3 sample=21 ms=2.995199919
SAMPLE shape=2 round=0 variant=3 sample=22 ms=2.764800072
SAMPLE shape=2 round=0 variant=3 sample=23 ms=2.777087927
SAMPLE shape=2 round=0 variant=3 sample=24 ms=2.772991896
SAMPLE shape=2 round=0 variant=3 sample=25 ms=2.772991896
SAMPLE shape=2 round=0 variant=3 sample=26 ms=2.803423882
SAMPLE shape=2 round=0 variant=3 sample=27 ms=3.223551989
SAMPLE shape=2 round=0 variant=3 sample=28 ms=2.771967888
SAMPLE shape=2 round=0 variant=3 sample=29 ms=2.776063919
SAMPLE shape=2 round=0 variant=4 sample=0 ms=0.411648005
SAMPLE shape=2 round=0 variant=4 sample=1 ms=0.415744007
SAMPLE shape=2 round=0 variant=4 sample=2 ms=0.560127974
SAMPLE shape=2 round=0 variant=4 sample=3 ms=0.405503988
SAMPLE shape=2 round=0 variant=4 sample=4 ms=0.408351988
SAMPLE shape=2 round=0 variant=4 sample=5 ms=0.408448011
SAMPLE shape=2 round=0 variant=4 sample=6 ms=0.414719999
SAMPLE shape=2 round=0 variant=4 sample=7 ms=0.418496013
SAMPLE shape=2 round=0 variant=4 sample=8 ms=0.422719985
SAMPLE shape=2 round=0 variant=4 sample=9 ms=0.415744007
SAMPLE shape=2 round=0 variant=4 sample=10 ms=0.407231987
SAMPLE shape=2 round=0 variant=4 sample=11 ms=0.420863986
SAMPLE shape=2 round=0 variant=4 sample=12 ms=0.415744007
SAMPLE shape=2 round=0 variant=4 sample=13 ms=0.414719999
SAMPLE shape=2 round=0 variant=4 sample=14 ms=0.414687991
SAMPLE shape=2 round=0 variant=4 sample=15 ms=0.414656013
SAMPLE shape=2 round=0 variant=4 sample=16 ms=0.409599990
SAMPLE shape=2 round=0 variant=4 sample=17 ms=0.413695991
SAMPLE shape=2 round=0 variant=4 sample=18 ms=0.410688013
SAMPLE shape=2 round=0 variant=4 sample=19 ms=0.416512012
SAMPLE shape=2 round=0 variant=4 sample=20 ms=0.411648005
SAMPLE shape=2 round=0 variant=4 sample=21 ms=0.414719999
SAMPLE shape=2 round=0 variant=4 sample=22 ms=0.408576012
SAMPLE shape=2 round=0 variant=4 sample=23 ms=0.413471997
SAMPLE shape=2 round=0 variant=4 sample=24 ms=0.412672013
SAMPLE shape=2 round=0 variant=4 sample=25 ms=0.409599990
SAMPLE shape=2 round=0 variant=4 sample=26 ms=0.410719991
SAMPLE shape=2 round=0 variant=4 sample=27 ms=0.408576012
SAMPLE shape=2 round=0 variant=4 sample=28 ms=0.411520004
SAMPLE shape=2 round=0 variant=4 sample=29 ms=0.408576012
SAMPLE shape=2 round=1 variant=2 sample=0 ms=0.480255991
SAMPLE shape=2 round=1 variant=2 sample=1 ms=0.470784009
SAMPLE shape=2 round=1 variant=2 sample=2 ms=0.474112004
SAMPLE shape=2 round=1 variant=2 sample=3 ms=0.473760009
SAMPLE shape=2 round=1 variant=2 sample=4 ms=0.468991995
SAMPLE shape=2 round=1 variant=2 sample=5 ms=0.470016003
SAMPLE shape=2 round=1 variant=2 sample=6 ms=0.475136012
SAMPLE shape=2 round=1 variant=2 sample=7 ms=0.475136012
SAMPLE shape=2 round=1 variant=2 sample=8 ms=0.474016011
SAMPLE shape=2 round=1 variant=2 sample=9 ms=0.478208005
SAMPLE shape=2 round=1 variant=2 sample=10 ms=0.476063997
SAMPLE shape=2 round=1 variant=2 sample=11 ms=0.475136012
SAMPLE shape=2 round=1 variant=2 sample=12 ms=0.478208005
SAMPLE shape=2 round=1 variant=2 sample=13 ms=0.477183998
SAMPLE shape=2 round=1 variant=2 sample=14 ms=0.474079996
SAMPLE shape=2 round=1 variant=2 sample=15 ms=0.470016003
SAMPLE shape=2 round=1 variant=2 sample=16 ms=0.476063997
SAMPLE shape=2 round=1 variant=2 sample=17 ms=0.474112004
SAMPLE shape=2 round=1 variant=2 sample=18 ms=0.668672025
SAMPLE shape=2 round=1 variant=2 sample=19 ms=0.826367974
SAMPLE shape=2 round=1 variant=2 sample=20 ms=0.470815986
SAMPLE shape=2 round=1 variant=2 sample=21 ms=0.475136012
SAMPLE shape=2 round=1 variant=2 sample=22 ms=0.473951995
SAMPLE shape=2 round=1 variant=2 sample=23 ms=0.468991995
SAMPLE shape=2 round=1 variant=2 sample=24 ms=0.480255991
SAMPLE shape=2 round=1 variant=2 sample=25 ms=0.479232013
SAMPLE shape=2 round=1 variant=2 sample=26 ms=0.475136012
SAMPLE shape=2 round=1 variant=2 sample=27 ms=0.474112004
SAMPLE shape=2 round=1 variant=2 sample=28 ms=0.474815995
SAMPLE shape=2 round=1 variant=2 sample=29 ms=0.474112004
SAMPLE shape=2 round=1 variant=3 sample=0 ms=3.089407921
SAMPLE shape=2 round=1 variant=3 sample=1 ms=2.985984087
SAMPLE shape=2 round=1 variant=3 sample=2 ms=2.777823925
SAMPLE shape=2 round=1 variant=3 sample=3 ms=2.775039911
SAMPLE shape=2 round=1 variant=3 sample=4 ms=2.770879984
SAMPLE shape=2 round=1 variant=3 sample=5 ms=2.786240101
SAMPLE shape=2 round=1 variant=3 sample=6 ms=3.329024076
SAMPLE shape=2 round=1 variant=3 sample=7 ms=2.774015903
SAMPLE shape=2 round=1 variant=3 sample=8 ms=2.777087927
SAMPLE shape=2 round=1 variant=3 sample=9 ms=2.774879932
SAMPLE shape=2 round=1 variant=3 sample=10 ms=2.774015903
SAMPLE shape=2 round=1 variant=3 sample=11 ms=2.774015903
SAMPLE shape=2 round=1 variant=3 sample=12 ms=3.189471960
SAMPLE shape=2 round=1 variant=3 sample=13 ms=2.767776012
SAMPLE shape=2 round=1 variant=3 sample=14 ms=2.776063919
SAMPLE shape=2 round=1 variant=3 sample=15 ms=2.772991896
SAMPLE shape=2 round=1 variant=3 sample=16 ms=2.773632050
SAMPLE shape=2 round=1 variant=3 sample=17 ms=2.769920111
SAMPLE shape=2 round=1 variant=3 sample=18 ms=2.983936071
SAMPLE shape=2 round=1 variant=3 sample=19 ms=2.775039911
SAMPLE shape=2 round=1 variant=3 sample=20 ms=2.771744013
SAMPLE shape=2 round=1 variant=3 sample=21 ms=2.776832104
SAMPLE shape=2 round=1 variant=3 sample=22 ms=2.769920111
SAMPLE shape=2 round=1 variant=3 sample=23 ms=3.299328089
SAMPLE shape=2 round=1 variant=3 sample=24 ms=2.782207966
SAMPLE shape=2 round=1 variant=3 sample=25 ms=2.844511986
SAMPLE shape=2 round=1 variant=3 sample=26 ms=2.772991896
SAMPLE shape=2 round=1 variant=3 sample=27 ms=2.774015903
SAMPLE shape=2 round=1 variant=3 sample=28 ms=2.770751953
SAMPLE shape=2 round=1 variant=3 sample=29 ms=3.191807985
SAMPLE shape=2 round=1 variant=4 sample=0 ms=0.489472002
SAMPLE shape=2 round=1 variant=4 sample=1 ms=0.419840008
SAMPLE shape=2 round=1 variant=4 sample=2 ms=0.423936009
SAMPLE shape=2 round=1 variant=4 sample=3 ms=0.416768014
SAMPLE shape=2 round=1 variant=4 sample=4 ms=0.410623997
SAMPLE shape=2 round=1 variant=4 sample=5 ms=0.413504004
SAMPLE shape=2 round=1 variant=4 sample=6 ms=0.413664013
SAMPLE shape=2 round=1 variant=4 sample=7 ms=0.496448010
SAMPLE shape=2 round=1 variant=4 sample=8 ms=0.583616018
SAMPLE shape=2 round=1 variant=4 sample=9 ms=0.413695991
SAMPLE shape=2 round=1 variant=4 sample=10 ms=0.405503988
SAMPLE shape=2 round=1 variant=4 sample=11 ms=0.405503988
SAMPLE shape=2 round=1 variant=4 sample=12 ms=0.409599990
SAMPLE shape=2 round=1 variant=4 sample=13 ms=0.408576012
SAMPLE shape=2 round=1 variant=4 sample=14 ms=0.413695991
SAMPLE shape=2 round=1 variant=4 sample=15 ms=0.414496005
SAMPLE shape=2 round=1 variant=4 sample=16 ms=0.419840008
SAMPLE shape=2 round=1 variant=4 sample=17 ms=0.408576012
SAMPLE shape=2 round=1 variant=4 sample=18 ms=0.418431997
SAMPLE shape=2 round=1 variant=4 sample=19 ms=0.412575990
SAMPLE shape=2 round=1 variant=4 sample=20 ms=0.414719999
SAMPLE shape=2 round=1 variant=4 sample=21 ms=0.410623997
SAMPLE shape=2 round=1 variant=4 sample=22 ms=0.412672013
SAMPLE shape=2 round=1 variant=4 sample=23 ms=0.415744007
SAMPLE shape=2 round=1 variant=4 sample=24 ms=0.447488010
SAMPLE shape=2 round=1 variant=4 sample=25 ms=0.413695991
SAMPLE shape=2 round=1 variant=4 sample=26 ms=0.417791992
SAMPLE shape=2 round=1 variant=4 sample=27 ms=0.412319988
SAMPLE shape=2 round=1 variant=4 sample=28 ms=0.414719999
SAMPLE shape=2 round=1 variant=4 sample=29 ms=0.415744007
SAMPLE shape=2 round=1 variant=0 sample=0 ms=6.880256176
SAMPLE shape=2 round=1 variant=0 sample=1 ms=6.879231930
SAMPLE shape=2 round=1 variant=0 sample=2 ms=7.417856216
SAMPLE shape=2 round=1 variant=0 sample=3 ms=6.882304192
SAMPLE shape=2 round=1 variant=0 sample=4 ms=7.607295990
SAMPLE shape=2 round=1 variant=0 sample=5 ms=6.880256176
SAMPLE shape=2 round=1 variant=0 sample=6 ms=7.456575871
SAMPLE shape=2 round=1 variant=0 sample=7 ms=6.885375977
SAMPLE shape=2 round=1 variant=0 sample=8 ms=7.065599918
SAMPLE shape=2 round=1 variant=0 sample=9 ms=6.872064114
SAMPLE shape=2 round=1 variant=0 sample=10 ms=6.879231930
SAMPLE shape=2 round=1 variant=0 sample=11 ms=7.385087967
SAMPLE shape=2 round=1 variant=0 sample=12 ms=6.929408073
SAMPLE shape=2 round=1 variant=0 sample=13 ms=7.327744007
SAMPLE shape=2 round=1 variant=0 sample=14 ms=6.887199879
SAMPLE shape=2 round=1 variant=0 sample=15 ms=7.376895905
SAMPLE shape=2 round=1 variant=0 sample=16 ms=6.883327961
SAMPLE shape=2 round=1 variant=0 sample=17 ms=6.886400223
SAMPLE shape=2 round=1 variant=0 sample=18 ms=7.325759888
SAMPLE shape=2 round=1 variant=0 sample=19 ms=6.896639824
SAMPLE shape=2 round=1 variant=0 sample=20 ms=7.495679855
SAMPLE shape=2 round=1 variant=0 sample=21 ms=6.884352207
SAMPLE shape=2 round=1 variant=0 sample=22 ms=7.555871964
SAMPLE shape=2 round=1 variant=0 sample=23 ms=7.124991894
SAMPLE shape=2 round=1 variant=0 sample=24 ms=6.880256176
SAMPLE shape=2 round=1 variant=0 sample=25 ms=7.377632141
SAMPLE shape=2 round=1 variant=0 sample=26 ms=6.885375977
SAMPLE shape=2 round=1 variant=0 sample=27 ms=7.482367992
SAMPLE shape=2 round=1 variant=0 sample=28 ms=7.114751816
SAMPLE shape=2 round=1 variant=0 sample=29 ms=7.395328045
SAMPLE shape=2 round=1 variant=1 sample=0 ms=5.057536125
SAMPLE shape=2 round=1 variant=1 sample=1 ms=4.864831924
SAMPLE shape=2 round=1 variant=1 sample=2 ms=5.550079823
SAMPLE shape=2 round=1 variant=1 sample=3 ms=4.873216152
SAMPLE shape=2 round=1 variant=1 sample=4 ms=4.864736080
SAMPLE shape=2 round=1 variant=1 sample=5 ms=5.668640137
SAMPLE shape=2 round=1 variant=1 sample=6 ms=5.122047901
SAMPLE shape=2 round=1 variant=1 sample=7 ms=4.865024090
SAMPLE shape=2 round=1 variant=1 sample=8 ms=5.417823792
SAMPLE shape=2 round=1 variant=1 sample=9 ms=4.870143890
SAMPLE shape=2 round=1 variant=1 sample=10 ms=4.869120121
SAMPLE shape=2 round=1 variant=1 sample=11 ms=4.872191906
SAMPLE shape=2 round=1 variant=1 sample=12 ms=5.246975899
SAMPLE shape=2 round=1 variant=1 sample=13 ms=4.936704159
SAMPLE shape=2 round=1 variant=1 sample=14 ms=4.974495888
SAMPLE shape=2 round=1 variant=1 sample=15 ms=5.601280212
SAMPLE shape=2 round=1 variant=1 sample=16 ms=4.874048233
SAMPLE shape=2 round=1 variant=1 sample=17 ms=4.874176025
SAMPLE shape=2 round=1 variant=1 sample=18 ms=5.506048203
SAMPLE shape=2 round=1 variant=1 sample=19 ms=4.870944023
SAMPLE shape=2 round=1 variant=1 sample=20 ms=4.869120121
SAMPLE shape=2 round=1 variant=1 sample=21 ms=5.470335960
SAMPLE shape=2 round=1 variant=1 sample=22 ms=4.877056122
SAMPLE shape=2 round=1 variant=1 sample=23 ms=4.874239922
SAMPLE shape=2 round=1 variant=1 sample=24 ms=5.328896046
SAMPLE shape=2 round=1 variant=1 sample=25 ms=4.868095875
SAMPLE shape=2 round=1 variant=1 sample=26 ms=4.872191906
SAMPLE shape=2 round=1 variant=1 sample=27 ms=5.063424110
SAMPLE shape=2 round=1 variant=1 sample=28 ms=4.855807781
SAMPLE shape=2 round=1 variant=1 sample=29 ms=4.958208084
SAMPLE shape=2 round=2 variant=4 sample=0 ms=0.422592014
SAMPLE shape=2 round=2 variant=4 sample=1 ms=0.418816000
SAMPLE shape=2 round=2 variant=4 sample=2 ms=0.414368004
SAMPLE shape=2 round=2 variant=4 sample=3 ms=0.422784001
SAMPLE shape=2 round=2 variant=4 sample=4 ms=0.440319985
SAMPLE shape=2 round=2 variant=4 sample=5 ms=0.413599998
SAMPLE shape=2 round=2 variant=4 sample=6 ms=0.408479989
SAMPLE shape=2 round=2 variant=4 sample=7 ms=0.411648005
SAMPLE shape=2 round=2 variant=4 sample=8 ms=0.413536012
SAMPLE shape=2 round=2 variant=4 sample=9 ms=0.415744007
SAMPLE shape=2 round=2 variant=4 sample=10 ms=0.412351996
SAMPLE shape=2 round=2 variant=4 sample=11 ms=0.411424011
SAMPLE shape=2 round=2 variant=4 sample=12 ms=0.406560004
SAMPLE shape=2 round=2 variant=4 sample=13 ms=0.421792001
SAMPLE shape=2 round=2 variant=4 sample=14 ms=0.416768014
SAMPLE shape=2 round=2 variant=4 sample=15 ms=0.410623997
SAMPLE shape=2 round=2 variant=4 sample=16 ms=0.415423989
SAMPLE shape=2 round=2 variant=4 sample=17 ms=0.412672013
SAMPLE shape=2 round=2 variant=4 sample=18 ms=0.413695991
SAMPLE shape=2 round=2 variant=4 sample=19 ms=0.417791992
SAMPLE shape=2 round=2 variant=4 sample=20 ms=0.406527996
SAMPLE shape=2 round=2 variant=4 sample=21 ms=0.416768014
SAMPLE shape=2 round=2 variant=4 sample=22 ms=0.410528004
SAMPLE shape=2 round=2 variant=4 sample=23 ms=0.410623997
SAMPLE shape=2 round=2 variant=4 sample=24 ms=0.411615998
SAMPLE shape=2 round=2 variant=4 sample=25 ms=0.445152014
SAMPLE shape=2 round=2 variant=4 sample=26 ms=0.413695991
SAMPLE shape=2 round=2 variant=4 sample=27 ms=0.432000011
SAMPLE shape=2 round=2 variant=4 sample=28 ms=0.435968012
SAMPLE shape=2 round=2 variant=4 sample=29 ms=0.418592006
SAMPLE shape=2 round=2 variant=0 sample=0 ms=6.889344215
SAMPLE shape=2 round=2 variant=0 sample=1 ms=7.102464199
SAMPLE shape=2 round=2 variant=0 sample=2 ms=6.880000114
SAMPLE shape=2 round=2 variant=0 sample=3 ms=7.320576191
SAMPLE shape=2 round=2 variant=0 sample=4 ms=6.884352207
SAMPLE shape=2 round=2 variant=0 sample=5 ms=7.600096226
SAMPLE shape=2 round=2 variant=0 sample=6 ms=6.884352207
SAMPLE shape=2 round=2 variant=0 sample=7 ms=6.879231930
SAMPLE shape=2 round=2 variant=0 sample=8 ms=7.440127850
SAMPLE shape=2 round=2 variant=0 sample=9 ms=6.888448238
SAMPLE shape=2 round=2 variant=0 sample=10 ms=7.294976234
SAMPLE shape=2 round=2 variant=0 sample=11 ms=6.883327961
SAMPLE shape=2 round=2 variant=0 sample=12 ms=7.565311909
SAMPLE shape=2 round=2 variant=0 sample=13 ms=6.885375977
SAMPLE shape=2 round=2 variant=0 sample=14 ms=7.166975975
SAMPLE shape=2 round=2 variant=0 sample=15 ms=7.104191780
SAMPLE shape=2 round=2 variant=0 sample=16 ms=6.884352207
SAMPLE shape=2 round=2 variant=0 sample=17 ms=7.135968208
SAMPLE shape=2 round=2 variant=0 sample=18 ms=6.926335812
SAMPLE shape=2 round=2 variant=0 sample=19 ms=7.531519890
SAMPLE shape=2 round=2 variant=0 sample=20 ms=6.884352207
SAMPLE shape=2 round=2 variant=0 sample=21 ms=7.290880203
SAMPLE shape=2 round=2 variant=0 sample=22 ms=6.875135899
SAMPLE shape=2 round=2 variant=0 sample=23 ms=6.884352207
SAMPLE shape=2 round=2 variant=0 sample=24 ms=7.216127872
SAMPLE shape=2 round=2 variant=0 sample=25 ms=6.892543793
SAMPLE shape=2 round=2 variant=0 sample=26 ms=7.290880203
SAMPLE shape=2 round=2 variant=0 sample=27 ms=6.892352104
SAMPLE shape=2 round=2 variant=0 sample=28 ms=7.360288143
SAMPLE shape=2 round=2 variant=0 sample=29 ms=6.882239819
SAMPLE shape=2 round=2 variant=1 sample=0 ms=5.055488110
SAMPLE shape=2 round=2 variant=1 sample=1 ms=5.253119946
SAMPLE shape=2 round=2 variant=1 sample=2 ms=4.874239922
SAMPLE shape=2 round=2 variant=1 sample=3 ms=4.874976158
SAMPLE shape=2 round=2 variant=1 sample=4 ms=5.335040092
SAMPLE shape=2 round=2 variant=1 sample=5 ms=4.916128159
SAMPLE shape=2 round=2 variant=1 sample=6 ms=4.868095875
SAMPLE shape=2 round=2 variant=1 sample=7 ms=5.222400188
SAMPLE shape=2 round=2 variant=1 sample=8 ms=4.869120121
SAMPLE shape=2 round=2 variant=1 sample=9 ms=4.872191906
SAMPLE shape=2 round=2 variant=1 sample=10 ms=4.915200233
SAMPLE shape=2 round=2 variant=1 sample=11 ms=5.447679996
SAMPLE shape=2 round=2 variant=1 sample=12 ms=4.869120121
SAMPLE shape=2 round=2 variant=1 sample=13 ms=4.872191906
SAMPLE shape=2 round=2 variant=1 sample=14 ms=5.435264111
SAMPLE shape=2 round=2 variant=1 sample=15 ms=4.913152218
SAMPLE shape=2 round=2 variant=1 sample=16 ms=4.854784012
SAMPLE shape=2 round=2 variant=1 sample=17 ms=5.215231895
SAMPLE shape=2 round=2 variant=1 sample=18 ms=4.870143890
SAMPLE shape=2 round=2 variant=1 sample=19 ms=4.869152069
SAMPLE shape=2 round=2 variant=1 sample=20 ms=4.863999844
SAMPLE shape=2 round=2 variant=1 sample=21 ms=5.253056049
SAMPLE shape=2 round=2 variant=1 sample=22 ms=4.868864059
SAMPLE shape=2 round=2 variant=1 sample=23 ms=4.866047859
SAMPLE shape=2 round=2 variant=1 sample=24 ms=5.313536167
SAMPLE shape=2 round=2 variant=1 sample=25 ms=4.866047859
SAMPLE shape=2 round=2 variant=1 sample=26 ms=4.869120121
SAMPLE shape=2 round=2 variant=1 sample=27 ms=5.526527882
SAMPLE shape=2 round=2 variant=1 sample=28 ms=5.070591927
SAMPLE shape=2 round=2 variant=1 sample=29 ms=4.866047859
SAMPLE shape=2 round=2 variant=2 sample=0 ms=0.479232013
SAMPLE shape=2 round=2 variant=2 sample=1 ms=0.478080004
SAMPLE shape=2 round=2 variant=2 sample=2 ms=0.476864010
SAMPLE shape=2 round=2 variant=2 sample=3 ms=0.509952009
SAMPLE shape=2 round=2 variant=2 sample=4 ms=0.512000024
SAMPLE shape=2 round=2 variant=2 sample=5 ms=0.472063988
SAMPLE shape=2 round=2 variant=2 sample=6 ms=0.475903988
SAMPLE shape=2 round=2 variant=2 sample=7 ms=0.476159990
SAMPLE shape=2 round=2 variant=2 sample=8 ms=0.473055989
SAMPLE shape=2 round=2 variant=2 sample=9 ms=0.486207992
SAMPLE shape=2 round=2 variant=2 sample=10 ms=0.475136012
SAMPLE shape=2 round=2 variant=2 sample=11 ms=0.477183998
SAMPLE shape=2 round=2 variant=2 sample=12 ms=0.479232013
SAMPLE shape=2 round=2 variant=2 sample=13 ms=0.474815995
SAMPLE shape=2 round=2 variant=2 sample=14 ms=0.473024011
SAMPLE shape=2 round=2 variant=2 sample=15 ms=0.473888010
SAMPLE shape=2 round=2 variant=2 sample=16 ms=0.470016003
SAMPLE shape=2 round=2 variant=2 sample=17 ms=0.480255991
SAMPLE shape=2 round=2 variant=2 sample=18 ms=0.876543999
SAMPLE shape=2 round=2 variant=2 sample=19 ms=0.471839994
SAMPLE shape=2 round=2 variant=2 sample=20 ms=0.473984003
SAMPLE shape=2 round=2 variant=2 sample=21 ms=0.478208005
SAMPLE shape=2 round=2 variant=2 sample=22 ms=0.467967987
SAMPLE shape=2 round=2 variant=2 sample=23 ms=0.478208005
SAMPLE shape=2 round=2 variant=2 sample=24 ms=0.479232013
SAMPLE shape=2 round=2 variant=2 sample=25 ms=0.477183998
SAMPLE shape=2 round=2 variant=2 sample=26 ms=0.477856010
SAMPLE shape=2 round=2 variant=2 sample=27 ms=0.476159990
SAMPLE shape=2 round=2 variant=2 sample=28 ms=0.479232013
SAMPLE shape=2 round=2 variant=2 sample=29 ms=0.476159990
SAMPLE shape=2 round=2 variant=3 sample=0 ms=2.774015903
SAMPLE shape=2 round=2 variant=3 sample=1 ms=3.216383934
SAMPLE shape=2 round=2 variant=3 sample=2 ms=2.778111935
SAMPLE shape=2 round=2 variant=3 sample=3 ms=2.817023993
SAMPLE shape=2 round=2 variant=3 sample=4 ms=2.775039911
SAMPLE shape=2 round=2 variant=3 sample=5 ms=2.809727907
SAMPLE shape=2 round=2 variant=3 sample=6 ms=3.115999937
SAMPLE shape=2 round=2 variant=3 sample=7 ms=2.760704041
SAMPLE shape=2 round=2 variant=3 sample=8 ms=2.815999985
SAMPLE shape=2 round=2 variant=3 sample=9 ms=2.800640106
SAMPLE shape=2 round=2 variant=3 sample=10 ms=2.810879946
SAMPLE shape=2 round=2 variant=3 sample=11 ms=2.773760080
SAMPLE shape=2 round=2 variant=3 sample=12 ms=3.116031885
SAMPLE shape=2 round=2 variant=3 sample=13 ms=2.774015903
SAMPLE shape=2 round=2 variant=3 sample=14 ms=2.776063919
SAMPLE shape=2 round=2 variant=3 sample=15 ms=2.768896103
SAMPLE shape=2 round=2 variant=3 sample=16 ms=2.790400028
SAMPLE shape=2 round=2 variant=3 sample=17 ms=2.784255981
SAMPLE shape=2 round=2 variant=3 sample=18 ms=3.324928045
SAMPLE shape=2 round=2 variant=3 sample=19 ms=2.772991896
SAMPLE shape=2 round=2 variant=3 sample=20 ms=2.825216055
SAMPLE shape=2 round=2 variant=3 sample=21 ms=2.763776064
SAMPLE shape=2 round=2 variant=3 sample=22 ms=2.770911932
SAMPLE shape=2 round=2 variant=3 sample=23 ms=3.371007919
SAMPLE shape=2 round=2 variant=3 sample=24 ms=2.826240063
SAMPLE shape=2 round=2 variant=3 sample=25 ms=2.782047987
SAMPLE shape=2 round=2 variant=3 sample=26 ms=2.774015903
SAMPLE shape=2 round=2 variant=3 sample=27 ms=2.777087927
SAMPLE shape=2 round=2 variant=3 sample=28 ms=2.817023993
SAMPLE shape=2 round=2 variant=3 sample=29 ms=3.365888119
BENCH_CHECK oracle=300000 blocks=61440 timed=1 PASS
