SAMPLE 1 0 0 1.109879
SAMPLE 1 0 1 1.107574
SAMPLE 1 0 2 1.107574
SAMPLE 1 0 3 1.107437
SAMPLE 1 0 4 1.107422
SAMPLE 1 0 5 1.448654
SAMPLE 1 0 6 1.401550
SAMPLE 1 0 7 1.108643
SAMPLE 1 0 8 1.107727
SAMPLE 1 1 0 3.877975
SAMPLE 1 1 1 3.933777
SAMPLE 1 1 2 4.124710
SAMPLE 1 1 3 3.810547
SAMPLE 1 1 4 3.794342
SAMPLE 1 1 5 3.840363
SAMPLE 1 1 6 3.991409
SAMPLE 1 1 7 3.785187
SAMPLE 1 1 8 3.869415
SAMPLE 32 0 0 17.198105
SAMPLE 32 0 1 17.113251
SAMPLE 32 0 2 17.338440
SAMPLE 32 0 3 16.760864
SAMPLE 32 0 4 17.418396
SAMPLE 32 0 5 16.912384
SAMPLE 32 0 6 17.007156
SAMPLE 32 0 7 16.883331
SAMPLE 32 0 8 17.151459
SAMPLE 32 1 0 16.931335
SAMPLE 32 1 1 16.809952
SAMPLE 32 1 2 17.202057
SAMPLE 32 1 3 18.285339
SAMPLE 32 1 4 17.149643
SAMPLE 32 1 5 18.638168
SAMPLE 32 1 6 17.080536
SAMPLE 32 1 7 17.038498
SAMPLE 32 1 8 17.291794
SAMPLE 257 0 0 33.284256
SAMPLE 257 0 1 28.840118
SAMPLE 257 0 2 27.795670
SAMPLE 257 0 3 27.742767
SAMPLE 257 0 4 27.953445
SAMPLE 257 0 5 27.292099
SAMPLE 257 0 6 28.540176
SAMPLE 257 0 7 27.410278
SAMPLE 257 0 8 27.684219
SAMPLE 257 1 0 28.493698
SAMPLE 257 1 1 28.064728
SAMPLE 257 1 2 27.837723
SAMPLE 257 1 3 28.314224
SAMPLE 257 1 4 27.789398
SAMPLE 257 1 5 27.824554
SAMPLE 257 1 6 27.653656
SAMPLE 257 1 7 29.716080
SAMPLE 257 1 8 28.614319
SAMPLE 4096 0 0 47.601639
SAMPLE 4096 0 1 44.833557
SAMPLE 4096 0 2 49.881790
SAMPLE 4096 0 3 42.557098
SAMPLE 4096 0 4 42.884857
SAMPLE 4096 0 5 47.898804
SAMPLE 4096 0 6 42.467514
SAMPLE 4096 0 7 41.875275
SAMPLE 4096 0 8 42.050766
SAMPLE 4096 1 0 41.863037
SAMPLE 4096 1 1 42.127365
SAMPLE 4096 1 2 44.117798
SAMPLE 4096 1 3 41.921127
SAMPLE 4096 1 4 42.449158
SAMPLE 4096 1 5 42.586441
SAMPLE 4096 1 6 42.041458
SAMPLE 4096 1 7 42.451157
SAMPLE 4096 1 8 42.699570
SAMPLE 20000 0 0 56.383972
SAMPLE 20000 0 1 53.448196
SAMPLE 20000 0 2 53.467758
SAMPLE 20000 0 3 52.403595
SAMPLE 20000 0 4 52.842957
SAMPLE 20000 0 5 55.041595
SAMPLE 20000 0 6 53.609314
SAMPLE 20000 0 7 52.718674
SAMPLE 20000 0 8 52.845108
SAMPLE 20000 1 0 61.642029
SAMPLE 20000 1 1 52.656143
SAMPLE 20000 1 2 52.897842
SAMPLE 20000 1 3 52.774323
SAMPLE 20000 1 4 52.185287
SAMPLE 20000 1 5 56.702423
SAMPLE 20000 1 6 53.395294
SAMPLE 20000 1 7 52.593018
SAMPLE 20000 1 8 52.406647
SAMPLE 65536 0 0 68.397339
SAMPLE 65536 0 1 68.377777
SAMPLE 65536 0 2 68.737030
SAMPLE 65536 0 3 69.851166
SAMPLE 65536 0 4 68.005219
SAMPLE 65536 0 5 68.612900
SAMPLE 65536 0 6 70.567719
SAMPLE 65536 0 7 68.273514
SAMPLE 65536 0 8 69.372375
SAMPLE 65536 1 0 68.100449
SAMPLE 65536 1 1 68.352249
SAMPLE 65536 1 2 69.563324
SAMPLE 65536 1 3 68.427917
SAMPLE 65536 1 4 68.639191
SAMPLE 65536 1 5 67.843781
SAMPLE 65536 1 6 69.117065
SAMPLE 65536 1 7 72.727814
SAMPLE 65536 1 8 79.216583
PASS per-query oracle and timed totals
