SAMPLE 1 0 0 1.245636
SAMPLE 1 0 1 1.107574
SAMPLE 1 0 2 1.107742
SAMPLE 1 0 3 1.107727
SAMPLE 1 0 4 1.107574
SAMPLE 1 0 5 1.107590
SAMPLE 1 0 6 1.107727
SAMPLE 1 0 7 1.107574
SAMPLE 1 0 8 1.107574
SAMPLE 1 1 0 3.869553
SAMPLE 1 1 1 3.862823
SAMPLE 1 1 2 4.326660
SAMPLE 1 1 3 3.812241
SAMPLE 1 1 4 3.809021
SAMPLE 1 1 5 3.811630
SAMPLE 1 1 6 3.808426
SAMPLE 1 1 7 3.806427
SAMPLE 1 1 8 3.803680
SAMPLE 32 0 0 16.826141
SAMPLE 32 0 1 16.699417
SAMPLE 32 0 2 18.367737
SAMPLE 32 0 3 17.217957
SAMPLE 32 0 4 16.824615
SAMPLE 32 0 5 17.106064
SAMPLE 32 0 6 16.825226
SAMPLE 32 0 7 18.012909
SAMPLE 32 0 8 16.873383
SAMPLE 32 1 0 17.542664
SAMPLE 32 1 1 17.022293
SAMPLE 32 1 2 21.831116
SAMPLE 32 1 3 17.351120
SAMPLE 32 1 4 17.529984
SAMPLE 32 1 5 16.929031
SAMPLE 32 1 6 17.009140
SAMPLE 32 1 7 17.688828
SAMPLE 32 1 8 16.996597
SAMPLE 257 0 0 28.146973
SAMPLE 257 0 1 28.159363
SAMPLE 257 0 2 28.269440
SAMPLE 257 0 3 28.089645
SAMPLE 257 0 4 27.445877
SAMPLE 257 0 5 27.726273
SAMPLE 257 0 6 27.459198
SAMPLE 257 0 7 27.778702
SAMPLE 257 0 8 27.840759
SAMPLE 257 1 0 28.084747
SAMPLE 257 1 1 27.284454
SAMPLE 257 1 2 27.533798
SAMPLE 257 1 3 28.282578
SAMPLE 257 1 4 27.982330
SAMPLE 257 1 5 29.781509
SAMPLE 257 1 6 28.654068
SAMPLE 257 1 7 28.816269
SAMPLE 257 1 8 27.880524
SAMPLE 4096 0 0 42.243393
SAMPLE 4096 0 1 42.117737
SAMPLE 4096 0 2 42.106735
SAMPLE 4096 0 3 52.863068
SAMPLE 4096 0 4 46.470078
SAMPLE 4096 0 5 42.463226
SAMPLE 4096 0 6 42.791595
SAMPLE 4096 0 7 43.043396
SAMPLE 4096 0 8 43.044907
SAMPLE 4096 1 0 42.347046
SAMPLE 4096 1 1 43.329407
SAMPLE 4096 1 2 43.370377
SAMPLE 4096 1 3 42.443512
SAMPLE 4096 1 4 42.828598
SAMPLE 4096 1 5 42.316772
SAMPLE 4096 1 6 42.819733
SAMPLE 4096 1 7 48.287521
SAMPLE 4096 1 8 42.661652
SAMPLE 20000 0 0 53.614380
SAMPLE 20000 0 1 53.232330
SAMPLE 20000 0 2 55.104889
SAMPLE 20000 0 3 54.635269
SAMPLE 20000 0 4 53.968567
SAMPLE 20000 0 5 53.306931
SAMPLE 20000 0 6 55.107330
SAMPLE 20000 0 7 54.284424
SAMPLE 20000 0 8 54.130478
SAMPLE 20000 1 0 53.991516
SAMPLE 20000 1 1 53.913834
SAMPLE 20000 1 2 53.645859
SAMPLE 20000 1 3 54.078323
SAMPLE 20000 1 4 53.926224
SAMPLE 20000 1 5 57.051758
SAMPLE 20000 1 6 53.204498
SAMPLE 20000 1 7 53.704102
SAMPLE 20000 1 8 54.206757
SAMPLE 65536 0 0 70.206009
SAMPLE 65536 0 1 73.133545
SAMPLE 65536 0 2 77.143402
SAMPLE 65536 0 3 69.700134
SAMPLE 65536 0 4 69.201462
SAMPLE 65536 0 5 73.443130
SAMPLE 65536 0 6 69.801651
SAMPLE 65536 0 7 71.278870
SAMPLE 65536 0 8 72.822296
SAMPLE 65536 1 0 71.348587
SAMPLE 65536 1 1 77.061966
SAMPLE 65536 1 2 71.477158
SAMPLE 65536 1 3 71.773132
SAMPLE 65536 1 4 78.202393
SAMPLE 65536 1 5 72.913727
SAMPLE 65536 1 6 70.961212
SAMPLE 65536 1 7 69.906677
SAMPLE 65536 1 8 78.201965
PASS per-query oracle and timed totals
