SAMPLE 1 0 0 1.121338
SAMPLE 1 0 1 1.181427
SAMPLE 1 0 2 1.120422
SAMPLE 1 0 3 1.121017
SAMPLE 1 0 4 1.121033
SAMPLE 1 0 5 1.314575
SAMPLE 1 0 6 1.126541
SAMPLE 1 0 7 1.126999
SAMPLE 1 0 8 1.126389
SAMPLE 1 1 0 3.789154
SAMPLE 1 1 1 4.059280
SAMPLE 1 1 2 3.796021
SAMPLE 1 1 3 6.212677
SAMPLE 1 1 4 3.939438
SAMPLE 1 1 5 4.106216
SAMPLE 1 1 6 6.254105
SAMPLE 1 1 7 3.987900
SAMPLE 1 1 8 3.836853
SAMPLE 32 0 0 16.872177
SAMPLE 32 0 1 17.087265
SAMPLE 32 0 2 19.286301
SAMPLE 32 0 3 26.197083
SAMPLE 32 0 4 17.781326
SAMPLE 32 0 5 16.783676
SAMPLE 32 0 6 16.876923
SAMPLE 32 0 7 16.880753
SAMPLE 32 0 8 17.237869
SAMPLE 32 1 0 17.138031
SAMPLE 32 1 1 17.367035
SAMPLE 32 1 2 17.076279
SAMPLE 32 1 3 23.413696
SAMPLE 32 1 4 17.803650
SAMPLE 32 1 5 17.191376
SAMPLE 32 1 6 16.967117
SAMPLE 32 1 7 17.041565
SAMPLE 32 1 8 17.076889
SAMPLE 257 0 0 27.931305
SAMPLE 257 0 1 34.063263
SAMPLE 257 0 2 28.522003
SAMPLE 257 0 3 28.050232
SAMPLE 257 0 4 28.450455
SAMPLE 257 0 5 27.866776
SAMPLE 257 0 6 27.921066
SAMPLE 257 0 7 27.977005
SAMPLE 257 0 8 28.078674
SAMPLE 257 1 0 28.129730
SAMPLE 257 1 1 28.023941
SAMPLE 257 1 2 28.034790
SAMPLE 257 1 3 28.149597
SAMPLE 257 1 4 34.067932
SAMPLE 257 1 5 29.298752
SAMPLE 257 1 6 32.814499
SAMPLE 257 1 7 27.471146
SAMPLE 257 1 8 27.619583
SAMPLE 4096 0 0 42.299698
SAMPLE 4096 0 1 41.712799
SAMPLE 4096 0 2 42.075577
SAMPLE 4096 0 3 42.198196
SAMPLE 4096 0 4 42.872513
SAMPLE 4096 0 5 42.537415
SAMPLE 4096 0 6 42.287308
SAMPLE 4096 0 7 41.995636
SAMPLE 4096 0 8 42.029419
SAMPLE 4096 1 0 45.808548
SAMPLE 4096 1 1 48.092880
SAMPLE 4096 1 2 42.336990
SAMPLE 4096 1 3 42.698227
SAMPLE 4096 1 4 42.534195
SAMPLE 4096 1 5 43.315094
SAMPLE 4096 1 6 49.340866
SAMPLE 4096 1 7 41.789551
SAMPLE 4096 1 8 42.244965
SAMPLE 20000 0 0 52.970505
SAMPLE 20000 0 1 52.931992
SAMPLE 20000 0 2 52.792862
SAMPLE 20000 0 3 52.497360
SAMPLE 20000 0 4 53.675262
SAMPLE 20000 0 5 53.334183
SAMPLE 20000 0 6 53.012390
SAMPLE 20000 0 7 52.032303
SAMPLE 20000 0 8 55.116623
SAMPLE 20000 1 0 53.207764
SAMPLE 20000 1 1 53.295364
SAMPLE 20000 1 2 52.680664
SAMPLE 20000 1 3 53.306229
SAMPLE 20000 1 4 53.867722
SAMPLE 20000 1 5 53.226578
SAMPLE 20000 1 6 52.770096
SAMPLE 20000 1 7 53.403458
SAMPLE 20000 1 8 53.251175
SAMPLE 65536 0 0 69.576843
SAMPLE 65536 0 1 74.463760
SAMPLE 65536 0 2 77.571976
SAMPLE 65536 0 3 68.468658
SAMPLE 65536 0 4 69.796066
SAMPLE 65536 0 5 71.235062
SAMPLE 65536 0 6 70.088959
SAMPLE 65536 0 7 69.454834
SAMPLE 65536 0 8 69.482819
SAMPLE 65536 1 0 70.617615
SAMPLE 65536 1 1 77.948944
SAMPLE 65536 1 2 69.916687
SAMPLE 65536 1 3 69.839615
SAMPLE 65536 1 4 72.370834
SAMPLE 65536 1 5 81.000107
SAMPLE 65536 1 6 71.869812
SAMPLE 65536 1 7 68.818436
SAMPLE 65536 1 8 68.327240
PASS per-query oracle and timed totals
