SAMPLE 1 0 0 1.149170
SAMPLE 1 0 1 1.146713
SAMPLE 1 0 2 1.145630
SAMPLE 1 0 3 1.145798
SAMPLE 1 0 4 1.145798
SAMPLE 1 0 5 1.145493
SAMPLE 1 0 6 1.916275
SAMPLE 1 0 7 1.148544
SAMPLE 1 0 8 1.145798
SAMPLE 1 1 0 3.909775
SAMPLE 1 1 1 3.904724
SAMPLE 1 1 2 3.908096
SAMPLE 1 1 3 3.905792
SAMPLE 1 1 4 3.894165
SAMPLE 1 1 5 3.881638
SAMPLE 1 1 6 3.881943
SAMPLE 1 1 7 3.885452
SAMPLE 1 1 8 3.886368
SAMPLE 32 0 0 17.472809
SAMPLE 32 0 1 16.932083
SAMPLE 32 0 2 23.564651
SAMPLE 32 0 3 21.440201
SAMPLE 32 0 4 17.160187
SAMPLE 32 0 5 17.684845
SAMPLE 32 0 6 17.097198
SAMPLE 32 0 7 17.229599
SAMPLE 32 0 8 17.217667
SAMPLE 32 1 0 17.319931
SAMPLE 32 1 1 17.310608
SAMPLE 32 1 2 18.374619
SAMPLE 32 1 3 17.308304
SAMPLE 32 1 4 17.310303
SAMPLE 32 1 5 17.404770
SAMPLE 32 1 6 17.688828
SAMPLE 32 1 7 17.589157
SAMPLE 32 1 8 17.429703
SAMPLE 257 0 0 27.551529
SAMPLE 257 0 1 28.462509
SAMPLE 257 0 2 31.965790
SAMPLE 257 0 3 28.044556
SAMPLE 257 0 4 28.696716
SAMPLE 257 0 5 28.394180
SAMPLE 257 0 6 28.308258
SAMPLE 257 0 7 27.788025
SAMPLE 257 0 8 28.120224
SAMPLE 257 1 0 28.841797
SAMPLE 257 1 1 28.478409
SAMPLE 257 1 2 28.146362
SAMPLE 257 1 3 28.332718
SAMPLE 257 1 4 29.395798
SAMPLE 257 1 5 28.477188
SAMPLE 257 1 6 28.469543
SAMPLE 257 1 7 28.564468
SAMPLE 257 1 8 28.965317
SAMPLE 4096 0 0 42.704758
SAMPLE 4096 0 1 42.726791
SAMPLE 4096 0 2 42.664413
SAMPLE 4096 0 3 42.515671
SAMPLE 4096 0 4 42.844193
SAMPLE 4096 0 5 47.781052
SAMPLE 4096 0 6 43.194595
SAMPLE 4096 0 7 42.238358
SAMPLE 4096 0 8 43.039719
SAMPLE 4096 1 0 42.531708
SAMPLE 4096 1 1 44.120239
SAMPLE 4096 1 2 43.167664
SAMPLE 4096 1 3 43.269943
SAMPLE 4096 1 4 42.454208
SAMPLE 4096 1 5 42.776627
SAMPLE 4096 1 6 43.243805
SAMPLE 4096 1 7 43.393936
SAMPLE 4096 1 8 43.111252
SAMPLE 20000 0 0 53.120422
SAMPLE 20000 0 1 53.860794
SAMPLE 20000 0 2 53.032211
SAMPLE 20000 0 3 54.340378
SAMPLE 20000 0 4 53.937241
SAMPLE 20000 0 5 53.736206
SAMPLE 20000 0 6 53.507187
SAMPLE 20000 0 7 53.111725
SAMPLE 20000 0 8 53.589447
SAMPLE 20000 1 0 52.922150
SAMPLE 20000 1 1 53.346832
SAMPLE 20000 1 2 52.888214
SAMPLE 20000 1 3 52.880249
SAMPLE 20000 1 4 54.116714
SAMPLE 20000 1 5 53.337814
SAMPLE 20000 1 6 52.897537
SAMPLE 20000 1 7 52.892807
SAMPLE 20000 1 8 53.095352
SAMPLE 65536 0 0 68.537369
SAMPLE 65536 0 1 68.634903
SAMPLE 65536 0 2 79.939545
SAMPLE 65536 0 3 69.389496
SAMPLE 65536 0 4 69.500031
SAMPLE 65536 0 5 75.187881
SAMPLE 65536 0 6 69.329727
SAMPLE 65536 0 7 68.815765
SAMPLE 65536 0 8 69.566223
SAMPLE 65536 1 0 70.193924
SAMPLE 65536 1 1 69.041245
SAMPLE 65536 1 2 79.705856
SAMPLE 65536 1 3 70.355820
SAMPLE 65536 1 4 68.019135
SAMPLE 65536 1 5 71.456055
SAMPLE 65536 1 6 70.058472
SAMPLE 65536 1 7 68.735641
SAMPLE 65536 1 8 67.734482
PASS per-query oracle and timed totals
