SAMPLE 1 0 0 1.108643
SAMPLE 1 0 1 1.107727
SAMPLE 1 0 2 1.107574
SAMPLE 1 0 3 1.107574
SAMPLE 1 0 4 1.107742
SAMPLE 1 0 5 1.107574
SAMPLE 1 0 6 1.167343
SAMPLE 1 0 7 1.142883
SAMPLE 1 0 8 1.107422
SAMPLE 1 1 0 3.840225
SAMPLE 1 1 1 3.915131
SAMPLE 1 1 2 3.870941
SAMPLE 1 1 3 3.859482
SAMPLE 1 1 4 3.871719
SAMPLE 1 1 5 3.936218
SAMPLE 1 1 6 3.873383
SAMPLE 1 1 7 3.817902
SAMPLE 1 1 8 3.998901
SAMPLE 32 0 0 17.024597
SAMPLE 32 0 1 16.892059
SAMPLE 32 0 2 17.276230
SAMPLE 32 0 3 17.074432
SAMPLE 32 0 4 17.193054
SAMPLE 32 0 5 16.898331
SAMPLE 32 0 6 19.146347
SAMPLE 32 0 7 16.953979
SAMPLE 32 0 8 16.987900
SAMPLE 32 1 0 17.109894
SAMPLE 32 1 1 17.094925
SAMPLE 32 1 2 17.232346
SAMPLE 32 1 3 17.759613
SAMPLE 32 1 4 17.202393
SAMPLE 32 1 5 16.971405
SAMPLE 32 1 6 17.741730
SAMPLE 32 1 7 16.934708
SAMPLE 32 1 8 16.922638
SAMPLE 257 0 0 27.574936
SAMPLE 257 0 1 27.633026
SAMPLE 257 0 2 27.648331
SAMPLE 257 0 3 27.561951
SAMPLE 257 0 4 28.006668
SAMPLE 257 0 5 33.516876
SAMPLE 257 0 6 33.102127
SAMPLE 257 0 7 28.189209
SAMPLE 257 0 8 27.493469
SAMPLE 257 1 0 28.202347
SAMPLE 257 1 1 28.287643
SAMPLE 257 1 2 28.491882
SAMPLE 257 1 3 27.894302
SAMPLE 257 1 4 27.837738
SAMPLE 257 1 5 27.738220
SAMPLE 257 1 6 28.020721
SAMPLE 257 1 7 27.840942
SAMPLE 257 1 8 39.266525
SAMPLE 4096 0 0 43.372147
SAMPLE 4096 0 1 52.645020
SAMPLE 4096 0 2 42.305954
SAMPLE 4096 0 3 41.965820
SAMPLE 4096 0 4 41.941666
SAMPLE 4096 0 5 43.307907
SAMPLE 4096 0 6 42.833374
SAMPLE 4096 0 7 42.270340
SAMPLE 4096 0 8 42.207352
SAMPLE 4096 1 0 42.100204
SAMPLE 4096 1 1 42.198029
SAMPLE 4096 1 2 42.231506
SAMPLE 4096 1 3 42.005417
SAMPLE 4096 1 4 50.654831
SAMPLE 4096 1 5 44.255951
SAMPLE 4096 1 6 42.351822
SAMPLE 4096 1 7 41.811722
SAMPLE 4096 1 8 42.529312
SAMPLE 20000 0 0 58.640625
SAMPLE 20000 0 1 54.288895
SAMPLE 20000 0 2 53.971848
SAMPLE 20000 0 3 53.358353
SAMPLE 20000 0 4 55.286911
SAMPLE 20000 0 5 61.756531
SAMPLE 20000 0 6 52.510818
SAMPLE 20000 0 7 53.373947
SAMPLE 20000 0 8 52.948181
SAMPLE 20000 1 0 55.963852
SAMPLE 20000 1 1 53.283905
SAMPLE 20000 1 2 52.501801
SAMPLE 20000 1 3 52.887955
SAMPLE 20000 1 4 54.130829
SAMPLE 20000 1 5 55.533295
SAMPLE 20000 1 6 52.815796
SAMPLE 20000 1 7 52.743027
SAMPLE 20000 1 8 52.352737
SAMPLE 65536 0 0 67.893066
SAMPLE 65536 0 1 67.580597
SAMPLE 65536 0 2 78.243240
SAMPLE 65536 0 3 68.423248
SAMPLE 65536 0 4 68.491898
SAMPLE 65536 0 5 74.214294
SAMPLE 65536 0 6 71.302933
SAMPLE 65536 0 7 67.708252
SAMPLE 65536 0 8 67.522812
SAMPLE 65536 1 0 68.175293
SAMPLE 65536 1 1 67.840790
SAMPLE 65536 1 2 67.861893
SAMPLE 65536 1 3 77.093323
SAMPLE 65536 1 4 68.806335
SAMPLE 65536 1 5 68.480270
SAMPLE 65536 1 6 73.925125
SAMPLE 65536 1 7 71.010498
SAMPLE 65536 1 8 67.597122
PASS per-query oracle and timed totals
