SAMPLE 1 0 0 1.107269
SAMPLE 1 0 1 1.107422
SAMPLE 1 0 2 1.107574
SAMPLE 1 0 3 1.107742
SAMPLE 1 0 4 1.107574
SAMPLE 1 0 5 1.107269
SAMPLE 1 0 6 1.108047
SAMPLE 1 0 7 1.109726
SAMPLE 1 0 8 1.108185
SAMPLE 1 1 0 3.826614
SAMPLE 1 1 1 3.838837
SAMPLE 1 1 2 4.496658
SAMPLE 1 1 3 3.782120
SAMPLE 1 1 4 3.844040
SAMPLE 1 1 5 3.838989
SAMPLE 1 1 6 3.837006
SAMPLE 1 1 7 3.843430
SAMPLE 1 1 8 3.865906
SAMPLE 32 0 0 17.188782
SAMPLE 32 0 1 16.851852
SAMPLE 32 0 2 16.804764
SAMPLE 32 0 3 16.938080
SAMPLE 32 0 4 17.217819
SAMPLE 32 0 5 16.947693
SAMPLE 32 0 6 16.752777
SAMPLE 32 0 7 17.485977
SAMPLE 32 0 8 17.018021
SAMPLE 32 1 0 17.007935
SAMPLE 32 1 1 17.837433
SAMPLE 32 1 2 16.774338
SAMPLE 32 1 3 16.860870
SAMPLE 32 1 4 16.886398
SAMPLE 32 1 5 17.182510
SAMPLE 32 1 6 17.112793
SAMPLE 32 1 7 16.946930
SAMPLE 32 1 8 18.008499
SAMPLE 257 0 0 27.730423
SAMPLE 257 0 1 27.606903
SAMPLE 257 0 2 27.286469
SAMPLE 257 0 3 27.414124
SAMPLE 257 0 4 26.874023
SAMPLE 257 0 5 27.741104
SAMPLE 257 0 6 28.302170
SAMPLE 257 0 7 27.951019
SAMPLE 257 0 8 28.043045
SAMPLE 257 1 0 27.997482
SAMPLE 257 1 1 28.105408
SAMPLE 257 1 2 28.846100
SAMPLE 257 1 3 28.615555
SAMPLE 257 1 4 27.665451
SAMPLE 257 1 5 27.888641
SAMPLE 257 1 6 27.554459
SAMPLE 257 1 7 27.983582
SAMPLE 257 1 8 27.707947
SAMPLE 4096 0 0 42.252914
SAMPLE 4096 0 1 44.029160
SAMPLE 4096 0 2 50.219360
SAMPLE 4096 0 3 42.033997
SAMPLE 4096 0 4 42.796997
SAMPLE 4096 0 5 42.554382
SAMPLE 4096 0 6 42.492462
SAMPLE 4096 0 7 48.313889
SAMPLE 4096 0 8 52.435989
SAMPLE 4096 1 0 47.048737
SAMPLE 4096 1 1 42.230896
SAMPLE 4096 1 2 41.915527
SAMPLE 4096 1 3 41.958176
SAMPLE 4096 1 4 41.028229
SAMPLE 4096 1 5 42.802185
SAMPLE 4096 1 6 43.118958
SAMPLE 4096 1 7 42.185028
SAMPLE 4096 1 8 42.080017
SAMPLE 20000 0 0 53.398865
SAMPLE 20000 0 1 53.681366
SAMPLE 20000 0 2 54.403870
SAMPLE 20000 0 3 53.089432
SAMPLE 20000 0 4 53.078735
SAMPLE 20000 0 5 53.601883
SAMPLE 20000 0 6 54.580505
SAMPLE 20000 0 7 52.869461
SAMPLE 20000 0 8 53.273193
SAMPLE 20000 1 0 53.671280
SAMPLE 20000 1 1 52.225082
SAMPLE 20000 1 2 69.226517
SAMPLE 20000 1 3 52.906754
SAMPLE 20000 1 4 53.870178
SAMPLE 20000 1 5 53.794647
SAMPLE 20000 1 6 55.001160
SAMPLE 20000 1 7 53.731216
SAMPLE 20000 1 8 53.906097
SAMPLE 65536 0 0 71.967651
SAMPLE 65536 0 1 68.603485
SAMPLE 65536 0 2 67.888031
SAMPLE 65536 0 3 67.815414
SAMPLE 65536 0 4 69.124786
SAMPLE 65536 0 5 67.743256
SAMPLE 65536 0 6 67.486282
SAMPLE 65536 0 7 69.078461
SAMPLE 65536 0 8 71.625214
SAMPLE 65536 1 0 73.852295
SAMPLE 65536 1 1 68.558075
SAMPLE 65536 1 2 68.548294
SAMPLE 65536 1 3 69.312363
SAMPLE 65536 1 4 78.861938
SAMPLE 65536 1 5 67.637787
SAMPLE 65536 1 6 67.702133
SAMPLE 65536 1 7 69.970184
SAMPLE 65536 1 8 77.737823
PASS per-query oracle and timed totals
