SAMPLE 1 0 0 1.108795
SAMPLE 1 0 1 1.107590
SAMPLE 1 0 2 1.107437
SAMPLE 1 0 3 1.107422
SAMPLE 1 0 4 1.107422
SAMPLE 1 0 5 1.107422
SAMPLE 1 0 6 1.107269
SAMPLE 1 0 7 1.107422
SAMPLE 1 0 8 1.107437
SAMPLE 1 1 0 3.794495
SAMPLE 1 1 1 3.799698
SAMPLE 1 1 2 3.797256
SAMPLE 1 1 3 3.807495
SAMPLE 1 1 4 3.819580
SAMPLE 1 1 5 3.932404
SAMPLE 1 1 6 3.806885
SAMPLE 1 1 7 3.812851
SAMPLE 1 1 8 3.804596
SAMPLE 32 0 0 17.433212
SAMPLE 32 0 1 16.713928
SAMPLE 32 0 2 16.712265
SAMPLE 32 0 3 16.695282
SAMPLE 32 0 4 17.105606
SAMPLE 32 0 5 17.045517
SAMPLE 32 0 6 16.822784
SAMPLE 32 0 7 17.155441
SAMPLE 32 0 8 16.830582
SAMPLE 32 1 0 17.656555
SAMPLE 32 1 1 17.054703
SAMPLE 32 1 2 17.057602
SAMPLE 32 1 3 17.412720
SAMPLE 32 1 4 17.534576
SAMPLE 32 1 5 17.130203
SAMPLE 32 1 6 17.170273
SAMPLE 32 1 7 17.479233
SAMPLE 32 1 8 17.766022
SAMPLE 257 0 0 27.880829
SAMPLE 257 0 1 27.809891
SAMPLE 257 0 2 28.401352
SAMPLE 257 0 3 27.847198
SAMPLE 257 0 4 27.913391
SAMPLE 257 0 5 39.793732
SAMPLE 257 0 6 28.130783
SAMPLE 257 0 7 27.590210
SAMPLE 257 0 8 27.599548
SAMPLE 257 1 0 35.808289
SAMPLE 257 1 1 29.355148
SAMPLE 257 1 2 27.876236
SAMPLE 257 1 3 27.981094
SAMPLE 257 1 4 28.639236
SAMPLE 257 1 5 28.054184
SAMPLE 257 1 6 28.264694
SAMPLE 257 1 7 29.957611
SAMPLE 257 1 8 31.595047
SAMPLE 4096 0 0 42.608459
SAMPLE 4096 0 1 44.013992
SAMPLE 4096 0 2 42.691315
SAMPLE 4096 0 3 42.025101
SAMPLE 4096 0 4 42.439987
SAMPLE 4096 0 5 48.626678
SAMPLE 4096 0 6 58.139252
SAMPLE 4096 0 7 46.727356
SAMPLE 4096 0 8 42.651718
SAMPLE 4096 1 0 42.999512
SAMPLE 4096 1 1 42.722504
SAMPLE 4096 1 2 47.932037
SAMPLE 4096 1 3 42.094193
SAMPLE 4096 1 4 42.380524
SAMPLE 4096 1 5 42.041306
SAMPLE 4096 1 6 41.847000
SAMPLE 4096 1 7 42.368454
SAMPLE 4096 1 8 50.254883
SAMPLE 20000 0 0 52.845108
SAMPLE 20000 0 1 52.953171
SAMPLE 20000 0 2 52.756744
SAMPLE 20000 0 3 53.399567
SAMPLE 20000 0 4 60.087921
SAMPLE 20000 0 5 52.544235
SAMPLE 20000 0 6 52.421173
SAMPLE 20000 0 7 52.813004
SAMPLE 20000 0 8 56.233856
SAMPLE 20000 1 0 57.183838
SAMPLE 20000 1 1 52.683212
SAMPLE 20000 1 2 53.575378
SAMPLE 20000 1 3 52.676926
SAMPLE 20000 1 4 60.933563
SAMPLE 20000 1 5 53.174240
SAMPLE 20000 1 6 52.680923
SAMPLE 20000 1 7 52.449921
SAMPLE 20000 1 8 53.859024
SAMPLE 65536 0 0 68.164658
SAMPLE 65536 0 1 68.297821
SAMPLE 65536 0 2 78.214249
SAMPLE 65536 0 3 67.544754
SAMPLE 65536 0 4 67.482086
SAMPLE 65536 0 5 68.381760
SAMPLE 65536 0 6 69.009613
SAMPLE 65536 0 7 67.763824
SAMPLE 65536 0 8 68.120941
SAMPLE 65536 1 0 68.444427
SAMPLE 65536 1 1 68.553726
SAMPLE 65536 1 2 68.429596
SAMPLE 65536 1 3 82.480240
SAMPLE 65536 1 4 68.337250
SAMPLE 65536 1 5 69.095673
SAMPLE 65536 1 6 76.226303
SAMPLE 65536 1 7 73.207077
SAMPLE 65536 1 8 71.669006
PASS per-query oracle and timed totals
