SAMPLE 1 0 0 1.108658
SAMPLE 1 0 1 1.107574
SAMPLE 1 0 2 1.107422
SAMPLE 1 0 3 1.107574
SAMPLE 1 0 4 1.107590
SAMPLE 1 0 5 1.107422
SAMPLE 1 0 6 1.108337
SAMPLE 1 0 7 1.107574
SAMPLE 1 0 8 1.107422
SAMPLE 1 1 0 3.775085
SAMPLE 1 1 1 3.778748
SAMPLE 1 1 2 3.780594
SAMPLE 1 1 3 3.781509
SAMPLE 1 1 4 3.785629
SAMPLE 1 1 5 3.774628
SAMPLE 1 1 6 3.776154
SAMPLE 1 1 7 3.766678
SAMPLE 1 1 8 3.769272
SAMPLE 32 0 0 17.487793
SAMPLE 32 0 1 16.883774
SAMPLE 32 0 2 16.990021
SAMPLE 32 0 3 17.803787
SAMPLE 32 0 4 16.851212
SAMPLE 32 0 5 16.836548
SAMPLE 32 0 6 17.020905
SAMPLE 32 0 7 17.109879
SAMPLE 32 0 8 16.843735
SAMPLE 32 1 0 16.965576
SAMPLE 32 1 1 18.068558
SAMPLE 32 1 2 16.997833
SAMPLE 32 1 3 17.159714
SAMPLE 32 1 4 17.619263
SAMPLE 32 1 5 17.166290
SAMPLE 32 1 6 17.184174
SAMPLE 32 1 7 17.168442
SAMPLE 32 1 8 17.425415
SAMPLE 257 0 0 27.786804
SAMPLE 257 0 1 27.553986
SAMPLE 257 0 2 27.558105
SAMPLE 257 0 3 28.001282
SAMPLE 257 0 4 27.428772
SAMPLE 257 0 5 32.072205
SAMPLE 257 0 6 36.152008
SAMPLE 257 0 7 28.448135
SAMPLE 257 0 8 27.595093
SAMPLE 257 1 0 28.937180
SAMPLE 257 1 1 28.164551
SAMPLE 257 1 2 27.896408
SAMPLE 257 1 3 27.749954
SAMPLE 257 1 4 28.080780
SAMPLE 257 1 5 27.781448
SAMPLE 257 1 6 27.967041
SAMPLE 257 1 7 28.239319
SAMPLE 257 1 8 27.730240
SAMPLE 4096 0 0 42.261292
SAMPLE 4096 0 1 41.312836
SAMPLE 4096 0 2 43.818314
SAMPLE 4096 0 3 43.577988
SAMPLE 4096 0 4 41.982437
SAMPLE 4096 0 5 42.456497
SAMPLE 4096 0 6 42.066208
SAMPLE 4096 0 7 43.771988
SAMPLE 4096 0 8 42.415985
SAMPLE 4096 1 0 43.268265
SAMPLE 4096 1 1 42.864059
SAMPLE 4096 1 2 42.354843
SAMPLE 4096 1 3 42.346130
SAMPLE 4096 1 4 42.211441
SAMPLE 4096 1 5 42.679535
SAMPLE 4096 1 6 43.175629
SAMPLE 4096 1 7 42.250885
SAMPLE 4096 1 8 42.497177
SAMPLE 20000 0 0 52.589798
SAMPLE 20000 0 1 53.193039
SAMPLE 20000 0 2 55.580307
SAMPLE 20000 0 3 53.279861
SAMPLE 20000 0 4 52.939117
SAMPLE 20000 0 5 52.615494
SAMPLE 20000 0 6 52.459549
SAMPLE 20000 0 7 60.118408
SAMPLE 20000 0 8 52.450058
SAMPLE 20000 1 0 53.404617
SAMPLE 20000 1 1 52.207611
SAMPLE 20000 1 2 62.066101
SAMPLE 20000 1 3 52.990173
SAMPLE 20000 1 4 53.176529
SAMPLE 20000 1 5 52.596222
SAMPLE 20000 1 6 54.199112
SAMPLE 20000 1 7 59.691284
SAMPLE 20000 1 8 53.182327
SAMPLE 65536 0 0 68.077835
SAMPLE 65536 0 1 70.419418
SAMPLE 65536 0 2 67.969910
SAMPLE 65536 0 3 67.734467
SAMPLE 65536 0 4 79.787537
SAMPLE 65536 0 5 72.698013
SAMPLE 65536 0 6 70.346649
SAMPLE 65536 0 7 76.446381
SAMPLE 65536 0 8 70.062759
SAMPLE 65536 1 0 67.191010
SAMPLE 65536 1 1 70.217926
SAMPLE 65536 1 2 69.286148
SAMPLE 65536 1 3 69.274536
SAMPLE 65536 1 4 76.331543
SAMPLE 65536 1 5 70.282135
SAMPLE 65536 1 6 68.727859
SAMPLE 65536 1 7 68.456207
SAMPLE 65536 1 8 79.207397
PASS per-query oracle and timed totals
