SAMPLE 1 0 0 1.102524
SAMPLE 1 0 1 1.101471
SAMPLE 1 0 2 1.101303
SAMPLE 1 0 3 1.101151
SAMPLE 1 0 4 1.101318
SAMPLE 1 0 5 1.101471
SAMPLE 1 0 6 1.101318
SAMPLE 1 0 7 1.101303
SAMPLE 1 0 8 1.101608
SAMPLE 1 1 0 3.817276
SAMPLE 1 1 1 3.807495
SAMPLE 1 1 2 3.823242
SAMPLE 1 1 3 3.808716
SAMPLE 1 1 4 4.223770
SAMPLE 1 1 5 3.749252
SAMPLE 1 1 6 3.868042
SAMPLE 1 1 7 3.761932
SAMPLE 1 1 8 3.768204
SAMPLE 32 0 0 17.449265
SAMPLE 32 0 1 17.088028
SAMPLE 32 0 2 16.616714
SAMPLE 32 0 3 16.580627
SAMPLE 32 0 4 16.802444
SAMPLE 32 0 5 17.629196
SAMPLE 32 0 6 16.795731
SAMPLE 32 0 7 16.767136
SAMPLE 32 0 8 17.079605
SAMPLE 32 1 0 17.118454
SAMPLE 32 1 1 16.872314
SAMPLE 32 1 2 17.058060
SAMPLE 32 1 3 16.927353
SAMPLE 32 1 4 17.113861
SAMPLE 32 1 5 17.082214
SAMPLE 32 1 6 17.119507
SAMPLE 32 1 7 16.906876
SAMPLE 32 1 8 16.966949
SAMPLE 257 0 0 27.461182
SAMPLE 257 0 1 27.364120
SAMPLE 257 0 2 27.673828
SAMPLE 257 0 3 27.428467
SAMPLE 257 0 4 37.013779
SAMPLE 257 0 5 28.285477
SAMPLE 257 0 6 28.282578
SAMPLE 257 0 7 27.796585
SAMPLE 257 0 8 28.118088
SAMPLE 257 1 0 29.913345
SAMPLE 257 1 1 28.454102
SAMPLE 257 1 2 27.649063
SAMPLE 257 1 3 27.881729
SAMPLE 257 1 4 27.810654
SAMPLE 257 1 5 27.666183
SAMPLE 257 1 6 27.518494
SAMPLE 257 1 7 27.610687
SAMPLE 257 1 8 28.115326
SAMPLE 4096 0 0 42.467056
SAMPLE 4096 0 1 51.059219
SAMPLE 4096 0 2 42.624664
SAMPLE 4096 0 3 42.154266
SAMPLE 4096 0 4 42.186676
SAMPLE 4096 0 5 42.461395
SAMPLE 4096 0 6 43.495590
SAMPLE 4096 0 7 44.156326
SAMPLE 4096 0 8 43.265366
SAMPLE 4096 1 0 43.686539
SAMPLE 4096 1 1 43.251450
SAMPLE 4096 1 2 42.736725
SAMPLE 4096 1 3 42.611069
SAMPLE 4096 1 4 43.198395
SAMPLE 4096 1 5 50.534225
SAMPLE 4096 1 6 42.623138
SAMPLE 4096 1 7 41.584045
SAMPLE 4096 1 8 43.081299
SAMPLE 20000 0 0 52.177948
SAMPLE 20000 0 1 53.972549
SAMPLE 20000 0 2 53.310760
SAMPLE 20000 0 3 52.266922
SAMPLE 20000 0 4 52.591629
SAMPLE 20000 0 5 52.801224
SAMPLE 20000 0 6 68.429443
SAMPLE 20000 0 7 52.899048
SAMPLE 20000 0 8 53.406906
SAMPLE 20000 1 0 59.270660
SAMPLE 20000 1 1 60.860916
SAMPLE 20000 1 2 54.241470
SAMPLE 20000 1 3 53.411362
SAMPLE 20000 1 4 53.345764
SAMPLE 20000 1 5 56.425720
SAMPLE 20000 1 6 55.070190
SAMPLE 20000 1 7 52.784714
SAMPLE 20000 1 8 53.219177
SAMPLE 65536 0 0 73.006210
SAMPLE 65536 0 1 69.221802
SAMPLE 65536 0 2 68.651123
SAMPLE 65536 0 3 69.664520
SAMPLE 65536 0 4 69.583496
SAMPLE 65536 0 5 69.020920
SAMPLE 65536 0 6 68.852768
SAMPLE 65536 0 7 68.777847
SAMPLE 65536 0 8 68.975967
SAMPLE 65536 1 0 81.476685
SAMPLE 65536 1 1 67.462814
SAMPLE 65536 1 2 67.371704
SAMPLE 65536 1 3 75.583771
SAMPLE 65536 1 4 68.515213
SAMPLE 65536 1 5 67.430252
SAMPLE 65536 1 6 67.459152
SAMPLE 65536 1 7 69.655807
SAMPLE 65536 1 8 68.016846
PASS per-query oracle and timed totals
