SAMPLE 1 0 0 1.102676
SAMPLE 1 0 1 1.536087
SAMPLE 1 0 2 1.104370
SAMPLE 1 0 3 1.101471
SAMPLE 1 0 4 1.101624
SAMPLE 1 0 5 1.101471
SAMPLE 1 0 6 1.101303
SAMPLE 1 0 7 1.101456
SAMPLE 1 0 8 1.101456
SAMPLE 1 1 0 4.000870
SAMPLE 1 1 1 4.338898
SAMPLE 1 1 2 4.678116
SAMPLE 1 1 3 4.013870
SAMPLE 1 1 4 3.890671
SAMPLE 1 1 5 3.889587
SAMPLE 1 1 6 3.959290
SAMPLE 1 1 7 4.669403
SAMPLE 1 1 8 3.853348
SAMPLE 32 0 0 16.842514
SAMPLE 32 0 1 16.768356
SAMPLE 32 0 2 17.195038
SAMPLE 32 0 3 16.753387
SAMPLE 32 0 4 17.029160
SAMPLE 32 0 5 17.435196
SAMPLE 32 0 6 16.862076
SAMPLE 32 0 7 16.886230
SAMPLE 32 0 8 17.502609
SAMPLE 32 1 0 17.219330
SAMPLE 32 1 1 16.885300
SAMPLE 32 1 2 17.082672
SAMPLE 32 1 3 17.020294
SAMPLE 32 1 4 17.057297
SAMPLE 32 1 5 17.025345
SAMPLE 32 1 6 17.897034
SAMPLE 32 1 7 16.922607
SAMPLE 32 1 8 18.026520
SAMPLE 257 0 0 27.764481
SAMPLE 257 0 1 27.648300
SAMPLE 257 0 2 27.555801
SAMPLE 257 0 3 35.561020
SAMPLE 257 0 4 30.251282
SAMPLE 257 0 5 27.667252
SAMPLE 257 0 6 27.610840
SAMPLE 257 0 7 27.427246
SAMPLE 257 0 8 27.472336
SAMPLE 257 1 0 28.349075
SAMPLE 257 1 1 28.449203
SAMPLE 257 1 2 29.924606
SAMPLE 257 1 3 27.750717
SAMPLE 257 1 4 29.058105
SAMPLE 257 1 5 28.182449
SAMPLE 257 1 6 27.853607
SAMPLE 257 1 7 29.671127
SAMPLE 257 1 8 28.067627
SAMPLE 4096 0 0 42.893265
SAMPLE 4096 0 1 44.969925
SAMPLE 4096 0 2 41.998322
SAMPLE 4096 0 3 42.647293
SAMPLE 4096 0 4 42.675568
SAMPLE 4096 0 5 42.213425
SAMPLE 4096 0 6 49.829193
SAMPLE 4096 0 7 42.555405
SAMPLE 4096 0 8 42.947235
SAMPLE 4096 1 0 42.918488
SAMPLE 4096 1 1 42.386337
SAMPLE 4096 1 2 41.735077
SAMPLE 4096 1 3 44.572906
SAMPLE 4096 1 4 42.996292
SAMPLE 4096 1 5 42.932693
SAMPLE 4096 1 6 42.351791
SAMPLE 4096 1 7 42.274277
SAMPLE 4096 1 8 43.849030
SAMPLE 20000 0 0 54.202332
SAMPLE 20000 0 1 52.916336
SAMPLE 20000 0 2 52.960068
SAMPLE 20000 0 3 52.941254
SAMPLE 20000 0 4 52.273346
SAMPLE 20000 0 5 63.396057
SAMPLE 20000 0 6 53.073639
SAMPLE 20000 0 7 52.907623
SAMPLE 20000 0 8 52.849533
SAMPLE 20000 1 0 60.376083
SAMPLE 20000 1 1 52.922150
SAMPLE 20000 1 2 52.957153
SAMPLE 20000 1 3 53.399887
SAMPLE 20000 1 4 53.543732
SAMPLE 20000 1 5 61.067764
SAMPLE 20000 1 6 52.977493
SAMPLE 20000 1 7 52.969696
SAMPLE 20000 1 8 52.183151
SAMPLE 65536 0 0 69.257416
SAMPLE 65536 0 1 68.433273
SAMPLE 65536 0 2 68.933014
SAMPLE 65536 0 3 70.734024
SAMPLE 65536 0 4 67.747787
SAMPLE 65536 0 5 68.462921
SAMPLE 65536 0 6 74.138458
SAMPLE 65536 0 7 68.617325
SAMPLE 65536 0 8 67.327988
SAMPLE 65536 1 0 77.506226
SAMPLE 65536 1 1 69.293350
SAMPLE 65536 1 2 68.935303
SAMPLE 65536 1 3 72.559830
SAMPLE 65536 1 4 69.335220
SAMPLE 65536 1 5 68.836243
SAMPLE 65536 1 6 73.234970
SAMPLE 65536 1 7 72.129776
SAMPLE 65536 1 8 70.058945
PASS per-query oracle and timed totals
