# Command Line

```
/home/lktr/src/cccl/build/cub-benchmark/bin/cub.bench.reduce.sum.base -d 0 -a 'T{ct}=I32' -a 'OffsetT{ct}=I32' -a 'Elements{io}=[2945023,2945024,2945025,2949119,2949120,2949121,5898239,5898240,5898241]' --json '/mnt/d/Projects/Open-Source Contribution/evidence/raw/phase2/2026-09-05-reduce-grid-cap-confirm/dispatch-trace.json' --md '/mnt/d/Projects/Open-Source Contribution/evidence/raw/phase2/2026-09-05-reduce-grid-cap-confirm/dispatch-trace.md' --profile
```

# Devices

## [0] `NVIDIA GeForce RTX 4060 Laptop GPU`
* SM Version: 890 (PTX Version: 890)
* Number of SMs: 24
* SM Default Clock Rate: 2250 MHz
* Global Memory: 7096 MiB Free / 8187 MiB Total
* Global Memory Bus Peak: 256 GB/sec (128-bit DDR @8001MHz)
* Max Shared Memory: 100 KiB/SM, 48 KiB/Block
* L2 Cache Size: 32768 KiB
* Maximum Active Blocks: 24/SM
* Maximum Active Threads: 1536/SM, 1024/Block
* Available Registers: 65536/SM, 65536/Block
* ECC Enabled: No

# Log

```
Run:  [1/9] base [Device=0 T{ct}=I32 OffsetT{ct}=I32 Elements{io}=2945023]
Dispatching DeviceFor on compute capability 8.9 with tuning: ForPolicy { .threads_per_block = 256, .items_per_thread = 2 }
Invoking detail::for_each::static_kernel<<<5752, 256, 0, 1>>>(), 2 items per thread
Dispatching DeviceFor on compute capability 8.9 with tuning: ForPolicy { .threads_per_block = 256, .items_per_thread = 2 }
Invoking detail::for_each::static_kernel<<<5752, 256, 0, 1>>>(), 2 items per thread
Dispatching DeviceTransform on compute capability 8.9 with tuning: TransformPolicy { .min_bytes_in_flight = 16384, .algorithm = TransformAlgorithm::ldgsts, .prefetch = TransformPrefetchPolicy { .threads_per_block = 256, .items_per_thread_no_input = 2, .min_items_per_thread = 1, .max_items_per_thread = 32, .prefetch_byte_stride = 128, .unroll_factor = 0 }, .vectorized = TransformVectorizedPolicy { .threads_per_block = 256, .items_per_thread = 8, .vec_size = 4 }, .async_copy = TransformAsyncCopyPolicy { .threads_per_block = 256, .min_items_per_thread = 1, .max_items_per_thread = 32, .unroll_factor = 1, .store_vec_size = 0 } }
Dispatching DeviceFor on compute capability 8.9 with tuning: ForPolicy { .threads_per_block = 256, .items_per_thread = 2 }
Invoking detail::for_each::static_kernel<<<1, 256, 0, 1>>>(), 2 items per thread
Dispatching DeviceReduce on compute capability 8.9 with tuning: ReducePolicy { .multi_tile = ReducePassPolicy { .threads_per_block = 256, .items_per_thread = 16, .vec_size = 4, .reduce_algorithm = BLOCK_REDUCE_WARP_REDUCTIONS, .load_modifier = LOAD_LDG }, .single_tile = ReducePassPolicy { .threads_per_block = 256, .items_per_thread = 16, .vec_size = 4, .reduce_algorithm = BLOCK_REDUCE_WARP_REDUCTIONS, .load_modifier = LOAD_LDG } }
Dispatching DeviceReduce on compute capability 8.9 with tuning: ReducePolicy { .multi_tile = ReducePassPolicy { .threads_per_block = 256, .items_per_thread = 16, .vec_size = 4, .reduce_algorithm = BLOCK_REDUCE_WARP_REDUCTIONS, .load_modifier = LOAD_LDG }, .single_tile = ReducePassPolicy { .threads_per_block = 256, .items_per_thread = 16, .vec_size = 4, .reduce_algorithm = BLOCK_REDUCE_WARP_REDUCTIONS, .load_modifier = LOAD_LDG } }
Invoking DeviceReduceKernel<<<719, 256, 0, 110685226658688>>>(), 16 items per thread, 6 SM occupancy
Invoking DeviceReduceSingleTileKernel<<<1, 256, 0, 110685226658688>>>(), 16 items per thread
Pass: Cold: 23.732224ms GPU, 24.302963ms CPU, 0.02s total GPU, 0.03s total wall, 1x 
Run:  [2/9] base [Device=0 T{ct}=I32 OffsetT{ct}=I32 Elements{io}=2945024]
Dispatching DeviceFor on compute capability 8.9 with tuning: ForPolicy { .threads_per_block = 256, .items_per_thread = 2 }
Invoking detail::for_each::static_kernel<<<5752, 256, 0, 1>>>(), 2 items per thread
Dispatching DeviceFor on compute capability 8.9 with tuning: ForPolicy { .threads_per_block = 256, .items_per_thread = 2 }
Invoking detail::for_each::static_kernel<<<5752, 256, 0, 1>>>(), 2 items per thread
Dispatching DeviceTransform on compute capability 8.9 with tuning: TransformPolicy { .min_bytes_in_flight = 16384, .algorithm = TransformAlgorithm::ldgsts, .prefetch = TransformPrefetchPolicy { .threads_per_block = 256, .items_per_thread_no_input = 2, .min_items_per_thread = 1, .max_items_per_thread = 32, .prefetch_byte_stride = 128, .unroll_factor = 0 }, .vectorized = TransformVectorizedPolicy { .threads_per_block = 256, .items_per_thread = 8, .vec_size = 4 }, .async_copy = TransformAsyncCopyPolicy { .threads_per_block = 256, .min_items_per_thread = 1, .max_items_per_thread = 32, .unroll_factor = 1, .store_vec_size = 0 } }
Dispatching DeviceFor on compute capability 8.9 with tuning: ForPolicy { .threads_per_block = 256, .items_per_thread = 2 }
Invoking detail::for_each::static_kernel<<<1, 256, 0, 1>>>(), 2 items per thread
Dispatching DeviceReduce on compute capability 8.9 with tuning: ReducePolicy { .multi_tile = ReducePassPolicy { .threads_per_block = 256, .items_per_thread = 16, .vec_size = 4, .reduce_algorithm = BLOCK_REDUCE_WARP_REDUCTIONS, .load_modifier = LOAD_LDG }, .single_tile = ReducePassPolicy { .threads_per_block = 256, .items_per_thread = 16, .vec_size = 4, .reduce_algorithm = BLOCK_REDUCE_WARP_REDUCTIONS, .load_modifier = LOAD_LDG } }
Dispatching DeviceReduce on compute capability 8.9 with tuning: ReducePolicy { .multi_tile = ReducePassPolicy { .threads_per_block = 256, .items_per_thread = 16, .vec_size = 4, .reduce_algorithm = BLOCK_REDUCE_WARP_REDUCTIONS, .load_modifier = LOAD_LDG }, .single_tile = ReducePassPolicy { .threads_per_block = 256, .items_per_thread = 16, .vec_size = 4, .reduce_algorithm = BLOCK_REDUCE_WARP_REDUCTIONS, .load_modifier = LOAD_LDG } }
Invoking DeviceReduceKernel<<<719, 256, 0, 110685259229488>>>(), 16 items per thread, 6 SM occupancy
Invoking DeviceReduceSingleTileKernel<<<1, 256, 0, 110685259229488>>>(), 16 items per thread
Pass: Cold: 1.792960ms GPU, 1.826121ms CPU, 0.00s total GPU, 0.00s total wall, 1x 
Run:  [3/9] base [Device=0 T{ct}=I32 OffsetT{ct}=I32 Elements{io}=2945025]
Dispatching DeviceFor on compute capability 8.9 with tuning: ForPolicy { .threads_per_block = 256, .items_per_thread = 2 }
Invoking detail::for_each::static_kernel<<<5753, 256, 0, 1>>>(), 2 items per thread
Dispatching DeviceFor on compute capability 8.9 with tuning: ForPolicy { .threads_per_block = 256, .items_per_thread = 2 }
Invoking detail::for_each::static_kernel<<<5753, 256, 0, 1>>>(), 2 items per thread
Dispatching DeviceTransform on compute capability 8.9 with tuning: TransformPolicy { .min_bytes_in_flight = 16384, .algorithm = TransformAlgorithm::ldgsts, .prefetch = TransformPrefetchPolicy { .threads_per_block = 256, .items_per_thread_no_input = 2, .min_items_per_thread = 1, .max_items_per_thread = 32, .prefetch_byte_stride = 128, .unroll_factor = 0 }, .vectorized = TransformVectorizedPolicy { .threads_per_block = 256, .items_per_thread = 8, .vec_size = 4 }, .async_copy = TransformAsyncCopyPolicy { .threads_per_block = 256, .min_items_per_thread = 1, .max_items_per_thread = 32, .unroll_factor = 1, .store_vec_size = 0 } }
Dispatching DeviceFor on compute capability 8.9 with tuning: ForPolicy { .threads_per_block = 256, .items_per_thread = 2 }
Invoking detail::for_each::static_kernel<<<1, 256, 0, 1>>>(), 2 items per thread
Dispatching DeviceReduce on compute capability 8.9 with tuning: ReducePolicy { .multi_tile = ReducePassPolicy { .threads_per_block = 256, .items_per_thread = 16, .vec_size = 4, .reduce_algorithm = BLOCK_REDUCE_WARP_REDUCTIONS, .load_modifier = LOAD_LDG }, .single_tile = ReducePassPolicy { .threads_per_block = 256, .items_per_thread = 16, .vec_size = 4, .reduce_algorithm = BLOCK_REDUCE_WARP_REDUCTIONS, .load_modifier = LOAD_LDG } }
Dispatching DeviceReduce on compute capability 8.9 with tuning: ReducePolicy { .multi_tile = ReducePassPolicy { .threads_per_block = 256, .items_per_thread = 16, .vec_size = 4, .reduce_algorithm = BLOCK_REDUCE_WARP_REDUCTIONS, .load_modifier = LOAD_LDG }, .single_tile = ReducePassPolicy { .threads_per_block = 256, .items_per_thread = 16, .vec_size = 4, .reduce_algorithm = BLOCK_REDUCE_WARP_REDUCTIONS, .load_modifier = LOAD_LDG } }
Invoking DeviceReduceKernel<<<720, 256, 0, 110685259237808>>>(), 16 items per thread, 6 SM occupancy
Invoking DeviceReduceSingleTileKernel<<<1, 256, 0, 110685259237808>>>(), 16 items per thread
Pass: Cold: 1.498112ms GPU, 1.533792ms CPU, 0.00s total GPU, 0.00s total wall, 1x 
Run:  [4/9] base [Device=0 T{ct}=I32 OffsetT{ct}=I32 Elements{io}=2949119]
Dispatching DeviceFor on compute capability 8.9 with tuning: ForPolicy { .threads_per_block = 256, .items_per_thread = 2 }
Invoking detail::for_each::static_kernel<<<5760, 256, 0, 1>>>(), 2 items per thread
Dispatching DeviceFor on compute capability 8.9 with tuning: ForPolicy { .threads_per_block = 256, .items_per_thread = 2 }
Invoking detail::for_each::static_kernel<<<5760, 256, 0, 1>>>(), 2 items per thread
Dispatching DeviceTransform on compute capability 8.9 with tuning: TransformPolicy { .min_bytes_in_flight = 16384, .algorithm = TransformAlgorithm::ldgsts, .prefetch = TransformPrefetchPolicy { .threads_per_block = 256, .items_per_thread_no_input = 2, .min_items_per_thread = 1, .max_items_per_thread = 32, .prefetch_byte_stride = 128, .unroll_factor = 0 }, .vectorized = TransformVectorizedPolicy { .threads_per_block = 256, .items_per_thread = 8, .vec_size = 4 }, .async_copy = TransformAsyncCopyPolicy { .threads_per_block = 256, .min_items_per_thread = 1, .max_items_per_thread = 32, .unroll_factor = 1, .store_vec_size = 0 } }
Dispatching DeviceFor on compute capability 8.9 with tuning: ForPolicy { .threads_per_block = 256, .items_per_thread = 2 }
Invoking detail::for_each::static_kernel<<<1, 256, 0, 1>>>(), 2 items per thread
Dispatching DeviceReduce on compute capability 8.9 with tuning: ReducePolicy { .multi_tile = ReducePassPolicy { .threads_per_block = 256, .items_per_thread = 16, .vec_size = 4, .reduce_algorithm = BLOCK_REDUCE_WARP_REDUCTIONS, .load_modifier = LOAD_LDG }, .single_tile = ReducePassPolicy { .threads_per_block = 256, .items_per_thread = 16, .vec_size = 4, .reduce_algorithm = BLOCK_REDUCE_WARP_REDUCTIONS, .load_modifier = LOAD_LDG } }
Dispatching DeviceReduce on compute capability 8.9 with tuning: ReducePolicy { .multi_tile = ReducePassPolicy { .threads_per_block = 256, .items_per_thread = 16, .vec_size = 4, .reduce_algorithm = BLOCK_REDUCE_WARP_REDUCTIONS, .load_modifier = LOAD_LDG }, .single_tile = ReducePassPolicy { .threads_per_block = 256, .items_per_thread = 16, .vec_size = 4, .reduce_algorithm = BLOCK_REDUCE_WARP_REDUCTIONS, .load_modifier = LOAD_LDG } }
Invoking DeviceReduceKernel<<<720, 256, 0, 110685259221888>>>(), 16 items per thread, 6 SM occupancy
Invoking DeviceReduceSingleTileKernel<<<1, 256, 0, 110685259221888>>>(), 16 items per thread
Pass: Cold: 20.248480ms GPU, 20.303194ms CPU, 0.02s total GPU, 0.02s total wall, 1x 
Run:  [5/9] base [Device=0 T{ct}=I32 OffsetT{ct}=I32 Elements{io}=2949120]
Dispatching DeviceFor on compute capability 8.9 with tuning: ForPolicy { .threads_per_block = 256, .items_per_thread = 2 }
Invoking detail::for_each::static_kernel<<<5760, 256, 0, 1>>>(), 2 items per thread
Dispatching DeviceFor on compute capability 8.9 with tuning: ForPolicy { .threads_per_block = 256, .items_per_thread = 2 }
Invoking detail::for_each::static_kernel<<<5760, 256, 0, 1>>>(), 2 items per thread
Dispatching DeviceTransform on compute capability 8.9 with tuning: TransformPolicy { .min_bytes_in_flight = 16384, .algorithm = TransformAlgorithm::ldgsts, .prefetch = TransformPrefetchPolicy { .threads_per_block = 256, .items_per_thread_no_input = 2, .min_items_per_thread = 1, .max_items_per_thread = 32, .prefetch_byte_stride = 128, .unroll_factor = 0 }, .vectorized = TransformVectorizedPolicy { .threads_per_block = 256, .items_per_thread = 8, .vec_size = 4 }, .async_copy = TransformAsyncCopyPolicy { .threads_per_block = 256, .min_items_per_thread = 1, .max_items_per_thread = 32, .unroll_factor = 1, .store_vec_size = 0 } }
Dispatching DeviceFor on compute capability 8.9 with tuning: ForPolicy { .threads_per_block = 256, .items_per_thread = 2 }
Invoking detail::for_each::static_kernel<<<1, 256, 0, 1>>>(), 2 items per thread
Dispatching DeviceReduce on compute capability 8.9 with tuning: ReducePolicy { .multi_tile = ReducePassPolicy { .threads_per_block = 256, .items_per_thread = 16, .vec_size = 4, .reduce_algorithm = BLOCK_REDUCE_WARP_REDUCTIONS, .load_modifier = LOAD_LDG }, .single_tile = ReducePassPolicy { .threads_per_block = 256, .items_per_thread = 16, .vec_size = 4, .reduce_algorithm = BLOCK_REDUCE_WARP_REDUCTIONS, .load_modifier = LOAD_LDG } }
Dispatching DeviceReduce on compute capability 8.9 with tuning: ReducePolicy { .multi_tile = ReducePassPolicy { .threads_per_block = 256, .items_per_thread = 16, .vec_size = 4, .reduce_algorithm = BLOCK_REDUCE_WARP_REDUCTIONS, .load_modifier = LOAD_LDG }, .single_tile = ReducePassPolicy { .threads_per_block = 256, .items_per_thread = 16, .vec_size = 4, .reduce_algorithm = BLOCK_REDUCE_WARP_REDUCTIONS, .load_modifier = LOAD_LDG } }
Invoking DeviceReduceKernel<<<720, 256, 0, 110685259237536>>>(), 16 items per thread, 6 SM occupancy
Invoking DeviceReduceSingleTileKernel<<<1, 256, 0, 110685259237536>>>(), 16 items per thread
Pass: Cold: 1.885152ms GPU, 1.921720ms CPU, 0.00s total GPU, 0.00s total wall, 1x 
Run:  [6/9] base [Device=0 T{ct}=I32 OffsetT{ct}=I32 Elements{io}=2949121]
Dispatching DeviceFor on compute capability 8.9 with tuning: ForPolicy { .threads_per_block = 256, .items_per_thread = 2 }
Invoking detail::for_each::static_kernel<<<5761, 256, 0, 1>>>(), 2 items per thread
Dispatching DeviceFor on compute capability 8.9 with tuning: ForPolicy { .threads_per_block = 256, .items_per_thread = 2 }
Invoking detail::for_each::static_kernel<<<5761, 256, 0, 1>>>(), 2 items per thread
Dispatching DeviceTransform on compute capability 8.9 with tuning: TransformPolicy { .min_bytes_in_flight = 16384, .algorithm = TransformAlgorithm::ldgsts, .prefetch = TransformPrefetchPolicy { .threads_per_block = 256, .items_per_thread_no_input = 2, .min_items_per_thread = 1, .max_items_per_thread = 32, .prefetch_byte_stride = 128, .unroll_factor = 0 }, .vectorized = TransformVectorizedPolicy { .threads_per_block = 256, .items_per_thread = 8, .vec_size = 4 }, .async_copy = TransformAsyncCopyPolicy { .threads_per_block = 256, .min_items_per_thread = 1, .max_items_per_thread = 32, .unroll_factor = 1, .store_vec_size = 0 } }
Dispatching DeviceFor on compute capability 8.9 with tuning: ForPolicy { .threads_per_block = 256, .items_per_thread = 2 }
Invoking detail::for_each::static_kernel<<<1, 256, 0, 1>>>(), 2 items per thread
Dispatching DeviceReduce on compute capability 8.9 with tuning: ReducePolicy { .multi_tile = ReducePassPolicy { .threads_per_block = 256, .items_per_thread = 16, .vec_size = 4, .reduce_algorithm = BLOCK_REDUCE_WARP_REDUCTIONS, .load_modifier = LOAD_LDG }, .single_tile = ReducePassPolicy { .threads_per_block = 256, .items_per_thread = 16, .vec_size = 4, .reduce_algorithm = BLOCK_REDUCE_WARP_REDUCTIONS, .load_modifier = LOAD_LDG } }
Dispatching DeviceReduce on compute capability 8.9 with tuning: ReducePolicy { .multi_tile = ReducePassPolicy { .threads_per_block = 256, .items_per_thread = 16, .vec_size = 4, .reduce_algorithm = BLOCK_REDUCE_WARP_REDUCTIONS, .load_modifier = LOAD_LDG }, .single_tile = ReducePassPolicy { .threads_per_block = 256, .items_per_thread = 16, .vec_size = 4, .reduce_algorithm = BLOCK_REDUCE_WARP_REDUCTIONS, .load_modifier = LOAD_LDG } }
Invoking DeviceReduceKernel<<<720, 256, 0, 110685248622624>>>(), 16 items per thread, 6 SM occupancy
Invoking DeviceReduceSingleTileKernel<<<1, 256, 0, 110685248622624>>>(), 16 items per thread
Pass: Cold: 1.816576ms GPU, 1.865375ms CPU, 0.00s total GPU, 0.00s total wall, 1x 
Run:  [7/9] base [Device=0 T{ct}=I32 OffsetT{ct}=I32 Elements{io}=5898239]
Dispatching DeviceFor on compute capability 8.9 with tuning: ForPolicy { .threads_per_block = 256, .items_per_thread = 2 }
Invoking detail::for_each::static_kernel<<<11520, 256, 0, 1>>>(), 2 items per thread
Dispatching DeviceFor on compute capability 8.9 with tuning: ForPolicy { .threads_per_block = 256, .items_per_thread = 2 }
Invoking detail::for_each::static_kernel<<<11520, 256, 0, 1>>>(), 2 items per thread
Dispatching DeviceTransform on compute capability 8.9 with tuning: TransformPolicy { .min_bytes_in_flight = 16384, .algorithm = TransformAlgorithm::ldgsts, .prefetch = TransformPrefetchPolicy { .threads_per_block = 256, .items_per_thread_no_input = 2, .min_items_per_thread = 1, .max_items_per_thread = 32, .prefetch_byte_stride = 128, .unroll_factor = 0 }, .vectorized = TransformVectorizedPolicy { .threads_per_block = 256, .items_per_thread = 8, .vec_size = 4 }, .async_copy = TransformAsyncCopyPolicy { .threads_per_block = 256, .min_items_per_thread = 1, .max_items_per_thread = 32, .unroll_factor = 1, .store_vec_size = 0 } }
Dispatching DeviceFor on compute capability 8.9 with tuning: ForPolicy { .threads_per_block = 256, .items_per_thread = 2 }
Invoking detail::for_each::static_kernel<<<1, 256, 0, 1>>>(), 2 items per thread
Dispatching DeviceReduce on compute capability 8.9 with tuning: ReducePolicy { .multi_tile = ReducePassPolicy { .threads_per_block = 256, .items_per_thread = 16, .vec_size = 4, .reduce_algorithm = BLOCK_REDUCE_WARP_REDUCTIONS, .load_modifier = LOAD_LDG }, .single_tile = ReducePassPolicy { .threads_per_block = 256, .items_per_thread = 16, .vec_size = 4, .reduce_algorithm = BLOCK_REDUCE_WARP_REDUCTIONS, .load_modifier = LOAD_LDG } }
Dispatching DeviceReduce on compute capability 8.9 with tuning: ReducePolicy { .multi_tile = ReducePassPolicy { .threads_per_block = 256, .items_per_thread = 16, .vec_size = 4, .reduce_algorithm = BLOCK_REDUCE_WARP_REDUCTIONS, .load_modifier = LOAD_LDG }, .single_tile = ReducePassPolicy { .threads_per_block = 256, .items_per_thread = 16, .vec_size = 4, .reduce_algorithm = BLOCK_REDUCE_WARP_REDUCTIONS, .load_modifier = LOAD_LDG } }
Invoking DeviceReduceKernel<<<720, 256, 0, 110685239599760>>>(), 16 items per thread, 6 SM occupancy
Invoking DeviceReduceSingleTileKernel<<<1, 256, 0, 110685239599760>>>(), 16 items per thread
Pass: Cold: 1.913664ms GPU, 1.951326ms CPU, 0.00s total GPU, 0.00s total wall, 1x 
Run:  [8/9] base [Device=0 T{ct}=I32 OffsetT{ct}=I32 Elements{io}=5898240]
Dispatching DeviceFor on compute capability 8.9 with tuning: ForPolicy { .threads_per_block = 256, .items_per_thread = 2 }
Invoking detail::for_each::static_kernel<<<11520, 256, 0, 1>>>(), 2 items per thread
Dispatching DeviceFor on compute capability 8.9 with tuning: ForPolicy { .threads_per_block = 256, .items_per_thread = 2 }
Invoking detail::for_each::static_kernel<<<11520, 256, 0, 1>>>(), 2 items per thread
Dispatching DeviceTransform on compute capability 8.9 with tuning: TransformPolicy { .min_bytes_in_flight = 16384, .algorithm = TransformAlgorithm::ldgsts, .prefetch = TransformPrefetchPolicy { .threads_per_block = 256, .items_per_thread_no_input = 2, .min_items_per_thread = 1, .max_items_per_thread = 32, .prefetch_byte_stride = 128, .unroll_factor = 0 }, .vectorized = TransformVectorizedPolicy { .threads_per_block = 256, .items_per_thread = 8, .vec_size = 4 }, .async_copy = TransformAsyncCopyPolicy { .threads_per_block = 256, .min_items_per_thread = 1, .max_items_per_thread = 32, .unroll_factor = 1, .store_vec_size = 0 } }
Dispatching DeviceFor on compute capability 8.9 with tuning: ForPolicy { .threads_per_block = 256, .items_per_thread = 2 }
Invoking detail::for_each::static_kernel<<<1, 256, 0, 1>>>(), 2 items per thread
Dispatching DeviceReduce on compute capability 8.9 with tuning: ReducePolicy { .multi_tile = ReducePassPolicy { .threads_per_block = 256, .items_per_thread = 16, .vec_size = 4, .reduce_algorithm = BLOCK_REDUCE_WARP_REDUCTIONS, .load_modifier = LOAD_LDG }, .single_tile = ReducePassPolicy { .threads_per_block = 256, .items_per_thread = 16, .vec_size = 4, .reduce_algorithm = BLOCK_REDUCE_WARP_REDUCTIONS, .load_modifier = LOAD_LDG } }
Dispatching DeviceReduce on compute capability 8.9 with tuning: ReducePolicy { .multi_tile = ReducePassPolicy { .threads_per_block = 256, .items_per_thread = 16, .vec_size = 4, .reduce_algorithm = BLOCK_REDUCE_WARP_REDUCTIONS, .load_modifier = LOAD_LDG }, .single_tile = ReducePassPolicy { .threads_per_block = 256, .items_per_thread = 16, .vec_size = 4, .reduce_algorithm = BLOCK_REDUCE_WARP_REDUCTIONS, .load_modifier = LOAD_LDG } }
Invoking DeviceReduceKernel<<<720, 256, 0, 110685268601648>>>(), 16 items per thread, 6 SM occupancy
Invoking DeviceReduceSingleTileKernel<<<1, 256, 0, 110685268601648>>>(), 16 items per thread
Pass: Cold: 1.807360ms GPU, 1.848227ms CPU, 0.00s total GPU, 0.00s total wall, 1x 
Run:  [9/9] base [Device=0 T{ct}=I32 OffsetT{ct}=I32 Elements{io}=5898241]
Dispatching DeviceFor on compute capability 8.9 with tuning: ForPolicy { .threads_per_block = 256, .items_per_thread = 2 }
Invoking detail::for_each::static_kernel<<<11521, 256, 0, 1>>>(), 2 items per thread
Dispatching DeviceFor on compute capability 8.9 with tuning: ForPolicy { .threads_per_block = 256, .items_per_thread = 2 }
Invoking detail::for_each::static_kernel<<<11521, 256, 0, 1>>>(), 2 items per thread
Dispatching DeviceTransform on compute capability 8.9 with tuning: TransformPolicy { .min_bytes_in_flight = 16384, .algorithm = TransformAlgorithm::ldgsts, .prefetch = TransformPrefetchPolicy { .threads_per_block = 256, .items_per_thread_no_input = 2, .min_items_per_thread = 1, .max_items_per_thread = 32, .prefetch_byte_stride = 128, .unroll_factor = 0 }, .vectorized = TransformVectorizedPolicy { .threads_per_block = 256, .items_per_thread = 8, .vec_size = 4 }, .async_copy = TransformAsyncCopyPolicy { .threads_per_block = 256, .min_items_per_thread = 1, .max_items_per_thread = 32, .unroll_factor = 1, .store_vec_size = 0 } }
Dispatching DeviceFor on compute capability 8.9 with tuning: ForPolicy { .threads_per_block = 256, .items_per_thread = 2 }
Invoking detail::for_each::static_kernel<<<1, 256, 0, 1>>>(), 2 items per thread
Dispatching DeviceReduce on compute capability 8.9 with tuning: ReducePolicy { .multi_tile = ReducePassPolicy { .threads_per_block = 256, .items_per_thread = 16, .vec_size = 4, .reduce_algorithm = BLOCK_REDUCE_WARP_REDUCTIONS, .load_modifier = LOAD_LDG }, .single_tile = ReducePassPolicy { .threads_per_block = 256, .items_per_thread = 16, .vec_size = 4, .reduce_algorithm = BLOCK_REDUCE_WARP_REDUCTIONS, .load_modifier = LOAD_LDG } }
Dispatching DeviceReduce on compute capability 8.9 with tuning: ReducePolicy { .multi_tile = ReducePassPolicy { .threads_per_block = 256, .items_per_thread = 16, .vec_size = 4, .reduce_algorithm = BLOCK_REDUCE_WARP_REDUCTIONS, .load_modifier = LOAD_LDG }, .single_tile = ReducePassPolicy { .threads_per_block = 256, .items_per_thread = 16, .vec_size = 4, .reduce_algorithm = BLOCK_REDUCE_WARP_REDUCTIONS, .load_modifier = LOAD_LDG } }
Invoking DeviceReduceKernel<<<720, 256, 0, 110685268608592>>>(), 16 items per thread, 6 SM occupancy
Invoking DeviceReduceSingleTileKernel<<<1, 256, 0, 110685268608592>>>(), 16 items per thread
Pass: Cold: 1.829888ms GPU, 1.874371ms CPU, 0.00s total GPU, 0.00s total wall, 1x 
```

# Benchmark Results

## base

### [0] NVIDIA GeForce RTX 4060 Laptop GPU

| T{ct} | OffsetT{ct} | Elements{io} |    Size    | Samples | CPU Time  | Noise | GPU Time  | Noise |  Elem/s  | GlobalMem BW | BWUtil |
|-------|-------------|--------------|------------|---------|-----------|-------|-----------|-------|----------|--------------|--------|
|   I32 |         I32 |      2945023 | 11.234 MiB |      1x | 24.303 ms |  inf% | 23.732 ms |  inf% | 124.094M | 496.376 MB/s |  0.19% |
|   I32 |         I32 |      2945024 | 11.234 MiB |      1x |  1.826 ms |  inf% |  1.793 ms |  inf% |   1.643G |   6.570 GB/s |  2.57% |
|   I32 |         I32 |      2945025 | 11.234 MiB |      1x |  1.534 ms |  inf% |  1.498 ms |  inf% |   1.966G |   7.863 GB/s |  3.07% |
|   I32 |         I32 |      2949119 | 11.250 MiB |      1x | 20.303 ms |  inf% | 20.248 ms |  inf% | 145.646M | 582.586 MB/s |  0.23% |
|   I32 |         I32 |      2949120 | 11.250 MiB |      1x |  1.922 ms |  inf% |  1.885 ms |  inf% |   1.564G |   6.258 GB/s |  2.44% |
|   I32 |         I32 |      2949121 | 11.250 MiB |      1x |  1.865 ms |  inf% |  1.817 ms |  inf% |   1.623G |   6.494 GB/s |  2.54% |
|   I32 |         I32 |      5898239 | 22.500 MiB |      1x |  1.951 ms |  inf% |  1.914 ms |  inf% |   3.082G |  12.329 GB/s |  4.82% |
|   I32 |         I32 |      5898240 | 22.500 MiB |      1x |  1.848 ms |  inf% |  1.807 ms |  inf% |   3.263G |  13.054 GB/s |  5.10% |
|   I32 |         I32 |      5898241 | 22.500 MiB |      1x |  1.874 ms |  inf% |  1.830 ms |  inf% |   3.223G |  12.893 GB/s |  5.04% |
