There are 50 section headers, starting at offset 0x8d00:

Section Headers:
  [Nr] Name              Type            Address          Off    Size   ES Flg Lk Inf Al
  [ 0]                   NULL            0000000000000000 000000 000000 00      0   0  0
  [ 1] .shstrtab         STRTAB          0000000000000000 000040 0008d6 00      0   0  1
  [ 2] .strtab           STRTAB          0000000000000000 000916 0014cd 00      0   0  1
  [ 3] .symtab           SYMTAB          0000000000000000 001de8 0006c0 18      2  60  8
  [ 4] .debug_frame      PROGBITS        0000000000000000 0024a8 000540 00      0   0  1
  [ 5] .note.nv.tkinfo   NOTE            0000000000000000 0029e8 0000a8 00   o  0   0  4
  [ 6] .note.nv.cuinfo   NOTE            0000000000000000 002a90 000020 00   o  5   0  4
  [ 7] .nv.info          LOPROC+0        0000000000000000 002ab0 0001b0 00      3   0  4
  [ 8] .nv.info.search_cost_f64_greater LOPROC+0        0000000000000000 002c60 00008c 00   I  3  37  4
  [ 9] .nv.info.search_cost_f64_less LOPROC+0        0000000000000000 002cec 00008c 00   I  3  38  4
  [10] .nv.info.search_cost_f32_greater LOPROC+0        0000000000000000 002d78 00008c 00   I  3  39  4
  [11] .nv.info.search_cost_f32_less LOPROC+0        0000000000000000 002e04 00008c 00   I  3  40  4
  [12] .nv.info.search_cost_u64_greater LOPROC+0        0000000000000000 002e90 00008c 00   I  3  41  4
  [13] .nv.info.search_cost_u64_less LOPROC+0        0000000000000000 002f1c 00008c 00   I  3  42  4
  [14] .nv.info.search_cost_i64_greater LOPROC+0        0000000000000000 002fa8 00008c 00   I  3  43  4
  [15] .nv.info.search_cost_i64_less LOPROC+0        0000000000000000 003034 00008c 00   I  3  44  4
  [16] .nv.info.search_cost_u32_greater LOPROC+0        0000000000000000 0030c0 00008c 00   I  3  45  4
  [17] .nv.info.search_cost_u32_less LOPROC+0        0000000000000000 00314c 00008c 00   I  3  46  4
  [18] .nv.info.search_cost_i32_greater LOPROC+0        0000000000000000 0031d8 00008c 00   I  3  47  4
  [19] .nv.info.search_cost_i32_less LOPROC+0        0000000000000000 003264 00008c 00   I  3  48  4
  [20] .nv.callgraph     LOPROC+0x1      0000000000000000 0032f0 000020 08      3   0  4
  [21] .nv.rel.action    LOPROC+0xb      0000000000000000 003310 000010 08      0   0  8
  [22] .rel.nv.constant4 REL             0000000000000000 003320 0001c0 10   I  3  24  8
  [23] .rel.debug_frame  REL             0000000000000000 0034e0 0000c0 10   I  3   4  8
  [24] .nv.constant4     PROGBITS        0000000000000000 0035a0 0000e0 00   A  0   0  8
  [25] .nv.constant0.search_cost_f64_greater PROGBITS        0000000000000000 003680 000188 00  AI  0  37  4
  [26] .nv.constant0.search_cost_f64_less PROGBITS        0000000000000000 003808 000188 00  AI  0  38  4
  [27] .nv.constant0.search_cost_f32_greater PROGBITS        0000000000000000 003990 000188 00  AI  0  39  4
  [28] .nv.constant0.search_cost_f32_less PROGBITS        0000000000000000 003b18 000188 00  AI  0  40  4
  [29] .nv.constant0.search_cost_u64_greater PROGBITS        0000000000000000 003ca0 000188 00  AI  0  41  4
  [30] .nv.constant0.search_cost_u64_less PROGBITS        0000000000000000 003e28 000188 00  AI  0  42  4
  [31] .nv.constant0.search_cost_i64_greater PROGBITS        0000000000000000 003fb0 000188 00  AI  0  43  4
  [32] .nv.constant0.search_cost_i64_less PROGBITS        0000000000000000 004138 000188 00  AI  0  44  4
  [33] .nv.constant0.search_cost_u32_greater PROGBITS        0000000000000000 0042c0 000188 00  AI  0  45  4
  [34] .nv.constant0.search_cost_u32_less PROGBITS        0000000000000000 004448 000188 00  AI  0  46  4
  [35] .nv.constant0.search_cost_i32_greater PROGBITS        0000000000000000 0045d0 000188 00  AI  0  47  4
  [36] .nv.constant0.search_cost_i32_less PROGBITS        0000000000000000 004758 000188 00  AI  0  48  4
  [37] .text.search_cost_f64_greater PROGBITS        0000000000000000 004900 000580 00  AX  3 419430460 128
  [38] .text.search_cost_f64_less PROGBITS        0000000000000000 004e80 000580 00  AX  3 419430461 128
  [39] .text.search_cost_f32_greater PROGBITS        0000000000000000 005400 000580 00  AX  3 419430462 128
  [40] .text.search_cost_f32_less PROGBITS        0000000000000000 005980 000580 00  AX  3 419430463 128
  [41] .text.search_cost_u64_greater PROGBITS        0000000000000000 005f00 000600 00  AX  3 436207680 128
  [42] .text.search_cost_u64_less PROGBITS        0000000000000000 006500 000600 00  AX  3 436207681 128
  [43] .text.search_cost_i64_greater PROGBITS        0000000000000000 006b00 000600 00  AX  3 436207682 128
  [44] .text.search_cost_i64_less PROGBITS        0000000000000000 007100 000600 00  AX  3 436207683 128
  [45] .text.search_cost_u32_greater PROGBITS        0000000000000000 007700 000580 00  AX  3 419430468 128
  [46] .text.search_cost_u32_less PROGBITS        0000000000000000 007c80 000580 00  AX  3 419430469 128
  [47] .text.search_cost_i32_greater PROGBITS        0000000000000000 008200 000580 00  AX  3 419430470 128
  [48] .text.search_cost_i32_less PROGBITS        0000000000000000 008780 000580 00  AX  3 419430471 128
  [49] .nv.global        NOBITS          0000000000000000 008d00 00001c 00  WA  0   0  1
Key to Flags:
  W (write), A (alloc), X (execute), M (merge), S (strings), I (info),
  L (link order), O (extra OS processing required), G (group), T (TLS),
  C (compressed), x (unknown), o (OS specific), E (exclude),
  p (processor specific)
