
Resource usage:
 Common:
  GLOBAL:28 CONSTANT[4]:224
 Function search_cost_f64_greater:
  REG:25 STACK:0 SHARED:0 LOCAL:0 CONSTANT[0]:392 TEXTURE:0 SURFACE:0 SAMPLER:0
 Function search_cost_f64_less:
  REG:25 STACK:0 SHARED:0 LOCAL:0 CONSTANT[0]:392 TEXTURE:0 SURFACE:0 SAMPLER:0
 Function search_cost_f32_greater:
  REG:25 STACK:0 SHARED:0 LOCAL:0 CONSTANT[0]:392 TEXTURE:0 SURFACE:0 SAMPLER:0
 Function search_cost_f32_less:
  REG:25 STACK:0 SHARED:0 LOCAL:0 CONSTANT[0]:392 TEXTURE:0 SURFACE:0 SAMPLER:0
 Function search_cost_u64_greater:
  REG:26 STACK:0 SHARED:0 LOCAL:0 CONSTANT[0]:392 TEXTURE:0 SURFACE:0 SAMPLER:0
 Function search_cost_u64_less:
  REG:26 STACK:0 SHARED:0 LOCAL:0 CONSTANT[0]:392 TEXTURE:0 SURFACE:0 SAMPLER:0
 Function search_cost_i64_greater:
  REG:26 STACK:0 SHARED:0 LOCAL:0 CONSTANT[0]:392 TEXTURE:0 SURFACE:0 SAMPLER:0
 Function search_cost_i64_less:
  REG:26 STACK:0 SHARED:0 LOCAL:0 CONSTANT[0]:392 TEXTURE:0 SURFACE:0 SAMPLER:0
 Function search_cost_u32_greater:
  REG:25 STACK:0 SHARED:0 LOCAL:0 CONSTANT[0]:392 TEXTURE:0 SURFACE:0 SAMPLER:0
 Function search_cost_u32_less:
  REG:25 STACK:0 SHARED:0 LOCAL:0 CONSTANT[0]:392 TEXTURE:0 SURFACE:0 SAMPLER:0
 Function search_cost_i32_greater:
  REG:25 STACK:0 SHARED:0 LOCAL:0 CONSTANT[0]:392 TEXTURE:0 SURFACE:0 SAMPLER:0
 Function search_cost_i32_less:
  REG:25 STACK:0 SHARED:0 LOCAL:0 CONSTANT[0]:392 TEXTURE:0 SURFACE:0 SAMPLER:0
