ptxas info    : 28 bytes gmem, 224 bytes cmem[4]
ptxas info    : Compiling entry function 'search_cost_f64_greater' for 'sm_89'
ptxas info    : Function properties for search_cost_f64_greater
    0 bytes stack frame, 0 bytes spill stores, 0 bytes spill loads
ptxas info    : Used 30 registers, used 0 barriers, 392 bytes cmem[0], 8 bytes cmem[2]
ptxas info    : Compile time = 5.162 ms
ptxas info    : Compiling entry function 'search_cost_f64_less' for 'sm_89'
ptxas info    : Function properties for search_cost_f64_less
    0 bytes stack frame, 0 bytes spill stores, 0 bytes spill loads
ptxas info    : Used 30 registers, used 0 barriers, 392 bytes cmem[0], 8 bytes cmem[2]
ptxas info    : Compile time = 3.877 ms
ptxas info    : Compiling entry function 'search_cost_f32_greater' for 'sm_89'
ptxas info    : Function properties for search_cost_f32_greater
    0 bytes stack frame, 0 bytes spill stores, 0 bytes spill loads
ptxas info    : Used 28 registers, used 0 barriers, 392 bytes cmem[0], 8 bytes cmem[2]
ptxas info    : Compile time = 3.749 ms
ptxas info    : Compiling entry function 'search_cost_f32_less' for 'sm_89'
ptxas info    : Function properties for search_cost_f32_less
    0 bytes stack frame, 0 bytes spill stores, 0 bytes spill loads
ptxas info    : Used 28 registers, used 0 barriers, 392 bytes cmem[0], 8 bytes cmem[2]
ptxas info    : Compile time = 3.410 ms
ptxas info    : Compiling entry function 'search_cost_u64_greater' for 'sm_89'
ptxas info    : Function properties for search_cost_u64_greater
    0 bytes stack frame, 0 bytes spill stores, 0 bytes spill loads
ptxas info    : Used 30 registers, used 0 barriers, 392 bytes cmem[0], 8 bytes cmem[2]
ptxas info    : Compile time = 4.172 ms
ptxas info    : Compiling entry function 'search_cost_u64_less' for 'sm_89'
ptxas info    : Function properties for search_cost_u64_less
    0 bytes stack frame, 0 bytes spill stores, 0 bytes spill loads
ptxas info    : Used 30 registers, used 0 barriers, 392 bytes cmem[0], 8 bytes cmem[2]
ptxas info    : Compile time = 3.690 ms
ptxas info    : Compiling entry function 'search_cost_i64_greater' for 'sm_89'
ptxas info    : Function properties for search_cost_i64_greater
    0 bytes stack frame, 0 bytes spill stores, 0 bytes spill loads
ptxas info    : Used 30 registers, used 0 barriers, 392 bytes cmem[0], 8 bytes cmem[2]
ptxas info    : Compile time = 3.459 ms
ptxas info    : Compiling entry function 'search_cost_i64_less' for 'sm_89'
ptxas info    : Function properties for search_cost_i64_less
    0 bytes stack frame, 0 bytes spill stores, 0 bytes spill loads
ptxas info    : Used 30 registers, used 0 barriers, 392 bytes cmem[0], 8 bytes cmem[2]
ptxas info    : Compile time = 3.448 ms
ptxas info    : Compiling entry function 'search_cost_u32_greater' for 'sm_89'
ptxas info    : Function properties for search_cost_u32_greater
    0 bytes stack frame, 0 bytes spill stores, 0 bytes spill loads
ptxas info    : Used 28 registers, used 0 barriers, 392 bytes cmem[0], 8 bytes cmem[2]
ptxas info    : Compile time = 3.955 ms
ptxas info    : Compiling entry function 'search_cost_u32_less' for 'sm_89'
ptxas info    : Function properties for search_cost_u32_less
    0 bytes stack frame, 0 bytes spill stores, 0 bytes spill loads
ptxas info    : Used 28 registers, used 0 barriers, 392 bytes cmem[0], 8 bytes cmem[2]
ptxas info    : Compile time = 3.610 ms
ptxas info    : Compiling entry function 'search_cost_i32_greater' for 'sm_89'
ptxas info    : Function properties for search_cost_i32_greater
    0 bytes stack frame, 0 bytes spill stores, 0 bytes spill loads
ptxas info    : Used 28 registers, used 0 barriers, 392 bytes cmem[0], 8 bytes cmem[2]
ptxas info    : Compile time = 3.379 ms
ptxas info    : Compiling entry function 'search_cost_i32_less' for 'sm_89'
ptxas info    : Function properties for search_cost_i32_less
    0 bytes stack frame, 0 bytes spill stores, 0 bytes spill loads
ptxas info    : Used 28 registers, used 0 barriers, 392 bytes cmem[0], 8 bytes cmem[2]
ptxas info    : Compile time = 3.344 ms
