ptxas info    : 28 bytes gmem, 224 bytes cmem[4]
ptxas info    : Compiling entry function 'search_cost_f64_greater' for 'sm_89'
ptxas info    : Function properties for search_cost_f64_greater
    0 bytes stack frame, 0 bytes spill stores, 0 bytes spill loads
ptxas info    : Used 25 registers, used 0 barriers, 392 bytes cmem[0]
ptxas info    : Compile time = 3.947 ms
ptxas info    : Compiling entry function 'search_cost_f64_less' for 'sm_89'
ptxas info    : Function properties for search_cost_f64_less
    0 bytes stack frame, 0 bytes spill stores, 0 bytes spill loads
ptxas info    : Used 25 registers, used 0 barriers, 392 bytes cmem[0]
ptxas info    : Compile time = 2.805 ms
ptxas info    : Compiling entry function 'search_cost_f32_greater' for 'sm_89'
ptxas info    : Function properties for search_cost_f32_greater
    0 bytes stack frame, 0 bytes spill stores, 0 bytes spill loads
ptxas info    : Used 25 registers, used 0 barriers, 392 bytes cmem[0]
ptxas info    : Compile time = 2.653 ms
ptxas info    : Compiling entry function 'search_cost_f32_less' for 'sm_89'
ptxas info    : Function properties for search_cost_f32_less
    0 bytes stack frame, 0 bytes spill stores, 0 bytes spill loads
ptxas info    : Used 25 registers, used 0 barriers, 392 bytes cmem[0]
ptxas info    : Compile time = 2.361 ms
ptxas info    : Compiling entry function 'search_cost_u64_greater' for 'sm_89'
ptxas info    : Function properties for search_cost_u64_greater
    0 bytes stack frame, 0 bytes spill stores, 0 bytes spill loads
ptxas info    : Used 26 registers, used 0 barriers, 392 bytes cmem[0]
ptxas info    : Compile time = 2.324 ms
ptxas info    : Compiling entry function 'search_cost_u64_less' for 'sm_89'
ptxas info    : Function properties for search_cost_u64_less
    0 bytes stack frame, 0 bytes spill stores, 0 bytes spill loads
ptxas info    : Used 26 registers, used 0 barriers, 392 bytes cmem[0]
ptxas info    : Compile time = 2.330 ms
ptxas info    : Compiling entry function 'search_cost_i64_greater' for 'sm_89'
ptxas info    : Function properties for search_cost_i64_greater
    0 bytes stack frame, 0 bytes spill stores, 0 bytes spill loads
ptxas info    : Used 26 registers, used 0 barriers, 392 bytes cmem[0]
ptxas info    : Compile time = 2.815 ms
ptxas info    : Compiling entry function 'search_cost_i64_less' for 'sm_89'
ptxas info    : Function properties for search_cost_i64_less
    0 bytes stack frame, 0 bytes spill stores, 0 bytes spill loads
ptxas info    : Used 26 registers, used 0 barriers, 392 bytes cmem[0]
ptxas info    : Compile time = 2.564 ms
ptxas info    : Compiling entry function 'search_cost_u32_greater' for 'sm_89'
ptxas info    : Function properties for search_cost_u32_greater
    0 bytes stack frame, 0 bytes spill stores, 0 bytes spill loads
ptxas info    : Used 25 registers, used 0 barriers, 392 bytes cmem[0]
ptxas info    : Compile time = 2.239 ms
ptxas info    : Compiling entry function 'search_cost_u32_less' for 'sm_89'
ptxas info    : Function properties for search_cost_u32_less
    0 bytes stack frame, 0 bytes spill stores, 0 bytes spill loads
ptxas info    : Used 25 registers, used 0 barriers, 392 bytes cmem[0]
ptxas info    : Compile time = 2.363 ms
ptxas info    : Compiling entry function 'search_cost_i32_greater' for 'sm_89'
ptxas info    : Function properties for search_cost_i32_greater
    0 bytes stack frame, 0 bytes spill stores, 0 bytes spill loads
ptxas info    : Used 25 registers, used 0 barriers, 392 bytes cmem[0]
ptxas info    : Compile time = 2.410 ms
ptxas info    : Compiling entry function 'search_cost_i32_less' for 'sm_89'
ptxas info    : Function properties for search_cost_i32_less
    0 bytes stack frame, 0 bytes spill stores, 0 bytes spill loads
ptxas info    : Used 25 registers, used 0 barriers, 392 bytes cmem[0]
ptxas info    : Compile time = 2.247 ms
