ptxas info    : 28 bytes gmem, 224 bytes cmem[4]
ptxas info    : Compiling entry function 'search_cost_f64_greater' for 'sm_89'
ptxas info    : Function properties for search_cost_f64_greater
    0 bytes stack frame, 0 bytes spill stores, 0 bytes spill loads
ptxas info    : Used 30 registers, used 0 barriers, 392 bytes cmem[0], 8 bytes cmem[2]
ptxas info    : Compile time = 4.665 ms
ptxas info    : Compiling entry function 'search_cost_f64_less' for 'sm_89'
ptxas info    : Function properties for search_cost_f64_less
    0 bytes stack frame, 0 bytes spill stores, 0 bytes spill loads
ptxas info    : Used 30 registers, used 0 barriers, 392 bytes cmem[0], 8 bytes cmem[2]
ptxas info    : Compile time = 3.932 ms
ptxas info    : Compiling entry function 'search_cost_f32_greater' for 'sm_89'
ptxas info    : Function properties for search_cost_f32_greater
    0 bytes stack frame, 0 bytes spill stores, 0 bytes spill loads
ptxas info    : Used 28 registers, used 0 barriers, 392 bytes cmem[0], 8 bytes cmem[2]
ptxas info    : Compile time = 3.678 ms
ptxas info    : Compiling entry function 'search_cost_f32_less' for 'sm_89'
ptxas info    : Function properties for search_cost_f32_less
    0 bytes stack frame, 0 bytes spill stores, 0 bytes spill loads
ptxas info    : Used 28 registers, used 0 barriers, 392 bytes cmem[0], 8 bytes cmem[2]
ptxas info    : Compile time = 3.947 ms
ptxas info    : Compiling entry function 'search_cost_u64_greater' for 'sm_89'
ptxas info    : Function properties for search_cost_u64_greater
    0 bytes stack frame, 0 bytes spill stores, 0 bytes spill loads
ptxas info    : Used 30 registers, used 0 barriers, 392 bytes cmem[0], 8 bytes cmem[2]
ptxas info    : Compile time = 3.579 ms
ptxas info    : Compiling entry function 'search_cost_u64_less' for 'sm_89'
ptxas info    : Function properties for search_cost_u64_less
    0 bytes stack frame, 0 bytes spill stores, 0 bytes spill loads
ptxas info    : Used 30 registers, used 0 barriers, 392 bytes cmem[0], 8 bytes cmem[2]
ptxas info    : Compile time = 3.599 ms
ptxas info    : Compiling entry function 'search_cost_i64_greater' for 'sm_89'
ptxas info    : Function properties for search_cost_i64_greater
    0 bytes stack frame, 0 bytes spill stores, 0 bytes spill loads
ptxas info    : Used 30 registers, used 0 barriers, 392 bytes cmem[0], 8 bytes cmem[2]
ptxas info    : Compile time = 3.500 ms
ptxas info    : Compiling entry function 'search_cost_i64_less' for 'sm_89'
ptxas info    : Function properties for search_cost_i64_less
    0 bytes stack frame, 0 bytes spill stores, 0 bytes spill loads
ptxas info    : Used 30 registers, used 0 barriers, 392 bytes cmem[0], 8 bytes cmem[2]
ptxas info    : Compile time = 3.812 ms
ptxas info    : Compiling entry function 'search_cost_u32_greater' for 'sm_89'
ptxas info    : Function properties for search_cost_u32_greater
    0 bytes stack frame, 0 bytes spill stores, 0 bytes spill loads
ptxas info    : Used 28 registers, used 0 barriers, 392 bytes cmem[0], 8 bytes cmem[2]
ptxas info    : Compile time = 4.423 ms
ptxas info    : Compiling entry function 'search_cost_u32_less' for 'sm_89'
ptxas info    : Function properties for search_cost_u32_less
    0 bytes stack frame, 0 bytes spill stores, 0 bytes spill loads
ptxas info    : Used 28 registers, used 0 barriers, 392 bytes cmem[0], 8 bytes cmem[2]
ptxas info    : Compile time = 3.642 ms
ptxas info    : Compiling entry function 'search_cost_i32_greater' for 'sm_89'
ptxas info    : Function properties for search_cost_i32_greater
    0 bytes stack frame, 0 bytes spill stores, 0 bytes spill loads
ptxas info    : Used 28 registers, used 0 barriers, 392 bytes cmem[0], 8 bytes cmem[2]
ptxas info    : Compile time = 3.418 ms
ptxas info    : Compiling entry function 'search_cost_i32_less' for 'sm_89'
ptxas info    : Function properties for search_cost_i32_less
    0 bytes stack frame, 0 bytes spill stores, 0 bytes spill loads
ptxas info    : Used 28 registers, used 0 barriers, 392 bytes cmem[0], 8 bytes cmem[2]
ptxas info    : Compile time = 3.414 ms
