ptxas info    : 28 bytes gmem, 224 bytes cmem[4]
ptxas info    : Compiling entry function 'search_cost_f64_greater' for 'sm_89'
ptxas info    : Function properties for search_cost_f64_greater
    0 bytes stack frame, 0 bytes spill stores, 0 bytes spill loads
ptxas info    : Used 30 registers, used 0 barriers, 392 bytes cmem[0], 8 bytes cmem[2]
ptxas info    : Compile time = 4.670 ms
ptxas info    : Compiling entry function 'search_cost_f64_less' for 'sm_89'
ptxas info    : Function properties for search_cost_f64_less
    0 bytes stack frame, 0 bytes spill stores, 0 bytes spill loads
ptxas info    : Used 30 registers, used 0 barriers, 392 bytes cmem[0], 8 bytes cmem[2]
ptxas info    : Compile time = 3.790 ms
ptxas info    : Compiling entry function 'search_cost_f32_greater' for 'sm_89'
ptxas info    : Function properties for search_cost_f32_greater
    0 bytes stack frame, 0 bytes spill stores, 0 bytes spill loads
ptxas info    : Used 28 registers, used 0 barriers, 392 bytes cmem[0], 8 bytes cmem[2]
ptxas info    : Compile time = 3.663 ms
ptxas info    : Compiling entry function 'search_cost_f32_less' for 'sm_89'
ptxas info    : Function properties for search_cost_f32_less
    0 bytes stack frame, 0 bytes spill stores, 0 bytes spill loads
ptxas info    : Used 28 registers, used 0 barriers, 392 bytes cmem[0], 8 bytes cmem[2]
ptxas info    : Compile time = 3.700 ms
ptxas info    : Compiling entry function 'search_cost_u64_greater' for 'sm_89'
ptxas info    : Function properties for search_cost_u64_greater
    0 bytes stack frame, 0 bytes spill stores, 0 bytes spill loads
ptxas info    : Used 30 registers, used 0 barriers, 392 bytes cmem[0], 8 bytes cmem[2]
ptxas info    : Compile time = 3.787 ms
ptxas info    : Compiling entry function 'search_cost_u64_less' for 'sm_89'
ptxas info    : Function properties for search_cost_u64_less
    0 bytes stack frame, 0 bytes spill stores, 0 bytes spill loads
ptxas info    : Used 30 registers, used 0 barriers, 392 bytes cmem[0], 8 bytes cmem[2]
ptxas info    : Compile time = 3.476 ms
ptxas info    : Compiling entry function 'search_cost_i64_greater' for 'sm_89'
ptxas info    : Function properties for search_cost_i64_greater
    0 bytes stack frame, 0 bytes spill stores, 0 bytes spill loads
ptxas info    : Used 30 registers, used 0 barriers, 392 bytes cmem[0], 8 bytes cmem[2]
ptxas info    : Compile time = 3.442 ms
ptxas info    : Compiling entry function 'search_cost_i64_less' for 'sm_89'
ptxas info    : Function properties for search_cost_i64_less
    0 bytes stack frame, 0 bytes spill stores, 0 bytes spill loads
ptxas info    : Used 30 registers, used 0 barriers, 392 bytes cmem[0], 8 bytes cmem[2]
ptxas info    : Compile time = 3.431 ms
ptxas info    : Compiling entry function 'search_cost_u32_greater' for 'sm_89'
ptxas info    : Function properties for search_cost_u32_greater
    0 bytes stack frame, 0 bytes spill stores, 0 bytes spill loads
ptxas info    : Used 28 registers, used 0 barriers, 392 bytes cmem[0], 8 bytes cmem[2]
ptxas info    : Compile time = 4.530 ms
ptxas info    : Compiling entry function 'search_cost_u32_less' for 'sm_89'
ptxas info    : Function properties for search_cost_u32_less
    0 bytes stack frame, 0 bytes spill stores, 0 bytes spill loads
ptxas info    : Used 28 registers, used 0 barriers, 392 bytes cmem[0], 8 bytes cmem[2]
ptxas info    : Compile time = 3.866 ms
ptxas info    : Compiling entry function 'search_cost_i32_greater' for 'sm_89'
ptxas info    : Function properties for search_cost_i32_greater
    0 bytes stack frame, 0 bytes spill stores, 0 bytes spill loads
ptxas info    : Used 28 registers, used 0 barriers, 392 bytes cmem[0], 8 bytes cmem[2]
ptxas info    : Compile time = 3.359 ms
ptxas info    : Compiling entry function 'search_cost_i32_less' for 'sm_89'
ptxas info    : Function properties for search_cost_i32_less
    0 bytes stack frame, 0 bytes spill stores, 0 bytes spill loads
ptxas info    : Used 28 registers, used 0 barriers, 392 bytes cmem[0], 8 bytes cmem[2]
ptxas info    : Compile time = 3.456 ms
