search_compile_cost.o : /home/lktr/search-cost-localfs-20260919/build/search_compile_cost.cu \
    /usr/include/stdc-predef.h \
    /usr/local/cuda/bin/../targets/x86_64-linux/include/cuda_runtime.h \
    /usr/local/cuda/bin/../targets/x86_64-linux/include/crt/host_config.h \
    /usr/include/features.h \
    /usr/include/features-time64.h \
    /usr/include/x86_64-linux-gnu/bits/wordsize.h \
    /usr/include/x86_64-linux-gnu/bits/timesize.h \
    /usr/include/x86_64-linux-gnu/sys/cdefs.h \
    /usr/include/x86_64-linux-gnu/bits/long-double.h \
    /usr/include/x86_64-linux-gnu/gnu/stubs.h \
    /usr/include/x86_64-linux-gnu/gnu/stubs-64.h \
    /usr/local/cuda/bin/../targets/x86_64-linux/include/builtin_types.h \
    /usr/local/cuda/bin/../targets/x86_64-linux/include/device_types.h \
    /usr/local/cuda/bin/../targets/x86_64-linux/include/crt/host_defines.h \
    /usr/include/ctype.h \
    /usr/include/x86_64-linux-gnu/bits/types.h \
    /usr/include/x86_64-linux-gnu/bits/typesizes.h \
    /usr/include/x86_64-linux-gnu/bits/time64.h \
    /usr/include/x86_64-linux-gnu/bits/endian.h \
    /usr/include/x86_64-linux-gnu/bits/endianness.h \
    /usr/include/x86_64-linux-gnu/bits/types/locale_t.h \
    /usr/include/x86_64-linux-gnu/bits/types/__locale_t.h \
    /usr/local/cuda/bin/../targets/x86_64-linux/include/driver_types.h \
    /usr/local/cuda/bin/../targets/x86_64-linux/include/vector_types.h \
    /usr/lib/gcc/x86_64-linux-gnu/13/include/limits.h \
    /usr/lib/gcc/x86_64-linux-gnu/13/include/syslimits.h \
    /usr/include/limits.h \
    /usr/include/x86_64-linux-gnu/bits/libc-header-start.h \
    /usr/include/x86_64-linux-gnu/bits/posix1_lim.h \
    /usr/include/x86_64-linux-gnu/bits/local_lim.h \
    /usr/include/linux/limits.h \
    /usr/include/x86_64-linux-gnu/bits/pthread_stack_min-dynamic.h \
    /usr/include/x86_64-linux-gnu/bits/posix2_lim.h \
    /usr/include/x86_64-linux-gnu/bits/xopen_lim.h \
    /usr/include/x86_64-linux-gnu/bits/uio_lim.h \
    /usr/lib/gcc/x86_64-linux-gnu/13/include/stddef.h \
    /usr/local/cuda/bin/../targets/x86_64-linux/include/surface_types.h \
    /usr/local/cuda/bin/../targets/x86_64-linux/include/texture_types.h \
    /usr/local/cuda/bin/../targets/x86_64-linux/include/library_types.h \
    /usr/local/cuda/bin/../targets/x86_64-linux/include/channel_descriptor.h \
    /usr/local/cuda/bin/../targets/x86_64-linux/include/cuda_runtime_api.h \
    /usr/local/cuda/bin/../targets/x86_64-linux/include/cuda_device_runtime_api.h \
    /usr/include/c++/13/stdlib.h \
    /usr/include/c++/13/cstdlib \
    /usr/include/x86_64-linux-gnu/c++/13/bits/c++config.h \
    /usr/include/x86_64-linux-gnu/c++/13/bits/os_defines.h \
    /usr/include/x86_64-linux-gnu/c++/13/bits/cpu_defines.h \
    /usr/include/c++/13/pstl/pstl_config.h \
    /usr/include/stdlib.h \
    /usr/include/x86_64-linux-gnu/bits/waitflags.h \
    /usr/include/x86_64-linux-gnu/bits/waitstatus.h \
    /usr/include/x86_64-linux-gnu/bits/floatn.h \
    /usr/include/x86_64-linux-gnu/bits/floatn-common.h \
    /usr/include/x86_64-linux-gnu/sys/types.h \
    /usr/include/x86_64-linux-gnu/bits/types/clock_t.h \
    /usr/include/x86_64-linux-gnu/bits/types/clockid_t.h \
    /usr/include/x86_64-linux-gnu/bits/types/time_t.h \
    /usr/include/x86_64-linux-gnu/bits/types/timer_t.h \
    /usr/include/x86_64-linux-gnu/bits/stdint-intn.h \
    /usr/include/endian.h \
    /usr/include/x86_64-linux-gnu/bits/byteswap.h \
    /usr/include/x86_64-linux-gnu/bits/uintn-identity.h \
    /usr/include/x86_64-linux-gnu/sys/select.h \
    /usr/include/x86_64-linux-gnu/bits/select.h \
    /usr/include/x86_64-linux-gnu/bits/types/sigset_t.h \
    /usr/include/x86_64-linux-gnu/bits/types/__sigset_t.h \
    /usr/include/x86_64-linux-gnu/bits/types/struct_timeval.h \
    /usr/include/x86_64-linux-gnu/bits/types/struct_timespec.h \
    /usr/include/x86_64-linux-gnu/bits/select2.h \
    /usr/include/x86_64-linux-gnu/bits/select-decl.h \
    /usr/include/x86_64-linux-gnu/bits/pthreadtypes.h \
    /usr/include/x86_64-linux-gnu/bits/thread-shared-types.h \
    /usr/include/x86_64-linux-gnu/bits/pthreadtypes-arch.h \
    /usr/include/x86_64-linux-gnu/bits/atomic_wide_counter.h \
    /usr/include/x86_64-linux-gnu/bits/struct_mutex.h \
    /usr/include/x86_64-linux-gnu/bits/struct_rwlock.h \
    /usr/include/alloca.h \
    /usr/include/x86_64-linux-gnu/bits/stdlib-bsearch.h \
    /usr/include/x86_64-linux-gnu/bits/stdlib-float.h \
    /usr/include/x86_64-linux-gnu/bits/stdlib.h \
    /usr/include/c++/13/bits/std_abs.h \
    /usr/local/cuda/bin/../targets/x86_64-linux/include/driver_functions.h \
    /usr/local/cuda/bin/../targets/x86_64-linux/include/vector_functions.h \
    /usr/local/cuda/bin/../targets/x86_64-linux/include/vector_functions.hpp \
    /usr/local/cuda/bin/../targets/x86_64-linux/include/crt/common_functions.h \
    /usr/include/string.h \
    /usr/include/strings.h \
    /usr/include/x86_64-linux-gnu/bits/strings_fortified.h \
    /usr/include/x86_64-linux-gnu/bits/string_fortified.h \
    /usr/include/time.h \
    /usr/include/x86_64-linux-gnu/bits/time.h \
    /usr/include/x86_64-linux-gnu/bits/timex.h \
    /usr/include/x86_64-linux-gnu/bits/types/struct_tm.h \
    /usr/include/x86_64-linux-gnu/bits/types/struct_itimerspec.h \
    /usr/include/c++/13/new \
    /usr/include/c++/13/bits/exception.h \
    /usr/include/stdio.h \
    /usr/lib/gcc/x86_64-linux-gnu/13/include/stdarg.h \
    /usr/include/x86_64-linux-gnu/bits/types/__fpos_t.h \
    /usr/include/x86_64-linux-gnu/bits/types/__mbstate_t.h \
    /usr/include/x86_64-linux-gnu/bits/types/__fpos64_t.h \
    /usr/include/x86_64-linux-gnu/bits/types/__FILE.h \
    /usr/include/x86_64-linux-gnu/bits/types/FILE.h \
    /usr/include/x86_64-linux-gnu/bits/types/struct_FILE.h \
    /usr/include/x86_64-linux-gnu/bits/types/cookie_io_functions_t.h \
    /usr/include/x86_64-linux-gnu/bits/stdio_lim.h \
    /usr/include/x86_64-linux-gnu/bits/stdio2-decl.h \
    /usr/include/x86_64-linux-gnu/bits/stdio.h \
    /usr/include/x86_64-linux-gnu/bits/stdio2.h \
    /usr/include/assert.h \
    /usr/local/cuda/bin/../targets/x86_64-linux/include/crt/math_functions.h \
    /usr/include/c++/13/math.h \
    /usr/include/c++/13/cmath \
    /usr/include/c++/13/bits/requires_hosted.h \
    /usr/include/c++/13/bits/cpp_type_traits.h \
    /usr/include/c++/13/ext/type_traits.h \
    /usr/include/math.h \
    /usr/include/x86_64-linux-gnu/bits/math-vector.h \
    /usr/include/x86_64-linux-gnu/bits/libm-simd-decl-stubs.h \
    /usr/include/x86_64-linux-gnu/bits/flt-eval-method.h \
    /usr/include/x86_64-linux-gnu/bits/fp-logb.h \
    /usr/include/x86_64-linux-gnu/bits/fp-fast.h \
    /usr/include/x86_64-linux-gnu/bits/mathcalls-helper-functions.h \
    /usr/include/x86_64-linux-gnu/bits/mathcalls.h \
    /usr/include/x86_64-linux-gnu/bits/mathcalls-narrow.h \
    /usr/include/x86_64-linux-gnu/bits/iscanonical.h \
    /usr/include/c++/13/bits/specfun.h \
    /usr/include/c++/13/bits/stl_algobase.h \
    /usr/include/c++/13/bits/functexcept.h \
    /usr/include/c++/13/bits/exception_defines.h \
    /usr/include/c++/13/ext/numeric_traits.h \
    /usr/include/c++/13/bits/stl_pair.h \
    /usr/include/c++/13/type_traits \
    /usr/include/c++/13/bits/move.h \
    /usr/include/c++/13/bits/utility.h \
    /usr/include/c++/13/bits/stl_iterator_base_types.h \
    /usr/include/c++/13/bits/stl_iterator_base_funcs.h \
    /usr/include/c++/13/bits/concept_check.h \
    /usr/include/c++/13/debug/assertions.h \
    /usr/include/c++/13/bits/stl_iterator.h \
    /usr/include/c++/13/bits/ptr_traits.h \
    /usr/include/c++/13/debug/debug.h \
    /usr/include/c++/13/bits/predefined_ops.h \
    /usr/include/c++/13/bit \
    /usr/include/c++/13/limits \
    /usr/include/c++/13/tr1/gamma.tcc \
    /usr/include/c++/13/tr1/special_function_util.h \
    /usr/include/c++/13/tr1/bessel_function.tcc \
    /usr/include/c++/13/tr1/beta_function.tcc \
    /usr/include/c++/13/tr1/ell_integral.tcc \
    /usr/include/c++/13/tr1/exp_integral.tcc \
    /usr/include/c++/13/tr1/hypergeometric.tcc \
    /usr/include/c++/13/tr1/legendre_function.tcc \
    /usr/include/c++/13/tr1/modified_bessel_func.tcc \
    /usr/include/c++/13/tr1/poly_hermite.tcc \
    /usr/include/c++/13/tr1/poly_laguerre.tcc \
    /usr/include/c++/13/tr1/riemann_zeta.tcc \
    /usr/local/cuda/bin/../targets/x86_64-linux/include/crt/math_functions.hpp \
    /usr/local/cuda/bin/../targets/x86_64-linux/include/crt/device_functions.h \
    /usr/local/cuda/bin/../targets/x86_64-linux/include/crt/device_functions.hpp \
    /usr/local/cuda/bin/../targets/x86_64-linux/include/device_atomic_functions.h \
    /usr/local/cuda/bin/../targets/x86_64-linux/include/device_atomic_functions.hpp \
    /usr/local/cuda/bin/../targets/x86_64-linux/include/crt/device_double_functions.h \
    /usr/local/cuda/bin/../targets/x86_64-linux/include/crt/device_double_functions.hpp \
    /usr/local/cuda/bin/../targets/x86_64-linux/include/sm_20_atomic_functions.h \
    /usr/local/cuda/bin/../targets/x86_64-linux/include/sm_20_atomic_functions.hpp \
    /usr/local/cuda/bin/../targets/x86_64-linux/include/sm_32_atomic_functions.h \
    /usr/local/cuda/bin/../targets/x86_64-linux/include/sm_32_atomic_functions.hpp \
    /usr/local/cuda/bin/../targets/x86_64-linux/include/sm_35_atomic_functions.h \
    /usr/local/cuda/bin/../targets/x86_64-linux/include/sm_60_atomic_functions.h \
    /usr/local/cuda/bin/../targets/x86_64-linux/include/sm_60_atomic_functions.hpp \
    /usr/local/cuda/bin/../targets/x86_64-linux/include/sm_20_intrinsics.h \
    /usr/local/cuda/bin/../targets/x86_64-linux/include/sm_20_intrinsics.hpp \
    /usr/local/cuda/bin/../targets/x86_64-linux/include/sm_30_intrinsics.h \
    /usr/local/cuda/bin/../targets/x86_64-linux/include/sm_30_intrinsics.hpp \
    /usr/local/cuda/bin/../targets/x86_64-linux/include/sm_32_intrinsics.h \
    /usr/local/cuda/bin/../targets/x86_64-linux/include/sm_32_intrinsics.hpp \
    /usr/local/cuda/bin/../targets/x86_64-linux/include/sm_35_intrinsics.h \
    /usr/local/cuda/bin/../targets/x86_64-linux/include/sm_61_intrinsics.h \
    /usr/local/cuda/bin/../targets/x86_64-linux/include/sm_61_intrinsics.hpp \
    /usr/local/cuda/bin/../targets/x86_64-linux/include/crt/sm_70_rt.h \
    /usr/local/cuda/bin/../targets/x86_64-linux/include/crt/sm_70_rt.hpp \
    /usr/local/cuda/bin/../targets/x86_64-linux/include/crt/sm_80_rt.h \
    /usr/local/cuda/bin/../targets/x86_64-linux/include/crt/sm_80_rt.hpp \
    /usr/local/cuda/bin/../targets/x86_64-linux/include/crt/sm_90_rt.h \
    /usr/local/cuda/bin/../targets/x86_64-linux/include/crt/sm_90_rt.hpp \
    /usr/local/cuda/bin/../targets/x86_64-linux/include/crt/sm_100_rt.h \
    /usr/local/cuda/bin/../targets/x86_64-linux/include/crt/sm_100_rt.hpp \
    /usr/local/cuda/bin/../targets/x86_64-linux/include/texture_indirect_functions.h \
    /usr/local/cuda/bin/../targets/x86_64-linux/include/surface_indirect_functions.h \
    /usr/local/cuda/bin/../targets/x86_64-linux/include/crt/cudacc_ext.h \
    /usr/local/cuda/bin/../targets/x86_64-linux/include/device_launch_parameters.h \
    /usr/include/c++/13/utility \
    /usr/include/c++/13/bits/stl_relops.h \
    /usr/include/c++/13/initializer_list \
    /home/lktr/src/cccl/libcudacxx/include/cuda/std/algorithm \
    /home/lktr/src/cccl/libcudacxx/include/cuda/std/detail/__config \
    /home/lktr/src/cccl/libcudacxx/include/cuda/std/__internal/atomic.h \
    /home/lktr/src/cccl/libcudacxx/include/cuda/__cccl_config \
    /home/lktr/src/cccl/libcudacxx/include/cuda/std/__cccl/assert.h \
    /home/lktr/src/cccl/libcudacxx/include/cuda/std/__cccl/compiler.h \
    /home/lktr/src/cccl/libcudacxx/include/cuda/std/__cccl/preprocessor.h \
    /home/lktr/src/cccl/libcudacxx/include/cuda/std/__cccl/system_header.h \
    /home/lktr/src/cccl/libcudacxx/include/cuda/std/__cccl/is_non_narrowing_convertible.h \
    /home/lktr/src/cccl/libcudacxx/include/cuda/std/__cccl/attributes.h \
    /home/lktr/src/cccl/libcudacxx/include/cuda/std/__cccl/diagnostic.h \
    /home/lktr/src/cccl/libcudacxx/include/cuda/std/__cccl/dialect.h \
    /home/lktr/src/cccl/libcudacxx/include/cuda/std/__cccl/builtin.h \
    /home/lktr/src/cccl/libcudacxx/include/cuda/std/__cccl/cuda_capabilities.h \
    /home/lktr/src/cccl/libcudacxx/include/cuda/std/__cccl/cuda_toolkit.h \
    /home/lktr/src/cccl/libcudacxx/include/nv/target \
    /home/lktr/src/cccl/libcudacxx/include/nv/detail/__target_macros \
    /home/lktr/src/cccl/libcudacxx/include/nv/detail/__preprocessor \
    /home/lktr/src/cccl/libcudacxx/include/cuda/std/__cccl/extended_data_types.h \
    /home/lktr/src/cccl/libcudacxx/include/cuda/std/__cccl/host_arch.h \
    /home/lktr/src/cccl/libcudacxx/include/cuda/std/__cccl/os.h \
    /home/lktr/src/cccl/libcudacxx/include/cuda/std/__cccl/host_std_lib.h \
    /usr/include/c++/13/version \
    /home/lktr/src/cccl/libcudacxx/include/cuda/std/__cccl/prologue.h \
    /home/lktr/src/cccl/libcudacxx/include/cuda/std/__cccl/epilogue.h \
    /home/lktr/src/cccl/libcudacxx/include/cuda/std/__cccl/execution_space.h \
    /home/lktr/src/cccl/libcudacxx/include/cuda/std/__cccl/deprecated.h \
    /home/lktr/src/cccl/libcudacxx/include/cuda/std/__cccl/exceptions.h \
    /home/lktr/src/cccl/libcudacxx/include/cuda/std/__cccl/ptx_isa.h \
    /home/lktr/src/cccl/libcudacxx/include/cuda/std/__cccl/rtti.h \
    /home/lktr/src/cccl/libcudacxx/include/cuda/std/__cccl/sequence_access.h \
    /home/lktr/src/cccl/libcudacxx/include/cuda/std/__cccl/unreachable.h \
    /home/lktr/src/cccl/libcudacxx/include/cuda/std/__cccl/version.h \
    /home/lktr/src/cccl/libcudacxx/include/cuda/std/__cccl/visibility.h \
    /home/lktr/src/cccl/libcudacxx/include/cuda/std/__internal/features.h \
    /home/lktr/src/cccl/libcudacxx/include/cuda/std/__internal/cpp_dialect.h \
    /home/lktr/src/cccl/libcudacxx/include/cuda/std/__internal/namespaces.h \
    /home/lktr/src/cccl/libcudacxx/include/cuda/std/__internal/version.h \
    /home/lktr/src/cccl/libcudacxx/include/cuda/std/__internal/pstl_config.h \
    /home/lktr/src/cccl/libcudacxx/include/cuda/std/__internal/thread_api.h \
    /home/lktr/src/cccl/libcudacxx/include/cuda/std/__algorithm/adjacent_find.h \
    /home/lktr/src/cccl/libcudacxx/include/cuda/std/__algorithm/comp.h \
    /home/lktr/src/cccl/libcudacxx/include/cuda/std/__type_traits/integral_constant.h \
    /home/lktr/src/cccl/libcudacxx/include/cuda/std/__algorithm/all_of.h \
    /home/lktr/src/cccl/libcudacxx/include/cuda/std/__algorithm/any_of.h \
    /home/lktr/src/cccl/libcudacxx/include/cuda/std/__algorithm/binary_search.h \
    /home/lktr/src/cccl/libcudacxx/include/cuda/std/__algorithm/comp_ref_type.h \
    /home/lktr/src/cccl/libcudacxx/include/cuda/std/__utility/declval.h \
    /home/lktr/src/cccl/libcudacxx/include/cuda/std/__type_traits/void_t.h \
    /home/lktr/src/cccl/libcudacxx/include/cuda/std/__algorithm/lower_bound.h \
    /home/lktr/src/cccl/libcudacxx/include/cuda/std/__algorithm/half_positive.h \
    /home/lktr/src/cccl/libcudacxx/include/cuda/std/__type_traits/enable_if.h \
    /home/lktr/src/cccl/libcudacxx/include/cuda/std/__type_traits/is_integral.h \
    /home/lktr/src/cccl/libcudacxx/include/cuda/std/__type_traits/remove_cv.h \
    /home/lktr/src/cccl/libcudacxx/include/cuda/std/__type_traits/remove_const.h \
    /home/lktr/src/cccl/libcudacxx/include/cuda/std/__type_traits/remove_volatile.h \
    /home/lktr/src/cccl/libcudacxx/include/cuda/std/__type_traits/make_unsigned.h \
    /home/lktr/src/cccl/libcudacxx/include/cuda/std/__type_traits/conditional.h \
    /home/lktr/src/cccl/libcudacxx/include/cuda/std/__type_traits/copy_cvref.h \
    /home/lktr/src/cccl/libcudacxx/include/cuda/std/__type_traits/add_lvalue_reference.h \
    /home/lktr/src/cccl/libcudacxx/include/cuda/std/__concepts/referenceable.h \
    /home/lktr/src/cccl/libcudacxx/include/cuda/std/__concepts/concept_macros.h \
    /home/lktr/src/cccl/libcudacxx/include/cuda/std/__type_traits/add_rvalue_reference.h \
    /home/lktr/src/cccl/libcudacxx/include/cuda/std/__type_traits/is_enum.h \
    /home/lktr/src/cccl/libcudacxx/include/cuda/std/__type_traits/is_unsigned.h \
    /home/lktr/src/cccl/libcudacxx/include/cuda/std/__type_traits/is_arithmetic.h \
    /home/lktr/src/cccl/libcudacxx/include/cuda/std/__type_traits/is_floating_point.h \
    /home/lktr/src/cccl/libcudacxx/include/cuda/std/__type_traits/nat.h \
    /home/lktr/src/cccl/libcudacxx/include/cuda/std/__type_traits/type_list.h \
    /home/lktr/src/cccl/libcudacxx/include/cuda/std/__type_traits/is_same.h \
    /home/lktr/src/cccl/libcudacxx/include/cuda/std/__type_traits/type_identity.h \
    /home/lktr/src/cccl/libcudacxx/include/cuda/std/__type_traits/type_set.h \
    /home/lktr/src/cccl/libcudacxx/include/cuda/std/__type_traits/conjunction.h \
    /home/lktr/src/cccl/libcudacxx/include/cuda/std/__type_traits/fold.h \
    /home/lktr/src/cccl/libcudacxx/include/cuda/std/__type_traits/is_base_of.h \
    /home/lktr/src/cccl/libcudacxx/include/cuda/std/cstddef \
    /home/lktr/src/cccl/libcudacxx/include/cuda/std/__cstddef/byte.h \
    /home/lktr/src/cccl/libcudacxx/include/cuda/std/__cstddef/types.h \
    /usr/include/c++/13/cstddef \
    /home/lktr/src/cccl/libcudacxx/include/cuda/std/version \
    /home/lktr/src/cccl/libcudacxx/include/cuda/std/__utility/integer_sequence.h \
    /home/lktr/src/cccl/libcudacxx/include/cuda/std/__tuple_dir/tuple_element.h \
    /home/lktr/src/cccl/libcudacxx/include/cuda/std/__tuple_dir/tuple_size.h \
    /home/lktr/src/cccl/libcudacxx/include/cuda/std/__type_traits/is_const.h \
    /home/lktr/src/cccl/libcudacxx/include/cuda/std/__type_traits/is_volatile.h \
    /home/lktr/src/cccl/libcudacxx/include/cuda/std/__utility/undefined.h \
    /home/lktr/src/cccl/libcudacxx/include/cuda/std/__algorithm/iterator_operations.h \
    /home/lktr/src/cccl/libcudacxx/include/cuda/std/__algorithm/iter_swap.h \
    /home/lktr/src/cccl/libcudacxx/include/cuda/std/__utility/forward.h \
    /home/lktr/src/cccl/libcudacxx/include/cuda/std/__type_traits/is_reference.h \
    /home/lktr/src/cccl/libcudacxx/include/cuda/std/__type_traits/remove_reference.h \
    /home/lktr/src/cccl/libcudacxx/include/cuda/std/__utility/swap.h \
    /home/lktr/src/cccl/libcudacxx/include/cuda/std/__type_traits/is_move_assignable.h \
    /home/lktr/src/cccl/libcudacxx/include/cuda/std/__type_traits/is_assignable.h \
    /home/lktr/src/cccl/libcudacxx/include/cuda/std/__type_traits/is_void.h \
    /home/lktr/src/cccl/libcudacxx/include/cuda/std/__type_traits/remove_cvref.h \
    /home/lktr/src/cccl/libcudacxx/include/cuda/std/__type_traits/is_move_constructible.h \
    /home/lktr/src/cccl/libcudacxx/include/cuda/std/__type_traits/is_constructible.h \
    /home/lktr/src/cccl/libcudacxx/include/cuda/std/__type_traits/disjunction.h \
    /home/lktr/src/cccl/libcudacxx/include/cuda/std/__type_traits/is_destructible.h \
    /home/lktr/src/cccl/libcudacxx/include/cuda/std/__type_traits/is_function.h \
    /home/lktr/src/cccl/libcudacxx/include/cuda/std/__type_traits/remove_all_extents.h \
    /home/lktr/src/cccl/libcudacxx/include/cuda/std/__type_traits/negation.h \
    /home/lktr/src/cccl/libcudacxx/include/cuda/std/__type_traits/is_nothrow_move_assignable.h \
    /home/lktr/src/cccl/libcudacxx/include/cuda/std/__type_traits/is_nothrow_assignable.h \
    /home/lktr/src/cccl/libcudacxx/include/cuda/std/__type_traits/is_scalar.h \
    /home/lktr/src/cccl/libcudacxx/include/cuda/std/__type_traits/is_member_pointer.h \
    /home/lktr/src/cccl/libcudacxx/include/cuda/std/__type_traits/is_member_function_pointer.h \
    /home/lktr/src/cccl/libcudacxx/include/cuda/std/__type_traits/is_null_pointer.h \
    /home/lktr/src/cccl/libcudacxx/include/cuda/std/__type_traits/is_pointer.h \
    /home/lktr/src/cccl/libcudacxx/include/cuda/std/__type_traits/is_nothrow_move_constructible.h \
    /home/lktr/src/cccl/libcudacxx/include/cuda/std/__type_traits/is_nothrow_constructible.h \
    /home/lktr/src/cccl/libcudacxx/include/cuda/std/__type_traits/is_swappable.h \
    /home/lktr/src/cccl/libcudacxx/include/cuda/std/__type_traits/is_complete.h \
    /home/lktr/src/cccl/libcudacxx/include/cuda/std/__utility/move.h \
    /home/lktr/src/cccl/libcudacxx/include/cuda/std/__type_traits/is_copy_constructible.h \
    /home/lktr/src/cccl/libcudacxx/include/cuda/std/__type_traits/add_const.h \
    /home/lktr/src/cccl/libcudacxx/include/cuda/std/__algorithm/ranges_iterator_concept.h \
    /home/lktr/src/cccl/libcudacxx/include/cuda/std/__iterator/concepts.h \
    /home/lktr/src/cccl/libcudacxx/include/cuda/std/__concepts/arithmetic.h \
    /home/lktr/src/cccl/libcudacxx/include/cuda/std/__type_traits/is_signed.h \
    /home/lktr/src/cccl/libcudacxx/include/cuda/std/__type_traits/is_signed_integer.h \
    /home/lktr/src/cccl/libcudacxx/include/cuda/std/__type_traits/is_unsigned_integer.h \
    /home/lktr/src/cccl/libcudacxx/include/cuda/std/__concepts/assignable.h \
    /home/lktr/src/cccl/libcudacxx/include/cuda/std/__concepts/common_reference_with.h \
    /home/lktr/src/cccl/libcudacxx/include/cuda/std/__concepts/convertible_to.h \
    /home/lktr/src/cccl/libcudacxx/include/cuda/std/__type_traits/is_convertible.h \
    /home/lktr/src/cccl/libcudacxx/include/cuda/std/__type_traits/is_array.h \
    /home/lktr/src/cccl/libcudacxx/include/cuda/std/__concepts/same_as.h \
    /home/lktr/src/cccl/libcudacxx/include/cuda/std/__type_traits/common_reference.h \
    /home/lktr/src/cccl/libcudacxx/include/cuda/std/__type_traits/common_type.h \
    /home/lktr/src/cccl/libcudacxx/include/cuda/std/__type_traits/decay.h \
    /home/lktr/src/cccl/libcudacxx/include/cuda/std/__type_traits/add_pointer.h \
    /home/lktr/src/cccl/libcudacxx/include/cuda/std/__type_traits/remove_extent.h \
    /home/lktr/src/cccl/libcudacxx/include/cuda/std/__type_traits/is_extended_floating_point.h \
    /home/lktr/src/cccl/libcudacxx/include/cuda/std/__type_traits/copy_cv.h \
    /home/lktr/src/cccl/libcudacxx/include/cuda/std/__type_traits/make_const_lvalue_ref.h \
    /home/lktr/src/cccl/libcudacxx/include/cuda/std/__concepts/constructible.h \
    /home/lktr/src/cccl/libcudacxx/include/cuda/std/__concepts/destructible.h \
    /home/lktr/src/cccl/libcudacxx/include/cuda/std/__type_traits/is_nothrow_destructible.h \
    /home/lktr/src/cccl/libcudacxx/include/cuda/std/__type_traits/is_object.h \
    /home/lktr/src/cccl/libcudacxx/include/cuda/std/__type_traits/is_class.h \
    /home/lktr/src/cccl/libcudacxx/include/cuda/std/__type_traits/is_union.h \
    /home/lktr/src/cccl/libcudacxx/include/cuda/std/__type_traits/is_callable.h \
    /home/lktr/src/cccl/libcudacxx/include/cuda/std/__type_traits/is_valid_expansion.h \
    /home/lktr/src/cccl/libcudacxx/include/cuda/std/__concepts/copyable.h \
    /home/lktr/src/cccl/libcudacxx/include/cuda/std/__concepts/movable.h \
    /home/lktr/src/cccl/libcudacxx/include/cuda/std/__concepts/swappable.h \
    /home/lktr/src/cccl/libcudacxx/include/cuda/std/__concepts/class_or_enum.h \
    /home/lktr/src/cccl/libcudacxx/include/cuda/std/__type_traits/extent.h \
    /home/lktr/src/cccl/libcudacxx/include/cuda/std/__utility/exchange.h \
    /home/lktr/src/cccl/libcudacxx/include/cuda/std/__concepts/derived_from.h \
    /home/lktr/src/cccl/libcudacxx/include/cuda/std/__concepts/equality_comparable.h \
    /home/lktr/src/cccl/libcudacxx/include/cuda/std/__concepts/boolean_testable.h \
    /home/lktr/src/cccl/libcudacxx/include/cuda/std/__type_traits/is_comparable.h \
    /home/lktr/src/cccl/libcudacxx/include/cuda/std/__concepts/invocable.h \
    /home/lktr/src/cccl/libcudacxx/include/cuda/std/__functional/invoke.h \
    /home/lktr/src/cccl/libcudacxx/include/cuda/std/__fwd/reference_wrapper.h \
    /home/lktr/src/cccl/libcudacxx/include/cuda/std/__type_traits/is_core_convertible.h \
    /home/lktr/src/cccl/libcudacxx/include/cuda/std/__type_traits/is_member_object_pointer.h \
    /home/lktr/src/cccl/libcudacxx/include/cuda/std/__concepts/predicate.h \
    /home/lktr/src/cccl/libcudacxx/include/cuda/std/__concepts/regular.h \
    /home/lktr/src/cccl/libcudacxx/include/cuda/std/__concepts/semiregular.h \
    /home/lktr/src/cccl/libcudacxx/include/cuda/std/__concepts/relation.h \
    /home/lktr/src/cccl/libcudacxx/include/cuda/std/__concepts/totally_ordered.h \
    /home/lktr/src/cccl/libcudacxx/include/cuda/std/__iterator/incrementable_traits.h \
    /home/lktr/src/cccl/libcudacxx/include/cuda/std/__fwd/iterator.h \
    /home/lktr/src/cccl/libcudacxx/include/cuda/std/__type_traits/is_primary_template.h \
    /usr/include/c++/13/iterator \
    /usr/include/c++/13/bits/stream_iterator.h \
    /usr/include/c++/13/iosfwd \
    /usr/include/c++/13/bits/stringfwd.h \
    /usr/include/c++/13/bits/memoryfwd.h \
    /usr/include/c++/13/bits/postypes.h \
    /usr/include/c++/13/cwchar \
    /usr/include/wchar.h \
    /usr/include/x86_64-linux-gnu/bits/wchar.h \
    /usr/include/x86_64-linux-gnu/bits/types/wint_t.h \
    /usr/include/x86_64-linux-gnu/bits/types/mbstate_t.h \
    /usr/include/x86_64-linux-gnu/bits/wchar2-decl.h \
    /usr/include/x86_64-linux-gnu/bits/wchar2.h \
    /usr/include/c++/13/bits/streambuf_iterator.h \
    /usr/include/c++/13/streambuf \
    /usr/include/c++/13/bits/localefwd.h \
    /usr/include/x86_64-linux-gnu/c++/13/bits/c++locale.h \
    /usr/include/c++/13/clocale \
    /usr/include/locale.h \
    /usr/include/x86_64-linux-gnu/bits/locale.h \
    /usr/include/c++/13/cctype \
    /usr/include/c++/13/bits/ios_base.h \
    /usr/include/c++/13/ext/atomicity.h \
    /usr/include/x86_64-linux-gnu/c++/13/bits/gthr.h \
    /usr/include/x86_64-linux-gnu/c++/13/bits/gthr-default.h \
    /usr/include/pthread.h \
    /usr/include/sched.h \
    /usr/include/x86_64-linux-gnu/bits/sched.h \
    /usr/include/x86_64-linux-gnu/bits/types/struct_sched_param.h \
    /usr/include/x86_64-linux-gnu/bits/cpu-set.h \
    /usr/include/x86_64-linux-gnu/bits/setjmp.h \
    /usr/include/x86_64-linux-gnu/bits/types/struct___jmp_buf_tag.h \
    /usr/include/x86_64-linux-gnu/c++/13/bits/atomic_word.h \
    /usr/include/x86_64-linux-gnu/sys/single_threaded.h \
    /usr/include/c++/13/bits/locale_classes.h \
    /usr/include/c++/13/string \
    /usr/include/c++/13/bits/char_traits.h \
    /usr/include/c++/13/bits/allocator.h \
    /usr/include/x86_64-linux-gnu/c++/13/bits/c++allocator.h \
    /usr/include/c++/13/bits/new_allocator.h \
    /usr/include/c++/13/bits/ostream_insert.h \
    /usr/include/c++/13/bits/cxxabi_forced.h \
    /usr/include/c++/13/bits/stl_function.h \
    /usr/include/c++/13/backward/binders.h \
    /usr/include/c++/13/bits/refwrap.h \
    /usr/include/c++/13/bits/invoke.h \
    /usr/include/c++/13/bits/range_access.h \
    /usr/include/c++/13/bits/basic_string.h \
    /usr/include/c++/13/ext/alloc_traits.h \
    /usr/include/c++/13/bits/alloc_traits.h \
    /usr/include/c++/13/bits/stl_construct.h \
    /usr/include/c++/13/string_view \
    /usr/include/c++/13/bits/functional_hash.h \
    /usr/include/c++/13/bits/hash_bytes.h \
    /usr/include/c++/13/bits/string_view.tcc \
    /usr/include/c++/13/ext/string_conversions.h \
    /usr/include/c++/13/cstdio \
    /usr/include/c++/13/cerrno \
    /usr/include/errno.h \
    /usr/include/x86_64-linux-gnu/bits/errno.h \
    /usr/include/linux/errno.h \
    /usr/include/x86_64-linux-gnu/asm/errno.h \
    /usr/include/asm-generic/errno.h \
    /usr/include/asm-generic/errno-base.h \
    /usr/include/x86_64-linux-gnu/bits/types/error_t.h \
    /usr/include/c++/13/bits/charconv.h \
    /usr/include/c++/13/bits/basic_string.tcc \
    /usr/include/c++/13/bits/memory_resource.h \
    /usr/include/c++/13/bits/uses_allocator.h \
    /usr/include/c++/13/bits/uses_allocator_args.h \
    /usr/include/c++/13/tuple \
    /usr/include/c++/13/bits/locale_classes.tcc \
    /usr/include/c++/13/system_error \
    /usr/include/x86_64-linux-gnu/c++/13/bits/error_constants.h \
    /usr/include/c++/13/stdexcept \
    /usr/include/c++/13/exception \
    /usr/include/c++/13/bits/exception_ptr.h \
    /usr/include/c++/13/bits/cxxabi_init_exception.h \
    /usr/include/c++/13/typeinfo \
    /usr/include/c++/13/bits/nested_exception.h \
    /usr/include/c++/13/bits/streambuf.tcc \
    /home/lktr/src/cccl/libcudacxx/include/cuda/std/__type_traits/make_signed.h \
    /home/lktr/src/cccl/libcudacxx/include/cuda/std/__iterator/iter_move.h \
    /home/lktr/src/cccl/libcudacxx/include/cuda/std/__iterator/iterator_traits.h \
    /home/lktr/src/cccl/libcudacxx/include/cuda/std/__fwd/pair.h \
    /home/lktr/src/cccl/libcudacxx/include/cuda/std/__iterator/readable_traits.h \
    /home/lktr/src/cccl/libcudacxx/include/cuda/std/__utility/priority_tag.h \
    /home/lktr/src/cccl/libcudacxx/include/cuda/std/__memory/pointer_traits.h \
    /home/lktr/src/cccl/libcudacxx/include/cuda/std/__memory/addressof.h \
    /home/lktr/src/cccl/libcudacxx/include/cuda/std/__iterator/advance.h \
    /home/lktr/src/cccl/libcudacxx/include/cuda/std/__utility/convert_to_integral.h \
    /home/lktr/src/cccl/libcudacxx/include/cuda/std/__type_traits/underlying_type.h \
    /home/lktr/src/cccl/libcudacxx/include/cuda/std/__iterator/distance.h \
    /home/lktr/src/cccl/libcudacxx/include/cuda/std/__ranges/access.h \
    /home/lktr/src/cccl/libcudacxx/include/cuda/std/__ranges/enable_borrowed_range.h \
    /home/lktr/src/cccl/libcudacxx/include/cuda/std/__utility/auto_cast.h \
    /home/lktr/src/cccl/libcudacxx/include/cuda/std/__ranges/concepts.h \
    /home/lktr/src/cccl/libcudacxx/include/cuda/std/__ranges/data.h \
    /home/lktr/src/cccl/libcudacxx/include/cuda/std/__iterator/reverse_iterator.h \
    /home/lktr/src/cccl/libcudacxx/include/cuda/std/__algorithm/unwrap_iter.h \
    /home/lktr/src/cccl/libcudacxx/include/cuda/std/__iterator/iter_swap.h \
    /home/lktr/src/cccl/libcudacxx/include/cuda/std/__iterator/iterator.h \
    /home/lktr/src/cccl/libcudacxx/include/cuda/std/__iterator/next.h \
    /home/lktr/src/cccl/libcudacxx/include/cuda/std/__iterator/prev.h \
    /home/lktr/src/cccl/libcudacxx/include/cuda/std/__type_traits/is_default_constructible.h \
    /home/lktr/src/cccl/libcudacxx/include/cuda/std/__type_traits/is_nothrow_convertible.h \
    /home/lktr/src/cccl/libcudacxx/include/cuda/std/__type_traits/lazy.h \
    /home/lktr/src/cccl/libcudacxx/include/cuda/std/__type_traits/is_nothrow_copy_constructible.h \
    /home/lktr/src/cccl/libcudacxx/include/cuda/std/__type_traits/is_nothrow_default_constructible.h \
    /home/lktr/src/cccl/libcudacxx/include/cuda/std/__type_traits/remove_pointer.h \
    /home/lktr/src/cccl/libcudacxx/include/cuda/std/__ranges/enable_view.h \
    /home/lktr/src/cccl/libcudacxx/include/cuda/std/__ranges/size.h \
    /home/lktr/src/cccl/libcudacxx/include/cuda/std/__type_traits/is_unbounded_array.h \
    /home/lktr/src/cccl/libcudacxx/include/cuda/std/initializer_list \
    /home/lktr/src/cccl/libcudacxx/include/cuda/std/__functional/identity.h \
    /home/lktr/src/cccl/libcudacxx/include/cuda/std/__functional/reference_wrapper.h \
    /home/lktr/src/cccl/libcudacxx/include/cuda/std/__functional/weak_result_type.h \
    /home/lktr/src/cccl/libcudacxx/include/cuda/std/__functional/binary_function.h \
    /home/lktr/src/cccl/libcudacxx/include/cuda/std/__functional/unary_function.h \
    /home/lktr/src/cccl/libcudacxx/include/cuda/std/__algorithm/clamp.h \
    /home/lktr/src/cccl/libcudacxx/include/cuda/std/__algorithm/copy.h \
    /home/lktr/src/cccl/libcudacxx/include/cuda/std/__type_traits/is_constant_evaluated.h \
    /home/lktr/src/cccl/libcudacxx/include/cuda/std/__type_traits/is_trivially_copyable.h \
    /home/lktr/src/cccl/libcudacxx/include/cuda/std/__utility/pair.h \
    /home/lktr/src/cccl/libcudacxx/include/cuda/std/__functional/unwrap_ref.h \
    /home/lktr/src/cccl/libcudacxx/include/cuda/std/__fwd/get.h \
    /home/lktr/src/cccl/libcudacxx/include/cuda/std/__fwd/array.h \
    /home/lktr/src/cccl/libcudacxx/include/cuda/std/__fwd/complex.h \
    /home/lktr/src/cccl/libcudacxx/include/cuda/std/__fwd/subrange.h \
    /home/lktr/src/cccl/libcudacxx/include/cuda/std/__fwd/tuple.h \
    /home/lktr/src/cccl/libcudacxx/include/cuda/std/__tuple_dir/sfinae_helpers.h \
    /home/lktr/src/cccl/libcudacxx/include/cuda/std/__type_traits/is_copy_assignable.h \
    /home/lktr/src/cccl/libcudacxx/include/cuda/std/__tuple_dir/tuple_constraints.h \
    /home/lktr/src/cccl/libcudacxx/include/cuda/std/__memory/allocator_arg_t.h \
    /home/lktr/src/cccl/libcudacxx/include/cuda/std/__memory/uses_allocator.h \
    /home/lktr/src/cccl/libcudacxx/include/cuda/std/__new/device_new.h \
    /home/lktr/src/cccl/libcudacxx/include/cuda/std/__tuple_dir/make_tuple_types.h \
    /home/lktr/src/cccl/libcudacxx/include/cuda/__fwd/complex.h \
    /home/lktr/src/cccl/libcudacxx/include/cuda/std/__tuple_dir/tuple_indices.h \
    /home/lktr/src/cccl/libcudacxx/include/cuda/std/__tuple_dir/tuple_types.h \
    /home/lktr/src/cccl/libcudacxx/include/cuda/std/__tuple_dir/tuple_like.h \
    /home/lktr/src/cccl/libcudacxx/include/cuda/std/__type_traits/is_implicitly_default_constructible.h \
    /home/lktr/src/cccl/libcudacxx/include/cuda/std/__type_traits/is_nothrow_copy_assignable.h \
    /home/lktr/src/cccl/libcudacxx/include/cuda/std/__type_traits/reference_constructs_from_temporary.h \
    /home/lktr/src/cccl/libcudacxx/include/cuda/std/__type_traits/always_false.h \
    /home/lktr/src/cccl/libcudacxx/include/cuda/std/__type_traits/sfinae_traits.h \
    /home/lktr/src/cccl/libcudacxx/include/cuda/std/__utility/piecewise_construct.h \
    /home/lktr/src/cccl/libcudacxx/include/cuda/std/cstdint \
    /usr/include/c++/13/cstdint \
    /usr/lib/gcc/x86_64-linux-gnu/13/include/stdint.h \
    /usr/include/stdint.h \
    /usr/include/x86_64-linux-gnu/bits/stdint-uintn.h \
    /usr/include/x86_64-linux-gnu/bits/stdint-least.h \
    /home/lktr/src/cccl/libcudacxx/include/cuda/std/cstdlib \
    /home/lktr/src/cccl/libcudacxx/include/cuda/std/__cmath/abs.h \
    /home/lktr/src/cccl/libcudacxx/include/cuda/std/__floating_point/fp.h \
    /home/lktr/src/cccl/libcudacxx/include/cuda/std/__floating_point/arithmetic.h \
    /home/lktr/src/cccl/libcudacxx/include/cuda/std/__floating_point/mask.h \
    /home/lktr/src/cccl/libcudacxx/include/cuda/std/__floating_point/cuda_fp_types.h \
    /usr/local/cuda/bin/../targets/x86_64-linux/include/cuda_fp16.h \
    /usr/local/cuda/bin/../targets/x86_64-linux/include/cuda_fp16.hpp \
    /usr/local/cuda/bin/../targets/x86_64-linux/include/cuda_bf16.h \
    /usr/local/cuda/bin/../targets/x86_64-linux/include/cuda_bf16.hpp \
    /usr/local/cuda/bin/../targets/x86_64-linux/include/cuda_fp8.h \
    /usr/local/cuda/bin/../targets/x86_64-linux/include/cuda_fp8.hpp \
    /usr/local/cuda/bin/../targets/x86_64-linux/include/cuda_fp6.h \
    /usr/local/cuda/bin/../targets/x86_64-linux/include/cuda_fp6.hpp \
    /usr/local/cuda/bin/../targets/x86_64-linux/include/cuda_fp4.h \
    /usr/local/cuda/bin/../targets/x86_64-linux/include/cuda_fp4.hpp \
    /home/lktr/src/cccl/libcudacxx/include/cuda/std/__floating_point/properties.h \
    /home/lktr/src/cccl/libcudacxx/include/cuda/std/__floating_point/format.h \
    /home/lktr/src/cccl/libcudacxx/include/cuda/std/__fwd/fp.h \
    /home/lktr/src/cccl/libcudacxx/include/cuda/std/cfloat \
    /usr/include/c++/13/cfloat \
    /usr/lib/gcc/x86_64-linux-gnu/13/include/float.h \
    /home/lktr/src/cccl/libcudacxx/include/cuda/std/__floating_point/storage.h \
    /home/lktr/src/cccl/libcudacxx/include/cuda/std/__bit/bit_cast.h \
    /home/lktr/src/cccl/libcudacxx/include/cuda/__type_traits/is_trivially_copyable.h \
    /home/lktr/src/cccl/libcudacxx/include/cuda/std/__type_traits/aggregate_members_all_of.h \
    /home/lktr/src/cccl/libcudacxx/include/cuda/std/__type_traits/is_aggregate.h \
    /home/lktr/src/cccl/libcudacxx/include/cuda/std/__type_traits/is_empty.h \
    /home/lktr/src/cccl/libcudacxx/include/cuda/std/__cstring/memcpy.h \
    /home/lktr/src/cccl/libcudacxx/include/cuda/__memory/check_address.h \
    /home/lktr/src/cccl/libcudacxx/include/cuda/__memory/address_space.h \
    /home/lktr/src/cccl/libcudacxx/include/cuda/std/__utility/to_underlying.h \
    /home/lktr/src/cccl/libcudacxx/include/cuda/__ptx/instructions/get_sreg.h \
    /home/lktr/src/cccl/libcudacxx/include/cuda/__ptx/ptx_dot_variants.h \
    /home/lktr/src/cccl/libcudacxx/include/cuda/__ptx/ptx_helper_functions.h \
    /home/lktr/src/cccl/libcudacxx/include/cuda/__ptx/instructions/generated/get_sreg.h \
    /usr/include/c++/13/cstring \
    /home/lktr/src/cccl/libcudacxx/include/cuda/std/__floating_point/traits.h \
    /home/lktr/src/cccl/libcudacxx/include/cuda/std/__floating_point/native_type.h \
    /home/lktr/src/cccl/libcudacxx/include/cuda/std/__floating_point/cast.h \
    /home/lktr/src/cccl/libcudacxx/include/cuda/std/__floating_point/cccl_fp.h \
    /home/lktr/src/cccl/libcudacxx/include/cuda/std/__floating_point/conversion_rank_order.h \
    /home/lktr/src/cccl/libcudacxx/include/cuda/std/__floating_point/common_type.h \
    /home/lktr/src/cccl/libcudacxx/include/cuda/std/__floating_point/constants.h \
    /home/lktr/src/cccl/libcudacxx/include/cuda/std/__floating_point/decompose.h \
    /home/lktr/src/cccl/libcudacxx/include/cuda/std/climits \
    /usr/include/c++/13/climits \
    /home/lktr/src/cccl/libcudacxx/include/cuda/std/__floating_point/overflow_handler.h \
    /home/lktr/src/cccl/libcudacxx/include/cuda/std/__type_traits/is_extended_arithmetic.h \
    /home/lktr/src/cccl/libcudacxx/include/cuda/std/limits \
    /home/lktr/src/cccl/libcudacxx/include/cuda/std/__limits/numeric_limits.h \
    /home/lktr/src/cccl/libcudacxx/include/cuda/std/__limits/numeric_limits_ext.h \
    /home/lktr/src/cccl/libcudacxx/include/cuda/std/__cstdlib/abs.h \
    /home/lktr/src/cccl/libcudacxx/include/cuda/std/__cstdlib/aligned_alloc.h \
    /home/lktr/src/cccl/libcudacxx/include/cuda/std/__cstdlib/malloc.h \
    /home/lktr/src/cccl/libcudacxx/include/cuda/__cmath/mul_hi.h \
    /home/lktr/src/cccl/libcudacxx/include/cuda/std/__type_traits/is_integer.h \
    /home/lktr/src/cccl/libcudacxx/include/cuda/std/__type_traits/make_nbit_int.h \
    /home/lktr/src/cccl/libcudacxx/include/cuda/std/__type_traits/num_bits.h \
    /home/lktr/src/cccl/libcudacxx/include/cuda/std/__type_traits/has_unique_object_representation.h \
    /home/lktr/src/cccl/libcudacxx/include/cuda/std/__cstring/memset.h \
    /home/lktr/src/cccl/libcudacxx/include/cuda/std/cstring \
    /home/lktr/src/cccl/libcudacxx/include/cuda/std/__string/constexpr_c_functions.h \
    /home/lktr/src/cccl/libcudacxx/include/cuda/std/__cstdlib/div.h \
    /home/lktr/src/cccl/libcudacxx/include/cuda/std/__algorithm/copy_backward.h \
    /home/lktr/src/cccl/libcudacxx/include/cuda/std/__algorithm/copy_if.h \
    /home/lktr/src/cccl/libcudacxx/include/cuda/std/__algorithm/copy_n.h \
    /home/lktr/src/cccl/libcudacxx/include/cuda/std/__algorithm/count.h \
    /home/lktr/src/cccl/libcudacxx/include/cuda/std/__algorithm/count_if.h \
    /home/lktr/src/cccl/libcudacxx/include/cuda/std/__algorithm/equal.h \
    /home/lktr/src/cccl/libcudacxx/include/cuda/std/__algorithm/equal_range.h \
    /home/lktr/src/cccl/libcudacxx/include/cuda/std/__algorithm/upper_bound.h \
    /home/lktr/src/cccl/libcudacxx/include/cuda/std/__algorithm/fill.h \
    /home/lktr/src/cccl/libcudacxx/include/cuda/std/__algorithm/fill_n.h \
    /home/lktr/src/cccl/libcudacxx/include/cuda/std/__algorithm/find.h \
    /home/lktr/src/cccl/libcudacxx/include/cuda/std/__algorithm/find_end.h \
    /home/lktr/src/cccl/libcudacxx/include/cuda/std/__algorithm/find_first_of.h \
    /home/lktr/src/cccl/libcudacxx/include/cuda/std/__algorithm/find_if.h \
    /home/lktr/src/cccl/libcudacxx/include/cuda/std/__algorithm/find_if_not.h \
    /home/lktr/src/cccl/libcudacxx/include/cuda/std/__algorithm/for_each.h \
    /home/lktr/src/cccl/libcudacxx/include/cuda/std/__algorithm/for_each_n.h \
    /home/lktr/src/cccl/libcudacxx/include/cuda/std/__algorithm/generate.h \
    /home/lktr/src/cccl/libcudacxx/include/cuda/std/__algorithm/generate_n.h \
    /home/lktr/src/cccl/libcudacxx/include/cuda/std/__algorithm/includes.h \
    /home/lktr/src/cccl/libcudacxx/include/cuda/std/__algorithm/ranges_find_if.h \
    /home/lktr/src/cccl/libcudacxx/include/cuda/std/__functional/ranges_operations.h \
    /home/lktr/src/cccl/libcudacxx/include/cuda/std/__iterator/projected.h \
    /home/lktr/src/cccl/libcudacxx/include/cuda/std/__ranges/dangling.h \
    /home/lktr/src/cccl/libcudacxx/include/cuda/std/__algorithm/ranges_find_if_not.h \
    /home/lktr/src/cccl/libcudacxx/include/cuda/std/__algorithm/is_heap.h \
    /home/lktr/src/cccl/libcudacxx/include/cuda/std/__algorithm/is_heap_until.h \
    /home/lktr/src/cccl/libcudacxx/include/cuda/std/__algorithm/is_partitioned.h \
    /home/lktr/src/cccl/libcudacxx/include/cuda/std/__algorithm/is_permutation.h \
    /home/lktr/src/cccl/libcudacxx/include/cuda/std/__algorithm/is_sorted.h \
    /home/lktr/src/cccl/libcudacxx/include/cuda/std/__algorithm/is_sorted_until.h \
    /home/lktr/src/cccl/libcudacxx/include/cuda/std/__algorithm/lexicographical_compare.h \
    /home/lktr/src/cccl/libcudacxx/include/cuda/std/__algorithm/make_heap.h \
    /home/lktr/src/cccl/libcudacxx/include/cuda/std/__algorithm/sift_down.h \
    /home/lktr/src/cccl/libcudacxx/include/cuda/std/__algorithm/make_projected.h \
    /home/lktr/src/cccl/libcudacxx/include/cuda/std/__algorithm/max.h \
    /home/lktr/src/cccl/libcudacxx/include/cuda/std/__algorithm/max_element.h \
    /home/lktr/src/cccl/libcudacxx/include/cuda/std/__algorithm/merge.h \
    /home/lktr/src/cccl/libcudacxx/include/cuda/std/__algorithm/min.h \
    /home/lktr/src/cccl/libcudacxx/include/cuda/std/__algorithm/min_element.h \
    /home/lktr/src/cccl/libcudacxx/include/cuda/std/__algorithm/minmax.h \
    /home/lktr/src/cccl/libcudacxx/include/cuda/std/__algorithm/minmax_element.h \
    /home/lktr/src/cccl/libcudacxx/include/cuda/std/__algorithm/mismatch.h \
    /home/lktr/src/cccl/libcudacxx/include/cuda/std/__algorithm/move.h \
    /home/lktr/src/cccl/libcudacxx/include/cuda/std/__algorithm/move_backward.h \
    /home/lktr/src/cccl/libcudacxx/include/cuda/std/__algorithm/next_permutation.h \
    /home/lktr/src/cccl/libcudacxx/include/cuda/std/__algorithm/reverse.h \
    /home/lktr/src/cccl/libcudacxx/include/cuda/std/__algorithm/none_of.h \
    /home/lktr/src/cccl/libcudacxx/include/cuda/std/__algorithm/partial_sort.h \
    /home/lktr/src/cccl/libcudacxx/include/cuda/std/__algorithm/sort_heap.h \
    /home/lktr/src/cccl/libcudacxx/include/cuda/std/__algorithm/pop_heap.h \
    /home/lktr/src/cccl/libcudacxx/include/cuda/std/__algorithm/push_heap.h \
    /home/lktr/src/cccl/libcudacxx/include/cuda/std/__algorithm/partial_sort_copy.h \
    /home/lktr/src/cccl/libcudacxx/include/cuda/std/__algorithm/partition.h \
    /home/lktr/src/cccl/libcudacxx/include/cuda/std/__algorithm/partition_copy.h \
    /home/lktr/src/cccl/libcudacxx/include/cuda/std/__algorithm/partition_point.h \
    /home/lktr/src/cccl/libcudacxx/include/cuda/std/__algorithm/prev_permutation.h \
    /home/lktr/src/cccl/libcudacxx/include/cuda/std/__algorithm/ranges_for_each.h \
    /home/lktr/src/cccl/libcudacxx/include/cuda/std/__algorithm/in_fun_result.h \
    /home/lktr/src/cccl/libcudacxx/include/cuda/std/__algorithm/ranges_for_each_n.h \
    /home/lktr/src/cccl/libcudacxx/include/cuda/std/__algorithm/ranges_min.h \
    /home/lktr/src/cccl/libcudacxx/include/cuda/std/__algorithm/ranges_min_element.h \
    /home/lktr/src/cccl/libcudacxx/include/cuda/std/__algorithm/remove.h \
    /home/lktr/src/cccl/libcudacxx/include/cuda/std/__algorithm/remove_copy.h \
    /home/lktr/src/cccl/libcudacxx/include/cuda/std/__algorithm/remove_copy_if.h \
    /home/lktr/src/cccl/libcudacxx/include/cuda/std/__algorithm/remove_if.h \
    /home/lktr/src/cccl/libcudacxx/include/cuda/std/__algorithm/replace.h \
    /home/lktr/src/cccl/libcudacxx/include/cuda/std/__algorithm/replace_copy.h \
    /home/lktr/src/cccl/libcudacxx/include/cuda/std/__algorithm/replace_copy_if.h \
    /home/lktr/src/cccl/libcudacxx/include/cuda/std/__algorithm/replace_if.h \
    /home/lktr/src/cccl/libcudacxx/include/cuda/std/__algorithm/reverse_copy.h \
    /home/lktr/src/cccl/libcudacxx/include/cuda/std/__algorithm/rotate.h \
    /home/lktr/src/cccl/libcudacxx/include/cuda/std/__algorithm/swap_ranges.h \
    /home/lktr/src/cccl/libcudacxx/include/cuda/std/__type_traits/is_trivially_move_assignable.h \
    /home/lktr/src/cccl/libcudacxx/include/cuda/std/__type_traits/is_trivially_assignable.h \
    /home/lktr/src/cccl/libcudacxx/include/cuda/std/__algorithm/rotate_copy.h \
    /home/lktr/src/cccl/libcudacxx/include/cuda/std/__algorithm/sample.h \
    /home/lktr/src/cccl/libcudacxx/include/cuda/std/__random/uniform_int_distribution.h \
    /home/lktr/src/cccl/libcudacxx/include/cuda/std/__bit/countl.h \
    /home/lktr/src/cccl/libcudacxx/include/cuda/std/__bit/integral.h \
    /home/lktr/src/cccl/libcudacxx/include/cuda/__ptx/instructions/bfind.h \
    /home/lktr/src/cccl/libcudacxx/include/cuda/__ptx/instructions/generated/bfind.h \
    /home/lktr/src/cccl/libcudacxx/include/cuda/__ptx/instructions/shl.h \
    /home/lktr/src/cccl/libcudacxx/include/cuda/__ptx/instructions/generated/shl.h \
    /home/lktr/src/cccl/libcudacxx/include/cuda/__ptx/instructions/shr.h \
    /home/lktr/src/cccl/libcudacxx/include/cuda/__ptx/instructions/generated/shr.h \
    /home/lktr/src/cccl/libcudacxx/include/cuda/std/__random/is_valid.h \
    /home/lktr/src/cccl/libcudacxx/include/cuda/std/__algorithm/search.h \
    /home/lktr/src/cccl/libcudacxx/include/cuda/std/__algorithm/search_n.h \
    /home/lktr/src/cccl/libcudacxx/include/cuda/std/__algorithm/set_difference.h \
    /home/lktr/src/cccl/libcudacxx/include/cuda/std/__algorithm/set_intersection.h \
    /home/lktr/src/cccl/libcudacxx/include/cuda/std/__algorithm/set_symmetric_difference.h \
    /home/lktr/src/cccl/libcudacxx/include/cuda/std/__algorithm/set_union.h \
    /home/lktr/src/cccl/libcudacxx/include/cuda/std/__algorithm/shift_left.h \
    /home/lktr/src/cccl/libcudacxx/include/cuda/std/__algorithm/shift_right.h \
    /home/lktr/src/cccl/libcudacxx/include/cuda/std/__algorithm/shuffle.h \
    /home/lktr/src/cccl/libcudacxx/include/cuda/std/__algorithm/transform.h \
    /home/lktr/src/cccl/libcudacxx/include/cuda/std/__algorithm/unique.h \
    /home/lktr/src/cccl/libcudacxx/include/cuda/std/__algorithm/unique_copy.h
