SAMPLE 1 0 0 1.121033
SAMPLE 1 0 1 1.582565
SAMPLE 1 0 2 1.120575
SAMPLE 1 0 3 1.121033
SAMPLE 1 0 4 1.119644
SAMPLE 1 0 5 1.120117
SAMPLE 1 0 6 1.119965
SAMPLE 1 0 7 1.119812
SAMPLE 1 0 8 1.428467
SAMPLE 1 1 0 4.265823
SAMPLE 1 1 1 3.796341
SAMPLE 1 1 2 5.664307
SAMPLE 1 1 3 4.519119
SAMPLE 1 1 4 4.881897
SAMPLE 1 1 5 6.105515
SAMPLE 1 1 6 3.846313
SAMPLE 1 1 7 3.878891
SAMPLE 1 1 8 4.109131
SAMPLE 32 0 0 17.218597
SAMPLE 32 0 1 17.910645
SAMPLE 32 0 2 17.388748
SAMPLE 32 0 3 17.070297
SAMPLE 32 0 4 17.648010
SAMPLE 32 0 5 16.957169
SAMPLE 32 0 6 16.919403
SAMPLE 32 0 7 16.892807
SAMPLE 32 0 8 18.297867
SAMPLE 32 1 0 17.127777
SAMPLE 32 1 1 17.296249
SAMPLE 32 1 2 17.370529
SAMPLE 32 1 3 17.161865
SAMPLE 32 1 4 17.930771
SAMPLE 32 1 5 17.477097
SAMPLE 32 1 6 17.084061
SAMPLE 32 1 7 17.086334
SAMPLE 32 1 8 17.143066
SAMPLE 257 0 0 28.568466
SAMPLE 257 0 1 27.889999
SAMPLE 257 0 2 28.554092
SAMPLE 257 0 3 27.992584
SAMPLE 257 0 4 27.887100
SAMPLE 257 0 5 27.878372
SAMPLE 257 0 6 28.481628
SAMPLE 257 0 7 27.769989
SAMPLE 257 0 8 27.655807
SAMPLE 257 1 0 27.991653
SAMPLE 257 1 1 28.078644
SAMPLE 257 1 2 28.206299
SAMPLE 257 1 3 27.878830
SAMPLE 257 1 4 30.755646
SAMPLE 257 1 5 28.662781
SAMPLE 257 1 6 28.680984
SAMPLE 257 1 7 29.139130
SAMPLE 257 1 8 28.206909
SAMPLE 4096 0 0 44.180328
SAMPLE 4096 0 1 44.781128
SAMPLE 4096 0 2 53.826645
SAMPLE 4096 0 3 43.251465
SAMPLE 4096 0 4 42.639191
SAMPLE 4096 0 5 42.955948
SAMPLE 4096 0 6 42.813934
SAMPLE 4096 0 7 44.699509
SAMPLE 4096 0 8 42.503906
SAMPLE 4096 1 0 43.502182
SAMPLE 4096 1 1 44.634140
SAMPLE 4096 1 2 43.030243
SAMPLE 4096 1 3 42.962067
SAMPLE 4096 1 4 42.457443
SAMPLE 4096 1 5 42.916061
SAMPLE 4096 1 6 43.027802
SAMPLE 4096 1 7 43.843842
SAMPLE 4096 1 8 42.524551
SAMPLE 20000 0 0 53.817551
SAMPLE 20000 0 1 52.955322
SAMPLE 20000 0 2 54.124832
SAMPLE 20000 0 3 53.452026
SAMPLE 20000 0 4 53.104706
SAMPLE 20000 0 5 53.502319
SAMPLE 20000 0 6 56.162323
SAMPLE 20000 0 7 55.916214
SAMPLE 20000 0 8 56.042038
SAMPLE 20000 1 0 53.598328
SAMPLE 20000 1 1 58.626678
SAMPLE 20000 1 2 52.391083
SAMPLE 20000 1 3 53.406311
SAMPLE 20000 1 4 52.989288
SAMPLE 20000 1 5 53.518204
SAMPLE 20000 1 6 53.470520
SAMPLE 20000 1 7 53.618668
SAMPLE 20000 1 8 53.268890
SAMPLE 65536 0 0 67.283066
SAMPLE 65536 0 1 70.152679
SAMPLE 65536 0 2 67.505020
SAMPLE 65536 0 3 67.554413
SAMPLE 65536 0 4 69.791122
SAMPLE 65536 0 5 69.799988
SAMPLE 65536 0 6 67.654861
SAMPLE 65536 0 7 68.049118
SAMPLE 65536 0 8 68.855667
SAMPLE 65536 1 0 67.868118
SAMPLE 65536 1 1 66.482010
SAMPLE 65536 1 2 69.569290
SAMPLE 65536 1 3 68.249374
SAMPLE 65536 1 4 67.042587
SAMPLE 65536 1 5 78.755249
SAMPLE 65536 1 6 68.545197
SAMPLE 65536 1 7 69.209137
SAMPLE 65536 1 8 80.483917
PASS per-query oracle and timed totals
