SAMPLE 1 0 0 1.102692
SAMPLE 1 0 1 1.101471
SAMPLE 1 0 2 1.101456
SAMPLE 1 0 3 1.101761
SAMPLE 1 0 4 1.664185
SAMPLE 1 0 5 1.260452
SAMPLE 1 0 6 1.101776
SAMPLE 1 0 7 1.104675
SAMPLE 1 0 8 1.101624
SAMPLE 1 1 0 3.801987
SAMPLE 1 1 1 3.816818
SAMPLE 1 1 2 3.857941
SAMPLE 1 1 3 3.825531
SAMPLE 1 1 4 3.885300
SAMPLE 1 1 5 3.811783
SAMPLE 1 1 6 4.963684
SAMPLE 1 1 7 3.799545
SAMPLE 1 1 8 3.988052
SAMPLE 32 0 0 16.649292
SAMPLE 32 0 1 16.638733
SAMPLE 32 0 2 16.809799
SAMPLE 32 0 3 16.656921
SAMPLE 32 0 4 16.994919
SAMPLE 32 0 5 19.377487
SAMPLE 32 0 6 17.204834
SAMPLE 32 0 7 16.800308
SAMPLE 32 0 8 17.293961
SAMPLE 32 1 0 16.913147
SAMPLE 32 1 1 16.927048
SAMPLE 32 1 2 17.548477
SAMPLE 32 1 3 16.967865
SAMPLE 32 1 4 16.927658
SAMPLE 32 1 5 16.909775
SAMPLE 32 1 6 24.535919
SAMPLE 32 1 7 17.822586
SAMPLE 32 1 8 17.769241
SAMPLE 257 0 0 27.796585
SAMPLE 257 0 1 27.750885
SAMPLE 257 0 2 34.396378
SAMPLE 257 0 3 28.085526
SAMPLE 257 0 4 31.432846
SAMPLE 257 0 5 29.939743
SAMPLE 257 0 6 28.162735
SAMPLE 257 0 7 27.224533
SAMPLE 257 0 8 27.577835
SAMPLE 257 1 0 30.569595
SAMPLE 257 1 1 28.822845
SAMPLE 257 1 2 27.698898
SAMPLE 257 1 3 27.899170
SAMPLE 257 1 4 27.440857
SAMPLE 257 1 5 28.145004
SAMPLE 257 1 6 27.533798
SAMPLE 257 1 7 27.682541
SAMPLE 257 1 8 27.968430
SAMPLE 4096 0 0 42.772980
SAMPLE 4096 0 1 44.219009
SAMPLE 4096 0 2 42.245087
SAMPLE 4096 0 3 42.989899
SAMPLE 4096 0 4 41.835388
SAMPLE 4096 0 5 41.830795
SAMPLE 4096 0 6 42.119736
SAMPLE 4096 0 7 47.678253
SAMPLE 4096 0 8 43.291214
SAMPLE 4096 1 0 42.840088
SAMPLE 4096 1 1 42.250748
SAMPLE 4096 1 2 41.873291
SAMPLE 4096 1 3 49.789993
SAMPLE 4096 1 4 42.854904
SAMPLE 4096 1 5 43.952240
SAMPLE 4096 1 6 42.511246
SAMPLE 4096 1 7 42.719757
SAMPLE 4096 1 8 49.443329
SAMPLE 20000 0 0 62.160248
SAMPLE 20000 0 1 53.540237
SAMPLE 20000 0 2 53.290588
SAMPLE 20000 0 3 53.574936
SAMPLE 20000 0 4 56.464264
SAMPLE 20000 0 5 54.090118
SAMPLE 20000 0 6 52.419525
SAMPLE 20000 0 7 52.126297
SAMPLE 20000 0 8 52.540741
SAMPLE 20000 1 0 57.963379
SAMPLE 20000 1 1 52.958405
SAMPLE 20000 1 2 52.749252
SAMPLE 20000 1 3 53.544052
SAMPLE 20000 1 4 54.774857
SAMPLE 20000 1 5 53.450806
SAMPLE 20000 1 6 53.547424
SAMPLE 20000 1 7 53.578308
SAMPLE 20000 1 8 53.361069
SAMPLE 65536 0 0 67.914886
SAMPLE 65536 0 1 67.272369
SAMPLE 65536 0 2 72.782898
SAMPLE 65536 0 3 71.752197
SAMPLE 65536 0 4 68.218796
SAMPLE 65536 0 5 68.437119
SAMPLE 65536 0 6 76.169189
SAMPLE 65536 0 7 67.815674
SAMPLE 65536 0 8 67.405518
SAMPLE 65536 1 0 68.220490
SAMPLE 65536 1 1 68.215286
SAMPLE 65536 1 2 69.065125
SAMPLE 65536 1 3 74.373611
SAMPLE 65536 1 4 67.876068
SAMPLE 65536 1 5 68.087326
SAMPLE 65536 1 6 67.663254
SAMPLE 65536 1 7 70.218109
SAMPLE 65536 1 8 68.039490
PASS per-query oracle and timed totals
