SAMPLE 1 0 0 1.114761
SAMPLE 1 0 1 1.113831
SAMPLE 1 0 2 1.113846
SAMPLE 1 0 3 1.113693
SAMPLE 1 0 4 1.113541
SAMPLE 1 0 5 1.745056
SAMPLE 1 0 6 1.124542
SAMPLE 1 0 7 1.113846
SAMPLE 1 0 8 1.113846
SAMPLE 1 1 0 3.894943
SAMPLE 1 1 1 3.896011
SAMPLE 1 1 2 3.922913
SAMPLE 1 1 3 3.898911
SAMPLE 1 1 4 3.908844
SAMPLE 1 1 5 3.903046
SAMPLE 1 1 6 3.889740
SAMPLE 1 1 7 3.866043
SAMPLE 1 1 8 4.318100
SAMPLE 32 0 0 16.725876
SAMPLE 32 0 1 16.679550
SAMPLE 32 0 2 16.859177
SAMPLE 32 0 3 16.939896
SAMPLE 32 0 4 17.526932
SAMPLE 32 0 5 16.857498
SAMPLE 32 0 6 19.382446
SAMPLE 32 0 7 21.664322
SAMPLE 32 0 8 16.930725
SAMPLE 32 1 0 17.162933
SAMPLE 32 1 1 17.122269
SAMPLE 32 1 2 17.101639
SAMPLE 32 1 3 17.504929
SAMPLE 32 1 4 17.904526
SAMPLE 32 1 5 17.199020
SAMPLE 32 1 6 18.164581
SAMPLE 32 1 7 22.200974
SAMPLE 32 1 8 17.125946
SAMPLE 257 0 0 28.656815
SAMPLE 257 0 1 27.483963
SAMPLE 257 0 2 28.872528
SAMPLE 257 0 3 27.715118
SAMPLE 257 0 4 28.318359
SAMPLE 257 0 5 27.601532
SAMPLE 257 0 6 27.685608
SAMPLE 257 0 7 27.478012
SAMPLE 257 0 8 27.636063
SAMPLE 257 1 0 28.796249
SAMPLE 257 1 1 27.850571
SAMPLE 257 1 2 28.085068
SAMPLE 257 1 3 28.446915
SAMPLE 257 1 4 27.871658
SAMPLE 257 1 5 34.933334
SAMPLE 257 1 6 28.163956
SAMPLE 257 1 7 27.705170
SAMPLE 257 1 8 27.817703
SAMPLE 4096 0 0 42.151825
SAMPLE 4096 0 1 42.619019
SAMPLE 4096 0 2 42.087784
SAMPLE 4096 0 3 44.155563
SAMPLE 4096 0 4 42.624527
SAMPLE 4096 0 5 42.523483
SAMPLE 4096 0 6 42.168182
SAMPLE 4096 0 7 42.897873
SAMPLE 4096 0 8 42.348892
SAMPLE 4096 1 0 42.672058
SAMPLE 4096 1 1 42.722061
SAMPLE 4096 1 2 42.285614
SAMPLE 4096 1 3 43.135574
SAMPLE 4096 1 4 44.163071
SAMPLE 4096 1 5 42.971863
SAMPLE 4096 1 6 42.187775
SAMPLE 4096 1 7 41.919769
SAMPLE 4096 1 8 41.671509
SAMPLE 20000 0 0 55.190369
SAMPLE 20000 0 1 54.276550
SAMPLE 20000 0 2 52.126755
SAMPLE 20000 0 3 52.983002
SAMPLE 20000 0 4 52.163910
SAMPLE 20000 0 5 53.056396
SAMPLE 20000 0 6 52.727097
SAMPLE 20000 0 7 58.075043
SAMPLE 20000 0 8 53.006088
SAMPLE 20000 1 0 62.001617
SAMPLE 20000 1 1 53.879761
SAMPLE 20000 1 2 53.595581
SAMPLE 20000 1 3 53.525406
SAMPLE 20000 1 4 53.536880
SAMPLE 20000 1 5 60.474106
SAMPLE 20000 1 6 52.976730
SAMPLE 20000 1 7 52.416000
SAMPLE 20000 1 8 52.762878
SAMPLE 65536 0 0 69.289993
SAMPLE 65536 0 1 69.771561
SAMPLE 65536 0 2 71.682953
SAMPLE 65536 0 3 72.618225
SAMPLE 65536 0 4 69.538727
SAMPLE 65536 0 5 69.551270
SAMPLE 65536 0 6 75.730133
SAMPLE 65536 0 7 69.716064
SAMPLE 65536 0 8 70.149155
SAMPLE 65536 1 0 69.753983
SAMPLE 65536 1 1 70.577667
SAMPLE 65536 1 2 73.009659
SAMPLE 65536 1 3 78.388885
SAMPLE 65536 1 4 70.265945
SAMPLE 65536 1 5 70.553360
SAMPLE 65536 1 6 82.035095
SAMPLE 65536 1 7 69.868927
SAMPLE 65536 1 8 69.316742
PASS per-query oracle and timed totals
