SAMPLE 1 0 0 1.127594
SAMPLE 1 0 1 1.126526
SAMPLE 1 0 2 1.126541
SAMPLE 1 0 3 1.419449
SAMPLE 1 0 4 1.278488
SAMPLE 1 0 5 1.107742
SAMPLE 1 0 6 1.107895
SAMPLE 1 0 7 1.107895
SAMPLE 1 0 8 1.107880
SAMPLE 1 1 0 3.995071
SAMPLE 1 1 1 4.021820
SAMPLE 1 1 2 5.002823
SAMPLE 1 1 3 3.758728
SAMPLE 1 1 4 4.206345
SAMPLE 1 1 5 3.765915
SAMPLE 1 1 6 4.216278
SAMPLE 1 1 7 3.763626
SAMPLE 1 1 8 4.210159
SAMPLE 32 0 0 18.434692
SAMPLE 32 0 1 18.074677
SAMPLE 32 0 2 17.706711
SAMPLE 32 0 3 17.994736
SAMPLE 32 0 4 17.500015
SAMPLE 32 0 5 16.967880
SAMPLE 32 0 6 17.143982
SAMPLE 32 0 7 17.348221
SAMPLE 32 0 8 16.990646
SAMPLE 32 1 0 23.007431
SAMPLE 32 1 1 18.136749
SAMPLE 32 1 2 17.217361
SAMPLE 32 1 3 17.040634
SAMPLE 32 1 4 17.501709
SAMPLE 32 1 5 17.413345
SAMPLE 32 1 6 17.417618
SAMPLE 32 1 7 17.278519
SAMPLE 32 1 8 17.217361
SAMPLE 257 0 0 27.975311
SAMPLE 257 0 1 27.322678
SAMPLE 257 0 2 27.417923
SAMPLE 257 0 3 27.490692
SAMPLE 257 0 4 27.197800
SAMPLE 257 0 5 28.087677
SAMPLE 257 0 6 27.269012
SAMPLE 257 0 7 30.091705
SAMPLE 257 0 8 27.964310
SAMPLE 257 1 0 28.100052
SAMPLE 257 1 1 27.530899
SAMPLE 257 1 2 29.128128
SAMPLE 257 1 3 28.010773
SAMPLE 257 1 4 27.933426
SAMPLE 257 1 5 28.068405
SAMPLE 257 1 6 27.924850
SAMPLE 257 1 7 28.062912
SAMPLE 257 1 8 27.976990
SAMPLE 4096 0 0 42.052017
SAMPLE 4096 0 1 41.796387
SAMPLE 4096 0 2 45.713043
SAMPLE 4096 0 3 47.999695
SAMPLE 4096 0 4 42.732147
SAMPLE 4096 0 5 41.893311
SAMPLE 4096 0 6 41.581009
SAMPLE 4096 0 7 41.935974
SAMPLE 4096 0 8 49.957016
SAMPLE 4096 1 0 51.540787
SAMPLE 4096 1 1 42.258392
SAMPLE 4096 1 2 41.901886
SAMPLE 4096 1 3 41.784164
SAMPLE 4096 1 4 42.240356
SAMPLE 4096 1 5 42.491669
SAMPLE 4096 1 6 42.716721
SAMPLE 4096 1 7 42.410812
SAMPLE 4096 1 8 41.916092
SAMPLE 20000 0 0 52.710587
SAMPLE 20000 0 1 58.685104
SAMPLE 20000 0 2 53.039261
SAMPLE 20000 0 3 53.566666
SAMPLE 20000 0 4 53.389648
SAMPLE 20000 0 5 56.059235
SAMPLE 20000 0 6 53.000275
SAMPLE 20000 0 7 62.717911
SAMPLE 20000 0 8 52.929657
SAMPLE 20000 1 0 52.740387
SAMPLE 20000 1 1 53.280502
SAMPLE 20000 1 2 54.789215
SAMPLE 20000 1 3 53.039886
SAMPLE 20000 1 4 52.589371
SAMPLE 20000 1 5 53.493149
SAMPLE 20000 1 6 53.485504
SAMPLE 20000 1 7 56.071228
SAMPLE 20000 1 8 52.898163
SAMPLE 65536 0 0 69.861908
SAMPLE 65536 0 1 72.460617
SAMPLE 65536 0 2 68.361298
SAMPLE 65536 0 3 68.698212
SAMPLE 65536 0 4 72.801376
SAMPLE 65536 0 5 68.818695
SAMPLE 65536 0 6 68.607101
SAMPLE 65536 0 7 73.886032
SAMPLE 65536 0 8 69.711319
SAMPLE 65536 1 0 74.019318
SAMPLE 65536 1 1 74.802902
SAMPLE 65536 1 2 67.999878
SAMPLE 65536 1 3 69.526947
SAMPLE 65536 1 4 76.899673
SAMPLE 65536 1 5 75.433273
SAMPLE 65536 1 6 72.153198
SAMPLE 65536 1 7 69.117554
SAMPLE 65536 1 8 77.391479
PASS per-query oracle and timed totals
