SAMPLE 1 0 0 1.115067
SAMPLE 1 0 1 1.113998
SAMPLE 1 0 2 1.113998
SAMPLE 1 0 3 1.113846
SAMPLE 1 0 4 1.113998
SAMPLE 1 0 5 1.240875
SAMPLE 1 0 6 1.113998
SAMPLE 1 0 7 1.115372
SAMPLE 1 0 8 1.301117
SAMPLE 1 1 0 3.856110
SAMPLE 1 1 1 3.866501
SAMPLE 1 1 2 4.394531
SAMPLE 1 1 3 3.801071
SAMPLE 1 1 4 3.797104
SAMPLE 1 1 5 3.806122
SAMPLE 1 1 6 3.894943
SAMPLE 1 1 7 3.803818
SAMPLE 1 1 8 3.803360
SAMPLE 32 0 0 16.808273
SAMPLE 32 0 1 16.881958
SAMPLE 32 0 2 16.811020
SAMPLE 32 0 3 17.126694
SAMPLE 32 0 4 16.895859
SAMPLE 32 0 5 17.337830
SAMPLE 32 0 6 17.191055
SAMPLE 32 0 7 17.524796
SAMPLE 32 0 8 16.992950
SAMPLE 32 1 0 18.661255
SAMPLE 32 1 1 17.573563
SAMPLE 32 1 2 17.302658
SAMPLE 32 1 3 17.555511
SAMPLE 32 1 4 17.214447
SAMPLE 32 1 5 17.226227
SAMPLE 32 1 6 17.662994
SAMPLE 32 1 7 18.100662
SAMPLE 32 1 8 17.357239
SAMPLE 257 0 0 27.398041
SAMPLE 257 0 1 27.203598
SAMPLE 257 0 2 27.600769
SAMPLE 257 0 3 27.747528
SAMPLE 257 0 4 27.442993
SAMPLE 257 0 5 27.409515
SAMPLE 257 0 6 32.389267
SAMPLE 257 0 7 33.251617
SAMPLE 257 0 8 27.719223
SAMPLE 257 1 0 31.976273
SAMPLE 257 1 1 32.716400
SAMPLE 257 1 2 29.833496
SAMPLE 257 1 3 28.241760
SAMPLE 257 1 4 28.682358
SAMPLE 257 1 5 27.906662
SAMPLE 257 1 6 28.095917
SAMPLE 257 1 7 28.116425
SAMPLE 257 1 8 28.106628
SAMPLE 4096 0 0 42.706924
SAMPLE 4096 0 1 52.281189
SAMPLE 4096 0 2 49.886780
SAMPLE 4096 0 3 42.171417
SAMPLE 4096 0 4 41.945145
SAMPLE 4096 0 5 42.272308
SAMPLE 4096 0 6 41.601166
SAMPLE 4096 0 7 42.336517
SAMPLE 4096 0 8 43.159134
SAMPLE 4096 1 0 42.712738
SAMPLE 4096 1 1 42.748352
SAMPLE 4096 1 2 42.537079
SAMPLE 4096 1 3 41.782013
SAMPLE 4096 1 4 42.725266
SAMPLE 4096 1 5 44.246689
SAMPLE 4096 1 6 42.278275
SAMPLE 4096 1 7 42.500534
SAMPLE 4096 1 8 42.713806
SAMPLE 20000 0 0 58.591217
SAMPLE 20000 0 1 52.501297
SAMPLE 20000 0 2 52.746368
SAMPLE 20000 0 3 52.399643
SAMPLE 20000 0 4 52.003708
SAMPLE 20000 0 5 51.921906
SAMPLE 20000 0 6 57.046875
SAMPLE 20000 0 7 53.390564
SAMPLE 20000 0 8 52.779678
SAMPLE 20000 1 0 52.095581
SAMPLE 20000 1 1 53.491623
SAMPLE 20000 1 2 53.616211
SAMPLE 20000 1 3 52.843430
SAMPLE 20000 1 4 52.613815
SAMPLE 20000 1 5 53.455246
SAMPLE 20000 1 6 52.664551
SAMPLE 20000 1 7 52.906433
SAMPLE 20000 1 8 52.574677
SAMPLE 65536 0 0 73.047363
SAMPLE 65536 0 1 68.765030
SAMPLE 65536 0 2 68.593964
SAMPLE 65536 0 3 85.451706
SAMPLE 65536 0 4 77.636200
SAMPLE 65536 0 5 69.318893
SAMPLE 65536 0 6 77.428009
SAMPLE 65536 0 7 75.622681
SAMPLE 65536 0 8 68.504837
SAMPLE 65536 1 0 79.441025
SAMPLE 65536 1 1 70.099167
SAMPLE 65536 1 2 73.224380
SAMPLE 65536 1 3 71.650589
SAMPLE 65536 1 4 77.218536
SAMPLE 65536 1 5 68.581879
SAMPLE 65536 1 6 69.474380
SAMPLE 65536 1 7 74.519989
SAMPLE 65536 1 8 80.007736
PASS per-query oracle and timed totals
