SAMPLE 1 0 0 1.328171
SAMPLE 1 0 1 2.170059
SAMPLE 1 0 2 1.344238
SAMPLE 1 0 3 1.344086
SAMPLE 1 0 4 1.344070
SAMPLE 1 0 5 1.343918
SAMPLE 1 0 6 1.343933
SAMPLE 1 0 7 1.344070
SAMPLE 1 0 8 1.343918
SAMPLE 1 1 0 4.292419
SAMPLE 1 1 1 4.646332
SAMPLE 1 1 2 4.315964
SAMPLE 1 1 3 4.313217
SAMPLE 1 1 4 4.952530
SAMPLE 1 1 5 4.289658
SAMPLE 1 1 6 4.291641
SAMPLE 1 1 7 4.275589
SAMPLE 1 1 8 4.250687
SAMPLE 32 0 0 16.707230
SAMPLE 32 0 1 17.378342
SAMPLE 32 0 2 16.741760
SAMPLE 32 0 3 16.916199
SAMPLE 32 0 4 17.414871
SAMPLE 32 0 5 16.880112
SAMPLE 32 0 6 16.708298
SAMPLE 32 0 7 17.175781
SAMPLE 32 0 8 17.188614
SAMPLE 32 1 0 16.971848
SAMPLE 32 1 1 16.955032
SAMPLE 32 1 2 17.266891
SAMPLE 32 1 3 16.962662
SAMPLE 32 1 4 17.066162
SAMPLE 32 1 5 16.744217
SAMPLE 32 1 6 17.082840
SAMPLE 32 1 7 18.164734
SAMPLE 32 1 8 17.013733
SAMPLE 257 0 0 28.569519
SAMPLE 257 0 1 27.931732
SAMPLE 257 0 2 34.962296
SAMPLE 257 0 3 28.216553
SAMPLE 257 0 4 28.551956
SAMPLE 257 0 5 28.287781
SAMPLE 257 0 6 28.489426
SAMPLE 257 0 7 28.288391
SAMPLE 257 0 8 28.382416
SAMPLE 257 1 0 27.363495
SAMPLE 257 1 1 27.574020
SAMPLE 257 1 2 26.876434
SAMPLE 257 1 3 26.993698
SAMPLE 257 1 4 27.678116
SAMPLE 257 1 5 27.533493
SAMPLE 257 1 6 27.009750
SAMPLE 257 1 7 27.228973
SAMPLE 257 1 8 27.814331
SAMPLE 4096 0 0 42.188065
SAMPLE 4096 0 1 42.087006
SAMPLE 4096 0 2 41.800522
SAMPLE 4096 0 3 45.332550
SAMPLE 4096 0 4 46.856705
SAMPLE 4096 0 5 47.048569
SAMPLE 4096 0 6 48.665207
SAMPLE 4096 0 7 44.822708
SAMPLE 4096 0 8 42.695602
SAMPLE 4096 1 0 41.622437
SAMPLE 4096 1 1 43.207733
SAMPLE 4096 1 2 43.097504
SAMPLE 4096 1 3 49.338089
SAMPLE 4096 1 4 43.217377
SAMPLE 4096 1 5 42.593796
SAMPLE 4096 1 6 42.425018
SAMPLE 4096 1 7 41.946976
SAMPLE 4096 1 8 50.558044
SAMPLE 20000 0 0 52.211899
SAMPLE 20000 0 1 52.805374
SAMPLE 20000 0 2 52.695129
SAMPLE 20000 0 3 52.249969
SAMPLE 20000 0 4 53.110809
SAMPLE 20000 0 5 52.391846
SAMPLE 20000 0 6 51.928940
SAMPLE 20000 0 7 52.263885
SAMPLE 20000 0 8 51.965317
SAMPLE 20000 1 0 54.305847
SAMPLE 20000 1 1 52.176575
SAMPLE 20000 1 2 52.287888
SAMPLE 20000 1 3 52.088547
SAMPLE 20000 1 4 51.938873
SAMPLE 20000 1 5 52.979019
SAMPLE 20000 1 6 52.051392
SAMPLE 20000 1 7 52.615341
SAMPLE 20000 1 8 51.695969
SAMPLE 65536 0 0 68.243118
SAMPLE 65536 0 1 68.845291
SAMPLE 65536 0 2 69.305756
SAMPLE 65536 0 3 71.773590
SAMPLE 65536 0 4 68.205048
SAMPLE 65536 0 5 68.440781
SAMPLE 65536 0 6 68.420456
SAMPLE 65536 0 7 70.797638
SAMPLE 65536 0 8 68.382690
SAMPLE 65536 1 0 72.842972
SAMPLE 65536 1 1 67.215179
SAMPLE 65536 1 2 67.118713
SAMPLE 65536 1 3 68.996933
SAMPLE 65536 1 4 68.342941
SAMPLE 65536 1 5 67.051468
SAMPLE 65536 1 6 68.033524
SAMPLE 65536 1 7 75.192581
SAMPLE 65536 1 8 70.379379
PASS per-query oracle and timed totals
