SAMPLE 1 0 0 1.352478
SAMPLE 1 0 1 1.366699
SAMPLE 1 0 2 1.532867
SAMPLE 1 0 3 1.366852
SAMPLE 1 0 4 1.366699
SAMPLE 1 0 5 1.368073
SAMPLE 1 0 6 1.366699
SAMPLE 1 0 7 1.366852
SAMPLE 1 0 8 1.368393
SAMPLE 1 1 0 4.334442
SAMPLE 1 1 1 4.345001
SAMPLE 1 1 2 4.326965
SAMPLE 1 1 3 4.321609
SAMPLE 1 1 4 4.309540
SAMPLE 1 1 5 4.289658
SAMPLE 1 1 6 4.284622
SAMPLE 1 1 7 4.285995
SAMPLE 1 1 8 4.278809
SAMPLE 32 0 0 16.922775
SAMPLE 32 0 1 16.778610
SAMPLE 32 0 2 16.895569
SAMPLE 32 0 3 16.880585
SAMPLE 32 0 4 23.025894
SAMPLE 32 0 5 16.896469
SAMPLE 32 0 6 17.221802
SAMPLE 32 0 7 17.265671
SAMPLE 32 0 8 17.016785
SAMPLE 32 1 0 17.187241
SAMPLE 32 1 1 17.139847
SAMPLE 32 1 2 17.069077
SAMPLE 32 1 3 17.142456
SAMPLE 32 1 4 17.308624
SAMPLE 32 1 5 16.919098
SAMPLE 32 1 6 20.051132
SAMPLE 32 1 7 23.672028
SAMPLE 32 1 8 17.078857
SAMPLE 257 0 0 28.114731
SAMPLE 257 0 1 28.576859
SAMPLE 257 0 2 32.435028
SAMPLE 257 0 3 28.811691
SAMPLE 257 0 4 29.150772
SAMPLE 257 0 5 27.546188
SAMPLE 257 0 6 27.532593
SAMPLE 257 0 7 27.670914
SAMPLE 257 0 8 27.680862
SAMPLE 257 1 0 27.321625
SAMPLE 257 1 1 26.996902
SAMPLE 257 1 2 28.083237
SAMPLE 257 1 3 27.107285
SAMPLE 257 1 4 27.139847
SAMPLE 257 1 5 27.476166
SAMPLE 257 1 6 27.428635
SAMPLE 257 1 7 27.459351
SAMPLE 257 1 8 27.322998
SAMPLE 4096 0 0 42.657700
SAMPLE 4096 0 1 41.708969
SAMPLE 4096 0 2 41.385315
SAMPLE 4096 0 3 41.831711
SAMPLE 4096 0 4 41.962891
SAMPLE 4096 0 5 42.376251
SAMPLE 4096 0 6 43.551086
SAMPLE 4096 0 7 42.434357
SAMPLE 4096 0 8 41.395248
SAMPLE 4096 1 0 41.513596
SAMPLE 4096 1 1 41.749466
SAMPLE 4096 1 2 51.859604
SAMPLE 4096 1 3 42.052933
SAMPLE 4096 1 4 42.337723
SAMPLE 4096 1 5 42.138229
SAMPLE 4096 1 6 43.079636
SAMPLE 4096 1 7 46.005798
SAMPLE 4096 1 8 48.997879
SAMPLE 20000 0 0 56.656204
SAMPLE 20000 0 1 52.007507
SAMPLE 20000 0 2 51.458862
SAMPLE 20000 0 3 51.098526
SAMPLE 20000 0 4 57.077606
SAMPLE 20000 0 5 53.251297
SAMPLE 20000 0 6 53.164627
SAMPLE 20000 0 7 52.985764
SAMPLE 20000 0 8 53.399902
SAMPLE 20000 1 0 52.035339
SAMPLE 20000 1 1 52.269241
SAMPLE 20000 1 2 51.749451
SAMPLE 20000 1 3 51.786606
SAMPLE 20000 1 4 52.159470
SAMPLE 20000 1 5 52.401474
SAMPLE 20000 1 6 52.509705
SAMPLE 20000 1 7 51.846527
SAMPLE 20000 1 8 52.554504
SAMPLE 65536 0 0 68.440323
SAMPLE 65536 0 1 68.988373
SAMPLE 65536 0 2 69.885162
SAMPLE 65536 0 3 69.266144
SAMPLE 65536 0 4 69.647415
SAMPLE 65536 0 5 71.607880
SAMPLE 65536 0 6 77.481796
SAMPLE 65536 0 7 68.843140
SAMPLE 65536 0 8 68.334091
SAMPLE 65536 1 0 68.819138
SAMPLE 65536 1 1 67.334442
SAMPLE 65536 1 2 65.914078
SAMPLE 65536 1 3 73.854538
SAMPLE 65536 1 4 68.097733
SAMPLE 65536 1 5 66.969360
SAMPLE 65536 1 6 70.037018
SAMPLE 65536 1 7 69.120758
SAMPLE 65536 1 8 67.775925
PASS per-query oracle and timed totals
