SAMPLE 1 0 0 1.352325
SAMPLE 1 0 1 1.351562
SAMPLE 1 0 2 1.349274
SAMPLE 1 0 3 1.343918
SAMPLE 1 0 4 1.344086
SAMPLE 1 0 5 1.344070
SAMPLE 1 0 6 1.343918
SAMPLE 1 0 7 1.343933
SAMPLE 1 0 8 1.344070
SAMPLE 1 1 0 4.269180
SAMPLE 1 1 1 4.265656
SAMPLE 1 1 2 4.264435
SAMPLE 1 1 3 4.259857
SAMPLE 1 1 4 5.137344
SAMPLE 1 1 5 4.434128
SAMPLE 1 1 6 4.716492
SAMPLE 1 1 7 4.199921
SAMPLE 1 1 8 4.205734
SAMPLE 32 0 0 16.797729
SAMPLE 32 0 1 17.288910
SAMPLE 32 0 2 24.347824
SAMPLE 32 0 3 17.949783
SAMPLE 32 0 4 17.655197
SAMPLE 32 0 5 16.780746
SAMPLE 32 0 6 16.577881
SAMPLE 32 0 7 17.122726
SAMPLE 32 0 8 16.863617
SAMPLE 32 1 0 16.873688
SAMPLE 32 1 1 17.828857
SAMPLE 32 1 2 21.463074
SAMPLE 32 1 3 17.171036
SAMPLE 32 1 4 17.366409
SAMPLE 32 1 5 18.374008
SAMPLE 32 1 6 17.145203
SAMPLE 32 1 7 17.336441
SAMPLE 32 1 8 17.445297
SAMPLE 257 0 0 28.673187
SAMPLE 257 0 1 37.104660
SAMPLE 257 0 2 28.207199
SAMPLE 257 0 3 28.401978
SAMPLE 257 0 4 28.162872
SAMPLE 257 0 5 28.463272
SAMPLE 257 0 6 28.314377
SAMPLE 257 0 7 28.362244
SAMPLE 257 0 8 28.181396
SAMPLE 257 1 0 26.979477
SAMPLE 257 1 1 26.964035
SAMPLE 257 1 2 27.642181
SAMPLE 257 1 3 26.994614
SAMPLE 257 1 4 27.253891
SAMPLE 257 1 5 28.470459
SAMPLE 257 1 6 27.490234
SAMPLE 257 1 7 27.109589
SAMPLE 257 1 8 27.099182
SAMPLE 4096 0 0 41.805878
SAMPLE 4096 0 1 41.985825
SAMPLE 4096 0 2 42.249359
SAMPLE 4096 0 3 43.131012
SAMPLE 4096 0 4 42.130432
SAMPLE 4096 0 5 42.295853
SAMPLE 4096 0 6 42.852005
SAMPLE 4096 0 7 42.133041
SAMPLE 4096 0 8 42.154266
SAMPLE 4096 1 0 41.946671
SAMPLE 4096 1 1 50.036880
SAMPLE 4096 1 2 43.409378
SAMPLE 4096 1 3 42.276276
SAMPLE 4096 1 4 42.393997
SAMPLE 4096 1 5 42.647461
SAMPLE 4096 1 6 42.136993
SAMPLE 4096 1 7 50.501495
SAMPLE 4096 1 8 41.597656
SAMPLE 20000 0 0 51.517563
SAMPLE 20000 0 1 52.026917
SAMPLE 20000 0 2 52.129669
SAMPLE 20000 0 3 53.154984
SAMPLE 20000 0 4 53.611481
SAMPLE 20000 0 5 51.921906
SAMPLE 20000 0 6 51.463287
SAMPLE 20000 0 7 51.788147
SAMPLE 20000 0 8 53.485672
SAMPLE 20000 1 0 51.643967
SAMPLE 20000 1 1 51.999878
SAMPLE 20000 1 2 51.996506
SAMPLE 20000 1 3 54.896774
SAMPLE 20000 1 4 53.646942
SAMPLE 20000 1 5 52.613052
SAMPLE 20000 1 6 52.958847
SAMPLE 20000 1 7 53.014191
SAMPLE 20000 1 8 65.466965
SAMPLE 65536 0 0 69.931778
SAMPLE 65536 0 1 71.030930
SAMPLE 65536 0 2 69.537354
SAMPLE 65536 0 3 69.533691
SAMPLE 65536 0 4 69.143845
SAMPLE 65536 0 5 70.428619
SAMPLE 65536 0 6 69.435379
SAMPLE 65536 0 7 69.680893
SAMPLE 65536 0 8 70.713943
SAMPLE 65536 1 0 68.693329
SAMPLE 65536 1 1 68.622696
SAMPLE 65536 1 2 70.546326
SAMPLE 65536 1 3 68.901855
SAMPLE 65536 1 4 68.287598
SAMPLE 65536 1 5 68.414490
SAMPLE 65536 1 6 71.277069
SAMPLE 65536 1 7 68.801559
SAMPLE 65536 1 8 68.495819
PASS per-query oracle and timed totals
