SAMPLE 1 0 0 1.330170
SAMPLE 1 0 1 1.329239
SAMPLE 1 0 2 1.329086
SAMPLE 1 0 3 1.328934
SAMPLE 1 0 4 1.328934
SAMPLE 1 0 5 1.329102
SAMPLE 1 0 6 1.329102
SAMPLE 1 0 7 1.328934
SAMPLE 1 0 8 1.328934
SAMPLE 1 1 0 4.735748
SAMPLE 1 1 1 4.133423
SAMPLE 1 1 2 4.159409
SAMPLE 1 1 3 4.149475
SAMPLE 1 1 4 4.162766
SAMPLE 1 1 5 4.156357
SAMPLE 1 1 6 4.162933
SAMPLE 1 1 7 4.162781
SAMPLE 1 1 8 4.163239
SAMPLE 32 0 0 17.500778
SAMPLE 32 0 1 16.743134
SAMPLE 32 0 2 17.327438
SAMPLE 32 0 3 16.731979
SAMPLE 32 0 4 16.987137
SAMPLE 32 0 5 16.656464
SAMPLE 32 0 6 17.090164
SAMPLE 32 0 7 17.227127
SAMPLE 32 0 8 16.686111
SAMPLE 32 1 0 17.795074
SAMPLE 32 1 1 16.957016
SAMPLE 32 1 2 17.009003
SAMPLE 32 1 3 22.626678
SAMPLE 32 1 4 21.399261
SAMPLE 32 1 5 17.147354
SAMPLE 32 1 6 17.495590
SAMPLE 32 1 7 16.959000
SAMPLE 32 1 8 19.914062
SAMPLE 257 0 0 28.063522
SAMPLE 257 0 1 30.489868
SAMPLE 257 0 2 31.630844
SAMPLE 257 0 3 27.832825
SAMPLE 257 0 4 28.335327
SAMPLE 257 0 5 27.972092
SAMPLE 257 0 6 27.964462
SAMPLE 257 0 7 27.805618
SAMPLE 257 0 8 27.884048
SAMPLE 257 1 0 27.014328
SAMPLE 257 1 1 27.166000
SAMPLE 257 1 2 27.087860
SAMPLE 257 1 3 27.650146
SAMPLE 257 1 4 27.296082
SAMPLE 257 1 5 33.306366
SAMPLE 257 1 6 27.181274
SAMPLE 257 1 7 27.297607
SAMPLE 257 1 8 27.473267
SAMPLE 4096 0 0 41.571823
SAMPLE 4096 0 1 41.399689
SAMPLE 4096 0 2 41.616165
SAMPLE 4096 0 3 42.017151
SAMPLE 4096 0 4 43.241058
SAMPLE 4096 0 5 42.217422
SAMPLE 4096 0 6 41.704681
SAMPLE 4096 0 7 41.730820
SAMPLE 4096 0 8 41.560211
SAMPLE 4096 1 0 41.542633
SAMPLE 4096 1 1 46.684250
SAMPLE 4096 1 2 41.352921
SAMPLE 4096 1 3 41.708038
SAMPLE 4096 1 4 42.509872
SAMPLE 4096 1 5 41.440826
SAMPLE 4096 1 6 41.952026
SAMPLE 4096 1 7 52.220108
SAMPLE 4096 1 8 41.173141
SAMPLE 20000 0 0 51.894394
SAMPLE 20000 0 1 52.057800
SAMPLE 20000 0 2 52.023407
SAMPLE 20000 0 3 54.378372
SAMPLE 20000 0 4 52.234543
SAMPLE 20000 0 5 51.776810
SAMPLE 20000 0 6 52.330536
SAMPLE 20000 0 7 52.576035
SAMPLE 20000 0 8 53.256653
SAMPLE 20000 1 0 53.071060
SAMPLE 20000 1 1 52.778473
SAMPLE 20000 1 2 57.265427
SAMPLE 20000 1 3 51.804352
SAMPLE 20000 1 4 51.861984
SAMPLE 20000 1 5 51.612473
SAMPLE 20000 1 6 51.653305
SAMPLE 20000 1 7 53.861267
SAMPLE 20000 1 8 53.822144
SAMPLE 65536 0 0 69.428650
SAMPLE 65536 0 1 67.785416
SAMPLE 65536 0 2 68.172028
SAMPLE 65536 0 3 68.472595
SAMPLE 65536 0 4 69.353592
SAMPLE 65536 0 5 68.144806
SAMPLE 65536 0 6 68.247391
SAMPLE 65536 0 7 68.792557
SAMPLE 65536 0 8 67.264725
SAMPLE 65536 1 0 69.248123
SAMPLE 65536 1 1 73.346298
SAMPLE 65536 1 2 74.002365
SAMPLE 65536 1 3 69.585510
SAMPLE 65536 1 4 69.305283
SAMPLE 65536 1 5 77.359802
SAMPLE 65536 1 6 70.017227
SAMPLE 65536 1 7 69.248718
SAMPLE 65536 1 8 77.654755
PASS per-query oracle and timed totals
