SAMPLE 1 0 0 1.641571
SAMPLE 1 0 1 1.359207
SAMPLE 1 0 2 1.360428
SAMPLE 1 0 3 1.359818
SAMPLE 1 0 4 1.359970
SAMPLE 1 0 5 1.360275
SAMPLE 1 0 6 1.359680
SAMPLE 1 0 7 1.359665
SAMPLE 1 0 8 1.360275
SAMPLE 1 1 0 4.880676
SAMPLE 1 1 1 4.292252
SAMPLE 1 1 2 4.282333
SAMPLE 1 1 3 4.355408
SAMPLE 1 1 4 4.983871
SAMPLE 1 1 5 4.401276
SAMPLE 1 1 6 4.363052
SAMPLE 1 1 7 4.269180
SAMPLE 1 1 8 4.323593
SAMPLE 32 0 0 16.918503
SAMPLE 32 0 1 17.217209
SAMPLE 32 0 2 19.873474
SAMPLE 32 0 3 20.227234
SAMPLE 32 0 4 17.841705
SAMPLE 32 0 5 17.228378
SAMPLE 32 0 6 16.869110
SAMPLE 32 0 7 16.762100
SAMPLE 32 0 8 17.264755
SAMPLE 32 1 0 16.944626
SAMPLE 32 1 1 17.278976
SAMPLE 32 1 2 18.458313
SAMPLE 32 1 3 21.306763
SAMPLE 32 1 4 17.241959
SAMPLE 32 1 5 19.860413
SAMPLE 32 1 6 17.245651
SAMPLE 32 1 7 17.171814
SAMPLE 32 1 8 17.601227
SAMPLE 257 0 0 30.657394
SAMPLE 257 0 1 29.673599
SAMPLE 257 0 2 28.750992
SAMPLE 257 0 3 29.228256
SAMPLE 257 0 4 28.565247
SAMPLE 257 0 5 28.629150
SAMPLE 257 0 6 28.458084
SAMPLE 257 0 7 30.603226
SAMPLE 257 0 8 28.868240
SAMPLE 257 1 0 27.955734
SAMPLE 257 1 1 28.041504
SAMPLE 257 1 2 27.760071
SAMPLE 257 1 3 27.817078
SAMPLE 257 1 4 28.130463
SAMPLE 257 1 5 28.769791
SAMPLE 257 1 6 33.934570
SAMPLE 257 1 7 27.651520
SAMPLE 257 1 8 27.583344
SAMPLE 4096 0 0 42.742691
SAMPLE 4096 0 1 43.348831
SAMPLE 4096 0 2 42.883041
SAMPLE 4096 0 3 46.285095
SAMPLE 4096 0 4 44.011871
SAMPLE 4096 0 5 42.192963
SAMPLE 4096 0 6 42.146637
SAMPLE 4096 0 7 42.392456
SAMPLE 4096 0 8 41.923584
SAMPLE 4096 1 0 43.007324
SAMPLE 4096 1 1 42.273529
SAMPLE 4096 1 2 42.787186
SAMPLE 4096 1 3 43.117233
SAMPLE 4096 1 4 42.106262
SAMPLE 4096 1 5 41.617081
SAMPLE 4096 1 6 52.108124
SAMPLE 4096 1 7 42.382828
SAMPLE 4096 1 8 43.604599
SAMPLE 20000 0 0 53.688232
SAMPLE 20000 0 1 54.961075
SAMPLE 20000 0 2 52.632767
SAMPLE 20000 0 3 54.114746
SAMPLE 20000 0 4 52.622833
SAMPLE 20000 0 5 53.181747
SAMPLE 20000 0 6 52.254868
SAMPLE 20000 0 7 62.767517
SAMPLE 20000 0 8 61.862961
SAMPLE 20000 1 0 52.450851
SAMPLE 20000 1 1 52.917740
SAMPLE 20000 1 2 53.114166
SAMPLE 20000 1 3 57.631622
SAMPLE 20000 1 4 53.071075
SAMPLE 20000 1 5 52.694229
SAMPLE 20000 1 6 53.561020
SAMPLE 20000 1 7 53.716202
SAMPLE 20000 1 8 53.636856
SAMPLE 65536 0 0 69.050156
SAMPLE 65536 0 1 73.915985
SAMPLE 65536 0 2 69.653076
SAMPLE 65536 0 3 68.762573
SAMPLE 65536 0 4 70.364395
SAMPLE 65536 0 5 73.946564
SAMPLE 65536 0 6 68.830750
SAMPLE 65536 0 7 68.625305
SAMPLE 65536 0 8 72.506790
SAMPLE 65536 1 0 68.266357
SAMPLE 65536 1 1 79.680267
SAMPLE 65536 1 2 69.195984
SAMPLE 65536 1 3 69.423920
SAMPLE 65536 1 4 70.230484
SAMPLE 65536 1 5 71.143387
SAMPLE 65536 1 6 68.455933
SAMPLE 65536 1 7 68.379013
SAMPLE 65536 1 8 73.340561
PASS per-query oracle and timed totals
