PASS N=0 shape=0 variant=official queries=13 guards=PASS
PASS N=0 shape=0 variant=lower64 queries=13 guards=PASS
PASS N=0 shape=0 variant=early64 queries=13 guards=PASS
PASS N=0 shape=0 variant=lower32 queries=13 guards=PASS
PASS N=0 shape=0 variant=early32 queries=13 guards=PASS
PASS N=0 shape=1 variant=official queries=13 guards=PASS
PASS N=0 shape=1 variant=lower64 queries=13 guards=PASS
PASS N=0 shape=1 variant=early64 queries=13 guards=PASS
PASS N=0 shape=1 variant=lower32 queries=13 guards=PASS
PASS N=0 shape=1 variant=early32 queries=13 guards=PASS
PASS N=0 shape=2 variant=official queries=13 guards=PASS
PASS N=0 shape=2 variant=lower64 queries=13 guards=PASS
PASS N=0 shape=2 variant=early64 queries=13 guards=PASS
PASS N=0 shape=2 variant=lower32 queries=13 guards=PASS
PASS N=0 shape=2 variant=early32 queries=13 guards=PASS
PASS N=1 shape=0 variant=official queries=16 guards=PASS
PASS N=1 shape=0 variant=lower64 queries=16 guards=PASS
PASS N=1 shape=0 variant=early64 queries=16 guards=PASS
PASS N=1 shape=0 variant=lower32 queries=16 guards=PASS
PASS N=1 shape=0 variant=early32 queries=16 guards=PASS
PASS N=1 shape=1 variant=official queries=16 guards=PASS
PASS N=1 shape=1 variant=lower64 queries=16 guards=PASS
PASS N=1 shape=1 variant=early64 queries=16 guards=PASS
PASS N=1 shape=1 variant=lower32 queries=16 guards=PASS
PASS N=1 shape=1 variant=early32 queries=16 guards=PASS
PASS N=1 shape=2 variant=official queries=16 guards=PASS
PASS N=1 shape=2 variant=lower64 queries=16 guards=PASS
PASS N=1 shape=2 variant=early64 queries=16 guards=PASS
PASS N=1 shape=2 variant=lower32 queries=16 guards=PASS
PASS N=1 shape=2 variant=early32 queries=16 guards=PASS
PASS N=2 shape=0 variant=official queries=16 guards=PASS
PASS N=2 shape=0 variant=lower64 queries=16 guards=PASS
PASS N=2 shape=0 variant=early64 queries=16 guards=PASS
PASS N=2 shape=0 variant=lower32 queries=16 guards=PASS
PASS N=2 shape=0 variant=early32 queries=16 guards=PASS
PASS N=2 shape=1 variant=official queries=16 guards=PASS
PASS N=2 shape=1 variant=lower64 queries=16 guards=PASS
PASS N=2 shape=1 variant=early64 queries=16 guards=PASS
PASS N=2 shape=1 variant=lower32 queries=16 guards=PASS
PASS N=2 shape=1 variant=early32 queries=16 guards=PASS
PASS N=2 shape=2 variant=official queries=16 guards=PASS
PASS N=2 shape=2 variant=lower64 queries=16 guards=PASS
PASS N=2 shape=2 variant=early64 queries=16 guards=PASS
PASS N=2 shape=2 variant=lower32 queries=16 guards=PASS
PASS N=2 shape=2 variant=early32 queries=16 guards=PASS
PASS N=3 shape=0 variant=official queries=16 guards=PASS
PASS N=3 shape=0 variant=lower64 queries=16 guards=PASS
PASS N=3 shape=0 variant=early64 queries=16 guards=PASS
PASS N=3 shape=0 variant=lower32 queries=16 guards=PASS
PASS N=3 shape=0 variant=early32 queries=16 guards=PASS
PASS N=3 shape=1 variant=official queries=16 guards=PASS
PASS N=3 shape=1 variant=lower64 queries=16 guards=PASS
PASS N=3 shape=1 variant=early64 queries=16 guards=PASS
PASS N=3 shape=1 variant=lower32 queries=16 guards=PASS
PASS N=3 shape=1 variant=early32 queries=16 guards=PASS
PASS N=3 shape=2 variant=official queries=16 guards=PASS
PASS N=3 shape=2 variant=lower64 queries=16 guards=PASS
PASS N=3 shape=2 variant=early64 queries=16 guards=PASS
PASS N=3 shape=2 variant=lower32 queries=16 guards=PASS
PASS N=3 shape=2 variant=early32 queries=16 guards=PASS
PASS N=31 shape=0 variant=official queries=16 guards=PASS
PASS N=31 shape=0 variant=lower64 queries=16 guards=PASS
PASS N=31 shape=0 variant=early64 queries=16 guards=PASS
PASS N=31 shape=0 variant=lower32 queries=16 guards=PASS
PASS N=31 shape=0 variant=early32 queries=16 guards=PASS
PASS N=31 shape=1 variant=official queries=16 guards=PASS
PASS N=31 shape=1 variant=lower64 queries=16 guards=PASS
PASS N=31 shape=1 variant=early64 queries=16 guards=PASS
PASS N=31 shape=1 variant=lower32 queries=16 guards=PASS
PASS N=31 shape=1 variant=early32 queries=16 guards=PASS
PASS N=31 shape=2 variant=official queries=16 guards=PASS
PASS N=31 shape=2 variant=lower64 queries=16 guards=PASS
PASS N=31 shape=2 variant=early64 queries=16 guards=PASS
PASS N=31 shape=2 variant=lower32 queries=16 guards=PASS
PASS N=31 shape=2 variant=early32 queries=16 guards=PASS
PASS N=32 shape=0 variant=official queries=16 guards=PASS
PASS N=32 shape=0 variant=lower64 queries=16 guards=PASS
PASS N=32 shape=0 variant=early64 queries=16 guards=PASS
PASS N=32 shape=0 variant=lower32 queries=16 guards=PASS
PASS N=32 shape=0 variant=early32 queries=16 guards=PASS
PASS N=32 shape=1 variant=official queries=16 guards=PASS
PASS N=32 shape=1 variant=lower64 queries=16 guards=PASS
PASS N=32 shape=1 variant=early64 queries=16 guards=PASS
PASS N=32 shape=1 variant=lower32 queries=16 guards=PASS
PASS N=32 shape=1 variant=early32 queries=16 guards=PASS
PASS N=32 shape=2 variant=official queries=16 guards=PASS
PASS N=32 shape=2 variant=lower64 queries=16 guards=PASS
PASS N=32 shape=2 variant=early64 queries=16 guards=PASS
PASS N=32 shape=2 variant=lower32 queries=16 guards=PASS
PASS N=32 shape=2 variant=early32 queries=16 guards=PASS
PASS N=33 shape=0 variant=official queries=16 guards=PASS
PASS N=33 shape=0 variant=lower64 queries=16 guards=PASS
PASS N=33 shape=0 variant=early64 queries=16 guards=PASS
PASS N=33 shape=0 variant=lower32 queries=16 guards=PASS
PASS N=33 shape=0 variant=early32 queries=16 guards=PASS
PASS N=33 shape=1 variant=official queries=16 guards=PASS
PASS N=33 shape=1 variant=lower64 queries=16 guards=PASS
PASS N=33 shape=1 variant=early64 queries=16 guards=PASS
PASS N=33 shape=1 variant=lower32 queries=16 guards=PASS
PASS N=33 shape=1 variant=early32 queries=16 guards=PASS
PASS N=33 shape=2 variant=official queries=16 guards=PASS
PASS N=33 shape=2 variant=lower64 queries=16 guards=PASS
PASS N=33 shape=2 variant=early64 queries=16 guards=PASS
PASS N=33 shape=2 variant=lower32 queries=16 guards=PASS
PASS N=33 shape=2 variant=early32 queries=16 guards=PASS
PASS N=255 shape=0 variant=official queries=16 guards=PASS
PASS N=255 shape=0 variant=lower64 queries=16 guards=PASS
PASS N=255 shape=0 variant=early64 queries=16 guards=PASS
PASS N=255 shape=0 variant=lower32 queries=16 guards=PASS
PASS N=255 shape=0 variant=early32 queries=16 guards=PASS
PASS N=255 shape=1 variant=official queries=16 guards=PASS
PASS N=255 shape=1 variant=lower64 queries=16 guards=PASS
PASS N=255 shape=1 variant=early64 queries=16 guards=PASS
PASS N=255 shape=1 variant=lower32 queries=16 guards=PASS
PASS N=255 shape=1 variant=early32 queries=16 guards=PASS
PASS N=255 shape=2 variant=official queries=16 guards=PASS
PASS N=255 shape=2 variant=lower64 queries=16 guards=PASS
PASS N=255 shape=2 variant=early64 queries=16 guards=PASS
PASS N=255 shape=2 variant=lower32 queries=16 guards=PASS
PASS N=255 shape=2 variant=early32 queries=16 guards=PASS
PASS N=256 shape=0 variant=official queries=16 guards=PASS
PASS N=256 shape=0 variant=lower64 queries=16 guards=PASS
PASS N=256 shape=0 variant=early64 queries=16 guards=PASS
PASS N=256 shape=0 variant=lower32 queries=16 guards=PASS
PASS N=256 shape=0 variant=early32 queries=16 guards=PASS
PASS N=256 shape=1 variant=official queries=16 guards=PASS
PASS N=256 shape=1 variant=lower64 queries=16 guards=PASS
PASS N=256 shape=1 variant=early64 queries=16 guards=PASS
PASS N=256 shape=1 variant=lower32 queries=16 guards=PASS
PASS N=256 shape=1 variant=early32 queries=16 guards=PASS
PASS N=256 shape=2 variant=official queries=16 guards=PASS
PASS N=256 shape=2 variant=lower64 queries=16 guards=PASS
PASS N=256 shape=2 variant=early64 queries=16 guards=PASS
PASS N=256 shape=2 variant=lower32 queries=16 guards=PASS
PASS N=256 shape=2 variant=early32 queries=16 guards=PASS
PASS N=257 shape=0 variant=official queries=16 guards=PASS
PASS N=257 shape=0 variant=lower64 queries=16 guards=PASS
PASS N=257 shape=0 variant=early64 queries=16 guards=PASS
PASS N=257 shape=0 variant=lower32 queries=16 guards=PASS
PASS N=257 shape=0 variant=early32 queries=16 guards=PASS
PASS N=257 shape=1 variant=official queries=16 guards=PASS
PASS N=257 shape=1 variant=lower64 queries=16 guards=PASS
PASS N=257 shape=1 variant=early64 queries=16 guards=PASS
PASS N=257 shape=1 variant=lower32 queries=16 guards=PASS
PASS N=257 shape=1 variant=early32 queries=16 guards=PASS
PASS N=257 shape=2 variant=official queries=16 guards=PASS
PASS N=257 shape=2 variant=lower64 queries=16 guards=PASS
PASS N=257 shape=2 variant=early64 queries=16 guards=PASS
PASS N=257 shape=2 variant=lower32 queries=16 guards=PASS
PASS N=257 shape=2 variant=early32 queries=16 guards=PASS
PASS N=20000 shape=0 variant=official queries=16 guards=PASS
PASS N=20000 shape=0 variant=lower64 queries=16 guards=PASS
PASS N=20000 shape=0 variant=early64 queries=16 guards=PASS
PASS N=20000 shape=0 variant=lower32 queries=16 guards=PASS
PASS N=20000 shape=0 variant=early32 queries=16 guards=PASS
PASS N=20000 shape=1 variant=official queries=16 guards=PASS
PASS N=20000 shape=1 variant=lower64 queries=16 guards=PASS
PASS N=20000 shape=1 variant=early64 queries=16 guards=PASS
PASS N=20000 shape=1 variant=lower32 queries=16 guards=PASS
PASS N=20000 shape=1 variant=early32 queries=16 guards=PASS
PASS N=20000 shape=2 variant=official queries=16 guards=PASS
PASS N=20000 shape=2 variant=lower64 queries=16 guards=PASS
PASS N=20000 shape=2 variant=early64 queries=16 guards=PASS
PASS N=20000 shape=2 variant=lower32 queries=16 guards=PASS
PASS N=20000 shape=2 variant=early32 queries=16 guards=PASS
SUMMARY configurations=165 comparisons=2595 status=PASS performance_tested=false
SAMPLE shape=0 round=0 variant=0 sample=0 ms=7.305151939
SAMPLE shape=0 round=0 variant=0 sample=1 ms=7.663263798
SAMPLE shape=0 round=0 variant=0 sample=2 ms=7.308288097
SAMPLE shape=0 round=0 variant=0 sample=3 ms=7.910399914
SAMPLE shape=0 round=0 variant=0 sample=4 ms=7.311327934
SAMPLE shape=0 round=0 variant=0 sample=5 ms=7.874559879
SAMPLE shape=0 round=0 variant=0 sample=6 ms=7.349247932
SAMPLE shape=0 round=0 variant=0 sample=7 ms=7.867231846
SAMPLE shape=0 round=0 variant=0 sample=8 ms=7.310207844
SAMPLE shape=0 round=0 variant=0 sample=9 ms=7.645152092
SAMPLE shape=0 round=0 variant=0 sample=10 ms=7.303167820
SAMPLE shape=0 round=0 variant=0 sample=11 ms=7.633759975
SAMPLE shape=0 round=0 variant=0 sample=12 ms=7.294976234
SAMPLE shape=0 round=0 variant=0 sample=13 ms=7.303167820
SAMPLE shape=0 round=0 variant=0 sample=14 ms=7.831647873
SAMPLE shape=0 round=0 variant=0 sample=15 ms=7.304192066
SAMPLE shape=0 round=0 variant=0 sample=16 ms=7.789567947
SAMPLE shape=0 round=0 variant=0 sample=17 ms=7.305215836
SAMPLE shape=0 round=0 variant=0 sample=18 ms=8.010751724
SAMPLE shape=0 round=0 variant=0 sample=19 ms=7.308288097
SAMPLE shape=0 round=0 variant=0 sample=20 ms=8.037311554
SAMPLE shape=0 round=0 variant=0 sample=21 ms=7.303167820
SAMPLE shape=0 round=0 variant=0 sample=22 ms=7.917568207
SAMPLE shape=0 round=0 variant=0 sample=23 ms=7.304863930
SAMPLE shape=0 round=0 variant=0 sample=24 ms=7.303167820
SAMPLE shape=0 round=0 variant=0 sample=25 ms=7.528448105
SAMPLE shape=0 round=0 variant=0 sample=26 ms=7.301119804
SAMPLE shape=0 round=0 variant=0 sample=27 ms=7.646207809
SAMPLE shape=0 round=0 variant=0 sample=28 ms=7.526400089
SAMPLE shape=0 round=0 variant=0 sample=29 ms=7.821311951
SAMPLE shape=0 round=0 variant=1 sample=0 ms=5.356544018
SAMPLE shape=0 round=0 variant=1 sample=1 ms=5.149695873
SAMPLE shape=0 round=0 variant=1 sample=2 ms=5.157887936
SAMPLE shape=0 round=0 variant=1 sample=3 ms=5.184383869
SAMPLE shape=0 round=0 variant=1 sample=4 ms=5.592991829
SAMPLE shape=0 round=0 variant=1 sample=5 ms=5.169055939
SAMPLE shape=0 round=0 variant=1 sample=6 ms=5.161983967
SAMPLE shape=0 round=0 variant=1 sample=7 ms=5.821055889
SAMPLE shape=0 round=0 variant=1 sample=8 ms=5.165056229
SAMPLE shape=0 round=0 variant=1 sample=9 ms=5.171199799
SAMPLE shape=0 round=0 variant=1 sample=10 ms=5.581823826
SAMPLE shape=0 round=0 variant=1 sample=11 ms=5.162847996
SAMPLE shape=0 round=0 variant=1 sample=12 ms=5.163008213
SAMPLE shape=0 round=0 variant=1 sample=13 ms=5.582560062
SAMPLE shape=0 round=0 variant=1 sample=14 ms=5.177343845
SAMPLE shape=0 round=0 variant=1 sample=15 ms=5.160927773
SAMPLE shape=0 round=0 variant=1 sample=16 ms=5.658368111
SAMPLE shape=0 round=0 variant=1 sample=17 ms=5.165056229
SAMPLE shape=0 round=0 variant=1 sample=18 ms=5.159935951
SAMPLE shape=0 round=0 variant=1 sample=19 ms=5.649407864
SAMPLE shape=0 round=0 variant=1 sample=20 ms=5.169119835
SAMPLE shape=0 round=0 variant=1 sample=21 ms=5.160960197
SAMPLE shape=0 round=0 variant=1 sample=22 ms=5.610496044
SAMPLE shape=0 round=0 variant=1 sample=23 ms=5.168064117
SAMPLE shape=0 round=0 variant=1 sample=24 ms=5.183487892
SAMPLE shape=0 round=0 variant=1 sample=25 ms=5.496672153
SAMPLE shape=0 round=0 variant=1 sample=26 ms=5.166079998
SAMPLE shape=0 round=0 variant=1 sample=27 ms=5.165056229
SAMPLE shape=0 round=0 variant=1 sample=28 ms=5.672863960
SAMPLE shape=0 round=0 variant=1 sample=29 ms=5.167103767
SAMPLE shape=0 round=0 variant=2 sample=0 ms=4.713471889
SAMPLE shape=0 round=0 variant=2 sample=1 ms=4.712319851
SAMPLE shape=0 round=0 variant=2 sample=2 ms=5.236735821
SAMPLE shape=0 round=0 variant=2 sample=3 ms=4.719423771
SAMPLE shape=0 round=0 variant=2 sample=4 ms=4.714496136
SAMPLE shape=0 round=0 variant=2 sample=5 ms=4.709216118
SAMPLE shape=0 round=0 variant=2 sample=6 ms=5.339295864
SAMPLE shape=0 round=0 variant=2 sample=7 ms=4.709375858
SAMPLE shape=0 round=0 variant=2 sample=8 ms=4.711296082
SAMPLE shape=0 round=0 variant=2 sample=9 ms=5.147647858
SAMPLE shape=0 round=0 variant=2 sample=10 ms=4.716544151
SAMPLE shape=0 round=0 variant=2 sample=11 ms=4.715360165
SAMPLE shape=0 round=0 variant=2 sample=12 ms=5.152480125
SAMPLE shape=0 round=0 variant=2 sample=13 ms=4.709375858
SAMPLE shape=0 round=0 variant=2 sample=14 ms=4.712448120
SAMPLE shape=0 round=0 variant=2 sample=15 ms=4.708352089
SAMPLE shape=0 round=0 variant=2 sample=16 ms=5.269504070
SAMPLE shape=0 round=0 variant=2 sample=17 ms=4.722623825
SAMPLE shape=0 round=0 variant=2 sample=18 ms=4.720640182
SAMPLE shape=0 round=0 variant=2 sample=19 ms=5.265600204
SAMPLE shape=0 round=0 variant=2 sample=20 ms=4.719583988
SAMPLE shape=0 round=0 variant=2 sample=21 ms=4.721343994
SAMPLE shape=0 round=0 variant=2 sample=22 ms=5.193727970
SAMPLE shape=0 round=0 variant=2 sample=23 ms=4.743072033
SAMPLE shape=0 round=0 variant=2 sample=24 ms=4.741119862
SAMPLE shape=0 round=0 variant=2 sample=25 ms=4.710400105
SAMPLE shape=0 round=0 variant=2 sample=26 ms=5.092383862
SAMPLE shape=0 round=0 variant=2 sample=27 ms=4.713471889
SAMPLE shape=0 round=0 variant=2 sample=28 ms=4.710400105
SAMPLE shape=0 round=0 variant=2 sample=29 ms=5.146624088
SAMPLE shape=0 round=0 variant=3 sample=0 ms=3.523583889
SAMPLE shape=0 round=0 variant=3 sample=1 ms=3.009536028
SAMPLE shape=0 round=0 variant=3 sample=2 ms=2.996223927
SAMPLE shape=0 round=0 variant=3 sample=3 ms=3.011584044
SAMPLE shape=0 round=0 variant=3 sample=4 ms=2.989056110
SAMPLE shape=0 round=0 variant=3 sample=5 ms=3.197952032
SAMPLE shape=0 round=0 variant=3 sample=6 ms=3.170432091
SAMPLE shape=0 round=0 variant=3 sample=7 ms=3.020800114
SAMPLE shape=0 round=0 variant=3 sample=8 ms=3.007424116
SAMPLE shape=0 round=0 variant=3 sample=9 ms=2.987008095
SAMPLE shape=0 round=0 variant=3 sample=10 ms=3.007488012
SAMPLE shape=0 round=0 variant=3 sample=11 ms=3.342335939
SAMPLE shape=0 round=0 variant=3 sample=12 ms=3.011584044
SAMPLE shape=0 round=0 variant=3 sample=13 ms=3.005215883
SAMPLE shape=0 round=0 variant=3 sample=14 ms=3.011584044
SAMPLE shape=0 round=0 variant=3 sample=15 ms=3.009439945
SAMPLE shape=0 round=0 variant=3 sample=16 ms=3.743743896
SAMPLE shape=0 round=0 variant=3 sample=17 ms=2.996223927
SAMPLE shape=0 round=0 variant=3 sample=18 ms=2.994175911
SAMPLE shape=0 round=0 variant=3 sample=19 ms=3.004415989
SAMPLE shape=0 round=0 variant=3 sample=20 ms=3.012383938
SAMPLE shape=0 round=0 variant=3 sample=21 ms=3.476480007
SAMPLE shape=0 round=0 variant=3 sample=22 ms=3.009311914
SAMPLE shape=0 round=0 variant=3 sample=23 ms=2.998975992
SAMPLE shape=0 round=0 variant=3 sample=24 ms=2.991775990
SAMPLE shape=0 round=0 variant=3 sample=25 ms=2.992127895
SAMPLE shape=0 round=0 variant=3 sample=26 ms=3.008512020
SAMPLE shape=0 round=0 variant=3 sample=27 ms=3.315711975
SAMPLE shape=0 round=0 variant=3 sample=28 ms=3.003200054
SAMPLE shape=0 round=0 variant=3 sample=29 ms=2.993151903
SAMPLE shape=0 round=0 variant=4 sample=0 ms=3.648511887
SAMPLE shape=0 round=0 variant=4 sample=1 ms=3.652607918
SAMPLE shape=0 round=0 variant=4 sample=2 ms=3.649312019
SAMPLE shape=0 round=0 variant=4 sample=3 ms=3.645440102
SAMPLE shape=0 round=0 variant=4 sample=4 ms=3.962879896
SAMPLE shape=0 round=0 variant=4 sample=5 ms=3.650559902
SAMPLE shape=0 round=0 variant=4 sample=6 ms=3.649152040
SAMPLE shape=0 round=0 variant=4 sample=7 ms=3.646176100
SAMPLE shape=0 round=0 variant=4 sample=8 ms=4.192992210
SAMPLE shape=0 round=0 variant=4 sample=9 ms=3.647200108
SAMPLE shape=0 round=0 variant=4 sample=10 ms=3.650432110
SAMPLE shape=0 round=0 variant=4 sample=11 ms=3.653631926
SAMPLE shape=0 round=0 variant=4 sample=12 ms=4.084735870
SAMPLE shape=0 round=0 variant=4 sample=13 ms=3.664639950
SAMPLE shape=0 round=0 variant=4 sample=14 ms=3.658751965
SAMPLE shape=0 round=0 variant=4 sample=15 ms=3.654655933
SAMPLE shape=0 round=0 variant=4 sample=16 ms=3.643392086
SAMPLE shape=0 round=0 variant=4 sample=17 ms=4.173823833
SAMPLE shape=0 round=0 variant=4 sample=18 ms=3.643392086
SAMPLE shape=0 round=0 variant=4 sample=19 ms=3.651391983
SAMPLE shape=0 round=0 variant=4 sample=20 ms=3.641344070
SAMPLE shape=0 round=0 variant=4 sample=21 ms=4.070367813
SAMPLE shape=0 round=0 variant=4 sample=22 ms=3.648351908
SAMPLE shape=0 round=0 variant=4 sample=23 ms=3.643392086
SAMPLE shape=0 round=0 variant=4 sample=24 ms=3.651423931
SAMPLE shape=0 round=0 variant=4 sample=25 ms=3.851264000
SAMPLE shape=0 round=0 variant=4 sample=26 ms=3.641344070
SAMPLE shape=0 round=0 variant=4 sample=27 ms=3.649535894
SAMPLE shape=0 round=0 variant=4 sample=28 ms=3.860480070
SAMPLE shape=0 round=0 variant=4 sample=29 ms=3.643327951
SAMPLE shape=0 round=1 variant=2 sample=0 ms=5.082816124
SAMPLE shape=0 round=1 variant=2 sample=1 ms=4.713344097
SAMPLE shape=0 round=1 variant=2 sample=2 ms=4.708352089
SAMPLE shape=0 round=1 variant=2 sample=3 ms=4.708352089
SAMPLE shape=0 round=1 variant=2 sample=4 ms=5.009215832
SAMPLE shape=0 round=1 variant=2 sample=5 ms=4.710400105
SAMPLE shape=0 round=1 variant=2 sample=6 ms=4.708255768
SAMPLE shape=0 round=1 variant=2 sample=7 ms=5.115903854
SAMPLE shape=0 round=1 variant=2 sample=8 ms=4.712351799
SAMPLE shape=0 round=1 variant=2 sample=9 ms=4.929535866
SAMPLE shape=0 round=1 variant=2 sample=10 ms=5.172031879
SAMPLE shape=0 round=1 variant=2 sample=11 ms=4.707327843
SAMPLE shape=0 round=1 variant=2 sample=12 ms=4.720640182
SAMPLE shape=0 round=1 variant=2 sample=13 ms=4.710400105
SAMPLE shape=0 round=1 variant=2 sample=14 ms=5.144576073
SAMPLE shape=0 round=1 variant=2 sample=15 ms=4.749152184
SAMPLE shape=0 round=1 variant=2 sample=16 ms=4.715519905
SAMPLE shape=0 round=1 variant=2 sample=17 ms=5.045248032
SAMPLE shape=0 round=1 variant=2 sample=18 ms=4.707295895
SAMPLE shape=0 round=1 variant=2 sample=19 ms=4.754432201
SAMPLE shape=0 round=1 variant=2 sample=20 ms=4.718239784
SAMPLE shape=0 round=1 variant=2 sample=21 ms=5.315584183
SAMPLE shape=0 round=1 variant=2 sample=22 ms=4.711423874
SAMPLE shape=0 round=1 variant=2 sample=23 ms=4.712448120
SAMPLE shape=0 round=1 variant=2 sample=24 ms=5.140480042
SAMPLE shape=0 round=1 variant=2 sample=25 ms=4.717567921
SAMPLE shape=0 round=1 variant=2 sample=26 ms=4.710400105
SAMPLE shape=0 round=1 variant=2 sample=27 ms=5.142303944
SAMPLE shape=0 round=1 variant=2 sample=28 ms=4.710400105
SAMPLE shape=0 round=1 variant=2 sample=29 ms=4.714496136
SAMPLE shape=0 round=1 variant=3 sample=0 ms=3.008320093
SAMPLE shape=0 round=1 variant=3 sample=1 ms=2.993151903
SAMPLE shape=0 round=1 variant=3 sample=2 ms=3.005343914
SAMPLE shape=0 round=1 variant=3 sample=3 ms=3.410912037
SAMPLE shape=0 round=1 variant=3 sample=4 ms=2.989056110
SAMPLE shape=0 round=1 variant=3 sample=5 ms=2.984575987
SAMPLE shape=0 round=1 variant=3 sample=6 ms=2.998080015
SAMPLE shape=0 round=1 variant=3 sample=7 ms=3.008192062
SAMPLE shape=0 round=1 variant=3 sample=8 ms=3.482624054
SAMPLE shape=0 round=1 variant=3 sample=9 ms=3.003391981
SAMPLE shape=0 round=1 variant=3 sample=10 ms=3.011327982
SAMPLE shape=0 round=1 variant=3 sample=11 ms=3.008512020
SAMPLE shape=0 round=1 variant=3 sample=12 ms=3.003391981
SAMPLE shape=0 round=1 variant=3 sample=13 ms=3.527679920
SAMPLE shape=0 round=1 variant=3 sample=14 ms=3.007488012
SAMPLE shape=0 round=1 variant=3 sample=15 ms=3.017663956
SAMPLE shape=0 round=1 variant=3 sample=16 ms=3.003391981
SAMPLE shape=0 round=1 variant=3 sample=17 ms=2.994175911
SAMPLE shape=0 round=1 variant=3 sample=18 ms=3.161952019
SAMPLE shape=0 round=1 variant=3 sample=19 ms=2.988032103
SAMPLE shape=0 round=1 variant=3 sample=20 ms=3.004415989
SAMPLE shape=0 round=1 variant=3 sample=21 ms=2.997247934
SAMPLE shape=0 round=1 variant=3 sample=22 ms=2.996223927
SAMPLE shape=0 round=1 variant=3 sample=23 ms=2.994175911
SAMPLE shape=0 round=1 variant=3 sample=24 ms=3.342335939
SAMPLE shape=0 round=1 variant=3 sample=25 ms=3.001983881
SAMPLE shape=0 round=1 variant=3 sample=26 ms=2.997247934
SAMPLE shape=0 round=1 variant=3 sample=27 ms=3.013632059
SAMPLE shape=0 round=1 variant=3 sample=28 ms=3.007488012
SAMPLE shape=0 round=1 variant=3 sample=29 ms=3.438591957
SAMPLE shape=0 round=1 variant=4 sample=0 ms=3.654655933
SAMPLE shape=0 round=1 variant=4 sample=1 ms=4.163584232
SAMPLE shape=0 round=1 variant=4 sample=2 ms=3.654655933
SAMPLE shape=0 round=1 variant=4 sample=3 ms=3.651456118
SAMPLE shape=0 round=1 variant=4 sample=4 ms=3.652607918
SAMPLE shape=0 round=1 variant=4 sample=5 ms=3.644416094
SAMPLE shape=0 round=1 variant=4 sample=6 ms=4.155392170
SAMPLE shape=0 round=1 variant=4 sample=7 ms=3.649535894
SAMPLE shape=0 round=1 variant=4 sample=8 ms=3.638207912
SAMPLE shape=0 round=1 variant=4 sample=9 ms=3.646464109
SAMPLE shape=0 round=1 variant=4 sample=10 ms=4.074495792
SAMPLE shape=0 round=1 variant=4 sample=11 ms=3.651583910
SAMPLE shape=0 round=1 variant=4 sample=12 ms=3.641344070
SAMPLE shape=0 round=1 variant=4 sample=13 ms=3.655584097
SAMPLE shape=0 round=1 variant=4 sample=14 ms=3.643392086
SAMPLE shape=0 round=1 variant=4 sample=15 ms=3.977216005
SAMPLE shape=0 round=1 variant=4 sample=16 ms=3.649535894
SAMPLE shape=0 round=1 variant=4 sample=17 ms=3.647135973
SAMPLE shape=0 round=1 variant=4 sample=18 ms=3.670016050
SAMPLE shape=0 round=1 variant=4 sample=19 ms=4.141056061
SAMPLE shape=0 round=1 variant=4 sample=20 ms=3.721215963
SAMPLE shape=0 round=1 variant=4 sample=21 ms=3.653631926
SAMPLE shape=0 round=1 variant=4 sample=22 ms=3.653631926
SAMPLE shape=0 round=1 variant=4 sample=23 ms=4.093952179
SAMPLE shape=0 round=1 variant=4 sample=24 ms=3.643039942
SAMPLE shape=0 round=1 variant=4 sample=25 ms=3.650496006
SAMPLE shape=0 round=1 variant=4 sample=26 ms=3.647488117
SAMPLE shape=0 round=1 variant=4 sample=27 ms=3.837951899
SAMPLE shape=0 round=1 variant=4 sample=28 ms=3.640320063
SAMPLE shape=0 round=1 variant=4 sample=29 ms=3.648511887
SAMPLE shape=0 round=1 variant=0 sample=0 ms=7.354368210
SAMPLE shape=0 round=1 variant=0 sample=1 ms=7.697408199
SAMPLE shape=0 round=1 variant=0 sample=2 ms=7.346144199
SAMPLE shape=0 round=1 variant=0 sample=3 ms=7.868415833
SAMPLE shape=0 round=1 variant=0 sample=4 ms=7.351295948
SAMPLE shape=0 round=1 variant=0 sample=5 ms=7.873536110
SAMPLE shape=0 round=1 variant=0 sample=6 ms=7.353312016
SAMPLE shape=0 round=1 variant=0 sample=7 ms=7.803904057
SAMPLE shape=0 round=1 variant=0 sample=8 ms=7.369728088
SAMPLE shape=0 round=1 variant=0 sample=9 ms=7.799583912
SAMPLE shape=0 round=1 variant=0 sample=10 ms=7.357439995
SAMPLE shape=0 round=1 variant=0 sample=11 ms=7.788544178
SAMPLE shape=0 round=1 variant=0 sample=12 ms=7.353343964
SAMPLE shape=0 round=1 variant=0 sample=13 ms=7.351295948
SAMPLE shape=0 round=1 variant=0 sample=14 ms=7.670783997
SAMPLE shape=0 round=1 variant=0 sample=15 ms=7.344895840
SAMPLE shape=0 round=1 variant=0 sample=16 ms=7.858176231
SAMPLE shape=0 round=1 variant=0 sample=17 ms=7.352320194
SAMPLE shape=0 round=1 variant=0 sample=18 ms=7.704288006
SAMPLE shape=0 round=1 variant=0 sample=19 ms=7.346176147
SAMPLE shape=0 round=1 variant=0 sample=20 ms=7.836671829
SAMPLE shape=0 round=1 variant=0 sample=21 ms=7.347263813
SAMPLE shape=0 round=1 variant=0 sample=22 ms=7.883776188
SAMPLE shape=0 round=1 variant=0 sample=23 ms=7.388160229
SAMPLE shape=0 round=1 variant=0 sample=24 ms=7.790592194
SAMPLE shape=0 round=1 variant=0 sample=25 ms=7.350080013
SAMPLE shape=0 round=1 variant=0 sample=26 ms=7.346176147
SAMPLE shape=0 round=1 variant=0 sample=27 ms=7.788544178
SAMPLE shape=0 round=1 variant=0 sample=28 ms=7.347199917
SAMPLE shape=0 round=1 variant=0 sample=29 ms=7.783328056
SAMPLE shape=0 round=1 variant=1 sample=0 ms=5.640192032
SAMPLE shape=0 round=1 variant=1 sample=1 ms=5.192416191
SAMPLE shape=0 round=1 variant=1 sample=2 ms=5.195775986
SAMPLE shape=0 round=1 variant=1 sample=3 ms=5.512191772
SAMPLE shape=0 round=1 variant=1 sample=4 ms=5.192704201
SAMPLE shape=0 round=1 variant=1 sample=5 ms=5.192704201
SAMPLE shape=0 round=1 variant=1 sample=6 ms=5.539487839
SAMPLE shape=0 round=1 variant=1 sample=7 ms=5.192704201
SAMPLE shape=0 round=1 variant=1 sample=8 ms=5.195775986
SAMPLE shape=0 round=1 variant=1 sample=9 ms=5.611328125
SAMPLE shape=0 round=1 variant=1 sample=10 ms=5.178368092
SAMPLE shape=0 round=1 variant=1 sample=11 ms=5.196512222
SAMPLE shape=0 round=1 variant=1 sample=12 ms=5.187583923
SAMPLE shape=0 round=1 variant=1 sample=13 ms=5.427199841
SAMPLE shape=0 round=1 variant=1 sample=14 ms=5.194496155
SAMPLE shape=0 round=1 variant=1 sample=15 ms=5.189631939
SAMPLE shape=0 round=1 variant=1 sample=16 ms=5.642240047
SAMPLE shape=0 round=1 variant=1 sample=17 ms=5.190368176
SAMPLE shape=0 round=1 variant=1 sample=18 ms=5.187263966
SAMPLE shape=0 round=1 variant=1 sample=19 ms=5.631999969
SAMPLE shape=0 round=1 variant=1 sample=20 ms=5.196479797
SAMPLE shape=0 round=1 variant=1 sample=21 ms=5.190303802
SAMPLE shape=0 round=1 variant=1 sample=22 ms=5.896192074
SAMPLE shape=0 round=1 variant=1 sample=23 ms=5.191679955
SAMPLE shape=0 round=1 variant=1 sample=24 ms=5.190656185
SAMPLE shape=0 round=1 variant=1 sample=25 ms=5.702559948
SAMPLE shape=0 round=1 variant=1 sample=26 ms=5.190624237
SAMPLE shape=0 round=1 variant=1 sample=27 ms=5.194752216
SAMPLE shape=0 round=1 variant=1 sample=28 ms=5.637951851
SAMPLE shape=0 round=1 variant=1 sample=29 ms=5.198847771
SAMPLE shape=0 round=2 variant=4 sample=0 ms=3.654335976
SAMPLE shape=0 round=2 variant=4 sample=1 ms=3.651583910
SAMPLE shape=0 round=2 variant=4 sample=2 ms=3.651583910
SAMPLE shape=0 round=2 variant=4 sample=3 ms=3.644416094
SAMPLE shape=0 round=2 variant=4 sample=4 ms=4.233215809
SAMPLE shape=0 round=2 variant=4 sample=5 ms=3.650559902
SAMPLE shape=0 round=2 variant=4 sample=6 ms=3.645440102
SAMPLE shape=0 round=2 variant=4 sample=7 ms=3.684351921
SAMPLE shape=0 round=2 variant=4 sample=8 ms=4.186848164
SAMPLE shape=0 round=2 variant=4 sample=9 ms=3.647135973
SAMPLE shape=0 round=2 variant=4 sample=10 ms=3.656512022
SAMPLE shape=0 round=2 variant=4 sample=11 ms=3.651360035
SAMPLE shape=0 round=2 variant=4 sample=12 ms=4.074495792
SAMPLE shape=0 round=2 variant=4 sample=13 ms=3.645440102
SAMPLE shape=0 round=2 variant=4 sample=14 ms=3.651263952
SAMPLE shape=0 round=2 variant=4 sample=15 ms=3.709952116
SAMPLE shape=0 round=2 variant=4 sample=16 ms=3.648191929
SAMPLE shape=0 round=2 variant=4 sample=17 ms=4.047872066
SAMPLE shape=0 round=2 variant=4 sample=18 ms=3.649535894
SAMPLE shape=0 round=2 variant=4 sample=19 ms=3.652607918
SAMPLE shape=0 round=2 variant=4 sample=20 ms=3.646464109
SAMPLE shape=0 round=2 variant=4 sample=21 ms=3.995615959
SAMPLE shape=0 round=2 variant=4 sample=22 ms=3.687423944
SAMPLE shape=0 round=2 variant=4 sample=23 ms=3.642368078
SAMPLE shape=0 round=2 variant=4 sample=24 ms=3.655679941
SAMPLE shape=0 round=2 variant=4 sample=25 ms=3.649535894
SAMPLE shape=0 round=2 variant=4 sample=26 ms=3.974143982
SAMPLE shape=0 round=2 variant=4 sample=27 ms=3.678944111
SAMPLE shape=0 round=2 variant=4 sample=28 ms=3.648288012
SAMPLE shape=0 round=2 variant=4 sample=29 ms=3.648256063
SAMPLE shape=0 round=2 variant=0 sample=0 ms=7.804927826
SAMPLE shape=0 round=2 variant=0 sample=1 ms=7.370751858
SAMPLE shape=0 round=2 variant=0 sample=2 ms=7.693312168
SAMPLE shape=0 round=2 variant=0 sample=3 ms=7.349247932
SAMPLE shape=0 round=2 variant=0 sample=4 ms=7.867392063
SAMPLE shape=0 round=2 variant=0 sample=5 ms=7.348224163
SAMPLE shape=0 round=2 variant=0 sample=6 ms=7.868256092
SAMPLE shape=0 round=2 variant=0 sample=7 ms=7.346176147
SAMPLE shape=0 round=2 variant=0 sample=8 ms=7.665664196
SAMPLE shape=0 round=2 variant=0 sample=9 ms=7.351232052
SAMPLE shape=0 round=2 variant=0 sample=10 ms=8.066911697
SAMPLE shape=0 round=2 variant=0 sample=11 ms=7.348095894
SAMPLE shape=0 round=2 variant=0 sample=12 ms=7.697408199
SAMPLE shape=0 round=2 variant=0 sample=13 ms=7.347199917
SAMPLE shape=0 round=2 variant=0 sample=14 ms=7.352320194
SAMPLE shape=0 round=2 variant=0 sample=15 ms=7.872511864
SAMPLE shape=0 round=2 variant=0 sample=16 ms=7.346176147
SAMPLE shape=0 round=2 variant=0 sample=17 ms=7.778304100
SAMPLE shape=0 round=2 variant=0 sample=18 ms=7.353343964
SAMPLE shape=0 round=2 variant=0 sample=19 ms=8.080384254
SAMPLE shape=0 round=2 variant=0 sample=20 ms=7.345151901
SAMPLE shape=0 round=2 variant=0 sample=21 ms=7.861248016
SAMPLE shape=0 round=2 variant=0 sample=22 ms=7.387104034
SAMPLE shape=0 round=2 variant=0 sample=23 ms=7.774208069
SAMPLE shape=0 round=2 variant=0 sample=24 ms=7.348159790
SAMPLE shape=0 round=2 variant=0 sample=25 ms=7.793663979
SAMPLE shape=0 round=2 variant=0 sample=26 ms=7.350272179
SAMPLE shape=0 round=2 variant=0 sample=27 ms=7.350240231
SAMPLE shape=0 round=2 variant=0 sample=28 ms=7.792640209
SAMPLE shape=0 round=2 variant=0 sample=29 ms=7.352320194
SAMPLE shape=0 round=2 variant=1 sample=0 ms=5.195775986
SAMPLE shape=0 round=2 variant=1 sample=1 ms=5.186560154
SAMPLE shape=0 round=2 variant=1 sample=2 ms=5.647359848
SAMPLE shape=0 round=2 variant=1 sample=3 ms=5.194752216
SAMPLE shape=0 round=2 variant=1 sample=4 ms=5.248000145
SAMPLE shape=0 round=2 variant=1 sample=5 ms=5.572607994
SAMPLE shape=0 round=2 variant=1 sample=6 ms=5.260032177
SAMPLE shape=0 round=2 variant=1 sample=7 ms=5.206016064
SAMPLE shape=0 round=2 variant=1 sample=8 ms=5.628928185
SAMPLE shape=0 round=2 variant=1 sample=9 ms=5.189631939
SAMPLE shape=0 round=2 variant=1 sample=10 ms=5.191679955
SAMPLE shape=0 round=2 variant=1 sample=11 ms=5.651199818
SAMPLE shape=0 round=2 variant=1 sample=12 ms=5.190656185
SAMPLE shape=0 round=2 variant=1 sample=13 ms=5.193727970
SAMPLE shape=0 round=2 variant=1 sample=14 ms=5.620543957
SAMPLE shape=0 round=2 variant=1 sample=15 ms=5.193664074
SAMPLE shape=0 round=2 variant=1 sample=16 ms=5.189472198
SAMPLE shape=0 round=2 variant=1 sample=17 ms=5.715968132
SAMPLE shape=0 round=2 variant=1 sample=18 ms=5.193535805
SAMPLE shape=0 round=2 variant=1 sample=19 ms=5.197599888
SAMPLE shape=0 round=2 variant=1 sample=20 ms=5.625696182
SAMPLE shape=0 round=2 variant=1 sample=21 ms=5.192704201
SAMPLE shape=0 round=2 variant=1 sample=22 ms=5.190656185
SAMPLE shape=0 round=2 variant=1 sample=23 ms=5.703680038
SAMPLE shape=0 round=2 variant=1 sample=24 ms=5.193471909
SAMPLE shape=0 round=2 variant=1 sample=25 ms=5.188608170
SAMPLE shape=0 round=2 variant=1 sample=26 ms=5.816319942
SAMPLE shape=0 round=2 variant=1 sample=27 ms=5.195775986
SAMPLE shape=0 round=2 variant=1 sample=28 ms=5.224448204
SAMPLE shape=0 round=2 variant=1 sample=29 ms=5.533504009
SAMPLE shape=0 round=2 variant=2 sample=0 ms=5.223423958
SAMPLE shape=0 round=2 variant=2 sample=1 ms=4.716544151
SAMPLE shape=0 round=2 variant=2 sample=2 ms=4.707327843
SAMPLE shape=0 round=2 variant=2 sample=3 ms=5.127168179
SAMPLE shape=0 round=2 variant=2 sample=4 ms=4.704256058
SAMPLE shape=0 round=2 variant=2 sample=5 ms=4.720640182
SAMPLE shape=0 round=2 variant=2 sample=6 ms=4.710400105
SAMPLE shape=0 round=2 variant=2 sample=7 ms=5.416959763
SAMPLE shape=0 round=2 variant=2 sample=8 ms=4.710400105
SAMPLE shape=0 round=2 variant=2 sample=9 ms=4.715328217
SAMPLE shape=0 round=2 variant=2 sample=10 ms=5.219327927
SAMPLE shape=0 round=2 variant=2 sample=11 ms=4.716415882
SAMPLE shape=0 round=2 variant=2 sample=12 ms=4.721663952
SAMPLE shape=0 round=2 variant=2 sample=13 ms=5.113599777
SAMPLE shape=0 round=2 variant=2 sample=14 ms=4.708352089
SAMPLE shape=0 round=2 variant=2 sample=15 ms=4.713280201
SAMPLE shape=0 round=2 variant=2 sample=16 ms=4.714496136
SAMPLE shape=0 round=2 variant=2 sample=17 ms=5.135359764
SAMPLE shape=0 round=2 variant=2 sample=18 ms=4.715167999
SAMPLE shape=0 round=2 variant=2 sample=19 ms=4.713471889
SAMPLE shape=0 round=2 variant=2 sample=20 ms=5.133088112
SAMPLE shape=0 round=2 variant=2 sample=21 ms=4.709055901
SAMPLE shape=0 round=2 variant=2 sample=22 ms=4.712448120
SAMPLE shape=0 round=2 variant=2 sample=23 ms=4.706304073
SAMPLE shape=0 round=2 variant=2 sample=24 ms=5.095424175
SAMPLE shape=0 round=2 variant=2 sample=25 ms=4.714496136
SAMPLE shape=0 round=2 variant=2 sample=26 ms=4.716512203
SAMPLE shape=0 round=2 variant=2 sample=27 ms=5.118976116
SAMPLE shape=0 round=2 variant=2 sample=28 ms=4.714176178
SAMPLE shape=0 round=2 variant=2 sample=29 ms=4.708032131
SAMPLE shape=0 round=2 variant=3 sample=0 ms=3.004415989
SAMPLE shape=0 round=2 variant=3 sample=1 ms=3.006464005
SAMPLE shape=0 round=2 variant=3 sample=2 ms=3.519328117
SAMPLE shape=0 round=2 variant=3 sample=3 ms=3.013632059
SAMPLE shape=0 round=2 variant=3 sample=4 ms=3.005439997
SAMPLE shape=0 round=2 variant=3 sample=5 ms=2.997951984
SAMPLE shape=0 round=2 variant=3 sample=6 ms=3.008352041
SAMPLE shape=0 round=2 variant=3 sample=7 ms=3.431360006
SAMPLE shape=0 round=2 variant=3 sample=8 ms=3.014400005
SAMPLE shape=0 round=2 variant=3 sample=9 ms=3.009536028
SAMPLE shape=0 round=2 variant=3 sample=10 ms=2.993151903
SAMPLE shape=0 round=2 variant=3 sample=11 ms=2.999295950
SAMPLE shape=0 round=2 variant=3 sample=12 ms=3.025824070
SAMPLE shape=0 round=2 variant=3 sample=13 ms=3.489792109
SAMPLE shape=0 round=2 variant=3 sample=14 ms=2.993855953
SAMPLE shape=0 round=2 variant=3 sample=15 ms=3.008512020
SAMPLE shape=0 round=2 variant=3 sample=16 ms=2.982912064
SAMPLE shape=0 round=2 variant=3 sample=17 ms=2.984960079
SAMPLE shape=0 round=2 variant=3 sample=18 ms=3.716095924
SAMPLE shape=0 round=2 variant=3 sample=19 ms=3.010368109
SAMPLE shape=0 round=2 variant=3 sample=20 ms=3.004159927
SAMPLE shape=0 round=2 variant=3 sample=21 ms=3.004224062
SAMPLE shape=0 round=2 variant=3 sample=22 ms=3.009407997
SAMPLE shape=0 round=2 variant=3 sample=23 ms=3.441567898
SAMPLE shape=0 round=2 variant=3 sample=24 ms=2.989056110
SAMPLE shape=0 round=2 variant=3 sample=25 ms=2.999007940
SAMPLE shape=0 round=2 variant=3 sample=26 ms=2.989023924
SAMPLE shape=0 round=2 variant=3 sample=27 ms=2.993151903
SAMPLE shape=0 round=2 variant=3 sample=28 ms=3.195904016
SAMPLE shape=0 round=2 variant=3 sample=29 ms=2.988032103
SAMPLE shape=1 round=0 variant=0 sample=0 ms=6.860799789
SAMPLE shape=1 round=0 variant=0 sample=1 ms=6.821599960
SAMPLE shape=1 round=0 variant=0 sample=2 ms=7.251967907
SAMPLE shape=1 round=0 variant=0 sample=3 ms=6.814464092
SAMPLE shape=1 round=0 variant=0 sample=4 ms=7.733248234
SAMPLE shape=1 round=0 variant=0 sample=5 ms=6.820703983
SAMPLE shape=1 round=0 variant=0 sample=6 ms=7.276544094
SAMPLE shape=1 round=0 variant=0 sample=7 ms=6.820864201
SAMPLE shape=1 round=0 variant=0 sample=8 ms=6.815743923
SAMPLE shape=1 round=0 variant=0 sample=9 ms=7.272416115
SAMPLE shape=1 round=0 variant=0 sample=10 ms=6.821887970
SAMPLE shape=1 round=0 variant=0 sample=11 ms=7.326720238
SAMPLE shape=1 round=0 variant=0 sample=12 ms=6.815807819
SAMPLE shape=1 round=0 variant=0 sample=13 ms=7.331967831
SAMPLE shape=1 round=0 variant=0 sample=14 ms=6.820767879
SAMPLE shape=1 round=0 variant=0 sample=15 ms=6.822912216
SAMPLE shape=1 round=0 variant=0 sample=16 ms=7.463935852
SAMPLE shape=1 round=0 variant=0 sample=17 ms=6.821887970
SAMPLE shape=1 round=0 variant=0 sample=18 ms=7.316480160
SAMPLE shape=1 round=0 variant=0 sample=19 ms=6.821887970
SAMPLE shape=1 round=0 variant=0 sample=20 ms=7.333888054
SAMPLE shape=1 round=0 variant=0 sample=21 ms=6.817791939
SAMPLE shape=1 round=0 variant=0 sample=22 ms=6.816768169
SAMPLE shape=1 round=0 variant=0 sample=23 ms=7.157824039
SAMPLE shape=1 round=0 variant=0 sample=24 ms=6.827007771
SAMPLE shape=1 round=0 variant=0 sample=25 ms=7.309216022
SAMPLE shape=1 round=0 variant=0 sample=26 ms=6.890399933
SAMPLE shape=1 round=0 variant=0 sample=27 ms=7.273536205
SAMPLE shape=1 round=0 variant=0 sample=28 ms=6.812672138
SAMPLE shape=1 round=0 variant=0 sample=29 ms=6.820864201
SAMPLE shape=1 round=0 variant=1 sample=0 ms=5.297183990
SAMPLE shape=1 round=0 variant=1 sample=1 ms=4.771776199
SAMPLE shape=1 round=0 variant=1 sample=2 ms=4.801343918
SAMPLE shape=1 round=0 variant=1 sample=3 ms=4.791232109
SAMPLE shape=1 round=0 variant=1 sample=4 ms=5.088255882
SAMPLE shape=1 round=0 variant=1 sample=5 ms=4.771679878
SAMPLE shape=1 round=0 variant=1 sample=6 ms=4.766719818
SAMPLE shape=1 round=0 variant=1 sample=7 ms=5.100543976
SAMPLE shape=1 round=0 variant=1 sample=8 ms=4.776959896
SAMPLE shape=1 round=0 variant=1 sample=9 ms=4.776959896
SAMPLE shape=1 round=0 variant=1 sample=10 ms=5.199999809
SAMPLE shape=1 round=0 variant=1 sample=11 ms=4.773568153
SAMPLE shape=1 round=0 variant=1 sample=12 ms=4.782080173
SAMPLE shape=1 round=0 variant=1 sample=13 ms=4.771840096
SAMPLE shape=1 round=0 variant=1 sample=14 ms=5.220032215
SAMPLE shape=1 round=0 variant=1 sample=15 ms=4.775807858
SAMPLE shape=1 round=0 variant=1 sample=16 ms=4.771840096
SAMPLE shape=1 round=0 variant=1 sample=17 ms=5.118783951
SAMPLE shape=1 round=0 variant=1 sample=18 ms=4.771455765
SAMPLE shape=1 round=0 variant=1 sample=19 ms=4.767744064
SAMPLE shape=1 round=0 variant=1 sample=20 ms=5.400576115
SAMPLE shape=1 round=0 variant=1 sample=21 ms=4.777984142
SAMPLE shape=1 round=0 variant=1 sample=22 ms=4.769696236
SAMPLE shape=1 round=0 variant=1 sample=23 ms=4.771840096
SAMPLE shape=1 round=0 variant=1 sample=24 ms=5.286911964
SAMPLE shape=1 round=0 variant=1 sample=25 ms=4.771840096
SAMPLE shape=1 round=0 variant=1 sample=26 ms=4.810751915
SAMPLE shape=1 round=0 variant=1 sample=27 ms=5.214208126
SAMPLE shape=1 round=0 variant=1 sample=28 ms=4.771840096
SAMPLE shape=1 round=0 variant=1 sample=29 ms=4.776639938
SAMPLE shape=1 round=0 variant=2 sample=0 ms=3.812351942
SAMPLE shape=1 round=0 variant=2 sample=1 ms=3.805183887
SAMPLE shape=1 round=0 variant=2 sample=2 ms=4.166463852
SAMPLE shape=1 round=0 variant=2 sample=3 ms=3.810303926
SAMPLE shape=1 round=0 variant=2 sample=4 ms=3.807008028
SAMPLE shape=1 round=0 variant=2 sample=5 ms=3.810303926
SAMPLE shape=1 round=0 variant=2 sample=6 ms=4.443136215
SAMPLE shape=1 round=0 variant=2 sample=7 ms=3.803839922
SAMPLE shape=1 round=0 variant=2 sample=8 ms=3.807231903
SAMPLE shape=1 round=0 variant=2 sample=9 ms=3.811072111
SAMPLE shape=1 round=0 variant=2 sample=10 ms=4.244480133
SAMPLE shape=1 round=0 variant=2 sample=11 ms=3.807231903
SAMPLE shape=1 round=0 variant=2 sample=12 ms=3.811327934
SAMPLE shape=1 round=0 variant=2 sample=13 ms=3.806976080
SAMPLE shape=1 round=0 variant=2 sample=14 ms=4.228896141
SAMPLE shape=1 round=0 variant=2 sample=15 ms=3.802112103
SAMPLE shape=1 round=0 variant=2 sample=16 ms=3.807008028
SAMPLE shape=1 round=0 variant=2 sample=17 ms=3.809279919
SAMPLE shape=1 round=0 variant=2 sample=18 ms=4.226975918
SAMPLE shape=1 round=0 variant=2 sample=19 ms=3.804095984
SAMPLE shape=1 round=0 variant=2 sample=20 ms=3.807231903
SAMPLE shape=1 round=0 variant=2 sample=21 ms=3.811264038
SAMPLE shape=1 round=0 variant=2 sample=22 ms=3.807039976
SAMPLE shape=1 round=0 variant=2 sample=23 ms=4.410367966
SAMPLE shape=1 round=0 variant=2 sample=24 ms=3.878911972
SAMPLE shape=1 round=0 variant=2 sample=25 ms=3.815423965
SAMPLE shape=1 round=0 variant=2 sample=26 ms=3.811232090
SAMPLE shape=1 round=0 variant=2 sample=27 ms=4.262015820
SAMPLE shape=1 round=0 variant=2 sample=28 ms=3.808255911
SAMPLE shape=1 round=0 variant=2 sample=29 ms=3.806207895
SAMPLE shape=1 round=0 variant=3 sample=0 ms=3.012608051
SAMPLE shape=1 round=0 variant=3 sample=1 ms=2.701312065
SAMPLE shape=1 round=0 variant=3 sample=2 ms=2.697216034
SAMPLE shape=1 round=0 variant=3 sample=3 ms=2.693120003
SAMPLE shape=1 round=0 variant=3 sample=4 ms=2.695168018
SAMPLE shape=1 round=0 variant=3 sample=5 ms=3.018752098
SAMPLE shape=1 round=0 variant=3 sample=6 ms=2.683903933
SAMPLE shape=1 round=0 variant=3 sample=7 ms=2.695935965
SAMPLE shape=1 round=0 variant=3 sample=8 ms=2.694144011
SAMPLE shape=1 round=0 variant=3 sample=9 ms=2.698240042
SAMPLE shape=1 round=0 variant=3 sample=10 ms=2.700288057
SAMPLE shape=1 round=0 variant=3 sample=11 ms=3.026911974
SAMPLE shape=1 round=0 variant=3 sample=12 ms=2.696192026
SAMPLE shape=1 round=0 variant=3 sample=13 ms=2.695008039
SAMPLE shape=1 round=0 variant=3 sample=14 ms=2.699264050
SAMPLE shape=1 round=0 variant=3 sample=15 ms=2.696192026
SAMPLE shape=1 round=0 variant=3 sample=16 ms=2.699264050
SAMPLE shape=1 round=0 variant=3 sample=17 ms=3.127295971
SAMPLE shape=1 round=0 variant=3 sample=18 ms=2.695872068
SAMPLE shape=1 round=0 variant=3 sample=19 ms=2.698240042
SAMPLE shape=1 round=0 variant=3 sample=20 ms=2.696032047
SAMPLE shape=1 round=0 variant=3 sample=21 ms=2.696959972
SAMPLE shape=1 round=0 variant=3 sample=22 ms=2.694047928
SAMPLE shape=1 round=0 variant=3 sample=23 ms=3.214112043
SAMPLE shape=1 round=0 variant=3 sample=24 ms=2.700191975
SAMPLE shape=1 round=0 variant=3 sample=25 ms=2.699264050
SAMPLE shape=1 round=0 variant=3 sample=26 ms=2.696896076
SAMPLE shape=1 round=0 variant=3 sample=27 ms=2.695872068
SAMPLE shape=1 round=0 variant=3 sample=28 ms=2.690783978
SAMPLE shape=1 round=0 variant=3 sample=29 ms=3.127104044
SAMPLE shape=1 round=0 variant=4 sample=0 ms=2.633663893
SAMPLE shape=1 round=0 variant=4 sample=1 ms=2.628607988
SAMPLE shape=1 round=0 variant=4 sample=2 ms=2.631680012
SAMPLE shape=1 round=0 variant=4 sample=3 ms=2.627424002
SAMPLE shape=1 round=0 variant=4 sample=4 ms=2.959359884
SAMPLE shape=1 round=0 variant=4 sample=5 ms=2.633536100
SAMPLE shape=1 round=0 variant=4 sample=6 ms=2.630496025
SAMPLE shape=1 round=0 variant=4 sample=7 ms=2.630656004
SAMPLE shape=1 round=0 variant=4 sample=8 ms=2.628607988
SAMPLE shape=1 round=0 variant=4 sample=9 ms=2.625535965
SAMPLE shape=1 round=0 variant=4 sample=10 ms=2.980544090
SAMPLE shape=1 round=0 variant=4 sample=11 ms=2.631680012
SAMPLE shape=1 round=0 variant=4 sample=12 ms=2.627680063
SAMPLE shape=1 round=0 variant=4 sample=13 ms=2.635776043
SAMPLE shape=1 round=0 variant=4 sample=14 ms=2.624480009
SAMPLE shape=1 round=0 variant=4 sample=15 ms=2.627583981
SAMPLE shape=1 round=0 variant=4 sample=16 ms=3.160063982
SAMPLE shape=1 round=0 variant=4 sample=17 ms=2.628607988
SAMPLE shape=1 round=0 variant=4 sample=18 ms=2.625535965
SAMPLE shape=1 round=0 variant=4 sample=19 ms=2.623296022
SAMPLE shape=1 round=0 variant=4 sample=20 ms=2.628607988
SAMPLE shape=1 round=0 variant=4 sample=21 ms=2.624511957
SAMPLE shape=1 round=0 variant=4 sample=22 ms=2.957312107
SAMPLE shape=1 round=0 variant=4 sample=23 ms=2.627583981
SAMPLE shape=1 round=0 variant=4 sample=24 ms=2.623487949
SAMPLE shape=1 round=0 variant=4 sample=25 ms=2.632704020
SAMPLE shape=1 round=0 variant=4 sample=26 ms=2.624511957
SAMPLE shape=1 round=0 variant=4 sample=27 ms=2.630656004
SAMPLE shape=1 round=0 variant=4 sample=28 ms=2.958336115
SAMPLE shape=1 round=0 variant=4 sample=29 ms=2.633408070
SAMPLE shape=1 round=1 variant=2 sample=0 ms=3.810208082
SAMPLE shape=1 round=1 variant=2 sample=1 ms=3.814271927
SAMPLE shape=1 round=1 variant=2 sample=2 ms=3.811199903
SAMPLE shape=1 round=1 variant=2 sample=3 ms=3.969023943
SAMPLE shape=1 round=1 variant=2 sample=4 ms=4.033535957
SAMPLE shape=1 round=1 variant=2 sample=5 ms=4.034560204
SAMPLE shape=1 round=1 variant=2 sample=6 ms=3.811007977
SAMPLE shape=1 round=1 variant=2 sample=7 ms=3.805183887
SAMPLE shape=1 round=1 variant=2 sample=8 ms=4.315135956
SAMPLE shape=1 round=1 variant=2 sample=9 ms=3.808255911
SAMPLE shape=1 round=1 variant=2 sample=10 ms=3.808128119
SAMPLE shape=1 round=1 variant=2 sample=11 ms=3.806175947
SAMPLE shape=1 round=1 variant=2 sample=12 ms=4.672512054
SAMPLE shape=1 round=1 variant=2 sample=13 ms=3.809024096
SAMPLE shape=1 round=1 variant=2 sample=14 ms=3.804064035
SAMPLE shape=1 round=1 variant=2 sample=15 ms=3.824640036
SAMPLE shape=1 round=1 variant=2 sample=16 ms=4.396992207
SAMPLE shape=1 round=1 variant=2 sample=17 ms=3.803839922
SAMPLE shape=1 round=1 variant=2 sample=18 ms=3.807231903
SAMPLE shape=1 round=1 variant=2 sample=19 ms=3.807231903
SAMPLE shape=1 round=1 variant=2 sample=20 ms=4.332543850
SAMPLE shape=1 round=1 variant=2 sample=21 ms=3.811295986
SAMPLE shape=1 round=1 variant=2 sample=22 ms=3.808255911
SAMPLE shape=1 round=1 variant=2 sample=23 ms=3.811039925
SAMPLE shape=1 round=1 variant=2 sample=24 ms=4.238336086
SAMPLE shape=1 round=1 variant=2 sample=25 ms=3.804160118
SAMPLE shape=1 round=1 variant=2 sample=26 ms=3.838975906
SAMPLE shape=1 round=1 variant=2 sample=27 ms=3.826688051
SAMPLE shape=1 round=1 variant=2 sample=28 ms=4.234240055
SAMPLE shape=1 round=1 variant=2 sample=29 ms=3.811327934
SAMPLE shape=1 round=1 variant=3 sample=0 ms=2.700063944
SAMPLE shape=1 round=1 variant=3 sample=1 ms=2.695168018
SAMPLE shape=1 round=1 variant=3 sample=2 ms=2.921472073
SAMPLE shape=1 round=1 variant=3 sample=3 ms=2.695168018
SAMPLE shape=1 round=1 variant=3 sample=4 ms=2.698240042
SAMPLE shape=1 round=1 variant=3 sample=5 ms=2.712480068
SAMPLE shape=1 round=1 variant=3 sample=6 ms=2.695872068
SAMPLE shape=1 round=1 variant=3 sample=7 ms=2.878463984
SAMPLE shape=1 round=1 variant=3 sample=8 ms=2.683903933
SAMPLE shape=1 round=1 variant=3 sample=9 ms=2.695904016
SAMPLE shape=1 round=1 variant=3 sample=10 ms=2.695168018
SAMPLE shape=1 round=1 variant=3 sample=11 ms=2.694943905
SAMPLE shape=1 round=1 variant=3 sample=12 ms=2.701247931
SAMPLE shape=1 round=1 variant=3 sample=13 ms=2.896640062
SAMPLE shape=1 round=1 variant=3 sample=14 ms=2.875423908
SAMPLE shape=1 round=1 variant=3 sample=15 ms=2.717407942
SAMPLE shape=1 round=1 variant=3 sample=16 ms=2.692831993
SAMPLE shape=1 round=1 variant=3 sample=17 ms=2.695168018
SAMPLE shape=1 round=1 variant=3 sample=18 ms=2.691999912
SAMPLE shape=1 round=1 variant=3 sample=19 ms=3.350528002
SAMPLE shape=1 round=1 variant=3 sample=20 ms=2.696192026
SAMPLE shape=1 round=1 variant=3 sample=21 ms=2.700063944
SAMPLE shape=1 round=1 variant=3 sample=22 ms=2.692095995
SAMPLE shape=1 round=1 variant=3 sample=23 ms=2.720544100
SAMPLE shape=1 round=1 variant=3 sample=24 ms=2.695168018
SAMPLE shape=1 round=1 variant=3 sample=25 ms=3.135488033
SAMPLE shape=1 round=1 variant=3 sample=26 ms=2.696192026
SAMPLE shape=1 round=1 variant=3 sample=27 ms=2.694943905
SAMPLE shape=1 round=1 variant=3 sample=28 ms=2.712512016
SAMPLE shape=1 round=1 variant=3 sample=29 ms=2.700288057
SAMPLE shape=1 round=1 variant=4 sample=0 ms=2.630656004
SAMPLE shape=1 round=1 variant=4 sample=1 ms=2.632704020
SAMPLE shape=1 round=1 variant=4 sample=2 ms=2.627583981
SAMPLE shape=1 round=1 variant=4 sample=3 ms=2.630431890
SAMPLE shape=1 round=1 variant=4 sample=4 ms=2.628607988
SAMPLE shape=1 round=1 variant=4 sample=5 ms=2.831360102
SAMPLE shape=1 round=1 variant=4 sample=6 ms=2.792448044
SAMPLE shape=1 round=1 variant=4 sample=7 ms=2.625535965
SAMPLE shape=1 round=1 variant=4 sample=8 ms=2.627583981
SAMPLE shape=1 round=1 variant=4 sample=9 ms=2.631680012
SAMPLE shape=1 round=1 variant=4 sample=10 ms=2.627360106
SAMPLE shape=1 round=1 variant=4 sample=11 ms=3.009536028
SAMPLE shape=1 round=1 variant=4 sample=12 ms=2.616319895
SAMPLE shape=1 round=1 variant=4 sample=13 ms=2.624511957
SAMPLE shape=1 round=1 variant=4 sample=14 ms=2.634752035
SAMPLE shape=1 round=1 variant=4 sample=15 ms=2.661375999
SAMPLE shape=1 round=1 variant=4 sample=16 ms=2.633728027
SAMPLE shape=1 round=1 variant=4 sample=17 ms=2.970688105
SAMPLE shape=1 round=1 variant=4 sample=18 ms=2.619391918
SAMPLE shape=1 round=1 variant=4 sample=19 ms=2.630496025
SAMPLE shape=1 round=1 variant=4 sample=20 ms=2.632704020
SAMPLE shape=1 round=1 variant=4 sample=21 ms=2.660351992
SAMPLE shape=1 round=1 variant=4 sample=22 ms=2.626559973
SAMPLE shape=1 round=1 variant=4 sample=23 ms=2.836416006
SAMPLE shape=1 round=1 variant=4 sample=24 ms=2.882560015
SAMPLE shape=1 round=1 variant=4 sample=25 ms=2.633663893
SAMPLE shape=1 round=1 variant=4 sample=26 ms=2.627583981
SAMPLE shape=1 round=1 variant=4 sample=27 ms=2.633696079
SAMPLE shape=1 round=1 variant=4 sample=28 ms=2.628448009
SAMPLE shape=1 round=1 variant=4 sample=29 ms=3.044352055
SAMPLE shape=1 round=1 variant=0 sample=0 ms=6.822912216
SAMPLE shape=1 round=1 variant=0 sample=1 ms=7.233568192
SAMPLE shape=1 round=1 variant=0 sample=2 ms=6.813407898
SAMPLE shape=1 round=1 variant=0 sample=3 ms=7.539584160
SAMPLE shape=1 round=1 variant=0 sample=4 ms=6.859519958
SAMPLE shape=1 round=1 variant=0 sample=5 ms=7.228384018
SAMPLE shape=1 round=1 variant=0 sample=6 ms=6.816768169
SAMPLE shape=1 round=1 variant=0 sample=7 ms=6.816768169
SAMPLE shape=1 round=1 variant=0 sample=8 ms=7.411712170
SAMPLE shape=1 round=1 variant=0 sample=9 ms=6.816480160
SAMPLE shape=1 round=1 variant=0 sample=10 ms=7.411712170
SAMPLE shape=1 round=1 variant=0 sample=11 ms=6.818816185
SAMPLE shape=1 round=1 variant=0 sample=12 ms=7.455743790
SAMPLE shape=1 round=1 variant=0 sample=13 ms=6.818816185
SAMPLE shape=1 round=1 variant=0 sample=14 ms=6.836095810
SAMPLE shape=1 round=1 variant=0 sample=15 ms=7.289855957
SAMPLE shape=1 round=1 variant=0 sample=16 ms=6.817791939
SAMPLE shape=1 round=1 variant=0 sample=17 ms=7.247871876
SAMPLE shape=1 round=1 variant=0 sample=18 ms=6.818816185
SAMPLE shape=1 round=1 variant=0 sample=19 ms=7.359488010
SAMPLE shape=1 round=1 variant=0 sample=20 ms=6.829055786
SAMPLE shape=1 round=1 variant=0 sample=21 ms=6.818816185
SAMPLE shape=1 round=1 variant=0 sample=22 ms=7.157760143
SAMPLE shape=1 round=1 variant=0 sample=23 ms=6.822559834
SAMPLE shape=1 round=1 variant=0 sample=24 ms=7.380991936
SAMPLE shape=1 round=1 variant=0 sample=25 ms=6.821887970
SAMPLE shape=1 round=1 variant=0 sample=26 ms=7.183360100
SAMPLE shape=1 round=1 variant=0 sample=27 ms=6.821695805
SAMPLE shape=1 round=1 variant=0 sample=28 ms=7.000063896
SAMPLE shape=1 round=1 variant=0 sample=29 ms=7.055359840
SAMPLE shape=1 round=1 variant=1 sample=0 ms=4.777760029
SAMPLE shape=1 round=1 variant=1 sample=1 ms=4.776959896
SAMPLE shape=1 round=1 variant=1 sample=2 ms=5.434207916
SAMPLE shape=1 round=1 variant=1 sample=3 ms=4.780032158
SAMPLE shape=1 round=1 variant=1 sample=4 ms=4.780032158
SAMPLE shape=1 round=1 variant=1 sample=5 ms=5.427103996
SAMPLE shape=1 round=1 variant=1 sample=6 ms=4.776959896
SAMPLE shape=1 round=1 variant=1 sample=7 ms=4.777984142
SAMPLE shape=1 round=1 variant=1 sample=8 ms=5.274623871
SAMPLE shape=1 round=1 variant=1 sample=9 ms=4.772863865
SAMPLE shape=1 round=1 variant=1 sample=10 ms=4.777984142
SAMPLE shape=1 round=1 variant=1 sample=11 ms=4.786176205
SAMPLE shape=1 round=1 variant=1 sample=12 ms=5.185535908
SAMPLE shape=1 round=1 variant=1 sample=13 ms=4.772863865
SAMPLE shape=1 round=1 variant=1 sample=14 ms=4.767744064
SAMPLE shape=1 round=1 variant=1 sample=15 ms=5.186367989
SAMPLE shape=1 round=1 variant=1 sample=16 ms=4.772863865
SAMPLE shape=1 round=1 variant=1 sample=17 ms=4.769792080
SAMPLE shape=1 round=1 variant=1 sample=18 ms=5.187583923
SAMPLE shape=1 round=1 variant=1 sample=19 ms=4.777855873
SAMPLE shape=1 round=1 variant=1 sample=20 ms=4.770815849
SAMPLE shape=1 round=1 variant=1 sample=21 ms=4.773888111
SAMPLE shape=1 round=1 variant=1 sample=22 ms=5.310463905
SAMPLE shape=1 round=1 variant=1 sample=23 ms=4.777760029
SAMPLE shape=1 round=1 variant=1 sample=24 ms=4.775936127
SAMPLE shape=1 round=1 variant=1 sample=25 ms=5.412864208
SAMPLE shape=1 round=1 variant=1 sample=26 ms=4.772863865
SAMPLE shape=1 round=1 variant=1 sample=27 ms=4.778944016
SAMPLE shape=1 round=1 variant=1 sample=28 ms=5.390336037
SAMPLE shape=1 round=1 variant=1 sample=29 ms=4.772863865
SAMPLE shape=1 round=2 variant=4 sample=0 ms=2.633728027
SAMPLE shape=1 round=2 variant=4 sample=1 ms=2.830336094
SAMPLE shape=1 round=2 variant=4 sample=2 ms=2.911231995
SAMPLE shape=1 round=2 variant=4 sample=3 ms=2.658240080
SAMPLE shape=1 round=2 variant=4 sample=4 ms=2.638688087
SAMPLE shape=1 round=2 variant=4 sample=5 ms=2.634752035
SAMPLE shape=1 round=2 variant=4 sample=6 ms=2.630656004
SAMPLE shape=1 round=2 variant=4 sample=7 ms=2.626559973
SAMPLE shape=1 round=2 variant=4 sample=8 ms=2.995199919
SAMPLE shape=1 round=2 variant=4 sample=9 ms=2.629568100
SAMPLE shape=1 round=2 variant=4 sample=10 ms=2.631680012
SAMPLE shape=1 round=2 variant=4 sample=11 ms=2.649087906
SAMPLE shape=1 round=2 variant=4 sample=12 ms=2.667520046
SAMPLE shape=1 round=2 variant=4 sample=13 ms=2.636800051
SAMPLE shape=1 round=2 variant=4 sample=14 ms=2.934783936
SAMPLE shape=1 round=2 variant=4 sample=15 ms=2.636447906
SAMPLE shape=1 round=2 variant=4 sample=16 ms=2.633728027
SAMPLE shape=1 round=2 variant=4 sample=17 ms=2.635648012
SAMPLE shape=1 round=2 variant=4 sample=18 ms=2.630559921
SAMPLE shape=1 round=2 variant=4 sample=19 ms=2.629631996
SAMPLE shape=1 round=2 variant=4 sample=20 ms=3.188704014
SAMPLE shape=1 round=2 variant=4 sample=21 ms=2.633728027
SAMPLE shape=1 round=2 variant=4 sample=22 ms=2.627583981
SAMPLE shape=1 round=2 variant=4 sample=23 ms=2.627583981
SAMPLE shape=1 round=2 variant=4 sample=24 ms=2.631392002
SAMPLE shape=1 round=2 variant=4 sample=25 ms=2.628607988
SAMPLE shape=1 round=2 variant=4 sample=26 ms=2.854912043
SAMPLE shape=1 round=2 variant=4 sample=27 ms=2.673664093
SAMPLE shape=1 round=2 variant=4 sample=28 ms=2.680639982
SAMPLE shape=1 round=2 variant=4 sample=29 ms=2.658272028
SAMPLE shape=1 round=2 variant=0 sample=0 ms=6.948863983
SAMPLE shape=1 round=2 variant=0 sample=1 ms=6.886400223
SAMPLE shape=1 round=2 variant=0 sample=2 ms=7.277567863
SAMPLE shape=1 round=2 variant=0 sample=3 ms=6.835231781
SAMPLE shape=1 round=2 variant=0 sample=4 ms=7.316480160
SAMPLE shape=1 round=2 variant=0 sample=5 ms=6.894368172
SAMPLE shape=1 round=2 variant=0 sample=6 ms=7.134208202
SAMPLE shape=1 round=2 variant=0 sample=7 ms=7.419744015
SAMPLE shape=1 round=2 variant=0 sample=8 ms=6.818816185
SAMPLE shape=1 round=2 variant=0 sample=9 ms=7.522367954
SAMPLE shape=1 round=2 variant=0 sample=10 ms=6.831903934
SAMPLE shape=1 round=2 variant=0 sample=11 ms=7.405568123
SAMPLE shape=1 round=2 variant=0 sample=12 ms=6.817791939
SAMPLE shape=1 round=2 variant=0 sample=13 ms=7.533567905
SAMPLE shape=1 round=2 variant=0 sample=14 ms=6.822912216
SAMPLE shape=1 round=2 variant=0 sample=15 ms=7.368351936
SAMPLE shape=1 round=2 variant=0 sample=16 ms=6.818816185
SAMPLE shape=1 round=2 variant=0 sample=17 ms=6.815775871
SAMPLE shape=1 round=2 variant=0 sample=18 ms=7.597216129
SAMPLE shape=1 round=2 variant=0 sample=19 ms=6.818655968
SAMPLE shape=1 round=2 variant=0 sample=20 ms=7.397024155
SAMPLE shape=1 round=2 variant=0 sample=21 ms=6.863872051
SAMPLE shape=1 round=2 variant=0 sample=22 ms=7.164703846
SAMPLE shape=1 round=2 variant=0 sample=23 ms=6.817503929
SAMPLE shape=1 round=2 variant=0 sample=24 ms=6.822656155
SAMPLE shape=1 round=2 variant=0 sample=25 ms=7.347199917
SAMPLE shape=1 round=2 variant=0 sample=26 ms=6.821568012
SAMPLE shape=1 round=2 variant=0 sample=27 ms=7.256224155
SAMPLE shape=1 round=2 variant=0 sample=28 ms=6.823935986
SAMPLE shape=1 round=2 variant=0 sample=29 ms=7.333920002
SAMPLE shape=1 round=2 variant=1 sample=0 ms=5.324800014
SAMPLE shape=1 round=2 variant=1 sample=1 ms=4.772863865
SAMPLE shape=1 round=2 variant=1 sample=2 ms=4.772863865
SAMPLE shape=1 round=2 variant=1 sample=3 ms=5.393536091
SAMPLE shape=1 round=2 variant=1 sample=4 ms=4.839424133
SAMPLE shape=1 round=2 variant=1 sample=5 ms=4.785151958
SAMPLE shape=1 round=2 variant=1 sample=6 ms=5.238783836
SAMPLE shape=1 round=2 variant=1 sample=7 ms=4.785151958
SAMPLE shape=1 round=2 variant=1 sample=8 ms=4.775936127
SAMPLE shape=1 round=2 variant=1 sample=9 ms=4.771840096
SAMPLE shape=1 round=2 variant=1 sample=10 ms=5.246975899
SAMPLE shape=1 round=2 variant=1 sample=11 ms=4.775936127
SAMPLE shape=1 round=2 variant=1 sample=12 ms=4.793248177
SAMPLE shape=1 round=2 variant=1 sample=13 ms=5.220352173
SAMPLE shape=1 round=2 variant=1 sample=14 ms=4.776959896
SAMPLE shape=1 round=2 variant=1 sample=15 ms=4.775936127
SAMPLE shape=1 round=2 variant=1 sample=16 ms=5.202047825
SAMPLE shape=1 round=2 variant=1 sample=17 ms=4.773888111
SAMPLE shape=1 round=2 variant=1 sample=18 ms=4.776959896
SAMPLE shape=1 round=2 variant=1 sample=19 ms=4.976640224
SAMPLE shape=1 round=2 variant=1 sample=20 ms=4.934656143
SAMPLE shape=1 round=2 variant=1 sample=21 ms=4.776959896
SAMPLE shape=1 round=2 variant=1 sample=22 ms=4.771647930
SAMPLE shape=1 round=2 variant=1 sample=23 ms=5.078015804
SAMPLE shape=1 round=2 variant=1 sample=24 ms=4.772607803
SAMPLE shape=1 round=2 variant=1 sample=25 ms=4.772831917
SAMPLE shape=1 round=2 variant=1 sample=26 ms=5.365759850
SAMPLE shape=1 round=2 variant=1 sample=27 ms=4.777984142
SAMPLE shape=1 round=2 variant=1 sample=28 ms=4.812640190
SAMPLE shape=1 round=2 variant=1 sample=29 ms=4.963327885
SAMPLE shape=1 round=2 variant=2 sample=0 ms=3.813375950
SAMPLE shape=1 round=2 variant=2 sample=1 ms=4.145152092
SAMPLE shape=1 round=2 variant=2 sample=2 ms=3.805183887
SAMPLE shape=1 round=2 variant=2 sample=3 ms=3.818495989
SAMPLE shape=1 round=2 variant=2 sample=4 ms=3.808255911
SAMPLE shape=1 round=2 variant=2 sample=5 ms=4.256671906
SAMPLE shape=1 round=2 variant=2 sample=6 ms=3.808255911
SAMPLE shape=1 round=2 variant=2 sample=7 ms=3.816447973
SAMPLE shape=1 round=2 variant=2 sample=8 ms=3.811327934
SAMPLE shape=1 round=2 variant=2 sample=9 ms=4.518911839
SAMPLE shape=1 round=2 variant=2 sample=10 ms=3.812319994
SAMPLE shape=1 round=2 variant=2 sample=11 ms=3.811327934
SAMPLE shape=1 round=2 variant=2 sample=12 ms=3.866624117
SAMPLE shape=1 round=2 variant=2 sample=13 ms=4.272128105
SAMPLE shape=1 round=2 variant=2 sample=14 ms=3.811039925
SAMPLE shape=1 round=2 variant=2 sample=15 ms=3.813344002
SAMPLE shape=1 round=2 variant=2 sample=16 ms=3.808255911
SAMPLE shape=1 round=2 variant=2 sample=17 ms=4.225952148
SAMPLE shape=1 round=2 variant=2 sample=18 ms=3.810303926
SAMPLE shape=1 round=2 variant=2 sample=19 ms=3.812351942
SAMPLE shape=1 round=2 variant=2 sample=20 ms=3.804160118
SAMPLE shape=1 round=2 variant=2 sample=21 ms=4.233215809
SAMPLE shape=1 round=2 variant=2 sample=22 ms=3.802112103
SAMPLE shape=1 round=2 variant=2 sample=23 ms=3.810048103
SAMPLE shape=1 round=2 variant=2 sample=24 ms=3.807231903
SAMPLE shape=1 round=2 variant=2 sample=25 ms=3.977216005
SAMPLE shape=1 round=2 variant=2 sample=26 ms=3.977216005
SAMPLE shape=1 round=2 variant=2 sample=27 ms=3.806207895
SAMPLE shape=1 round=2 variant=2 sample=28 ms=3.832672119
SAMPLE shape=1 round=2 variant=2 sample=29 ms=3.803040028
SAMPLE shape=1 round=2 variant=3 sample=0 ms=2.695168018
SAMPLE shape=1 round=2 variant=3 sample=1 ms=2.701951981
SAMPLE shape=1 round=2 variant=3 sample=2 ms=2.695168018
SAMPLE shape=1 round=2 variant=3 sample=3 ms=2.696095943
SAMPLE shape=1 round=2 variant=3 sample=4 ms=3.098623991
SAMPLE shape=1 round=2 variant=3 sample=5 ms=2.700288057
SAMPLE shape=1 round=2 variant=3 sample=6 ms=2.699264050
SAMPLE shape=1 round=2 variant=3 sample=7 ms=2.696192026
SAMPLE shape=1 round=2 variant=3 sample=8 ms=2.693120003
SAMPLE shape=1 round=2 variant=3 sample=9 ms=2.885407925
SAMPLE shape=1 round=2 variant=3 sample=10 ms=2.681855917
SAMPLE shape=1 round=2 variant=3 sample=11 ms=2.693120003
SAMPLE shape=1 round=2 variant=3 sample=12 ms=2.699264050
SAMPLE shape=1 round=2 variant=3 sample=13 ms=2.695168018
SAMPLE shape=1 round=2 variant=3 sample=14 ms=2.697920084
SAMPLE shape=1 round=2 variant=3 sample=15 ms=3.135488033
SAMPLE shape=1 round=2 variant=3 sample=16 ms=2.699199915
SAMPLE shape=1 round=2 variant=3 sample=17 ms=2.695168018
SAMPLE shape=1 round=2 variant=3 sample=18 ms=2.698240042
SAMPLE shape=1 round=2 variant=3 sample=19 ms=2.697216034
SAMPLE shape=1 round=2 variant=3 sample=20 ms=2.695839882
SAMPLE shape=1 round=2 variant=3 sample=21 ms=3.126944065
SAMPLE shape=1 round=2 variant=3 sample=22 ms=2.701312065
SAMPLE shape=1 round=2 variant=3 sample=23 ms=2.698240042
SAMPLE shape=1 round=2 variant=3 sample=24 ms=2.695008039
SAMPLE shape=1 round=2 variant=3 sample=25 ms=2.697216034
SAMPLE shape=1 round=2 variant=3 sample=26 ms=2.694144011
SAMPLE shape=1 round=2 variant=3 sample=27 ms=3.181504011
SAMPLE shape=1 round=2 variant=3 sample=28 ms=2.695904016
SAMPLE shape=1 round=2 variant=3 sample=29 ms=2.694144011
SAMPLE shape=2 round=0 variant=0 sample=0 ms=6.886047840
SAMPLE shape=2 round=0 variant=0 sample=1 ms=7.257088184
SAMPLE shape=2 round=0 variant=0 sample=2 ms=7.323711872
SAMPLE shape=2 round=0 variant=0 sample=3 ms=6.880256176
SAMPLE shape=2 round=0 variant=0 sample=4 ms=7.339007854
SAMPLE shape=2 round=0 variant=0 sample=5 ms=6.880064011
SAMPLE shape=2 round=0 variant=0 sample=6 ms=7.307263851
SAMPLE shape=2 round=0 variant=0 sample=7 ms=6.879231930
SAMPLE shape=2 round=0 variant=0 sample=8 ms=6.878208160
SAMPLE shape=2 round=0 variant=0 sample=9 ms=7.516160011
SAMPLE shape=2 round=0 variant=0 sample=10 ms=6.875135899
SAMPLE shape=2 round=0 variant=0 sample=11 ms=7.310272217
SAMPLE shape=2 round=0 variant=0 sample=12 ms=6.878208160
SAMPLE shape=2 round=0 variant=0 sample=13 ms=7.315455914
SAMPLE shape=2 round=0 variant=0 sample=14 ms=6.879968166
SAMPLE shape=2 round=0 variant=0 sample=15 ms=7.069695950
SAMPLE shape=2 round=0 variant=0 sample=16 ms=6.872064114
SAMPLE shape=2 round=0 variant=0 sample=17 ms=6.883071899
SAMPLE shape=2 round=0 variant=0 sample=18 ms=7.300096035
SAMPLE shape=2 round=0 variant=0 sample=19 ms=6.884352207
SAMPLE shape=2 round=0 variant=0 sample=20 ms=7.542560101
SAMPLE shape=2 round=0 variant=0 sample=21 ms=6.879231930
SAMPLE shape=2 round=0 variant=0 sample=22 ms=6.879231930
SAMPLE shape=2 round=0 variant=0 sample=23 ms=7.273471832
SAMPLE shape=2 round=0 variant=0 sample=24 ms=6.887423992
SAMPLE shape=2 round=0 variant=0 sample=25 ms=7.382847786
SAMPLE shape=2 round=0 variant=0 sample=26 ms=6.880256176
SAMPLE shape=2 round=0 variant=0 sample=27 ms=7.364511967
SAMPLE shape=2 round=0 variant=0 sample=28 ms=6.888448238
SAMPLE shape=2 round=0 variant=0 sample=29 ms=7.305215836
SAMPLE shape=2 round=0 variant=1 sample=0 ms=5.078688145
SAMPLE shape=2 round=0 variant=1 sample=1 ms=4.868991852
SAMPLE shape=2 round=0 variant=1 sample=2 ms=4.872928143
SAMPLE shape=2 round=0 variant=1 sample=3 ms=5.253119946
SAMPLE shape=2 round=0 variant=1 sample=4 ms=4.863999844
SAMPLE shape=2 round=0 variant=1 sample=5 ms=4.868959904
SAMPLE shape=2 round=0 variant=1 sample=6 ms=5.282815933
SAMPLE shape=2 round=0 variant=1 sample=7 ms=4.865024090
SAMPLE shape=2 round=0 variant=1 sample=8 ms=4.893695831
SAMPLE shape=2 round=0 variant=1 sample=9 ms=5.358592033
SAMPLE shape=2 round=0 variant=1 sample=10 ms=4.872096062
SAMPLE shape=2 round=0 variant=1 sample=11 ms=4.865024090
SAMPLE shape=2 round=0 variant=1 sample=12 ms=5.340928078
SAMPLE shape=2 round=0 variant=1 sample=13 ms=4.871168137
SAMPLE shape=2 round=0 variant=1 sample=14 ms=4.868095875
SAMPLE shape=2 round=0 variant=1 sample=15 ms=4.868000031
SAMPLE shape=2 round=0 variant=1 sample=16 ms=5.563231945
SAMPLE shape=2 round=0 variant=1 sample=17 ms=4.870143890
SAMPLE shape=2 round=0 variant=1 sample=18 ms=4.863999844
SAMPLE shape=2 round=0 variant=1 sample=19 ms=5.440512180
SAMPLE shape=2 round=0 variant=1 sample=20 ms=4.871168137
SAMPLE shape=2 round=0 variant=1 sample=21 ms=4.913023949
SAMPLE shape=2 round=0 variant=1 sample=22 ms=5.363711834
SAMPLE shape=2 round=0 variant=1 sample=23 ms=4.865024090
SAMPLE shape=2 round=0 variant=1 sample=24 ms=4.866015911
SAMPLE shape=2 round=0 variant=1 sample=25 ms=5.298175812
SAMPLE shape=2 round=0 variant=1 sample=26 ms=4.873216152
SAMPLE shape=2 round=0 variant=1 sample=27 ms=4.869120121
SAMPLE shape=2 round=0 variant=1 sample=28 ms=4.868095875
SAMPLE shape=2 round=0 variant=1 sample=29 ms=5.285888195
SAMPLE shape=2 round=0 variant=2 sample=0 ms=0.479232013
SAMPLE shape=2 round=0 variant=2 sample=1 ms=0.476159990
SAMPLE shape=2 round=0 variant=2 sample=2 ms=0.471040010
SAMPLE shape=2 round=0 variant=2 sample=3 ms=0.476159990
SAMPLE shape=2 round=0 variant=2 sample=4 ms=0.669695973
SAMPLE shape=2 round=0 variant=2 sample=5 ms=0.690335989
SAMPLE shape=2 round=0 variant=2 sample=6 ms=0.471040010
SAMPLE shape=2 round=0 variant=2 sample=7 ms=0.472063988
SAMPLE shape=2 round=0 variant=2 sample=8 ms=0.472063988
SAMPLE shape=2 round=0 variant=2 sample=9 ms=0.475968003
SAMPLE shape=2 round=0 variant=2 sample=10 ms=0.468991995
SAMPLE shape=2 round=0 variant=2 sample=11 ms=0.476159990
SAMPLE shape=2 round=0 variant=2 sample=12 ms=0.475136012
SAMPLE shape=2 round=0 variant=2 sample=13 ms=0.478208005
SAMPLE shape=2 round=0 variant=2 sample=14 ms=0.475136012
SAMPLE shape=2 round=0 variant=2 sample=15 ms=0.473791987
SAMPLE shape=2 round=0 variant=2 sample=16 ms=0.481279999
SAMPLE shape=2 round=0 variant=2 sample=17 ms=0.468991995
SAMPLE shape=2 round=0 variant=2 sample=18 ms=0.480031997
SAMPLE shape=2 round=0 variant=2 sample=19 ms=0.477183998
SAMPLE shape=2 round=0 variant=2 sample=20 ms=0.473087996
SAMPLE shape=2 round=0 variant=2 sample=21 ms=0.479135990
SAMPLE shape=2 round=0 variant=2 sample=22 ms=0.477183998
SAMPLE shape=2 round=0 variant=2 sample=23 ms=0.477183998
SAMPLE shape=2 round=0 variant=2 sample=24 ms=0.472736001
SAMPLE shape=2 round=0 variant=2 sample=25 ms=0.470784009
SAMPLE shape=2 round=0 variant=2 sample=26 ms=0.501760006
SAMPLE shape=2 round=0 variant=2 sample=27 ms=0.479232013
SAMPLE shape=2 round=0 variant=2 sample=28 ms=0.468991995
SAMPLE shape=2 round=0 variant=2 sample=29 ms=0.469888002
SAMPLE shape=2 round=0 variant=3 sample=0 ms=2.779135942
SAMPLE shape=2 round=0 variant=3 sample=1 ms=2.771967888
SAMPLE shape=2 round=0 variant=3 sample=2 ms=2.787328005
SAMPLE shape=2 round=0 variant=3 sample=3 ms=2.772831917
SAMPLE shape=2 round=0 variant=3 sample=4 ms=3.202048063
SAMPLE shape=2 round=0 variant=3 sample=5 ms=2.772991896
SAMPLE shape=2 round=0 variant=3 sample=6 ms=2.776000023
SAMPLE shape=2 round=0 variant=3 sample=7 ms=2.773663998
SAMPLE shape=2 round=0 variant=3 sample=8 ms=2.787328005
SAMPLE shape=2 round=0 variant=3 sample=9 ms=2.771903992
SAMPLE shape=2 round=0 variant=3 sample=10 ms=2.998271942
SAMPLE shape=2 round=0 variant=3 sample=11 ms=2.772799969
SAMPLE shape=2 round=0 variant=3 sample=12 ms=2.774879932
SAMPLE shape=2 round=0 variant=3 sample=13 ms=2.775039911
SAMPLE shape=2 round=0 variant=3 sample=14 ms=2.776063919
SAMPLE shape=2 round=0 variant=3 sample=15 ms=3.194880009
SAMPLE shape=2 round=0 variant=3 sample=16 ms=2.764800072
SAMPLE shape=2 round=0 variant=3 sample=17 ms=2.774015903
SAMPLE shape=2 round=0 variant=3 sample=18 ms=2.775039911
SAMPLE shape=2 round=0 variant=3 sample=19 ms=2.770656109
SAMPLE shape=2 round=0 variant=3 sample=20 ms=2.774015903
SAMPLE shape=2 round=0 variant=3 sample=21 ms=3.204992056
SAMPLE shape=2 round=0 variant=3 sample=22 ms=2.773792028
SAMPLE shape=2 round=0 variant=3 sample=23 ms=2.776063919
SAMPLE shape=2 round=0 variant=3 sample=24 ms=2.768896103
SAMPLE shape=2 round=0 variant=3 sample=25 ms=2.771967888
SAMPLE shape=2 round=0 variant=3 sample=26 ms=2.771935940
SAMPLE shape=2 round=0 variant=3 sample=27 ms=3.326688051
SAMPLE shape=2 round=0 variant=3 sample=28 ms=2.784255981
SAMPLE shape=2 round=0 variant=3 sample=29 ms=2.771967888
SAMPLE shape=2 round=0 variant=4 sample=0 ms=0.402431995
SAMPLE shape=2 round=0 variant=4 sample=1 ms=0.400384009
SAMPLE shape=2 round=0 variant=4 sample=2 ms=0.418496013
SAMPLE shape=2 round=0 variant=4 sample=3 ms=0.409599990
SAMPLE shape=2 round=0 variant=4 sample=4 ms=0.412544012
SAMPLE shape=2 round=0 variant=4 sample=5 ms=0.413536012
SAMPLE shape=2 round=0 variant=4 sample=6 ms=0.417439997
SAMPLE shape=2 round=0 variant=4 sample=7 ms=0.414719999
SAMPLE shape=2 round=0 variant=4 sample=8 ms=0.418816000
SAMPLE shape=2 round=0 variant=4 sample=9 ms=0.415392011
SAMPLE shape=2 round=0 variant=4 sample=10 ms=0.417760015
SAMPLE shape=2 round=0 variant=4 sample=11 ms=0.415520012
SAMPLE shape=2 round=0 variant=4 sample=12 ms=0.411648005
SAMPLE shape=2 round=0 variant=4 sample=13 ms=0.409599990
SAMPLE shape=2 round=0 variant=4 sample=14 ms=0.417791992
SAMPLE shape=2 round=0 variant=4 sample=15 ms=0.412575990
SAMPLE shape=2 round=0 variant=4 sample=16 ms=0.412416011
SAMPLE shape=2 round=0 variant=4 sample=17 ms=0.408576012
SAMPLE shape=2 round=0 variant=4 sample=18 ms=0.417791992
SAMPLE shape=2 round=0 variant=4 sample=19 ms=0.412672013
SAMPLE shape=2 round=0 variant=4 sample=20 ms=0.411648005
SAMPLE shape=2 round=0 variant=4 sample=21 ms=0.414719999
SAMPLE shape=2 round=0 variant=4 sample=22 ms=0.413471997
SAMPLE shape=2 round=0 variant=4 sample=23 ms=0.411648005
SAMPLE shape=2 round=0 variant=4 sample=24 ms=0.409503996
SAMPLE shape=2 round=0 variant=4 sample=25 ms=0.409599990
SAMPLE shape=2 round=0 variant=4 sample=26 ms=0.413695991
SAMPLE shape=2 round=0 variant=4 sample=27 ms=0.411648005
SAMPLE shape=2 round=0 variant=4 sample=28 ms=0.415455997
SAMPLE shape=2 round=0 variant=4 sample=29 ms=0.414719999
SAMPLE shape=2 round=1 variant=2 sample=0 ms=0.479200006
SAMPLE shape=2 round=1 variant=2 sample=1 ms=0.470687985
SAMPLE shape=2 round=1 variant=2 sample=2 ms=0.478208005
SAMPLE shape=2 round=1 variant=2 sample=3 ms=0.473087996
SAMPLE shape=2 round=1 variant=2 sample=4 ms=0.472063988
SAMPLE shape=2 round=1 variant=2 sample=5 ms=0.472864002
SAMPLE shape=2 round=1 variant=2 sample=6 ms=0.476159990
SAMPLE shape=2 round=1 variant=2 sample=7 ms=0.481279999
SAMPLE shape=2 round=1 variant=2 sample=8 ms=0.476864010
SAMPLE shape=2 round=1 variant=2 sample=9 ms=0.479232013
SAMPLE shape=2 round=1 variant=2 sample=10 ms=0.478208005
SAMPLE shape=2 round=1 variant=2 sample=11 ms=0.476159990
SAMPLE shape=2 round=1 variant=2 sample=12 ms=0.476159990
SAMPLE shape=2 round=1 variant=2 sample=13 ms=0.471040010
SAMPLE shape=2 round=1 variant=2 sample=14 ms=0.477183998
SAMPLE shape=2 round=1 variant=2 sample=15 ms=0.475136012
SAMPLE shape=2 round=1 variant=2 sample=16 ms=0.776192009
SAMPLE shape=2 round=1 variant=2 sample=17 ms=0.476159990
SAMPLE shape=2 round=1 variant=2 sample=18 ms=0.473087996
SAMPLE shape=2 round=1 variant=2 sample=19 ms=0.472063988
SAMPLE shape=2 round=1 variant=2 sample=20 ms=0.468672007
SAMPLE shape=2 round=1 variant=2 sample=21 ms=0.477023989
SAMPLE shape=2 round=1 variant=2 sample=22 ms=0.471744001
SAMPLE shape=2 round=1 variant=2 sample=23 ms=0.476159990
SAMPLE shape=2 round=1 variant=2 sample=24 ms=0.472063988
SAMPLE shape=2 round=1 variant=2 sample=25 ms=0.481216013
SAMPLE shape=2 round=1 variant=2 sample=26 ms=0.476159990
SAMPLE shape=2 round=1 variant=2 sample=27 ms=0.478208005
SAMPLE shape=2 round=1 variant=2 sample=28 ms=0.478208005
SAMPLE shape=2 round=1 variant=2 sample=29 ms=0.477183998
SAMPLE shape=2 round=1 variant=3 sample=0 ms=3.192831993
SAMPLE shape=2 round=1 variant=3 sample=1 ms=2.771615982
SAMPLE shape=2 round=1 variant=3 sample=2 ms=2.776799917
SAMPLE shape=2 round=1 variant=3 sample=3 ms=2.777087927
SAMPLE shape=2 round=1 variant=3 sample=4 ms=2.768896103
SAMPLE shape=2 round=1 variant=3 sample=5 ms=2.777087927
SAMPLE shape=2 round=1 variant=3 sample=6 ms=3.094527960
SAMPLE shape=2 round=1 variant=3 sample=7 ms=2.773823977
SAMPLE shape=2 round=1 variant=3 sample=8 ms=2.771775961
SAMPLE shape=2 round=1 variant=3 sample=9 ms=3.055615902
SAMPLE shape=2 round=1 variant=3 sample=10 ms=2.818048000
SAMPLE shape=2 round=1 variant=3 sample=11 ms=2.774816036
SAMPLE shape=2 round=1 variant=3 sample=12 ms=3.185568094
SAMPLE shape=2 round=1 variant=3 sample=13 ms=2.772991896
SAMPLE shape=2 round=1 variant=3 sample=14 ms=2.798592091
SAMPLE shape=2 round=1 variant=3 sample=15 ms=2.774015903
SAMPLE shape=2 round=1 variant=3 sample=16 ms=2.771967888
SAMPLE shape=2 round=1 variant=3 sample=17 ms=2.969408035
SAMPLE shape=2 round=1 variant=3 sample=18 ms=2.760704041
SAMPLE shape=2 round=1 variant=3 sample=19 ms=2.778111935
SAMPLE shape=2 round=1 variant=3 sample=20 ms=2.777087927
SAMPLE shape=2 round=1 variant=3 sample=21 ms=2.775039911
SAMPLE shape=2 round=1 variant=3 sample=22 ms=2.774816036
SAMPLE shape=2 round=1 variant=3 sample=23 ms=3.192928076
SAMPLE shape=2 round=1 variant=3 sample=24 ms=2.779135942
SAMPLE shape=2 round=1 variant=3 sample=25 ms=2.775039911
SAMPLE shape=2 round=1 variant=3 sample=26 ms=2.769920111
SAMPLE shape=2 round=1 variant=3 sample=27 ms=2.772991896
SAMPLE shape=2 round=1 variant=3 sample=28 ms=2.772927999
SAMPLE shape=2 round=1 variant=3 sample=29 ms=3.275775909
SAMPLE shape=2 round=1 variant=4 sample=0 ms=0.422912002
SAMPLE shape=2 round=1 variant=4 sample=1 ms=0.432128012
SAMPLE shape=2 round=1 variant=4 sample=2 ms=0.414719999
SAMPLE shape=2 round=1 variant=4 sample=3 ms=0.413695991
SAMPLE shape=2 round=1 variant=4 sample=4 ms=0.411648005
SAMPLE shape=2 round=1 variant=4 sample=5 ms=0.407200009
SAMPLE shape=2 round=1 variant=4 sample=6 ms=0.412672013
SAMPLE shape=2 round=1 variant=4 sample=7 ms=0.420608014
SAMPLE shape=2 round=1 variant=4 sample=8 ms=0.416768014
SAMPLE shape=2 round=1 variant=4 sample=9 ms=0.410623997
SAMPLE shape=2 round=1 variant=4 sample=10 ms=0.437247992
SAMPLE shape=2 round=1 variant=4 sample=11 ms=0.411455989
SAMPLE shape=2 round=1 variant=4 sample=12 ms=0.401407987
SAMPLE shape=2 round=1 variant=4 sample=13 ms=0.400384009
SAMPLE shape=2 round=1 variant=4 sample=14 ms=0.411648005
SAMPLE shape=2 round=1 variant=4 sample=15 ms=0.410623997
SAMPLE shape=2 round=1 variant=4 sample=16 ms=0.410623997
SAMPLE shape=2 round=1 variant=4 sample=17 ms=0.415744007
SAMPLE shape=2 round=1 variant=4 sample=18 ms=0.409375995
SAMPLE shape=2 round=1 variant=4 sample=19 ms=0.414719999
SAMPLE shape=2 round=1 variant=4 sample=20 ms=0.412672013
SAMPLE shape=2 round=1 variant=4 sample=21 ms=0.417791992
SAMPLE shape=2 round=1 variant=4 sample=22 ms=0.409343988
SAMPLE shape=2 round=1 variant=4 sample=23 ms=0.413471997
SAMPLE shape=2 round=1 variant=4 sample=24 ms=0.410623997
SAMPLE shape=2 round=1 variant=4 sample=25 ms=0.411455989
SAMPLE shape=2 round=1 variant=4 sample=26 ms=0.414719999
SAMPLE shape=2 round=1 variant=4 sample=27 ms=0.410623997
SAMPLE shape=2 round=1 variant=4 sample=28 ms=0.414719999
SAMPLE shape=2 round=1 variant=4 sample=29 ms=0.415455997
SAMPLE shape=2 round=1 variant=0 sample=0 ms=6.903808117
SAMPLE shape=2 round=1 variant=0 sample=1 ms=6.877024174
SAMPLE shape=2 round=1 variant=0 sample=2 ms=7.233439922
SAMPLE shape=2 round=1 variant=0 sample=3 ms=6.875135899
SAMPLE shape=2 round=1 variant=0 sample=4 ms=7.277567863
SAMPLE shape=2 round=1 variant=0 sample=5 ms=6.880127907
SAMPLE shape=2 round=1 variant=0 sample=6 ms=7.300096035
SAMPLE shape=2 round=1 variant=0 sample=7 ms=7.090015888
SAMPLE shape=2 round=1 variant=0 sample=8 ms=6.876160145
SAMPLE shape=2 round=1 variant=0 sample=9 ms=7.384064198
SAMPLE shape=2 round=1 variant=0 sample=10 ms=6.880095959
SAMPLE shape=2 round=1 variant=0 sample=11 ms=7.294943810
SAMPLE shape=2 round=1 variant=0 sample=12 ms=6.925312042
SAMPLE shape=2 round=1 variant=0 sample=13 ms=7.388991833
SAMPLE shape=2 round=1 variant=0 sample=14 ms=6.876160145
SAMPLE shape=2 round=1 variant=0 sample=15 ms=6.884352207
SAMPLE shape=2 round=1 variant=0 sample=16 ms=7.298048019
SAMPLE shape=2 round=1 variant=0 sample=17 ms=6.880256176
SAMPLE shape=2 round=1 variant=0 sample=18 ms=7.525375843
SAMPLE shape=2 round=1 variant=0 sample=19 ms=6.881055832
SAMPLE shape=2 round=1 variant=0 sample=20 ms=7.497727871
SAMPLE shape=2 round=1 variant=0 sample=21 ms=6.885375977
SAMPLE shape=2 round=1 variant=0 sample=22 ms=6.881279945
SAMPLE shape=2 round=1 variant=0 sample=23 ms=7.331583977
SAMPLE shape=2 round=1 variant=0 sample=24 ms=6.927360058
SAMPLE shape=2 round=1 variant=0 sample=25 ms=7.183360100
SAMPLE shape=2 round=1 variant=0 sample=26 ms=6.883327961
SAMPLE shape=2 round=1 variant=0 sample=27 ms=7.377727985
SAMPLE shape=2 round=1 variant=0 sample=28 ms=6.884191990
SAMPLE shape=2 round=1 variant=0 sample=29 ms=6.900415897
SAMPLE shape=2 round=1 variant=1 sample=0 ms=5.079040051
SAMPLE shape=2 round=1 variant=1 sample=1 ms=4.901823997
SAMPLE shape=2 round=1 variant=1 sample=2 ms=4.871935844
SAMPLE shape=2 round=1 variant=1 sample=3 ms=5.478400230
SAMPLE shape=2 round=1 variant=1 sample=4 ms=4.872191906
SAMPLE shape=2 round=1 variant=1 sample=5 ms=4.872191906
SAMPLE shape=2 round=1 variant=1 sample=6 ms=5.204800129
SAMPLE shape=2 round=1 variant=1 sample=7 ms=4.868095875
SAMPLE shape=2 round=1 variant=1 sample=8 ms=4.890624046
SAMPLE shape=2 round=1 variant=1 sample=9 ms=5.305344105
SAMPLE shape=2 round=1 variant=1 sample=10 ms=4.868031979
SAMPLE shape=2 round=1 variant=1 sample=11 ms=4.888256073
SAMPLE shape=2 round=1 variant=1 sample=12 ms=4.867072105
SAMPLE shape=2 round=1 variant=1 sample=13 ms=5.298175812
SAMPLE shape=2 round=1 variant=1 sample=14 ms=4.869120121
SAMPLE shape=2 round=1 variant=1 sample=15 ms=4.863999844
SAMPLE shape=2 round=1 variant=1 sample=16 ms=5.292031765
SAMPLE shape=2 round=1 variant=1 sample=17 ms=4.872191906
SAMPLE shape=2 round=1 variant=1 sample=18 ms=4.872191906
SAMPLE shape=2 round=1 variant=1 sample=19 ms=5.660672188
SAMPLE shape=2 round=1 variant=1 sample=20 ms=4.872191906
SAMPLE shape=2 round=1 variant=1 sample=21 ms=4.871871948
SAMPLE shape=2 round=1 variant=1 sample=22 ms=5.375999928
SAMPLE shape=2 round=1 variant=1 sample=23 ms=4.863999844
SAMPLE shape=2 round=1 variant=1 sample=24 ms=4.868095875
SAMPLE shape=2 round=1 variant=1 sample=25 ms=4.868832111
SAMPLE shape=2 round=1 variant=1 sample=26 ms=5.289984226
SAMPLE shape=2 round=1 variant=1 sample=27 ms=4.867072105
SAMPLE shape=2 round=1 variant=1 sample=28 ms=4.868095875
SAMPLE shape=2 round=1 variant=1 sample=29 ms=5.198847771
SAMPLE shape=2 round=2 variant=4 sample=0 ms=0.419584006
SAMPLE shape=2 round=2 variant=4 sample=1 ms=0.416768014
SAMPLE shape=2 round=2 variant=4 sample=2 ms=0.415744007
SAMPLE shape=2 round=2 variant=4 sample=3 ms=0.407552004
SAMPLE shape=2 round=2 variant=4 sample=4 ms=0.410623997
SAMPLE shape=2 round=2 variant=4 sample=5 ms=0.414719999
SAMPLE shape=2 round=2 variant=4 sample=6 ms=0.410623997
SAMPLE shape=2 round=2 variant=4 sample=7 ms=0.412384003
SAMPLE shape=2 round=2 variant=4 sample=8 ms=0.412768006
SAMPLE shape=2 round=2 variant=4 sample=9 ms=0.409599990
SAMPLE shape=2 round=2 variant=4 sample=10 ms=0.410623997
SAMPLE shape=2 round=2 variant=4 sample=11 ms=0.402431995
SAMPLE shape=2 round=2 variant=4 sample=12 ms=0.401407987
SAMPLE shape=2 round=2 variant=4 sample=13 ms=0.412672013
SAMPLE shape=2 round=2 variant=4 sample=14 ms=0.411648005
SAMPLE shape=2 round=2 variant=4 sample=15 ms=0.413695991
SAMPLE shape=2 round=2 variant=4 sample=16 ms=0.414591998
SAMPLE shape=2 round=2 variant=4 sample=17 ms=0.415583998
SAMPLE shape=2 round=2 variant=4 sample=18 ms=0.411392003
SAMPLE shape=2 round=2 variant=4 sample=19 ms=0.410623997
SAMPLE shape=2 round=2 variant=4 sample=20 ms=0.414719999
SAMPLE shape=2 round=2 variant=4 sample=21 ms=0.416768014
SAMPLE shape=2 round=2 variant=4 sample=22 ms=0.414719999
SAMPLE shape=2 round=2 variant=4 sample=23 ms=0.416768014
SAMPLE shape=2 round=2 variant=4 sample=24 ms=0.417791992
SAMPLE shape=2 round=2 variant=4 sample=25 ms=0.416768014
SAMPLE shape=2 round=2 variant=4 sample=26 ms=0.410623997
SAMPLE shape=2 round=2 variant=4 sample=27 ms=0.415488005
SAMPLE shape=2 round=2 variant=4 sample=28 ms=0.414496005
SAMPLE shape=2 round=2 variant=4 sample=29 ms=0.414719999
SAMPLE shape=2 round=2 variant=0 sample=0 ms=7.039999962
SAMPLE shape=2 round=2 variant=0 sample=1 ms=6.884352207
SAMPLE shape=2 round=2 variant=0 sample=2 ms=7.435423851
SAMPLE shape=2 round=2 variant=0 sample=3 ms=6.884352207
SAMPLE shape=2 round=2 variant=0 sample=4 ms=7.324672222
SAMPLE shape=2 round=2 variant=0 sample=5 ms=6.887423992
SAMPLE shape=2 round=2 variant=0 sample=6 ms=7.072768211
SAMPLE shape=2 round=2 variant=0 sample=7 ms=7.103487968
SAMPLE shape=2 round=2 variant=0 sample=8 ms=6.881279945
SAMPLE shape=2 round=2 variant=0 sample=9 ms=7.384064198
SAMPLE shape=2 round=2 variant=0 sample=10 ms=6.883327961
SAMPLE shape=2 round=2 variant=0 sample=11 ms=7.402592182
SAMPLE shape=2 round=2 variant=0 sample=12 ms=6.886400223
SAMPLE shape=2 round=2 variant=0 sample=13 ms=7.504735947
SAMPLE shape=2 round=2 variant=0 sample=14 ms=6.875103951
SAMPLE shape=2 round=2 variant=0 sample=15 ms=6.880064011
SAMPLE shape=2 round=2 variant=0 sample=16 ms=7.304192066
SAMPLE shape=2 round=2 variant=0 sample=17 ms=6.880256176
SAMPLE shape=2 round=2 variant=0 sample=18 ms=7.600128174
SAMPLE shape=2 round=2 variant=0 sample=19 ms=6.880032063
SAMPLE shape=2 round=2 variant=0 sample=20 ms=7.464863777
SAMPLE shape=2 round=2 variant=0 sample=21 ms=6.882304192
SAMPLE shape=2 round=2 variant=0 sample=22 ms=6.876160145
SAMPLE shape=2 round=2 variant=0 sample=23 ms=7.380991936
SAMPLE shape=2 round=2 variant=0 sample=24 ms=6.871039867
SAMPLE shape=2 round=2 variant=0 sample=25 ms=7.373951912
SAMPLE shape=2 round=2 variant=0 sample=26 ms=6.886400223
SAMPLE shape=2 round=2 variant=0 sample=27 ms=7.581632137
SAMPLE shape=2 round=2 variant=0 sample=28 ms=6.880991936
SAMPLE shape=2 round=2 variant=0 sample=29 ms=7.067647934
SAMPLE shape=2 round=2 variant=1 sample=0 ms=4.859903812
SAMPLE shape=2 round=2 variant=1 sample=1 ms=4.872191906
SAMPLE shape=2 round=2 variant=1 sample=2 ms=4.870944023
SAMPLE shape=2 round=2 variant=1 sample=3 ms=5.305344105
SAMPLE shape=2 round=2 variant=1 sample=4 ms=4.918272018
SAMPLE shape=2 round=2 variant=1 sample=5 ms=4.868959904
SAMPLE shape=2 round=2 variant=1 sample=6 ms=5.291007996
SAMPLE shape=2 round=2 variant=1 sample=7 ms=4.873216152
SAMPLE shape=2 round=2 variant=1 sample=8 ms=4.867775917
SAMPLE shape=2 round=2 variant=1 sample=9 ms=5.414912224
SAMPLE shape=2 round=2 variant=1 sample=10 ms=4.868095875
SAMPLE shape=2 round=2 variant=1 sample=11 ms=4.867072105
SAMPLE shape=2 round=2 variant=1 sample=12 ms=4.923200130
SAMPLE shape=2 round=2 variant=1 sample=13 ms=5.312672138
SAMPLE shape=2 round=2 variant=1 sample=14 ms=4.867936134
SAMPLE shape=2 round=2 variant=1 sample=15 ms=4.865024090
SAMPLE shape=2 round=2 variant=1 sample=16 ms=5.188608170
SAMPLE shape=2 round=2 variant=1 sample=17 ms=4.865024090
SAMPLE shape=2 round=2 variant=1 sample=18 ms=4.872191906
SAMPLE shape=2 round=2 variant=1 sample=19 ms=5.451807976
SAMPLE shape=2 round=2 variant=1 sample=20 ms=4.873216152
SAMPLE shape=2 round=2 variant=1 sample=21 ms=4.868095875
SAMPLE shape=2 round=2 variant=1 sample=22 ms=4.886271954
SAMPLE shape=2 round=2 variant=1 sample=23 ms=5.044223785
SAMPLE shape=2 round=2 variant=1 sample=24 ms=4.872159958
SAMPLE shape=2 round=2 variant=1 sample=25 ms=4.872191906
SAMPLE shape=2 round=2 variant=1 sample=26 ms=5.287936211
SAMPLE shape=2 round=2 variant=1 sample=27 ms=4.878079891
SAMPLE shape=2 round=2 variant=1 sample=28 ms=4.902912140
SAMPLE shape=2 round=2 variant=1 sample=29 ms=5.285888195
SAMPLE shape=2 round=2 variant=2 sample=0 ms=0.515071988
SAMPLE shape=2 round=2 variant=2 sample=1 ms=0.518944025
SAMPLE shape=2 round=2 variant=2 sample=2 ms=0.474112004
SAMPLE shape=2 round=2 variant=2 sample=3 ms=0.476895988
SAMPLE shape=2 round=2 variant=2 sample=4 ms=0.477183998
SAMPLE shape=2 round=2 variant=2 sample=5 ms=0.472992003
SAMPLE shape=2 round=2 variant=2 sample=6 ms=0.660480022
SAMPLE shape=2 round=2 variant=2 sample=7 ms=0.687103987
SAMPLE shape=2 round=2 variant=2 sample=8 ms=0.475136012
SAMPLE shape=2 round=2 variant=2 sample=9 ms=0.479999989
SAMPLE shape=2 round=2 variant=2 sample=10 ms=0.471040010
SAMPLE shape=2 round=2 variant=2 sample=11 ms=0.475136012
SAMPLE shape=2 round=2 variant=2 sample=12 ms=0.496639997
SAMPLE shape=2 round=2 variant=2 sample=13 ms=0.478976011
SAMPLE shape=2 round=2 variant=2 sample=14 ms=0.494592011
SAMPLE shape=2 round=2 variant=2 sample=15 ms=0.473791987
SAMPLE shape=2 round=2 variant=2 sample=16 ms=0.493568003
SAMPLE shape=2 round=2 variant=2 sample=17 ms=0.476159990
SAMPLE shape=2 round=2 variant=2 sample=18 ms=0.476832002
SAMPLE shape=2 round=2 variant=2 sample=19 ms=0.477120012
SAMPLE shape=2 round=2 variant=2 sample=20 ms=0.478208005
SAMPLE shape=2 round=2 variant=2 sample=21 ms=0.476159990
SAMPLE shape=2 round=2 variant=2 sample=22 ms=0.476159990
SAMPLE shape=2 round=2 variant=2 sample=23 ms=0.473856002
SAMPLE shape=2 round=2 variant=2 sample=24 ms=0.470784009
SAMPLE shape=2 round=2 variant=2 sample=25 ms=0.473087996
SAMPLE shape=2 round=2 variant=2 sample=26 ms=0.470975995
SAMPLE shape=2 round=2 variant=2 sample=27 ms=0.490496010
SAMPLE shape=2 round=2 variant=2 sample=28 ms=0.469823986
SAMPLE shape=2 round=2 variant=2 sample=29 ms=0.478208005
SAMPLE shape=2 round=2 variant=3 sample=0 ms=2.777087927
SAMPLE shape=2 round=2 variant=3 sample=1 ms=2.776896000
SAMPLE shape=2 round=2 variant=3 sample=2 ms=2.771680117
SAMPLE shape=2 round=2 variant=3 sample=3 ms=2.785120010
SAMPLE shape=2 round=2 variant=3 sample=4 ms=3.189759970
SAMPLE shape=2 round=2 variant=3 sample=5 ms=2.774015903
SAMPLE shape=2 round=2 variant=3 sample=6 ms=2.776767969
SAMPLE shape=2 round=2 variant=3 sample=7 ms=2.777024031
SAMPLE shape=2 round=2 variant=3 sample=8 ms=2.771680117
SAMPLE shape=2 round=2 variant=3 sample=9 ms=2.772991896
SAMPLE shape=2 round=2 variant=3 sample=10 ms=3.192831993
SAMPLE shape=2 round=2 variant=3 sample=11 ms=2.783071995
SAMPLE shape=2 round=2 variant=3 sample=12 ms=2.774015903
SAMPLE shape=2 round=2 variant=3 sample=13 ms=2.775039911
SAMPLE shape=2 round=2 variant=3 sample=14 ms=2.845695972
SAMPLE shape=2 round=2 variant=3 sample=15 ms=2.972671986
SAMPLE shape=2 round=2 variant=3 sample=16 ms=2.763776064
SAMPLE shape=2 round=2 variant=3 sample=17 ms=2.792448044
SAMPLE shape=2 round=2 variant=3 sample=18 ms=2.792288065
SAMPLE shape=2 round=2 variant=3 sample=19 ms=2.771967888
SAMPLE shape=2 round=2 variant=3 sample=20 ms=2.772959948
SAMPLE shape=2 round=2 variant=3 sample=21 ms=3.183615923
SAMPLE shape=2 round=2 variant=3 sample=22 ms=2.772991896
SAMPLE shape=2 round=2 variant=3 sample=23 ms=2.776896000
SAMPLE shape=2 round=2 variant=3 sample=24 ms=2.770944118
SAMPLE shape=2 round=2 variant=3 sample=25 ms=2.770944118
SAMPLE shape=2 round=2 variant=3 sample=26 ms=2.777087927
SAMPLE shape=2 round=2 variant=3 sample=27 ms=3.307296038
SAMPLE shape=2 round=2 variant=3 sample=28 ms=2.814975977
SAMPLE shape=2 round=2 variant=3 sample=29 ms=2.806591988
BENCH_CHECK oracle=300000 blocks=61440 timed=1 PASS
