PASS N=0 shape=0 variant=official queries=13 guards=PASS
PASS N=0 shape=0 variant=lower64 queries=13 guards=PASS
PASS N=0 shape=0 variant=early64 queries=13 guards=PASS
PASS N=0 shape=0 variant=lower32 queries=13 guards=PASS
PASS N=0 shape=0 variant=early32 queries=13 guards=PASS
PASS N=0 shape=1 variant=official queries=13 guards=PASS
PASS N=0 shape=1 variant=lower64 queries=13 guards=PASS
PASS N=0 shape=1 variant=early64 queries=13 guards=PASS
PASS N=0 shape=1 variant=lower32 queries=13 guards=PASS
PASS N=0 shape=1 variant=early32 queries=13 guards=PASS
PASS N=0 shape=2 variant=official queries=13 guards=PASS
PASS N=0 shape=2 variant=lower64 queries=13 guards=PASS
PASS N=0 shape=2 variant=early64 queries=13 guards=PASS
PASS N=0 shape=2 variant=lower32 queries=13 guards=PASS
PASS N=0 shape=2 variant=early32 queries=13 guards=PASS
PASS N=1 shape=0 variant=official queries=16 guards=PASS
PASS N=1 shape=0 variant=lower64 queries=16 guards=PASS
PASS N=1 shape=0 variant=early64 queries=16 guards=PASS
PASS N=1 shape=0 variant=lower32 queries=16 guards=PASS
PASS N=1 shape=0 variant=early32 queries=16 guards=PASS
PASS N=1 shape=1 variant=official queries=16 guards=PASS
PASS N=1 shape=1 variant=lower64 queries=16 guards=PASS
PASS N=1 shape=1 variant=early64 queries=16 guards=PASS
PASS N=1 shape=1 variant=lower32 queries=16 guards=PASS
PASS N=1 shape=1 variant=early32 queries=16 guards=PASS
PASS N=1 shape=2 variant=official queries=16 guards=PASS
PASS N=1 shape=2 variant=lower64 queries=16 guards=PASS
PASS N=1 shape=2 variant=early64 queries=16 guards=PASS
PASS N=1 shape=2 variant=lower32 queries=16 guards=PASS
PASS N=1 shape=2 variant=early32 queries=16 guards=PASS
PASS N=2 shape=0 variant=official queries=16 guards=PASS
PASS N=2 shape=0 variant=lower64 queries=16 guards=PASS
PASS N=2 shape=0 variant=early64 queries=16 guards=PASS
PASS N=2 shape=0 variant=lower32 queries=16 guards=PASS
PASS N=2 shape=0 variant=early32 queries=16 guards=PASS
PASS N=2 shape=1 variant=official queries=16 guards=PASS
PASS N=2 shape=1 variant=lower64 queries=16 guards=PASS
PASS N=2 shape=1 variant=early64 queries=16 guards=PASS
PASS N=2 shape=1 variant=lower32 queries=16 guards=PASS
PASS N=2 shape=1 variant=early32 queries=16 guards=PASS
PASS N=2 shape=2 variant=official queries=16 guards=PASS
PASS N=2 shape=2 variant=lower64 queries=16 guards=PASS
PASS N=2 shape=2 variant=early64 queries=16 guards=PASS
PASS N=2 shape=2 variant=lower32 queries=16 guards=PASS
PASS N=2 shape=2 variant=early32 queries=16 guards=PASS
PASS N=3 shape=0 variant=official queries=16 guards=PASS
PASS N=3 shape=0 variant=lower64 queries=16 guards=PASS
PASS N=3 shape=0 variant=early64 queries=16 guards=PASS
PASS N=3 shape=0 variant=lower32 queries=16 guards=PASS
PASS N=3 shape=0 variant=early32 queries=16 guards=PASS
PASS N=3 shape=1 variant=official queries=16 guards=PASS
PASS N=3 shape=1 variant=lower64 queries=16 guards=PASS
PASS N=3 shape=1 variant=early64 queries=16 guards=PASS
PASS N=3 shape=1 variant=lower32 queries=16 guards=PASS
PASS N=3 shape=1 variant=early32 queries=16 guards=PASS
PASS N=3 shape=2 variant=official queries=16 guards=PASS
PASS N=3 shape=2 variant=lower64 queries=16 guards=PASS
PASS N=3 shape=2 variant=early64 queries=16 guards=PASS
PASS N=3 shape=2 variant=lower32 queries=16 guards=PASS
PASS N=3 shape=2 variant=early32 queries=16 guards=PASS
PASS N=31 shape=0 variant=official queries=16 guards=PASS
PASS N=31 shape=0 variant=lower64 queries=16 guards=PASS
PASS N=31 shape=0 variant=early64 queries=16 guards=PASS
PASS N=31 shape=0 variant=lower32 queries=16 guards=PASS
PASS N=31 shape=0 variant=early32 queries=16 guards=PASS
PASS N=31 shape=1 variant=official queries=16 guards=PASS
PASS N=31 shape=1 variant=lower64 queries=16 guards=PASS
PASS N=31 shape=1 variant=early64 queries=16 guards=PASS
PASS N=31 shape=1 variant=lower32 queries=16 guards=PASS
PASS N=31 shape=1 variant=early32 queries=16 guards=PASS
PASS N=31 shape=2 variant=official queries=16 guards=PASS
PASS N=31 shape=2 variant=lower64 queries=16 guards=PASS
PASS N=31 shape=2 variant=early64 queries=16 guards=PASS
PASS N=31 shape=2 variant=lower32 queries=16 guards=PASS
PASS N=31 shape=2 variant=early32 queries=16 guards=PASS
PASS N=32 shape=0 variant=official queries=16 guards=PASS
PASS N=32 shape=0 variant=lower64 queries=16 guards=PASS
PASS N=32 shape=0 variant=early64 queries=16 guards=PASS
PASS N=32 shape=0 variant=lower32 queries=16 guards=PASS
PASS N=32 shape=0 variant=early32 queries=16 guards=PASS
PASS N=32 shape=1 variant=official queries=16 guards=PASS
PASS N=32 shape=1 variant=lower64 queries=16 guards=PASS
PASS N=32 shape=1 variant=early64 queries=16 guards=PASS
PASS N=32 shape=1 variant=lower32 queries=16 guards=PASS
PASS N=32 shape=1 variant=early32 queries=16 guards=PASS
PASS N=32 shape=2 variant=official queries=16 guards=PASS
PASS N=32 shape=2 variant=lower64 queries=16 guards=PASS
PASS N=32 shape=2 variant=early64 queries=16 guards=PASS
PASS N=32 shape=2 variant=lower32 queries=16 guards=PASS
PASS N=32 shape=2 variant=early32 queries=16 guards=PASS
PASS N=33 shape=0 variant=official queries=16 guards=PASS
PASS N=33 shape=0 variant=lower64 queries=16 guards=PASS
PASS N=33 shape=0 variant=early64 queries=16 guards=PASS
PASS N=33 shape=0 variant=lower32 queries=16 guards=PASS
PASS N=33 shape=0 variant=early32 queries=16 guards=PASS
PASS N=33 shape=1 variant=official queries=16 guards=PASS
PASS N=33 shape=1 variant=lower64 queries=16 guards=PASS
PASS N=33 shape=1 variant=early64 queries=16 guards=PASS
PASS N=33 shape=1 variant=lower32 queries=16 guards=PASS
PASS N=33 shape=1 variant=early32 queries=16 guards=PASS
PASS N=33 shape=2 variant=official queries=16 guards=PASS
PASS N=33 shape=2 variant=lower64 queries=16 guards=PASS
PASS N=33 shape=2 variant=early64 queries=16 guards=PASS
PASS N=33 shape=2 variant=lower32 queries=16 guards=PASS
PASS N=33 shape=2 variant=early32 queries=16 guards=PASS
PASS N=255 shape=0 variant=official queries=16 guards=PASS
PASS N=255 shape=0 variant=lower64 queries=16 guards=PASS
PASS N=255 shape=0 variant=early64 queries=16 guards=PASS
PASS N=255 shape=0 variant=lower32 queries=16 guards=PASS
PASS N=255 shape=0 variant=early32 queries=16 guards=PASS
PASS N=255 shape=1 variant=official queries=16 guards=PASS
PASS N=255 shape=1 variant=lower64 queries=16 guards=PASS
PASS N=255 shape=1 variant=early64 queries=16 guards=PASS
PASS N=255 shape=1 variant=lower32 queries=16 guards=PASS
PASS N=255 shape=1 variant=early32 queries=16 guards=PASS
PASS N=255 shape=2 variant=official queries=16 guards=PASS
PASS N=255 shape=2 variant=lower64 queries=16 guards=PASS
PASS N=255 shape=2 variant=early64 queries=16 guards=PASS
PASS N=255 shape=2 variant=lower32 queries=16 guards=PASS
PASS N=255 shape=2 variant=early32 queries=16 guards=PASS
PASS N=256 shape=0 variant=official queries=16 guards=PASS
PASS N=256 shape=0 variant=lower64 queries=16 guards=PASS
PASS N=256 shape=0 variant=early64 queries=16 guards=PASS
PASS N=256 shape=0 variant=lower32 queries=16 guards=PASS
PASS N=256 shape=0 variant=early32 queries=16 guards=PASS
PASS N=256 shape=1 variant=official queries=16 guards=PASS
PASS N=256 shape=1 variant=lower64 queries=16 guards=PASS
PASS N=256 shape=1 variant=early64 queries=16 guards=PASS
PASS N=256 shape=1 variant=lower32 queries=16 guards=PASS
PASS N=256 shape=1 variant=early32 queries=16 guards=PASS
PASS N=256 shape=2 variant=official queries=16 guards=PASS
PASS N=256 shape=2 variant=lower64 queries=16 guards=PASS
PASS N=256 shape=2 variant=early64 queries=16 guards=PASS
PASS N=256 shape=2 variant=lower32 queries=16 guards=PASS
PASS N=256 shape=2 variant=early32 queries=16 guards=PASS
PASS N=257 shape=0 variant=official queries=16 guards=PASS
PASS N=257 shape=0 variant=lower64 queries=16 guards=PASS
PASS N=257 shape=0 variant=early64 queries=16 guards=PASS
PASS N=257 shape=0 variant=lower32 queries=16 guards=PASS
PASS N=257 shape=0 variant=early32 queries=16 guards=PASS
PASS N=257 shape=1 variant=official queries=16 guards=PASS
PASS N=257 shape=1 variant=lower64 queries=16 guards=PASS
PASS N=257 shape=1 variant=early64 queries=16 guards=PASS
PASS N=257 shape=1 variant=lower32 queries=16 guards=PASS
PASS N=257 shape=1 variant=early32 queries=16 guards=PASS
PASS N=257 shape=2 variant=official queries=16 guards=PASS
PASS N=257 shape=2 variant=lower64 queries=16 guards=PASS
PASS N=257 shape=2 variant=early64 queries=16 guards=PASS
PASS N=257 shape=2 variant=lower32 queries=16 guards=PASS
PASS N=257 shape=2 variant=early32 queries=16 guards=PASS
PASS N=20000 shape=0 variant=official queries=16 guards=PASS
PASS N=20000 shape=0 variant=lower64 queries=16 guards=PASS
PASS N=20000 shape=0 variant=early64 queries=16 guards=PASS
PASS N=20000 shape=0 variant=lower32 queries=16 guards=PASS
PASS N=20000 shape=0 variant=early32 queries=16 guards=PASS
PASS N=20000 shape=1 variant=official queries=16 guards=PASS
PASS N=20000 shape=1 variant=lower64 queries=16 guards=PASS
PASS N=20000 shape=1 variant=early64 queries=16 guards=PASS
PASS N=20000 shape=1 variant=lower32 queries=16 guards=PASS
PASS N=20000 shape=1 variant=early32 queries=16 guards=PASS
PASS N=20000 shape=2 variant=official queries=16 guards=PASS
PASS N=20000 shape=2 variant=lower64 queries=16 guards=PASS
PASS N=20000 shape=2 variant=early64 queries=16 guards=PASS
PASS N=20000 shape=2 variant=lower32 queries=16 guards=PASS
PASS N=20000 shape=2 variant=early32 queries=16 guards=PASS
SUMMARY configurations=165 comparisons=2595 status=PASS performance_tested=false
BENCH_CHECK oracle=300000 blocks=60 timed=0 PASS
